Host: b9p19p6335.cern.ch
Date: Thu Aug  6 10:11:21 PM CEST 2026
PROCID=193
JOB=194
NJOBS=500
LIST=/afs/cern.ch/user/c/charlesf/cmssw-dev/CMSSW_15_0_15/src/Run3DimuonAnalysisTools/Crab/all_mmgTree_files.txt
OUTDIR=/eos/user/c/charlesf/www/dark_photon/root
Opening list of input files /afs/cern.ch/user/c/charlesf/cmssw-dev/CMSSW_15_0_15/src/Run3DimuonAnalysisTools/Crab/all_mmgTree_files.txt
	Found 11350 items in list
	Job 194 of 500 has files (4381, 4403], using all 22 files
	Using redirector root://cms-xrd-global.cern.ch/
[job 194/500] adding file 1/22: root://cms-xrd-global.cern.ch//store/user/charlesf/ParkingDoubleMuonLowMass3/crab_muMuGamma_24Jul26_ParkingDoubleMuonLowMass3Run2025C-PromptReco-v1/260727_192022/0000/mmgTree_3-3.root
[job 194/500] adding file 2/22: root://cms-xrd-global.cern.ch//store/user/charlesf/ParkingDoubleMuonLowMass3/crab_muMuGamma_24Jul26_ParkingDoubleMuonLowMass3Run2025C-PromptReco-v1/260727_192022/0000/mmgTree_3-4.root
[job 194/500] adding file 3/22: root://cms-xrd-global.cern.ch//store/user/charlesf/ParkingDoubleMuonLowMass3/crab_muMuGamma_24Jul26_ParkingDoubleMuonLowMass3Run2025C-PromptReco-v1/260727_192022/0000/mmgTree_3-5.root
[job 194/500] adding file 4/22: root://cms-xrd-global.cern.ch//store/user/charlesf/ParkingDoubleMuonLowMass3/crab_muMuGamma_24Jul26_ParkingDoubleMuonLowMass3Run2025C-PromptReco-v1/260727_192022/0000/mmgTree_3-6.root
[job 194/500] adding file 5/22: root://cms-xrd-global.cern.ch//store/user/charlesf/ParkingDoubleMuonLowMass3/crab_muMuGamma_24Jul26_ParkingDoubleMuonLowMass3Run2025C-PromptReco-v1/260727_192022/0000/mmgTree_3-7.root
[job 194/500] adding file 6/22: root://cms-xrd-global.cern.ch//store/user/charlesf/ParkingDoubleMuonLowMass3/crab_muMuGamma_24Jul26_ParkingDoubleMuonLowMass3Run2025C-PromptReco-v1/260727_192022/0000/mmgTree_3-8.root
[job 194/500] adding file 7/22: root://cms-xrd-global.cern.ch//store/user/charlesf/ParkingDoubleMuonLowMass3/crab_muMuGamma_24Jul26_ParkingDoubleMuonLowMass3Run2025C-PromptReco-v1/260727_192022/0000/mmgTree_3-9.root
[job 194/500] adding file 8/22: root://cms-xrd-global.cern.ch//store/user/charlesf/ParkingDoubleMuonLowMass3/crab_muMuGamma_24Jul26_ParkingDoubleMuonLowMass3Run2025C-PromptReco-v1/260727_192022/0000/mmgTree_3.root
[job 194/500] adding file 9/22: root://cms-xrd-global.cern.ch//store/user/charlesf/ParkingDoubleMuonLowMass3/crab_muMuGamma_24Jul26_ParkingDoubleMuonLowMass3Run2025C-PromptReco-v1/260727_192022/0000/mmgTree_31.root
[job 194/500] adding file 10/22: root://cms-xrd-global.cern.ch//store/user/charlesf/ParkingDoubleMuonLowMass3/crab_muMuGamma_24Jul26_ParkingDoubleMuonLowMass3Run2025C-PromptReco-v1/260727_192022/0000/mmgTree_32.root
[job 194/500] adding file 11/22: root://cms-xrd-global.cern.ch//store/user/charlesf/ParkingDoubleMuonLowMass3/crab_muMuGamma_24Jul26_ParkingDoubleMuonLowMass3Run2025C-PromptReco-v1/260727_192022/0000/mmgTree_33.root
[job 194/500] adding file 12/22: root://cms-xrd-global.cern.ch//store/user/charlesf/ParkingDoubleMuonLowMass3/crab_muMuGamma_24Jul26_ParkingDoubleMuonLowMass3Run2025C-PromptReco-v1/260727_192022/0000/mmgTree_34.root
[job 194/500] adding file 13/22: root://cms-xrd-global.cern.ch//store/user/charlesf/ParkingDoubleMuonLowMass3/crab_muMuGamma_24Jul26_ParkingDoubleMuonLowMass3Run2025C-PromptReco-v1/260727_192022/0000/mmgTree_35.root
[job 194/500] adding file 14/22: root://cms-xrd-global.cern.ch//store/user/charlesf/ParkingDoubleMuonLowMass3/crab_muMuGamma_24Jul26_ParkingDoubleMuonLowMass3Run2025C-PromptReco-v1/260727_192022/0000/mmgTree_36.root
[job 194/500] adding file 15/22: root://cms-xrd-global.cern.ch//store/user/charlesf/ParkingDoubleMuonLowMass3/crab_muMuGamma_24Jul26_ParkingDoubleMuonLowMass3Run2025C-PromptReco-v1/260727_192022/0000/mmgTree_37.root
[job 194/500] adding file 16/22: root://cms-xrd-global.cern.ch//store/user/charlesf/ParkingDoubleMuonLowMass3/crab_muMuGamma_24Jul26_ParkingDoubleMuonLowMass3Run2025C-PromptReco-v1/260727_192022/0000/mmgTree_38.root
[job 194/500] adding file 17/22: root://cms-xrd-global.cern.ch//store/user/charlesf/ParkingDoubleMuonLowMass3/crab_muMuGamma_24Jul26_ParkingDoubleMuonLowMass3Run2025C-PromptReco-v1/260727_192022/0000/mmgTree_39.root
[job 194/500] adding file 18/22: root://cms-xrd-global.cern.ch//store/user/charlesf/ParkingDoubleMuonLowMass3/crab_muMuGamma_24Jul26_ParkingDoubleMuonLowMass3Run2025C-PromptReco-v1/260727_192022/0000/mmgTree_4.root
[job 194/500] adding file 19/22: root://cms-xrd-global.cern.ch//store/user/charlesf/ParkingDoubleMuonLowMass3/crab_muMuGamma_24Jul26_ParkingDoubleMuonLowMass3Run2025C-PromptReco-v1/260727_192022/0000/mmgTree_40.root
[job 194/500] adding file 20/22: root://cms-xrd-global.cern.ch//store/user/charlesf/ParkingDoubleMuonLowMass3/crab_muMuGamma_24Jul26_ParkingDoubleMuonLowMass3Run2025C-PromptReco-v1/260727_192022/0000/mmgTree_41.root
[job 194/500] adding file 21/22: root://cms-xrd-global.cern.ch//store/user/charlesf/ParkingDoubleMuonLowMass3/crab_muMuGamma_24Jul26_ParkingDoubleMuonLowMass3Run2025C-PromptReco-v1/260727_192022/0000/mmgTree_42.root
[job 194/500] adding file 22/22: root://cms-xrd-global.cern.ch//store/user/charlesf/ParkingDoubleMuonLowMass3/crab_muMuGamma_24Jul26_ParkingDoubleMuonLowMass3Run2025C-PromptReco-v1/260727_192022/0000/mmgTree_43.root
Finished building TChain
Total entries: 6880511
Creating /eos/user/c/charlesf/www/dark_photon/root/histos_194.root
Processing events...
mumu_mass < 0.6 event 0
mumu_mass < 0.6 event 100000
mumu_mass < 0.6 event 200000
mumu_mass < 0.6 event 300000
mumu_mass < 0.6 event 400000
mumu_mass < 0.6 event 500000
Saving histograms...
	Saving Cat_1_ee_CR to /eos/user/c/charlesf/www/dark_photon/root/histos_194.root with 8730.0 entries
	Saving Cat_4_bb_CR to /eos/user/c/charlesf/www/dark_photon/root/histos_194.root with 11009.0 entries
	Saving Cat_6_bb_SR to /eos/user/c/charlesf/www/dark_photon/root/histos_194.root with 22455.0 entries
	Saving Cat_7_bb_CR to /eos/user/c/charlesf/www/dark_photon/root/histos_194.root with 11247.0 entries
	Saving Cat_1_bb_CR to /eos/user/c/charlesf/www/dark_photon/root/histos_194.root with 11846.0 entries
	Saving Cat_4_ee_CR to /eos/user/c/charlesf/www/dark_photon/root/histos_194.root with 10765.0 entries
	Saving Cat_8_bb_SR to /eos/user/c/charlesf/www/dark_photon/root/histos_194.root with 23944.0 entries
	Saving Cat_4_ee_SR to /eos/user/c/charlesf/www/dark_photon/root/histos_194.root with 23323.0 entries
	Saving Cat_2_ee_SR to /eos/user/c/charlesf/www/dark_photon/root/histos_194.root with 21391.0 entries
	Saving Cat_5_bb_CR to /eos/user/c/charlesf/www/dark_photon/root/histos_194.root with 11295.0 entries
	Saving Cat_2_ee_CR to /eos/user/c/charlesf/www/dark_photon/root/histos_194.root with 10825.0 entries
	Saving Cat_5_ee_SR to /eos/user/c/charlesf/www/dark_photon/root/histos_194.root with 28209.0 entries
	Saving Cat_9_bb_SR to /eos/user/c/charlesf/www/dark_photon/root/histos_194.root with 23382.0 entries
	Saving Cat_3_ee_SR to /eos/user/c/charlesf/www/dark_photon/root/histos_194.root with 21752.0 entries
	Saving Cat_3_ee_CR to /eos/user/c/charlesf/www/dark_photon/root/histos_194.root with 10457.0 entries
	Saving Cat_1_ee_SR to /eos/user/c/charlesf/www/dark_photon/root/histos_194.root with 15051.0 entries
	Saving Cat_10_bb_CR to /eos/user/c/charlesf/www/dark_photon/root/histos_194.root with 10984.0 entries
	Saving Cat_3_bb_CR to /eos/user/c/charlesf/www/dark_photon/root/histos_194.root with 11752.0 entries
	Saving Cat_5_ee_CR to /eos/user/c/charlesf/www/dark_photon/root/histos_194.root with 12745.0 entries
	Saving Cat_1_bb_SR to /eos/user/c/charlesf/www/dark_photon/root/histos_194.root with 23015.0 entries
	Saving Cat_3_bb_SR to /eos/user/c/charlesf/www/dark_photon/root/histos_194.root with 22793.0 entries
	Saving Cat_8_bb_CR to /eos/user/c/charlesf/www/dark_photon/root/histos_194.root with 10836.0 entries
	Saving Cat_5_bb_SR to /eos/user/c/charlesf/www/dark_photon/root/histos_194.root with 21795.0 entries
	Saving Cat_7_bb_SR to /eos/user/c/charlesf/www/dark_photon/root/histos_194.root with 23203.0 entries
	Saving Cat_10_bb_SR to /eos/user/c/charlesf/www/dark_photon/root/histos_194.root with 27367.0 entries
	Saving Cat_6_bb_CR to /eos/user/c/charlesf/www/dark_photon/root/histos_194.root with 10930.0 entries
	Saving Cat_2_bb_CR to /eos/user/c/charlesf/www/dark_photon/root/histos_194.root with 11378.0 entries
	Saving Cat_2_bb_SR to /eos/user/c/charlesf/www/dark_photon/root/histos_194.root with 22766.0 entries
	Saving Cat_4_bb_SR to /eos/user/c/charlesf/www/dark_photon/root/histos_194.root with 21562.0 entries
	Saving Cat_9_bb_CR to /eos/user/c/charlesf/www/dark_photon/root/histos_194.root with 9997.0 entries
	Saving Cat_0_bb_CR to /eos/user/c/charlesf/www/dark_photon/root/histos_194.root with 1211.0 entries
	Saving Cat_0_ee_CR to /eos/user/c/charlesf/www/dark_photon/root/histos_194.root with 624.0 entries
	Saving Cat_0_ee_SR to /eos/user/c/charlesf/www/dark_photon/root/histos_194.root with 152.0 entries
	Saving Cat_0_bb_SR to /eos/user/c/charlesf/www/dark_photon/root/histos_194.root with 984.0 entries
Finished job 194/500 at Thu Aug  6 22:19:46 CEST 2026
