Host: b9g18p9268.cern.ch
Date: Thu Aug  6 10:10:51 PM CEST 2026
PROCID=99
JOB=100
NJOBS=500
LIST=/afs/cern.ch/user/c/charlesf/cmssw-dev/CMSSW_15_0_15/src/Run3DimuonAnalysisTools/Crab/all_mmgTree_files.txt
OUTDIR=/eos/user/c/charlesf/www/dark_photon/root
Opening list of input files /afs/cern.ch/user/c/charlesf/cmssw-dev/CMSSW_15_0_15/src/Run3DimuonAnalysisTools/Crab/all_mmgTree_files.txt
	Found 11350 items in list
	Job 100 of 500 has files (2247, 2270], using all 23 files
	Using redirector root://cms-xrd-global.cern.ch/
[job 100/500] adding file 1/23: root://cms-xrd-global.cern.ch//store/user/charlesf/ParkingDoubleMuonLowMass1/crab_muMuGamma_24Jul26_ParkingDoubleMuonLowMass1Run2025F-PromptReco-v2/260727_191841/0000/mmgTree_116.root
[job 100/500] adding file 2/23: root://cms-xrd-global.cern.ch//store/user/charlesf/ParkingDoubleMuonLowMass1/crab_muMuGamma_24Jul26_ParkingDoubleMuonLowMass1Run2025F-PromptReco-v2/260727_191841/0000/mmgTree_117.root
[job 100/500] adding file 3/23: root://cms-xrd-global.cern.ch//store/user/charlesf/ParkingDoubleMuonLowMass1/crab_muMuGamma_24Jul26_ParkingDoubleMuonLowMass1Run2025F-PromptReco-v2/260727_191841/0000/mmgTree_118.root
[job 100/500] adding file 4/23: root://cms-xrd-global.cern.ch//store/user/charlesf/ParkingDoubleMuonLowMass1/crab_muMuGamma_24Jul26_ParkingDoubleMuonLowMass1Run2025F-PromptReco-v2/260727_191841/0000/mmgTree_119.root
[job 100/500] adding file 5/23: root://cms-xrd-global.cern.ch//store/user/charlesf/ParkingDoubleMuonLowMass1/crab_muMuGamma_24Jul26_ParkingDoubleMuonLowMass1Run2025F-PromptReco-v2/260727_191841/0000/mmgTree_12.root
[job 100/500] adding file 6/23: root://cms-xrd-global.cern.ch//store/user/charlesf/ParkingDoubleMuonLowMass1/crab_muMuGamma_24Jul26_ParkingDoubleMuonLowMass1Run2025F-PromptReco-v2/260727_191841/0000/mmgTree_120.root
[job 100/500] adding file 7/23: root://cms-xrd-global.cern.ch//store/user/charlesf/ParkingDoubleMuonLowMass1/crab_muMuGamma_24Jul26_ParkingDoubleMuonLowMass1Run2025F-PromptReco-v2/260727_191841/0000/mmgTree_121.root
[job 100/500] adding file 8/23: root://cms-xrd-global.cern.ch//store/user/charlesf/ParkingDoubleMuonLowMass1/crab_muMuGamma_24Jul26_ParkingDoubleMuonLowMass1Run2025F-PromptReco-v2/260727_191841/0000/mmgTree_122.root
[job 100/500] adding file 9/23: root://cms-xrd-global.cern.ch//store/user/charlesf/ParkingDoubleMuonLowMass1/crab_muMuGamma_24Jul26_ParkingDoubleMuonLowMass1Run2025F-PromptReco-v2/260727_191841/0000/mmgTree_123.root
[job 100/500] adding file 10/23: root://cms-xrd-global.cern.ch//store/user/charlesf/ParkingDoubleMuonLowMass1/crab_muMuGamma_24Jul26_ParkingDoubleMuonLowMass1Run2025F-PromptReco-v2/260727_191841/0000/mmgTree_124.root
[job 100/500] adding file 11/23: root://cms-xrd-global.cern.ch//store/user/charlesf/ParkingDoubleMuonLowMass1/crab_muMuGamma_24Jul26_ParkingDoubleMuonLowMass1Run2025F-PromptReco-v2/260727_191841/0000/mmgTree_125.root
[job 100/500] adding file 12/23: root://cms-xrd-global.cern.ch//store/user/charlesf/ParkingDoubleMuonLowMass1/crab_muMuGamma_24Jul26_ParkingDoubleMuonLowMass1Run2025F-PromptReco-v2/260727_191841/0000/mmgTree_126.root
[job 100/500] adding file 13/23: root://cms-xrd-global.cern.ch//store/user/charlesf/ParkingDoubleMuonLowMass1/crab_muMuGamma_24Jul26_ParkingDoubleMuonLowMass1Run2025F-PromptReco-v2/260727_191841/0000/mmgTree_127.root
[job 100/500] adding file 14/23: root://cms-xrd-global.cern.ch//store/user/charlesf/ParkingDoubleMuonLowMass1/crab_muMuGamma_24Jul26_ParkingDoubleMuonLowMass1Run2025F-PromptReco-v2/260727_191841/0000/mmgTree_128.root
[job 100/500] adding file 15/23: root://cms-xrd-global.cern.ch//store/user/charlesf/ParkingDoubleMuonLowMass1/crab_muMuGamma_24Jul26_ParkingDoubleMuonLowMass1Run2025F-PromptReco-v2/260727_191841/0000/mmgTree_129.root
[job 100/500] adding file 16/23: root://cms-xrd-global.cern.ch//store/user/charlesf/ParkingDoubleMuonLowMass1/crab_muMuGamma_24Jul26_ParkingDoubleMuonLowMass1Run2025F-PromptReco-v2/260727_191841/0000/mmgTree_13.root
[job 100/500] adding file 17/23: root://cms-xrd-global.cern.ch//store/user/charlesf/ParkingDoubleMuonLowMass1/crab_muMuGamma_24Jul26_ParkingDoubleMuonLowMass1Run2025F-PromptReco-v2/260727_191841/0000/mmgTree_130.root
[job 100/500] adding file 18/23: root://cms-xrd-global.cern.ch//store/user/charlesf/ParkingDoubleMuonLowMass1/crab_muMuGamma_24Jul26_ParkingDoubleMuonLowMass1Run2025F-PromptReco-v2/260727_191841/0000/mmgTree_131.root
[job 100/500] adding file 19/23: root://cms-xrd-global.cern.ch//store/user/charlesf/ParkingDoubleMuonLowMass1/crab_muMuGamma_24Jul26_ParkingDoubleMuonLowMass1Run2025F-PromptReco-v2/260727_191841/0000/mmgTree_14.root
[job 100/500] adding file 20/23: root://cms-xrd-global.cern.ch//store/user/charlesf/ParkingDoubleMuonLowMass1/crab_muMuGamma_24Jul26_ParkingDoubleMuonLowMass1Run2025F-PromptReco-v2/260727_191841/0000/mmgTree_15.root
[job 100/500] adding file 21/23: root://cms-xrd-global.cern.ch//store/user/charlesf/ParkingDoubleMuonLowMass1/crab_muMuGamma_24Jul26_ParkingDoubleMuonLowMass1Run2025F-PromptReco-v2/260727_191841/0000/mmgTree_16.root
[job 100/500] adding file 22/23: root://cms-xrd-global.cern.ch//store/user/charlesf/ParkingDoubleMuonLowMass1/crab_muMuGamma_24Jul26_ParkingDoubleMuonLowMass1Run2025F-PromptReco-v2/260727_191841/0000/mmgTree_17.root
[job 100/500] adding file 23/23: root://cms-xrd-global.cern.ch//store/user/charlesf/ParkingDoubleMuonLowMass1/crab_muMuGamma_24Jul26_ParkingDoubleMuonLowMass1Run2025F-PromptReco-v2/260727_191841/0000/mmgTree_18.root
Finished building TChain
Total entries: 10890062
Creating /eos/user/c/charlesf/www/dark_photon/root/histos_100.root
Processing events...
mumu_mass < 0.6 event 0
mumu_mass < 0.6 event 100000
mumu_mass < 0.6 event 200000
mumu_mass < 0.6 event 300000
mumu_mass < 0.6 event 400000
mumu_mass < 0.6 event 500000
mumu_mass < 0.6 event 600000
mumu_mass < 0.6 event 700000
Saving histograms...
	Saving Cat_5_ee_SR to /eos/user/c/charlesf/www/dark_photon/root/histos_100.root with 40364.0 entries
	Saving Cat_7_bb_SR to /eos/user/c/charlesf/www/dark_photon/root/histos_100.root with 34571.0 entries
	Saving Cat_3_ee_SR to /eos/user/c/charlesf/www/dark_photon/root/histos_100.root with 28060.0 entries
	Saving Cat_5_ee_CR to /eos/user/c/charlesf/www/dark_photon/root/histos_100.root with 18845.0 entries
	Saving Cat_6_bb_SR to /eos/user/c/charlesf/www/dark_photon/root/histos_100.root with 32716.0 entries
	Saving Cat_2_ee_CR to /eos/user/c/charlesf/www/dark_photon/root/histos_100.root with 12394.0 entries
	Saving Cat_7_bb_CR to /eos/user/c/charlesf/www/dark_photon/root/histos_100.root with 18978.0 entries
	Saving Cat_8_bb_SR to /eos/user/c/charlesf/www/dark_photon/root/histos_100.root with 35870.0 entries
	Saving Cat_3_bb_CR to /eos/user/c/charlesf/www/dark_photon/root/histos_100.root with 19457.0 entries
	Saving Cat_9_bb_SR to /eos/user/c/charlesf/www/dark_photon/root/histos_100.root with 35097.0 entries
	Saving Cat_5_bb_SR to /eos/user/c/charlesf/www/dark_photon/root/histos_100.root with 32158.0 entries
	Saving Cat_3_ee_CR to /eos/user/c/charlesf/www/dark_photon/root/histos_100.root with 13465.0 entries
	Saving Cat_1_bb_SR to /eos/user/c/charlesf/www/dark_photon/root/histos_100.root with 31680.0 entries
	Saving Cat_2_ee_SR to /eos/user/c/charlesf/www/dark_photon/root/histos_100.root with 25025.0 entries
	Saving Cat_1_ee_SR to /eos/user/c/charlesf/www/dark_photon/root/histos_100.root with 14467.0 entries
	Saving Cat_9_bb_CR to /eos/user/c/charlesf/www/dark_photon/root/histos_100.root with 17397.0 entries
	Saving Cat_10_bb_SR to /eos/user/c/charlesf/www/dark_photon/root/histos_100.root with 41710.0 entries
	Saving Cat_3_bb_SR to /eos/user/c/charlesf/www/dark_photon/root/histos_100.root with 33281.0 entries
	Saving Cat_1_bb_CR to /eos/user/c/charlesf/www/dark_photon/root/histos_100.root with 17766.0 entries
	Saving Cat_2_bb_SR to /eos/user/c/charlesf/www/dark_photon/root/histos_100.root with 32347.0 entries
	Saving Cat_4_bb_CR to /eos/user/c/charlesf/www/dark_photon/root/histos_100.root with 18351.0 entries
	Saving Cat_8_bb_CR to /eos/user/c/charlesf/www/dark_photon/root/histos_100.root with 18889.0 entries
	Saving Cat_6_bb_CR to /eos/user/c/charlesf/www/dark_photon/root/histos_100.root with 18588.0 entries
	Saving Cat_4_ee_SR to /eos/user/c/charlesf/www/dark_photon/root/histos_100.root with 31306.0 entries
	Saving Cat_4_bb_SR to /eos/user/c/charlesf/www/dark_photon/root/histos_100.root with 31557.0 entries
	Saving Cat_5_bb_CR to /eos/user/c/charlesf/www/dark_photon/root/histos_100.root with 18708.0 entries
	Saving Cat_10_bb_CR to /eos/user/c/charlesf/www/dark_photon/root/histos_100.root with 18415.0 entries
	Saving Cat_2_bb_CR to /eos/user/c/charlesf/www/dark_photon/root/histos_100.root with 18470.0 entries
	Saving Cat_4_ee_CR to /eos/user/c/charlesf/www/dark_photon/root/histos_100.root with 14813.0 entries
	Saving Cat_0_ee_CR to /eos/user/c/charlesf/www/dark_photon/root/histos_100.root with 730.0 entries
	Saving Cat_1_ee_CR to /eos/user/c/charlesf/www/dark_photon/root/histos_100.root with 8186.0 entries
	Saving Cat_0_bb_CR to /eos/user/c/charlesf/www/dark_photon/root/histos_100.root with 1611.0 entries
	Saving Cat_0_bb_SR to /eos/user/c/charlesf/www/dark_photon/root/histos_100.root with 1074.0 entries
	Saving Cat_0_ee_SR to /eos/user/c/charlesf/www/dark_photon/root/histos_100.root with 135.0 entries
Finished job 100/500 at Thu Aug  6 22:21:25 CEST 2026
