Host: b9p27p0914.cern.ch
Date: Thu Aug  6 10:11:01 PM CEST 2026
PROCID=133
JOB=134
NJOBS=500
LIST=/afs/cern.ch/user/c/charlesf/cmssw-dev/CMSSW_15_0_15/src/Run3DimuonAnalysisTools/Crab/all_mmgTree_files.txt
OUTDIR=/eos/user/c/charlesf/www/dark_photon/root
Opening list of input files /afs/cern.ch/user/c/charlesf/cmssw-dev/CMSSW_15_0_15/src/Run3DimuonAnalysisTools/Crab/all_mmgTree_files.txt
	Found 11350 items in list
	Job 134 of 500 has files (3019, 3041], using all 22 files
	Using redirector root://cms-xrd-global.cern.ch/
[job 134/500] adding file 1/22: root://cms-xrd-global.cern.ch//store/user/charlesf/ParkingDoubleMuonLowMass2/crab_muMuGamma_24Jul26_ParkingDoubleMuonLowMass2Run2025C-PromptReco-v2/260727_191913/0000/mmgTree_92.root
[job 134/500] adding file 2/22: root://cms-xrd-global.cern.ch//store/user/charlesf/ParkingDoubleMuonLowMass2/crab_muMuGamma_24Jul26_ParkingDoubleMuonLowMass2Run2025C-PromptReco-v2/260727_191913/0000/mmgTree_93.root
[job 134/500] adding file 3/22: root://cms-xrd-global.cern.ch//store/user/charlesf/ParkingDoubleMuonLowMass2/crab_muMuGamma_24Jul26_ParkingDoubleMuonLowMass2Run2025C-PromptReco-v2/260727_191913/0000/mmgTree_94.root
[job 134/500] adding file 4/22: root://cms-xrd-global.cern.ch//store/user/charlesf/ParkingDoubleMuonLowMass2/crab_muMuGamma_24Jul26_ParkingDoubleMuonLowMass2Run2025C-PromptReco-v2/260727_191913/0000/mmgTree_95.root
[job 134/500] adding file 5/22: root://cms-xrd-global.cern.ch//store/user/charlesf/ParkingDoubleMuonLowMass2/crab_muMuGamma_24Jul26_ParkingDoubleMuonLowMass2Run2025C-PromptReco-v2/260727_191913/0000/mmgTree_96.root
[job 134/500] adding file 6/22: root://cms-xrd-global.cern.ch//store/user/charlesf/ParkingDoubleMuonLowMass2/crab_muMuGamma_24Jul26_ParkingDoubleMuonLowMass2Run2025C-PromptReco-v2/260727_191913/0000/mmgTree_97.root
[job 134/500] adding file 7/22: root://cms-xrd-global.cern.ch//store/user/charlesf/ParkingDoubleMuonLowMass2/crab_muMuGamma_24Jul26_ParkingDoubleMuonLowMass2Run2025C-PromptReco-v2/260727_191913/0000/mmgTree_98.root
[job 134/500] adding file 8/22: root://cms-xrd-global.cern.ch//store/user/charlesf/ParkingDoubleMuonLowMass2/crab_muMuGamma_24Jul26_ParkingDoubleMuonLowMass2Run2025C-PromptReco-v2/260727_191913/0000/mmgTree_99.root
[job 134/500] adding file 9/22: root://cms-xrd-global.cern.ch//store/user/charlesf/ParkingDoubleMuonLowMass2/crab_muMuGamma_24Jul26_ParkingDoubleMuonLowMass2Run2025E-PromptReco-v1/260727_191936/0000/mmgTree_1-1.root
[job 134/500] adding file 10/22: root://cms-xrd-global.cern.ch//store/user/charlesf/ParkingDoubleMuonLowMass2/crab_muMuGamma_24Jul26_ParkingDoubleMuonLowMass2Run2025E-PromptReco-v1/260727_191936/0000/mmgTree_1-10.root
[job 134/500] adding file 11/22: root://cms-xrd-global.cern.ch//store/user/charlesf/ParkingDoubleMuonLowMass2/crab_muMuGamma_24Jul26_ParkingDoubleMuonLowMass2Run2025E-PromptReco-v1/260727_191936/0000/mmgTree_1-11.root
[job 134/500] adding file 12/22: root://cms-xrd-global.cern.ch//store/user/charlesf/ParkingDoubleMuonLowMass2/crab_muMuGamma_24Jul26_ParkingDoubleMuonLowMass2Run2025E-PromptReco-v1/260727_191936/0000/mmgTree_1-12.root
[job 134/500] adding file 13/22: root://cms-xrd-global.cern.ch//store/user/charlesf/ParkingDoubleMuonLowMass2/crab_muMuGamma_24Jul26_ParkingDoubleMuonLowMass2Run2025E-PromptReco-v1/260727_191936/0000/mmgTree_1-13.root
[job 134/500] adding file 14/22: root://cms-xrd-global.cern.ch//store/user/charlesf/ParkingDoubleMuonLowMass2/crab_muMuGamma_24Jul26_ParkingDoubleMuonLowMass2Run2025E-PromptReco-v1/260727_191936/0000/mmgTree_1-14.root
[job 134/500] adding file 15/22: root://cms-xrd-global.cern.ch//store/user/charlesf/ParkingDoubleMuonLowMass2/crab_muMuGamma_24Jul26_ParkingDoubleMuonLowMass2Run2025E-PromptReco-v1/260727_191936/0000/mmgTree_1-15.root
[job 134/500] adding file 16/22: root://cms-xrd-global.cern.ch//store/user/charlesf/ParkingDoubleMuonLowMass2/crab_muMuGamma_24Jul26_ParkingDoubleMuonLowMass2Run2025E-PromptReco-v1/260727_191936/0000/mmgTree_1-16.root
[job 134/500] adding file 17/22: root://cms-xrd-global.cern.ch//store/user/charlesf/ParkingDoubleMuonLowMass2/crab_muMuGamma_24Jul26_ParkingDoubleMuonLowMass2Run2025E-PromptReco-v1/260727_191936/0000/mmgTree_1-17.root
[job 134/500] adding file 18/22: root://cms-xrd-global.cern.ch//store/user/charlesf/ParkingDoubleMuonLowMass2/crab_muMuGamma_24Jul26_ParkingDoubleMuonLowMass2Run2025E-PromptReco-v1/260727_191936/0000/mmgTree_1-18.root
[job 134/500] adding file 19/22: root://cms-xrd-global.cern.ch//store/user/charlesf/ParkingDoubleMuonLowMass2/crab_muMuGamma_24Jul26_ParkingDoubleMuonLowMass2Run2025E-PromptReco-v1/260727_191936/0000/mmgTree_1-19.root
[job 134/500] adding file 20/22: root://cms-xrd-global.cern.ch//store/user/charlesf/ParkingDoubleMuonLowMass2/crab_muMuGamma_24Jul26_ParkingDoubleMuonLowMass2Run2025E-PromptReco-v1/260727_191936/0000/mmgTree_1-2.root
[job 134/500] adding file 21/22: root://cms-xrd-global.cern.ch//store/user/charlesf/ParkingDoubleMuonLowMass2/crab_muMuGamma_24Jul26_ParkingDoubleMuonLowMass2Run2025E-PromptReco-v1/260727_191936/0000/mmgTree_1-20.root
[job 134/500] adding file 22/22: root://cms-xrd-global.cern.ch//store/user/charlesf/ParkingDoubleMuonLowMass2/crab_muMuGamma_24Jul26_ParkingDoubleMuonLowMass2Run2025E-PromptReco-v1/260727_191936/0000/mmgTree_1-21.root
Finished building TChain
Total entries: 5311873
Creating /eos/user/c/charlesf/www/dark_photon/root/histos_134.root
Processing events...
mumu_mass < 0.6 event 0
mumu_mass < 0.6 event 100000
mumu_mass < 0.6 event 200000
mumu_mass < 0.6 event 300000
mumu_mass < 0.6 event 400000
Saving histograms...
	Saving Cat_2_bb_SR to /eos/user/c/charlesf/www/dark_photon/root/histos_134.root with 18379.0 entries
	Saving Cat_9_bb_SR to /eos/user/c/charlesf/www/dark_photon/root/histos_134.root with 18551.0 entries
	Saving Cat_5_bb_CR to /eos/user/c/charlesf/www/dark_photon/root/histos_134.root with 8351.0 entries
	Saving Cat_3_ee_SR to /eos/user/c/charlesf/www/dark_photon/root/histos_134.root with 19168.0 entries
	Saving Cat_7_bb_SR to /eos/user/c/charlesf/www/dark_photon/root/histos_134.root with 18264.0 entries
	Saving Cat_1_ee_SR to /eos/user/c/charlesf/www/dark_photon/root/histos_134.root with 14374.0 entries
	Saving Cat_1_bb_SR to /eos/user/c/charlesf/www/dark_photon/root/histos_134.root with 19173.0 entries
	Saving Cat_3_bb_SR to /eos/user/c/charlesf/www/dark_photon/root/histos_134.root with 18420.0 entries
	Saving Cat_0_bb_CR to /eos/user/c/charlesf/www/dark_photon/root/histos_134.root with 908.0 entries
	Saving Cat_2_ee_SR to /eos/user/c/charlesf/www/dark_photon/root/histos_134.root with 19063.0 entries
	Saving Cat_1_bb_CR to /eos/user/c/charlesf/www/dark_photon/root/histos_134.root with 9146.0 entries
	Saving Cat_5_bb_SR to /eos/user/c/charlesf/www/dark_photon/root/histos_134.root with 17495.0 entries
	Saving Cat_5_ee_SR to /eos/user/c/charlesf/www/dark_photon/root/histos_134.root with 23795.0 entries
	Saving Cat_4_bb_SR to /eos/user/c/charlesf/www/dark_photon/root/histos_134.root with 16963.0 entries
	Saving Cat_10_bb_SR to /eos/user/c/charlesf/www/dark_photon/root/histos_134.root with 21623.0 entries
	Saving Cat_2_ee_CR to /eos/user/c/charlesf/www/dark_photon/root/histos_134.root with 9279.0 entries
	Saving Cat_3_ee_CR to /eos/user/c/charlesf/www/dark_photon/root/histos_134.root with 8693.0 entries
	Saving Cat_6_bb_CR to /eos/user/c/charlesf/www/dark_photon/root/histos_134.root with 8156.0 entries
	Saving Cat_1_ee_CR to /eos/user/c/charlesf/www/dark_photon/root/histos_134.root with 7765.0 entries
	Saving Cat_4_ee_SR to /eos/user/c/charlesf/www/dark_photon/root/histos_134.root with 20123.0 entries
	Saving Cat_6_bb_SR to /eos/user/c/charlesf/www/dark_photon/root/histos_134.root with 17295.0 entries
	Saving Cat_4_bb_CR to /eos/user/c/charlesf/www/dark_photon/root/histos_134.root with 8272.0 entries
	Saving Cat_4_ee_CR to /eos/user/c/charlesf/www/dark_photon/root/histos_134.root with 8567.0 entries
	Saving Cat_7_bb_CR to /eos/user/c/charlesf/www/dark_photon/root/histos_134.root with 8106.0 entries
	Saving Cat_10_bb_CR to /eos/user/c/charlesf/www/dark_photon/root/histos_134.root with 7983.0 entries
	Saving Cat_5_ee_CR to /eos/user/c/charlesf/www/dark_photon/root/histos_134.root with 9710.0 entries
	Saving Cat_8_bb_CR to /eos/user/c/charlesf/www/dark_photon/root/histos_134.root with 8146.0 entries
	Saving Cat_8_bb_SR to /eos/user/c/charlesf/www/dark_photon/root/histos_134.root with 18712.0 entries
	Saving Cat_3_bb_CR to /eos/user/c/charlesf/www/dark_photon/root/histos_134.root with 8854.0 entries
	Saving Cat_9_bb_CR to /eos/user/c/charlesf/www/dark_photon/root/histos_134.root with 7418.0 entries
	Saving Cat_2_bb_CR to /eos/user/c/charlesf/www/dark_photon/root/histos_134.root with 8651.0 entries
	Saving Cat_0_ee_CR to /eos/user/c/charlesf/www/dark_photon/root/histos_134.root with 484.0 entries
	Saving Cat_0_bb_SR to /eos/user/c/charlesf/www/dark_photon/root/histos_134.root with 867.0 entries
	Saving Cat_0_ee_SR to /eos/user/c/charlesf/www/dark_photon/root/histos_134.root with 144.0 entries
Finished job 134/500 at Thu Aug  6 22:18:50 CEST 2026
