Host: b9p25p8368.cern.ch
Date: Thu Aug  6 10:12:20 PM CEST 2026
PROCID=364
JOB=365
NJOBS=500
LIST=/afs/cern.ch/user/c/charlesf/cmssw-dev/CMSSW_15_0_15/src/Run3DimuonAnalysisTools/Crab/all_mmgTree_files.txt
OUTDIR=/eos/user/c/charlesf/www/dark_photon/root
Opening list of input files /afs/cern.ch/user/c/charlesf/cmssw-dev/CMSSW_15_0_15/src/Run3DimuonAnalysisTools/Crab/all_mmgTree_files.txt
	Found 11350 items in list
	Job 365 of 500 has files (8262, 8285], using all 23 files
	Using redirector root://cms-xrd-global.cern.ch/
[job 365/500] adding file 1/23: root://cms-xrd-global.cern.ch//store/user/charlesf/ParkingDoubleMuonLowMass5/crab_muMuGamma_24Jul26_ParkingDoubleMuonLowMass5Run2025F-PromptReco-v2/260727_192353/0000/mmgTree_1-42.root
[job 365/500] adding file 2/23: root://cms-xrd-global.cern.ch//store/user/charlesf/ParkingDoubleMuonLowMass5/crab_muMuGamma_24Jul26_ParkingDoubleMuonLowMass5Run2025F-PromptReco-v2/260727_192353/0000/mmgTree_1-43.root
[job 365/500] adding file 3/23: root://cms-xrd-global.cern.ch//store/user/charlesf/ParkingDoubleMuonLowMass5/crab_muMuGamma_24Jul26_ParkingDoubleMuonLowMass5Run2025F-PromptReco-v2/260727_192353/0000/mmgTree_1-44.root
[job 365/500] adding file 4/23: root://cms-xrd-global.cern.ch//store/user/charlesf/ParkingDoubleMuonLowMass5/crab_muMuGamma_24Jul26_ParkingDoubleMuonLowMass5Run2025F-PromptReco-v2/260727_192353/0000/mmgTree_1-45.root
[job 365/500] adding file 5/23: root://cms-xrd-global.cern.ch//store/user/charlesf/ParkingDoubleMuonLowMass5/crab_muMuGamma_24Jul26_ParkingDoubleMuonLowMass5Run2025F-PromptReco-v2/260727_192353/0000/mmgTree_1-46.root
[job 365/500] adding file 6/23: root://cms-xrd-global.cern.ch//store/user/charlesf/ParkingDoubleMuonLowMass5/crab_muMuGamma_24Jul26_ParkingDoubleMuonLowMass5Run2025F-PromptReco-v2/260727_192353/0000/mmgTree_1-47.root
[job 365/500] adding file 7/23: root://cms-xrd-global.cern.ch//store/user/charlesf/ParkingDoubleMuonLowMass5/crab_muMuGamma_24Jul26_ParkingDoubleMuonLowMass5Run2025F-PromptReco-v2/260727_192353/0000/mmgTree_1-48.root
[job 365/500] adding file 8/23: root://cms-xrd-global.cern.ch//store/user/charlesf/ParkingDoubleMuonLowMass5/crab_muMuGamma_24Jul26_ParkingDoubleMuonLowMass5Run2025F-PromptReco-v2/260727_192353/0000/mmgTree_1-49.root
[job 365/500] adding file 9/23: root://cms-xrd-global.cern.ch//store/user/charlesf/ParkingDoubleMuonLowMass5/crab_muMuGamma_24Jul26_ParkingDoubleMuonLowMass5Run2025F-PromptReco-v2/260727_192353/0000/mmgTree_1-5.root
[job 365/500] adding file 10/23: root://cms-xrd-global.cern.ch//store/user/charlesf/ParkingDoubleMuonLowMass5/crab_muMuGamma_24Jul26_ParkingDoubleMuonLowMass5Run2025F-PromptReco-v2/260727_192353/0000/mmgTree_1-50.root
[job 365/500] adding file 11/23: root://cms-xrd-global.cern.ch//store/user/charlesf/ParkingDoubleMuonLowMass5/crab_muMuGamma_24Jul26_ParkingDoubleMuonLowMass5Run2025F-PromptReco-v2/260727_192353/0000/mmgTree_1-51.root
[job 365/500] adding file 12/23: root://cms-xrd-global.cern.ch//store/user/charlesf/ParkingDoubleMuonLowMass5/crab_muMuGamma_24Jul26_ParkingDoubleMuonLowMass5Run2025F-PromptReco-v2/260727_192353/0000/mmgTree_1-52.root
[job 365/500] adding file 13/23: root://cms-xrd-global.cern.ch//store/user/charlesf/ParkingDoubleMuonLowMass5/crab_muMuGamma_24Jul26_ParkingDoubleMuonLowMass5Run2025F-PromptReco-v2/260727_192353/0000/mmgTree_1-53.root
[job 365/500] adding file 14/23: root://cms-xrd-global.cern.ch//store/user/charlesf/ParkingDoubleMuonLowMass5/crab_muMuGamma_24Jul26_ParkingDoubleMuonLowMass5Run2025F-PromptReco-v2/260727_192353/0000/mmgTree_1-6.root
[job 365/500] adding file 15/23: root://cms-xrd-global.cern.ch//store/user/charlesf/ParkingDoubleMuonLowMass5/crab_muMuGamma_24Jul26_ParkingDoubleMuonLowMass5Run2025F-PromptReco-v2/260727_192353/0000/mmgTree_1-7.root
[job 365/500] adding file 16/23: root://cms-xrd-global.cern.ch//store/user/charlesf/ParkingDoubleMuonLowMass5/crab_muMuGamma_24Jul26_ParkingDoubleMuonLowMass5Run2025F-PromptReco-v2/260727_192353/0000/mmgTree_1-8.root
[job 365/500] adding file 17/23: root://cms-xrd-global.cern.ch//store/user/charlesf/ParkingDoubleMuonLowMass5/crab_muMuGamma_24Jul26_ParkingDoubleMuonLowMass5Run2025F-PromptReco-v2/260727_192353/0000/mmgTree_1-9.root
[job 365/500] adding file 18/23: root://cms-xrd-global.cern.ch//store/user/charlesf/ParkingDoubleMuonLowMass5/crab_muMuGamma_24Jul26_ParkingDoubleMuonLowMass5Run2025F-PromptReco-v2/260727_192353/0000/mmgTree_1.root
[job 365/500] adding file 19/23: root://cms-xrd-global.cern.ch//store/user/charlesf/ParkingDoubleMuonLowMass5/crab_muMuGamma_24Jul26_ParkingDoubleMuonLowMass5Run2025F-PromptReco-v2/260727_192353/0000/mmgTree_100.root
[job 365/500] adding file 20/23: root://cms-xrd-global.cern.ch//store/user/charlesf/ParkingDoubleMuonLowMass5/crab_muMuGamma_24Jul26_ParkingDoubleMuonLowMass5Run2025F-PromptReco-v2/260727_192353/0000/mmgTree_101.root
[job 365/500] adding file 21/23: root://cms-xrd-global.cern.ch//store/user/charlesf/ParkingDoubleMuonLowMass5/crab_muMuGamma_24Jul26_ParkingDoubleMuonLowMass5Run2025F-PromptReco-v2/260727_192353/0000/mmgTree_102.root
[job 365/500] adding file 22/23: root://cms-xrd-global.cern.ch//store/user/charlesf/ParkingDoubleMuonLowMass5/crab_muMuGamma_24Jul26_ParkingDoubleMuonLowMass5Run2025F-PromptReco-v2/260727_192353/0000/mmgTree_103.root
[job 365/500] adding file 23/23: root://cms-xrd-global.cern.ch//store/user/charlesf/ParkingDoubleMuonLowMass5/crab_muMuGamma_24Jul26_ParkingDoubleMuonLowMass5Run2025F-PromptReco-v2/260727_192353/0000/mmgTree_104.root
Finished building TChain
Total entries: 4447806
Creating /eos/user/c/charlesf/www/dark_photon/root/histos_365.root
Processing events...
mumu_mass < 0.6 event 0
mumu_mass < 0.6 event 100000
mumu_mass < 0.6 event 200000
mumu_mass < 0.6 event 300000
Saving histograms...
	Saving Cat_3_bb_SR to /eos/user/c/charlesf/www/dark_photon/root/histos_365.root with 13451.0 entries
	Saving Cat_4_bb_SR to /eos/user/c/charlesf/www/dark_photon/root/histos_365.root with 12959.0 entries
	Saving Cat_1_bb_SR to /eos/user/c/charlesf/www/dark_photon/root/histos_365.root with 12941.0 entries
	Saving Cat_2_bb_SR to /eos/user/c/charlesf/www/dark_photon/root/histos_365.root with 13176.0 entries
	Saving Cat_4_ee_SR to /eos/user/c/charlesf/www/dark_photon/root/histos_365.root with 12897.0 entries
	Saving Cat_5_bb_CR to /eos/user/c/charlesf/www/dark_photon/root/histos_365.root with 7564.0 entries
	Saving Cat_2_ee_SR to /eos/user/c/charlesf/www/dark_photon/root/histos_365.root with 10218.0 entries
	Saving Cat_8_bb_SR to /eos/user/c/charlesf/www/dark_photon/root/histos_365.root with 14501.0 entries
	Saving Cat_6_bb_CR to /eos/user/c/charlesf/www/dark_photon/root/histos_365.root with 7520.0 entries
	Saving Cat_9_bb_CR to /eos/user/c/charlesf/www/dark_photon/root/histos_365.root with 6952.0 entries
	Saving Cat_6_bb_SR to /eos/user/c/charlesf/www/dark_photon/root/histos_365.root with 13329.0 entries
	Saving Cat_10_bb_SR to /eos/user/c/charlesf/www/dark_photon/root/histos_365.root with 17078.0 entries
	Saving Cat_7_bb_CR to /eos/user/c/charlesf/www/dark_photon/root/histos_365.root with 7729.0 entries
	Saving Cat_4_bb_CR to /eos/user/c/charlesf/www/dark_photon/root/histos_365.root with 7385.0 entries
	Saving Cat_3_bb_CR to /eos/user/c/charlesf/www/dark_photon/root/histos_365.root with 7885.0 entries
	Saving Cat_5_ee_CR to /eos/user/c/charlesf/www/dark_photon/root/histos_365.root with 7644.0 entries
	Saving Cat_8_bb_CR to /eos/user/c/charlesf/www/dark_photon/root/histos_365.root with 7659.0 entries
	Saving Cat_3_ee_CR to /eos/user/c/charlesf/www/dark_photon/root/histos_365.root with 5492.0 entries
	Saving Cat_10_bb_CR to /eos/user/c/charlesf/www/dark_photon/root/histos_365.root with 7540.0 entries
	Saving Cat_7_bb_SR to /eos/user/c/charlesf/www/dark_photon/root/histos_365.root with 14000.0 entries
	Saving Cat_9_bb_SR to /eos/user/c/charlesf/www/dark_photon/root/histos_365.root with 14350.0 entries
	Saving Cat_3_ee_SR to /eos/user/c/charlesf/www/dark_photon/root/histos_365.root with 11490.0 entries
	Saving Cat_4_ee_CR to /eos/user/c/charlesf/www/dark_photon/root/histos_365.root with 6064.0 entries
	Saving Cat_5_ee_SR to /eos/user/c/charlesf/www/dark_photon/root/histos_365.root with 16554.0 entries
	Saving Cat_2_ee_CR to /eos/user/c/charlesf/www/dark_photon/root/histos_365.root with 5113.0 entries
	Saving Cat_1_bb_CR to /eos/user/c/charlesf/www/dark_photon/root/histos_365.root with 7145.0 entries
	Saving Cat_1_ee_SR to /eos/user/c/charlesf/www/dark_photon/root/histos_365.root with 6015.0 entries
	Saving Cat_5_bb_SR to /eos/user/c/charlesf/www/dark_photon/root/histos_365.root with 13397.0 entries
	Saving Cat_2_bb_CR to /eos/user/c/charlesf/www/dark_photon/root/histos_365.root with 7502.0 entries
	Saving Cat_1_ee_CR to /eos/user/c/charlesf/www/dark_photon/root/histos_365.root with 3382.0 entries
	Saving Cat_0_ee_CR to /eos/user/c/charlesf/www/dark_photon/root/histos_365.root with 304.0 entries
	Saving Cat_0_bb_CR to /eos/user/c/charlesf/www/dark_photon/root/histos_365.root with 707.0 entries
	Saving Cat_0_ee_SR to /eos/user/c/charlesf/www/dark_photon/root/histos_365.root with 68.0 entries
	Saving Cat_0_bb_SR to /eos/user/c/charlesf/www/dark_photon/root/histos_365.root with 474.0 entries
Finished job 365/500 at Thu Aug  6 22:19:23 CEST 2026
