Host: b9p16p1856.cern.ch
Date: Thu Aug  6 10:10:30 PM CEST 2026
PROCID=50
JOB=51
NJOBS=500
LIST=/afs/cern.ch/user/c/charlesf/cmssw-dev/CMSSW_15_0_15/src/Run3DimuonAnalysisTools/Crab/all_mmgTree_files.txt
OUTDIR=/eos/user/c/charlesf/www/dark_photon/root
Opening list of input files /afs/cern.ch/user/c/charlesf/cmssw-dev/CMSSW_15_0_15/src/Run3DimuonAnalysisTools/Crab/all_mmgTree_files.txt
	Found 11350 items in list
	Job 51 of 500 has files (1135, 1157], using all 22 files
	Using redirector root://cms-xrd-global.cern.ch/
[job 51/500] adding file 1/22: root://cms-xrd-global.cern.ch//store/user/charlesf/ParkingDoubleMuonLowMass0/crab_muMuGamma_24Jul26_ParkingDoubleMuonLowMass0Run2025F-PromptReco-v1/260727_191716/0000/mmgTree_278.root
[job 51/500] adding file 2/22: root://cms-xrd-global.cern.ch//store/user/charlesf/ParkingDoubleMuonLowMass0/crab_muMuGamma_24Jul26_ParkingDoubleMuonLowMass0Run2025F-PromptReco-v1/260727_191716/0000/mmgTree_279.root
[job 51/500] adding file 3/22: root://cms-xrd-global.cern.ch//store/user/charlesf/ParkingDoubleMuonLowMass0/crab_muMuGamma_24Jul26_ParkingDoubleMuonLowMass0Run2025F-PromptReco-v1/260727_191716/0000/mmgTree_28.root
[job 51/500] adding file 4/22: root://cms-xrd-global.cern.ch//store/user/charlesf/ParkingDoubleMuonLowMass0/crab_muMuGamma_24Jul26_ParkingDoubleMuonLowMass0Run2025F-PromptReco-v1/260727_191716/0000/mmgTree_280.root
[job 51/500] adding file 5/22: root://cms-xrd-global.cern.ch//store/user/charlesf/ParkingDoubleMuonLowMass0/crab_muMuGamma_24Jul26_ParkingDoubleMuonLowMass0Run2025F-PromptReco-v1/260727_191716/0000/mmgTree_281.root
[job 51/500] adding file 6/22: root://cms-xrd-global.cern.ch//store/user/charlesf/ParkingDoubleMuonLowMass0/crab_muMuGamma_24Jul26_ParkingDoubleMuonLowMass0Run2025F-PromptReco-v1/260727_191716/0000/mmgTree_282.root
[job 51/500] adding file 7/22: root://cms-xrd-global.cern.ch//store/user/charlesf/ParkingDoubleMuonLowMass0/crab_muMuGamma_24Jul26_ParkingDoubleMuonLowMass0Run2025F-PromptReco-v1/260727_191716/0000/mmgTree_283.root
[job 51/500] adding file 8/22: root://cms-xrd-global.cern.ch//store/user/charlesf/ParkingDoubleMuonLowMass0/crab_muMuGamma_24Jul26_ParkingDoubleMuonLowMass0Run2025F-PromptReco-v1/260727_191716/0000/mmgTree_284.root
[job 51/500] adding file 9/22: root://cms-xrd-global.cern.ch//store/user/charlesf/ParkingDoubleMuonLowMass0/crab_muMuGamma_24Jul26_ParkingDoubleMuonLowMass0Run2025F-PromptReco-v1/260727_191716/0000/mmgTree_285.root
[job 51/500] adding file 10/22: root://cms-xrd-global.cern.ch//store/user/charlesf/ParkingDoubleMuonLowMass0/crab_muMuGamma_24Jul26_ParkingDoubleMuonLowMass0Run2025F-PromptReco-v1/260727_191716/0000/mmgTree_286.root
[job 51/500] adding file 11/22: root://cms-xrd-global.cern.ch//store/user/charlesf/ParkingDoubleMuonLowMass0/crab_muMuGamma_24Jul26_ParkingDoubleMuonLowMass0Run2025F-PromptReco-v1/260727_191716/0000/mmgTree_287.root
[job 51/500] adding file 12/22: root://cms-xrd-global.cern.ch//store/user/charlesf/ParkingDoubleMuonLowMass0/crab_muMuGamma_24Jul26_ParkingDoubleMuonLowMass0Run2025F-PromptReco-v1/260727_191716/0000/mmgTree_288.root
[job 51/500] adding file 13/22: root://cms-xrd-global.cern.ch//store/user/charlesf/ParkingDoubleMuonLowMass0/crab_muMuGamma_24Jul26_ParkingDoubleMuonLowMass0Run2025F-PromptReco-v1/260727_191716/0000/mmgTree_289.root
[job 51/500] adding file 14/22: root://cms-xrd-global.cern.ch//store/user/charlesf/ParkingDoubleMuonLowMass0/crab_muMuGamma_24Jul26_ParkingDoubleMuonLowMass0Run2025F-PromptReco-v1/260727_191716/0000/mmgTree_29.root
[job 51/500] adding file 15/22: root://cms-xrd-global.cern.ch//store/user/charlesf/ParkingDoubleMuonLowMass0/crab_muMuGamma_24Jul26_ParkingDoubleMuonLowMass0Run2025F-PromptReco-v1/260727_191716/0000/mmgTree_290.root
[job 51/500] adding file 16/22: root://cms-xrd-global.cern.ch//store/user/charlesf/ParkingDoubleMuonLowMass0/crab_muMuGamma_24Jul26_ParkingDoubleMuonLowMass0Run2025F-PromptReco-v1/260727_191716/0000/mmgTree_291.root
[job 51/500] adding file 17/22: root://cms-xrd-global.cern.ch//store/user/charlesf/ParkingDoubleMuonLowMass0/crab_muMuGamma_24Jul26_ParkingDoubleMuonLowMass0Run2025F-PromptReco-v1/260727_191716/0000/mmgTree_292.root
[job 51/500] adding file 18/22: root://cms-xrd-global.cern.ch//store/user/charlesf/ParkingDoubleMuonLowMass0/crab_muMuGamma_24Jul26_ParkingDoubleMuonLowMass0Run2025F-PromptReco-v1/260727_191716/0000/mmgTree_293.root
[job 51/500] adding file 19/22: root://cms-xrd-global.cern.ch//store/user/charlesf/ParkingDoubleMuonLowMass0/crab_muMuGamma_24Jul26_ParkingDoubleMuonLowMass0Run2025F-PromptReco-v1/260727_191716/0000/mmgTree_294.root
[job 51/500] adding file 20/22: root://cms-xrd-global.cern.ch//store/user/charlesf/ParkingDoubleMuonLowMass0/crab_muMuGamma_24Jul26_ParkingDoubleMuonLowMass0Run2025F-PromptReco-v1/260727_191716/0000/mmgTree_295.root
[job 51/500] adding file 21/22: root://cms-xrd-global.cern.ch//store/user/charlesf/ParkingDoubleMuonLowMass0/crab_muMuGamma_24Jul26_ParkingDoubleMuonLowMass0Run2025F-PromptReco-v1/260727_191716/0000/mmgTree_296.root
[job 51/500] adding file 22/22: root://cms-xrd-global.cern.ch//store/user/charlesf/ParkingDoubleMuonLowMass0/crab_muMuGamma_24Jul26_ParkingDoubleMuonLowMass0Run2025F-PromptReco-v1/260727_191716/0000/mmgTree_297.root
Finished building TChain
Total entries: 11455275
Creating /eos/user/c/charlesf/www/dark_photon/root/histos_51.root
Processing events...
mumu_mass < 0.6 event 0
mumu_mass < 0.6 event 100000
mumu_mass < 0.6 event 200000
mumu_mass < 0.6 event 300000
mumu_mass < 0.6 event 400000
mumu_mass < 0.6 event 500000
mumu_mass < 0.6 event 600000
mumu_mass < 0.6 event 700000
Saving histograms...
	Saving Cat_7_bb_SR to /eos/user/c/charlesf/www/dark_photon/root/histos_51.root with 36165.0 entries
	Saving Cat_3_bb_CR to /eos/user/c/charlesf/www/dark_photon/root/histos_51.root with 19826.0 entries
	Saving Cat_5_ee_SR to /eos/user/c/charlesf/www/dark_photon/root/histos_51.root with 42731.0 entries
	Saving Cat_7_bb_CR to /eos/user/c/charlesf/www/dark_photon/root/histos_51.root with 19613.0 entries
	Saving Cat_4_ee_SR to /eos/user/c/charlesf/www/dark_photon/root/histos_51.root with 33913.0 entries
	Saving Cat_5_bb_SR to /eos/user/c/charlesf/www/dark_photon/root/histos_51.root with 33931.0 entries
	Saving Cat_1_bb_SR to /eos/user/c/charlesf/www/dark_photon/root/histos_51.root with 33429.0 entries
	Saving Cat_3_ee_SR to /eos/user/c/charlesf/www/dark_photon/root/histos_51.root with 30607.0 entries
	Saving Cat_6_bb_CR to /eos/user/c/charlesf/www/dark_photon/root/histos_51.root with 18809.0 entries
	Saving Cat_10_bb_SR to /eos/user/c/charlesf/www/dark_photon/root/histos_51.root with 43656.0 entries
	Saving Cat_1_bb_CR to /eos/user/c/charlesf/www/dark_photon/root/histos_51.root with 18217.0 entries
	Saving Cat_5_bb_CR to /eos/user/c/charlesf/www/dark_photon/root/histos_51.root with 19331.0 entries
	Saving Cat_9_bb_CR to /eos/user/c/charlesf/www/dark_photon/root/histos_51.root with 17644.0 entries
	Saving Cat_0_ee_CR to /eos/user/c/charlesf/www/dark_photon/root/histos_51.root with 809.0 entries
	Saving Cat_8_bb_SR to /eos/user/c/charlesf/www/dark_photon/root/histos_51.root with 37651.0 entries
	Saving Cat_4_ee_CR to /eos/user/c/charlesf/www/dark_photon/root/histos_51.root with 15647.0 entries
	Saving Cat_10_bb_CR to /eos/user/c/charlesf/www/dark_photon/root/histos_51.root with 19242.0 entries
	Saving Cat_5_ee_CR to /eos/user/c/charlesf/www/dark_photon/root/histos_51.root with 19552.0 entries
	Saving Cat_4_bb_SR to /eos/user/c/charlesf/www/dark_photon/root/histos_51.root with 32910.0 entries
	Saving Cat_4_bb_CR to /eos/user/c/charlesf/www/dark_photon/root/histos_51.root with 18843.0 entries
	Saving Cat_0_bb_SR to /eos/user/c/charlesf/www/dark_photon/root/histos_51.root with 1188.0 entries
	Saving Cat_2_bb_SR to /eos/user/c/charlesf/www/dark_photon/root/histos_51.root with 34144.0 entries
	Saving Cat_2_ee_SR to /eos/user/c/charlesf/www/dark_photon/root/histos_51.root with 27391.0 entries
	Saving Cat_3_bb_SR to /eos/user/c/charlesf/www/dark_photon/root/histos_51.root with 34634.0 entries
	Saving Cat_8_bb_CR to /eos/user/c/charlesf/www/dark_photon/root/histos_51.root with 19295.0 entries
	Saving Cat_9_bb_SR to /eos/user/c/charlesf/www/dark_photon/root/histos_51.root with 36987.0 entries
	Saving Cat_1_ee_SR to /eos/user/c/charlesf/www/dark_photon/root/histos_51.root with 16807.0 entries
	Saving Cat_1_ee_CR to /eos/user/c/charlesf/www/dark_photon/root/histos_51.root with 9551.0 entries
	Saving Cat_6_bb_SR to /eos/user/c/charlesf/www/dark_photon/root/histos_51.root with 34012.0 entries
	Saving Cat_2_ee_CR to /eos/user/c/charlesf/www/dark_photon/root/histos_51.root with 13519.0 entries
	Saving Cat_3_ee_CR to /eos/user/c/charlesf/www/dark_photon/root/histos_51.root with 14484.0 entries
	Saving Cat_2_bb_CR to /eos/user/c/charlesf/www/dark_photon/root/histos_51.root with 18883.0 entries
	Saving Cat_0_bb_CR to /eos/user/c/charlesf/www/dark_photon/root/histos_51.root with 1810.0 entries
	Saving Cat_0_ee_SR to /eos/user/c/charlesf/www/dark_photon/root/histos_51.root with 174.0 entries
Finished job 51/500 at Thu Aug  6 22:20:50 CEST 2026
