Host: b9p27p5252.cern.ch
Date: Thu Aug  6 10:12:51 PM CEST 2026
PROCID=453
JOB=454
NJOBS=500
LIST=/afs/cern.ch/user/c/charlesf/cmssw-dev/CMSSW_15_0_15/src/Run3DimuonAnalysisTools/Crab/all_mmgTree_files.txt
OUTDIR=/eos/user/c/charlesf/www/dark_photon/root
Opening list of input files /afs/cern.ch/user/c/charlesf/cmssw-dev/CMSSW_15_0_15/src/Run3DimuonAnalysisTools/Crab/all_mmgTree_files.txt
	Found 11350 items in list
	Job 454 of 500 has files (10283, 10305], using all 22 files
	Using redirector root://cms-xrd-global.cern.ch/
[job 454/500] adding file 1/22: root://cms-xrd-global.cern.ch//store/user/charlesf/ParkingDoubleMuonLowMass7/crab_muMuGamma_24Jul26_ParkingDoubleMuonLowMass7Run2025F-PromptReco-v1/260727_192630/0000/mmgTree_175.root
[job 454/500] adding file 2/22: root://cms-xrd-global.cern.ch//store/user/charlesf/ParkingDoubleMuonLowMass7/crab_muMuGamma_24Jul26_ParkingDoubleMuonLowMass7Run2025F-PromptReco-v1/260727_192630/0000/mmgTree_176.root
[job 454/500] adding file 3/22: root://cms-xrd-global.cern.ch//store/user/charlesf/ParkingDoubleMuonLowMass7/crab_muMuGamma_24Jul26_ParkingDoubleMuonLowMass7Run2025F-PromptReco-v1/260727_192630/0000/mmgTree_177.root
[job 454/500] adding file 4/22: root://cms-xrd-global.cern.ch//store/user/charlesf/ParkingDoubleMuonLowMass7/crab_muMuGamma_24Jul26_ParkingDoubleMuonLowMass7Run2025F-PromptReco-v1/260727_192630/0000/mmgTree_178.root
[job 454/500] adding file 5/22: root://cms-xrd-global.cern.ch//store/user/charlesf/ParkingDoubleMuonLowMass7/crab_muMuGamma_24Jul26_ParkingDoubleMuonLowMass7Run2025F-PromptReco-v1/260727_192630/0000/mmgTree_179.root
[job 454/500] adding file 6/22: root://cms-xrd-global.cern.ch//store/user/charlesf/ParkingDoubleMuonLowMass7/crab_muMuGamma_24Jul26_ParkingDoubleMuonLowMass7Run2025F-PromptReco-v1/260727_192630/0000/mmgTree_18.root
[job 454/500] adding file 7/22: root://cms-xrd-global.cern.ch//store/user/charlesf/ParkingDoubleMuonLowMass7/crab_muMuGamma_24Jul26_ParkingDoubleMuonLowMass7Run2025F-PromptReco-v1/260727_192630/0000/mmgTree_180.root
[job 454/500] adding file 8/22: root://cms-xrd-global.cern.ch//store/user/charlesf/ParkingDoubleMuonLowMass7/crab_muMuGamma_24Jul26_ParkingDoubleMuonLowMass7Run2025F-PromptReco-v1/260727_192630/0000/mmgTree_181.root
[job 454/500] adding file 9/22: root://cms-xrd-global.cern.ch//store/user/charlesf/ParkingDoubleMuonLowMass7/crab_muMuGamma_24Jul26_ParkingDoubleMuonLowMass7Run2025F-PromptReco-v1/260727_192630/0000/mmgTree_182.root
[job 454/500] adding file 10/22: root://cms-xrd-global.cern.ch//store/user/charlesf/ParkingDoubleMuonLowMass7/crab_muMuGamma_24Jul26_ParkingDoubleMuonLowMass7Run2025F-PromptReco-v1/260727_192630/0000/mmgTree_183.root
[job 454/500] adding file 11/22: root://cms-xrd-global.cern.ch//store/user/charlesf/ParkingDoubleMuonLowMass7/crab_muMuGamma_24Jul26_ParkingDoubleMuonLowMass7Run2025F-PromptReco-v1/260727_192630/0000/mmgTree_184.root
[job 454/500] adding file 12/22: root://cms-xrd-global.cern.ch//store/user/charlesf/ParkingDoubleMuonLowMass7/crab_muMuGamma_24Jul26_ParkingDoubleMuonLowMass7Run2025F-PromptReco-v1/260727_192630/0000/mmgTree_185.root
[job 454/500] adding file 13/22: root://cms-xrd-global.cern.ch//store/user/charlesf/ParkingDoubleMuonLowMass7/crab_muMuGamma_24Jul26_ParkingDoubleMuonLowMass7Run2025F-PromptReco-v1/260727_192630/0000/mmgTree_186.root
[job 454/500] adding file 14/22: root://cms-xrd-global.cern.ch//store/user/charlesf/ParkingDoubleMuonLowMass7/crab_muMuGamma_24Jul26_ParkingDoubleMuonLowMass7Run2025F-PromptReco-v1/260727_192630/0000/mmgTree_187.root
[job 454/500] adding file 15/22: root://cms-xrd-global.cern.ch//store/user/charlesf/ParkingDoubleMuonLowMass7/crab_muMuGamma_24Jul26_ParkingDoubleMuonLowMass7Run2025F-PromptReco-v1/260727_192630/0000/mmgTree_188.root
[job 454/500] adding file 16/22: root://cms-xrd-global.cern.ch//store/user/charlesf/ParkingDoubleMuonLowMass7/crab_muMuGamma_24Jul26_ParkingDoubleMuonLowMass7Run2025F-PromptReco-v1/260727_192630/0000/mmgTree_189.root
[job 454/500] adding file 17/22: root://cms-xrd-global.cern.ch//store/user/charlesf/ParkingDoubleMuonLowMass7/crab_muMuGamma_24Jul26_ParkingDoubleMuonLowMass7Run2025F-PromptReco-v1/260727_192630/0000/mmgTree_19.root
[job 454/500] adding file 18/22: root://cms-xrd-global.cern.ch//store/user/charlesf/ParkingDoubleMuonLowMass7/crab_muMuGamma_24Jul26_ParkingDoubleMuonLowMass7Run2025F-PromptReco-v1/260727_192630/0000/mmgTree_190.root
[job 454/500] adding file 19/22: root://cms-xrd-global.cern.ch//store/user/charlesf/ParkingDoubleMuonLowMass7/crab_muMuGamma_24Jul26_ParkingDoubleMuonLowMass7Run2025F-PromptReco-v1/260727_192630/0000/mmgTree_191.root
[job 454/500] adding file 20/22: root://cms-xrd-global.cern.ch//store/user/charlesf/ParkingDoubleMuonLowMass7/crab_muMuGamma_24Jul26_ParkingDoubleMuonLowMass7Run2025F-PromptReco-v1/260727_192630/0000/mmgTree_192.root
[job 454/500] adding file 21/22: root://cms-xrd-global.cern.ch//store/user/charlesf/ParkingDoubleMuonLowMass7/crab_muMuGamma_24Jul26_ParkingDoubleMuonLowMass7Run2025F-PromptReco-v1/260727_192630/0000/mmgTree_193.root
[job 454/500] adding file 22/22: root://cms-xrd-global.cern.ch//store/user/charlesf/ParkingDoubleMuonLowMass7/crab_muMuGamma_24Jul26_ParkingDoubleMuonLowMass7Run2025F-PromptReco-v1/260727_192630/0000/mmgTree_194.root
Finished building TChain
Total entries: 10441587
Creating /eos/user/c/charlesf/www/dark_photon/root/histos_454.root
Processing events...
mumu_mass < 0.6 event 0
mumu_mass < 0.6 event 100000
mumu_mass < 0.6 event 200000
mumu_mass < 0.6 event 300000
mumu_mass < 0.6 event 400000
mumu_mass < 0.6 event 500000
mumu_mass < 0.6 event 600000
mumu_mass < 0.6 event 700000
Saving histograms...
	Saving Cat_2_ee_SR to /eos/user/c/charlesf/www/dark_photon/root/histos_454.root with 23553.0 entries
	Saving Cat_8_bb_CR to /eos/user/c/charlesf/www/dark_photon/root/histos_454.root with 17510.0 entries
	Saving Cat_3_bb_SR to /eos/user/c/charlesf/www/dark_photon/root/histos_454.root with 32098.0 entries
	Saving Cat_4_ee_CR to /eos/user/c/charlesf/www/dark_photon/root/histos_454.root with 13928.0 entries
	Saving Cat_2_bb_SR to /eos/user/c/charlesf/www/dark_photon/root/histos_454.root with 31072.0 entries
	Saving Cat_6_bb_SR to /eos/user/c/charlesf/www/dark_photon/root/histos_454.root with 31300.0 entries
	Saving Cat_9_bb_SR to /eos/user/c/charlesf/www/dark_photon/root/histos_454.root with 34296.0 entries
	Saving Cat_5_ee_SR to /eos/user/c/charlesf/www/dark_photon/root/histos_454.root with 40430.0 entries
	Saving Cat_4_bb_CR to /eos/user/c/charlesf/www/dark_photon/root/histos_454.root with 17301.0 entries
	Saving Cat_1_ee_SR to /eos/user/c/charlesf/www/dark_photon/root/histos_454.root with 12851.0 entries
	Saving Cat_4_ee_SR to /eos/user/c/charlesf/www/dark_photon/root/histos_454.root with 30940.0 entries
	Saving Cat_1_bb_CR to /eos/user/c/charlesf/www/dark_photon/root/histos_454.root with 16423.0 entries
	Saving Cat_5_ee_CR to /eos/user/c/charlesf/www/dark_photon/root/histos_454.root with 17898.0 entries
	Saving Cat_5_bb_CR to /eos/user/c/charlesf/www/dark_photon/root/histos_454.root with 17808.0 entries
	Saving Cat_3_bb_CR to /eos/user/c/charlesf/www/dark_photon/root/histos_454.root with 17826.0 entries
	Saving Cat_7_bb_SR to /eos/user/c/charlesf/www/dark_photon/root/histos_454.root with 33164.0 entries
	Saving Cat_4_bb_SR to /eos/user/c/charlesf/www/dark_photon/root/histos_454.root with 30509.0 entries
	Saving Cat_9_bb_CR to /eos/user/c/charlesf/www/dark_photon/root/histos_454.root with 16138.0 entries
	Saving Cat_1_bb_SR to /eos/user/c/charlesf/www/dark_photon/root/histos_454.root with 30183.0 entries
	Saving Cat_10_bb_SR to /eos/user/c/charlesf/www/dark_photon/root/histos_454.root with 40175.0 entries
	Saving Cat_3_ee_SR to /eos/user/c/charlesf/www/dark_photon/root/histos_454.root with 27531.0 entries
	Saving Cat_5_bb_SR to /eos/user/c/charlesf/www/dark_photon/root/histos_454.root with 31343.0 entries
	Saving Cat_2_bb_CR to /eos/user/c/charlesf/www/dark_photon/root/histos_454.root with 17070.0 entries
	Saving Cat_6_bb_CR to /eos/user/c/charlesf/www/dark_photon/root/histos_454.root with 17295.0 entries
	Saving Cat_3_ee_CR to /eos/user/c/charlesf/www/dark_photon/root/histos_454.root with 12595.0 entries
	Saving Cat_2_ee_CR to /eos/user/c/charlesf/www/dark_photon/root/histos_454.root with 10997.0 entries
	Saving Cat_10_bb_CR to /eos/user/c/charlesf/www/dark_photon/root/histos_454.root with 17388.0 entries
	Saving Cat_8_bb_SR to /eos/user/c/charlesf/www/dark_photon/root/histos_454.root with 34644.0 entries
	Saving Cat_7_bb_CR to /eos/user/c/charlesf/www/dark_photon/root/histos_454.root with 18045.0 entries
	Saving Cat_1_ee_CR to /eos/user/c/charlesf/www/dark_photon/root/histos_454.root with 6756.0 entries
	Saving Cat_0_ee_CR to /eos/user/c/charlesf/www/dark_photon/root/histos_454.root with 619.0 entries
	Saving Cat_0_bb_CR to /eos/user/c/charlesf/www/dark_photon/root/histos_454.root with 1502.0 entries
	Saving Cat_0_bb_SR to /eos/user/c/charlesf/www/dark_photon/root/histos_454.root with 1047.0 entries
	Saving Cat_0_ee_SR to /eos/user/c/charlesf/www/dark_photon/root/histos_454.root with 117.0 entries
Finished job 454/500 at Thu Aug  6 22:22:45 CEST 2026
