Host: b9p26p9258.cern.ch
Date: Thu Aug  6 10:12:29 PM CEST 2026
PROCID=385
JOB=386
NJOBS=500
LIST=/afs/cern.ch/user/c/charlesf/cmssw-dev/CMSSW_15_0_15/src/Run3DimuonAnalysisTools/Crab/all_mmgTree_files.txt
OUTDIR=/eos/user/c/charlesf/www/dark_photon/root
Opening list of input files /afs/cern.ch/user/c/charlesf/cmssw-dev/CMSSW_15_0_15/src/Run3DimuonAnalysisTools/Crab/all_mmgTree_files.txt
	Found 11350 items in list
	Job 386 of 500 has files (8739, 8762], using all 23 files
	Using redirector root://cms-xrd-global.cern.ch/
[job 386/500] adding file 1/23: root://cms-xrd-global.cern.ch//store/user/charlesf/ParkingDoubleMuonLowMass6/crab_muMuGamma_24Jul26_ParkingDoubleMuonLowMass6Run2025C-PromptReco-v1/260727_192419/0000/mmgTree_340.root
[job 386/500] adding file 2/23: root://cms-xrd-global.cern.ch//store/user/charlesf/ParkingDoubleMuonLowMass6/crab_muMuGamma_24Jul26_ParkingDoubleMuonLowMass6Run2025C-PromptReco-v1/260727_192419/0000/mmgTree_341.root
[job 386/500] adding file 3/23: root://cms-xrd-global.cern.ch//store/user/charlesf/ParkingDoubleMuonLowMass6/crab_muMuGamma_24Jul26_ParkingDoubleMuonLowMass6Run2025C-PromptReco-v1/260727_192419/0000/mmgTree_342.root
[job 386/500] adding file 4/23: root://cms-xrd-global.cern.ch//store/user/charlesf/ParkingDoubleMuonLowMass6/crab_muMuGamma_24Jul26_ParkingDoubleMuonLowMass6Run2025C-PromptReco-v1/260727_192419/0000/mmgTree_343.root
[job 386/500] adding file 5/23: root://cms-xrd-global.cern.ch//store/user/charlesf/ParkingDoubleMuonLowMass6/crab_muMuGamma_24Jul26_ParkingDoubleMuonLowMass6Run2025C-PromptReco-v1/260727_192419/0000/mmgTree_344.root
[job 386/500] adding file 6/23: root://cms-xrd-global.cern.ch//store/user/charlesf/ParkingDoubleMuonLowMass6/crab_muMuGamma_24Jul26_ParkingDoubleMuonLowMass6Run2025C-PromptReco-v1/260727_192419/0000/mmgTree_345.root
[job 386/500] adding file 7/23: root://cms-xrd-global.cern.ch//store/user/charlesf/ParkingDoubleMuonLowMass6/crab_muMuGamma_24Jul26_ParkingDoubleMuonLowMass6Run2025C-PromptReco-v1/260727_192419/0000/mmgTree_346.root
[job 386/500] adding file 8/23: root://cms-xrd-global.cern.ch//store/user/charlesf/ParkingDoubleMuonLowMass6/crab_muMuGamma_24Jul26_ParkingDoubleMuonLowMass6Run2025C-PromptReco-v1/260727_192419/0000/mmgTree_347.root
[job 386/500] adding file 9/23: root://cms-xrd-global.cern.ch//store/user/charlesf/ParkingDoubleMuonLowMass6/crab_muMuGamma_24Jul26_ParkingDoubleMuonLowMass6Run2025C-PromptReco-v1/260727_192419/0000/mmgTree_348.root
[job 386/500] adding file 10/23: root://cms-xrd-global.cern.ch//store/user/charlesf/ParkingDoubleMuonLowMass6/crab_muMuGamma_24Jul26_ParkingDoubleMuonLowMass6Run2025C-PromptReco-v1/260727_192419/0000/mmgTree_349.root
[job 386/500] adding file 11/23: root://cms-xrd-global.cern.ch//store/user/charlesf/ParkingDoubleMuonLowMass6/crab_muMuGamma_24Jul26_ParkingDoubleMuonLowMass6Run2025C-PromptReco-v1/260727_192419/0000/mmgTree_35.root
[job 386/500] adding file 12/23: root://cms-xrd-global.cern.ch//store/user/charlesf/ParkingDoubleMuonLowMass6/crab_muMuGamma_24Jul26_ParkingDoubleMuonLowMass6Run2025C-PromptReco-v1/260727_192419/0000/mmgTree_350.root
[job 386/500] adding file 13/23: root://cms-xrd-global.cern.ch//store/user/charlesf/ParkingDoubleMuonLowMass6/crab_muMuGamma_24Jul26_ParkingDoubleMuonLowMass6Run2025C-PromptReco-v1/260727_192419/0000/mmgTree_351.root
[job 386/500] adding file 14/23: root://cms-xrd-global.cern.ch//store/user/charlesf/ParkingDoubleMuonLowMass6/crab_muMuGamma_24Jul26_ParkingDoubleMuonLowMass6Run2025C-PromptReco-v1/260727_192419/0000/mmgTree_352.root
[job 386/500] adding file 15/23: root://cms-xrd-global.cern.ch//store/user/charlesf/ParkingDoubleMuonLowMass6/crab_muMuGamma_24Jul26_ParkingDoubleMuonLowMass6Run2025C-PromptReco-v1/260727_192419/0000/mmgTree_353.root
[job 386/500] adding file 16/23: root://cms-xrd-global.cern.ch//store/user/charlesf/ParkingDoubleMuonLowMass6/crab_muMuGamma_24Jul26_ParkingDoubleMuonLowMass6Run2025C-PromptReco-v1/260727_192419/0000/mmgTree_355.root
[job 386/500] adding file 17/23: root://cms-xrd-global.cern.ch//store/user/charlesf/ParkingDoubleMuonLowMass6/crab_muMuGamma_24Jul26_ParkingDoubleMuonLowMass6Run2025C-PromptReco-v1/260727_192419/0000/mmgTree_356.root
[job 386/500] adding file 18/23: root://cms-xrd-global.cern.ch//store/user/charlesf/ParkingDoubleMuonLowMass6/crab_muMuGamma_24Jul26_ParkingDoubleMuonLowMass6Run2025C-PromptReco-v1/260727_192419/0000/mmgTree_357.root
[job 386/500] adding file 19/23: root://cms-xrd-global.cern.ch//store/user/charlesf/ParkingDoubleMuonLowMass6/crab_muMuGamma_24Jul26_ParkingDoubleMuonLowMass6Run2025C-PromptReco-v1/260727_192419/0000/mmgTree_358.root
[job 386/500] adding file 20/23: root://cms-xrd-global.cern.ch//store/user/charlesf/ParkingDoubleMuonLowMass6/crab_muMuGamma_24Jul26_ParkingDoubleMuonLowMass6Run2025C-PromptReco-v1/260727_192419/0000/mmgTree_359.root
[job 386/500] adding file 21/23: root://cms-xrd-global.cern.ch//store/user/charlesf/ParkingDoubleMuonLowMass6/crab_muMuGamma_24Jul26_ParkingDoubleMuonLowMass6Run2025C-PromptReco-v1/260727_192419/0000/mmgTree_36.root
[job 386/500] adding file 22/23: root://cms-xrd-global.cern.ch//store/user/charlesf/ParkingDoubleMuonLowMass6/crab_muMuGamma_24Jul26_ParkingDoubleMuonLowMass6Run2025C-PromptReco-v1/260727_192419/0000/mmgTree_360.root
[job 386/500] adding file 23/23: root://cms-xrd-global.cern.ch//store/user/charlesf/ParkingDoubleMuonLowMass6/crab_muMuGamma_24Jul26_ParkingDoubleMuonLowMass6Run2025C-PromptReco-v1/260727_192419/0000/mmgTree_361.root
Finished building TChain
Total entries: 6647243
Creating /eos/user/c/charlesf/www/dark_photon/root/histos_386.root
Processing events...
mumu_mass < 0.6 event 0
mumu_mass < 0.6 event 100000
mumu_mass < 0.6 event 200000
mumu_mass < 0.6 event 300000
mumu_mass < 0.6 event 400000
mumu_mass < 0.6 event 500000
Saving histograms...
	Saving Cat_5_ee_SR to /eos/user/c/charlesf/www/dark_photon/root/histos_386.root with 26479.0 entries
	Saving Cat_3_ee_SR to /eos/user/c/charlesf/www/dark_photon/root/histos_386.root with 22193.0 entries
	Saving Cat_8_bb_CR to /eos/user/c/charlesf/www/dark_photon/root/histos_386.root with 10550.0 entries
	Saving Cat_1_ee_SR to /eos/user/c/charlesf/www/dark_photon/root/histos_386.root with 18437.0 entries
	Saving Cat_4_bb_SR to /eos/user/c/charlesf/www/dark_photon/root/histos_386.root with 20228.0 entries
	Saving Cat_5_ee_CR to /eos/user/c/charlesf/www/dark_photon/root/histos_386.root with 12588.0 entries
	Saving Cat_6_bb_SR to /eos/user/c/charlesf/www/dark_photon/root/histos_386.root with 20523.0 entries
	Saving Cat_2_bb_SR to /eos/user/c/charlesf/www/dark_photon/root/histos_386.root with 21420.0 entries
	Saving Cat_1_bb_CR to /eos/user/c/charlesf/www/dark_photon/root/histos_386.root with 12089.0 entries
	Saving Cat_7_bb_CR to /eos/user/c/charlesf/www/dark_photon/root/histos_386.root with 10882.0 entries
	Saving Cat_5_bb_CR to /eos/user/c/charlesf/www/dark_photon/root/histos_386.root with 10800.0 entries
	Saving Cat_5_bb_SR to /eos/user/c/charlesf/www/dark_photon/root/histos_386.root with 20592.0 entries
	Saving Cat_2_ee_SR to /eos/user/c/charlesf/www/dark_photon/root/histos_386.root with 22880.0 entries
	Saving Cat_0_bb_CR to /eos/user/c/charlesf/www/dark_photon/root/histos_386.root with 1398.0 entries
	Saving Cat_10_bb_SR to /eos/user/c/charlesf/www/dark_photon/root/histos_386.root with 25588.0 entries
	Saving Cat_8_bb_SR to /eos/user/c/charlesf/www/dark_photon/root/histos_386.root with 22274.0 entries
	Saving Cat_7_bb_SR to /eos/user/c/charlesf/www/dark_photon/root/histos_386.root with 21744.0 entries
	Saving Cat_1_bb_SR to /eos/user/c/charlesf/www/dark_photon/root/histos_386.root with 22270.0 entries
	Saving Cat_3_bb_SR to /eos/user/c/charlesf/www/dark_photon/root/histos_386.root with 21411.0 entries
	Saving Cat_3_ee_CR to /eos/user/c/charlesf/www/dark_photon/root/histos_386.root with 11477.0 entries
	Saving Cat_4_bb_CR to /eos/user/c/charlesf/www/dark_photon/root/histos_386.root with 10759.0 entries
	Saving Cat_9_bb_SR to /eos/user/c/charlesf/www/dark_photon/root/histos_386.root with 21849.0 entries
	Saving Cat_2_ee_CR to /eos/user/c/charlesf/www/dark_photon/root/histos_386.root with 12412.0 entries
	Saving Cat_6_bb_CR to /eos/user/c/charlesf/www/dark_photon/root/histos_386.root with 10717.0 entries
	Saving Cat_1_ee_CR to /eos/user/c/charlesf/www/dark_photon/root/histos_386.root with 10737.0 entries
	Saving Cat_2_bb_CR to /eos/user/c/charlesf/www/dark_photon/root/histos_386.root with 11267.0 entries
	Saving Cat_10_bb_CR to /eos/user/c/charlesf/www/dark_photon/root/histos_386.root with 10404.0 entries
	Saving Cat_4_ee_SR to /eos/user/c/charlesf/www/dark_photon/root/histos_386.root with 22777.0 entries
	Saving Cat_4_ee_CR to /eos/user/c/charlesf/www/dark_photon/root/histos_386.root with 10938.0 entries
	Saving Cat_3_bb_CR to /eos/user/c/charlesf/www/dark_photon/root/histos_386.root with 11523.0 entries
	Saving Cat_0_bb_SR to /eos/user/c/charlesf/www/dark_photon/root/histos_386.root with 1144.0 entries
	Saving Cat_9_bb_CR to /eos/user/c/charlesf/www/dark_photon/root/histos_386.root with 9829.0 entries
	Saving Cat_0_ee_CR to /eos/user/c/charlesf/www/dark_photon/root/histos_386.root with 765.0 entries
	Saving Cat_0_ee_SR to /eos/user/c/charlesf/www/dark_photon/root/histos_386.root with 219.0 entries
Finished job 386/500 at Thu Aug  6 22:21:06 CEST 2026
