Host: b9p18p8619.cern.ch
Date: Thu Aug  6 10:12:25 PM CEST 2026
PROCID=373
JOB=374
NJOBS=500
LIST=/afs/cern.ch/user/c/charlesf/cmssw-dev/CMSSW_15_0_15/src/Run3DimuonAnalysisTools/Crab/all_mmgTree_files.txt
OUTDIR=/eos/user/c/charlesf/www/dark_photon/root
Opening list of input files /afs/cern.ch/user/c/charlesf/cmssw-dev/CMSSW_15_0_15/src/Run3DimuonAnalysisTools/Crab/all_mmgTree_files.txt
	Found 11350 items in list
	Job 374 of 500 has files (8467, 8489], using all 22 files
	Using redirector root://cms-xrd-global.cern.ch/
[job 374/500] adding file 1/22: root://cms-xrd-global.cern.ch//store/user/charlesf/ParkingDoubleMuonLowMass6/crab_muMuGamma_24Jul26_ParkingDoubleMuonLowMass6Run2025C-PromptReco-v1/260727_192419/0000/mmgTree_109.root
[job 374/500] adding file 2/22: root://cms-xrd-global.cern.ch//store/user/charlesf/ParkingDoubleMuonLowMass6/crab_muMuGamma_24Jul26_ParkingDoubleMuonLowMass6Run2025C-PromptReco-v1/260727_192419/0000/mmgTree_11.root
[job 374/500] adding file 3/22: root://cms-xrd-global.cern.ch//store/user/charlesf/ParkingDoubleMuonLowMass6/crab_muMuGamma_24Jul26_ParkingDoubleMuonLowMass6Run2025C-PromptReco-v1/260727_192419/0000/mmgTree_110.root
[job 374/500] adding file 4/22: root://cms-xrd-global.cern.ch//store/user/charlesf/ParkingDoubleMuonLowMass6/crab_muMuGamma_24Jul26_ParkingDoubleMuonLowMass6Run2025C-PromptReco-v1/260727_192419/0000/mmgTree_111.root
[job 374/500] adding file 5/22: root://cms-xrd-global.cern.ch//store/user/charlesf/ParkingDoubleMuonLowMass6/crab_muMuGamma_24Jul26_ParkingDoubleMuonLowMass6Run2025C-PromptReco-v1/260727_192419/0000/mmgTree_112.root
[job 374/500] adding file 6/22: root://cms-xrd-global.cern.ch//store/user/charlesf/ParkingDoubleMuonLowMass6/crab_muMuGamma_24Jul26_ParkingDoubleMuonLowMass6Run2025C-PromptReco-v1/260727_192419/0000/mmgTree_113.root
[job 374/500] adding file 7/22: root://cms-xrd-global.cern.ch//store/user/charlesf/ParkingDoubleMuonLowMass6/crab_muMuGamma_24Jul26_ParkingDoubleMuonLowMass6Run2025C-PromptReco-v1/260727_192419/0000/mmgTree_115.root
[job 374/500] adding file 8/22: root://cms-xrd-global.cern.ch//store/user/charlesf/ParkingDoubleMuonLowMass6/crab_muMuGamma_24Jul26_ParkingDoubleMuonLowMass6Run2025C-PromptReco-v1/260727_192419/0000/mmgTree_116.root
[job 374/500] adding file 9/22: root://cms-xrd-global.cern.ch//store/user/charlesf/ParkingDoubleMuonLowMass6/crab_muMuGamma_24Jul26_ParkingDoubleMuonLowMass6Run2025C-PromptReco-v1/260727_192419/0000/mmgTree_117.root
[job 374/500] adding file 10/22: root://cms-xrd-global.cern.ch//store/user/charlesf/ParkingDoubleMuonLowMass6/crab_muMuGamma_24Jul26_ParkingDoubleMuonLowMass6Run2025C-PromptReco-v1/260727_192419/0000/mmgTree_118.root
[job 374/500] adding file 11/22: root://cms-xrd-global.cern.ch//store/user/charlesf/ParkingDoubleMuonLowMass6/crab_muMuGamma_24Jul26_ParkingDoubleMuonLowMass6Run2025C-PromptReco-v1/260727_192419/0000/mmgTree_119.root
[job 374/500] adding file 12/22: root://cms-xrd-global.cern.ch//store/user/charlesf/ParkingDoubleMuonLowMass6/crab_muMuGamma_24Jul26_ParkingDoubleMuonLowMass6Run2025C-PromptReco-v1/260727_192419/0000/mmgTree_12.root
[job 374/500] adding file 13/22: root://cms-xrd-global.cern.ch//store/user/charlesf/ParkingDoubleMuonLowMass6/crab_muMuGamma_24Jul26_ParkingDoubleMuonLowMass6Run2025C-PromptReco-v1/260727_192419/0000/mmgTree_120.root
[job 374/500] adding file 14/22: root://cms-xrd-global.cern.ch//store/user/charlesf/ParkingDoubleMuonLowMass6/crab_muMuGamma_24Jul26_ParkingDoubleMuonLowMass6Run2025C-PromptReco-v1/260727_192419/0000/mmgTree_121.root
[job 374/500] adding file 15/22: root://cms-xrd-global.cern.ch//store/user/charlesf/ParkingDoubleMuonLowMass6/crab_muMuGamma_24Jul26_ParkingDoubleMuonLowMass6Run2025C-PromptReco-v1/260727_192419/0000/mmgTree_122.root
[job 374/500] adding file 16/22: root://cms-xrd-global.cern.ch//store/user/charlesf/ParkingDoubleMuonLowMass6/crab_muMuGamma_24Jul26_ParkingDoubleMuonLowMass6Run2025C-PromptReco-v1/260727_192419/0000/mmgTree_123.root
[job 374/500] adding file 17/22: root://cms-xrd-global.cern.ch//store/user/charlesf/ParkingDoubleMuonLowMass6/crab_muMuGamma_24Jul26_ParkingDoubleMuonLowMass6Run2025C-PromptReco-v1/260727_192419/0000/mmgTree_124.root
[job 374/500] adding file 18/22: root://cms-xrd-global.cern.ch//store/user/charlesf/ParkingDoubleMuonLowMass6/crab_muMuGamma_24Jul26_ParkingDoubleMuonLowMass6Run2025C-PromptReco-v1/260727_192419/0000/mmgTree_125.root
[job 374/500] adding file 19/22: root://cms-xrd-global.cern.ch//store/user/charlesf/ParkingDoubleMuonLowMass6/crab_muMuGamma_24Jul26_ParkingDoubleMuonLowMass6Run2025C-PromptReco-v1/260727_192419/0000/mmgTree_126.root
[job 374/500] adding file 20/22: root://cms-xrd-global.cern.ch//store/user/charlesf/ParkingDoubleMuonLowMass6/crab_muMuGamma_24Jul26_ParkingDoubleMuonLowMass6Run2025C-PromptReco-v1/260727_192419/0000/mmgTree_127.root
[job 374/500] adding file 21/22: root://cms-xrd-global.cern.ch//store/user/charlesf/ParkingDoubleMuonLowMass6/crab_muMuGamma_24Jul26_ParkingDoubleMuonLowMass6Run2025C-PromptReco-v1/260727_192419/0000/mmgTree_128.root
[job 374/500] adding file 22/22: root://cms-xrd-global.cern.ch//store/user/charlesf/ParkingDoubleMuonLowMass6/crab_muMuGamma_24Jul26_ParkingDoubleMuonLowMass6Run2025C-PromptReco-v1/260727_192419/0000/mmgTree_129.root
Finished building TChain
Total entries: 6292073
Creating /eos/user/c/charlesf/www/dark_photon/root/histos_374.root
Processing events...
mumu_mass < 0.6 event 0
mumu_mass < 0.6 event 100000
mumu_mass < 0.6 event 200000
mumu_mass < 0.6 event 300000
mumu_mass < 0.6 event 400000
Saving histograms...
	Saving Cat_8_bb_SR to /eos/user/c/charlesf/www/dark_photon/root/histos_374.root with 21917.0 entries
	Saving Cat_5_bb_SR to /eos/user/c/charlesf/www/dark_photon/root/histos_374.root with 20634.0 entries
	Saving Cat_9_bb_SR to /eos/user/c/charlesf/www/dark_photon/root/histos_374.root with 21574.0 entries
	Saving Cat_1_ee_SR to /eos/user/c/charlesf/www/dark_photon/root/histos_374.root with 17347.0 entries
	Saving Cat_4_ee_SR to /eos/user/c/charlesf/www/dark_photon/root/histos_374.root with 22886.0 entries
	Saving Cat_5_ee_CR to /eos/user/c/charlesf/www/dark_photon/root/histos_374.root with 11813.0 entries
	Saving Cat_10_bb_SR to /eos/user/c/charlesf/www/dark_photon/root/histos_374.root with 24790.0 entries
	Saving Cat_6_bb_SR to /eos/user/c/charlesf/www/dark_photon/root/histos_374.root with 20393.0 entries
	Saving Cat_5_ee_SR to /eos/user/c/charlesf/www/dark_photon/root/histos_374.root with 26766.0 entries
	Saving Cat_2_ee_SR to /eos/user/c/charlesf/www/dark_photon/root/histos_374.root with 22295.0 entries
	Saving Cat_3_ee_CR to /eos/user/c/charlesf/www/dark_photon/root/histos_374.root with 10532.0 entries
	Saving Cat_2_ee_CR to /eos/user/c/charlesf/www/dark_photon/root/histos_374.root with 11389.0 entries
	Saving Cat_2_bb_SR to /eos/user/c/charlesf/www/dark_photon/root/histos_374.root with 21202.0 entries
	Saving Cat_1_bb_SR to /eos/user/c/charlesf/www/dark_photon/root/histos_374.root with 22019.0 entries
	Saving Cat_4_ee_CR to /eos/user/c/charlesf/www/dark_photon/root/histos_374.root with 10067.0 entries
	Saving Cat_3_bb_SR to /eos/user/c/charlesf/www/dark_photon/root/histos_374.root with 21145.0 entries
	Saving Cat_9_bb_CR to /eos/user/c/charlesf/www/dark_photon/root/histos_374.root with 8747.0 entries
	Saving Cat_3_bb_CR to /eos/user/c/charlesf/www/dark_photon/root/histos_374.root with 10597.0 entries
	Saving Cat_7_bb_CR to /eos/user/c/charlesf/www/dark_photon/root/histos_374.root with 9924.0 entries
	Saving Cat_3_ee_SR to /eos/user/c/charlesf/www/dark_photon/root/histos_374.root with 21915.0 entries
	Saving Cat_8_bb_CR to /eos/user/c/charlesf/www/dark_photon/root/histos_374.root with 9616.0 entries
	Saving Cat_0_bb_SR to /eos/user/c/charlesf/www/dark_photon/root/histos_374.root with 1038.0 entries
	Saving Cat_4_bb_CR to /eos/user/c/charlesf/www/dark_photon/root/histos_374.root with 9850.0 entries
	Saving Cat_5_bb_CR to /eos/user/c/charlesf/www/dark_photon/root/histos_374.root with 9892.0 entries
	Saving Cat_1_bb_CR to /eos/user/c/charlesf/www/dark_photon/root/histos_374.root with 10895.0 entries
	Saving Cat_7_bb_SR to /eos/user/c/charlesf/www/dark_photon/root/histos_374.root with 21283.0 entries
	Saving Cat_6_bb_CR to /eos/user/c/charlesf/www/dark_photon/root/histos_374.root with 9809.0 entries
	Saving Cat_1_ee_CR to /eos/user/c/charlesf/www/dark_photon/root/histos_374.root with 9865.0 entries
	Saving Cat_4_bb_SR to /eos/user/c/charlesf/www/dark_photon/root/histos_374.root with 20131.0 entries
	Saving Cat_10_bb_CR to /eos/user/c/charlesf/www/dark_photon/root/histos_374.root with 9535.0 entries
	Saving Cat_0_bb_CR to /eos/user/c/charlesf/www/dark_photon/root/histos_374.root with 1164.0 entries
	Saving Cat_0_ee_SR to /eos/user/c/charlesf/www/dark_photon/root/histos_374.root with 199.0 entries
	Saving Cat_2_bb_CR to /eos/user/c/charlesf/www/dark_photon/root/histos_374.root with 10427.0 entries
	Saving Cat_0_ee_CR to /eos/user/c/charlesf/www/dark_photon/root/histos_374.root with 702.0 entries
Finished job 374/500 at Thu Aug  6 22:20:42 CEST 2026
