Host: b9p12p6840.cern.ch
Date: Thu Aug  6 10:11:48 PM CEST 2026
PROCID=267
JOB=268
NJOBS=500
LIST=/afs/cern.ch/user/c/charlesf/cmssw-dev/CMSSW_15_0_15/src/Run3DimuonAnalysisTools/Crab/all_mmgTree_files.txt
OUTDIR=/eos/user/c/charlesf/www/dark_photon/root
Opening list of input files /afs/cern.ch/user/c/charlesf/cmssw-dev/CMSSW_15_0_15/src/Run3DimuonAnalysisTools/Crab/all_mmgTree_files.txt
	Found 11350 items in list
	Job 268 of 500 has files (6060, 6083], using all 23 files
	Using redirector root://cms-xrd-global.cern.ch/
[job 268/500] adding file 1/23: root://cms-xrd-global.cern.ch//store/user/charlesf/ParkingDoubleMuonLowMass4/crab_muMuGamma_24Jul26_ParkingDoubleMuonLowMass4Run2025C-PromptReco-v2/260727_192153/0000/mmgTree_16.root
[job 268/500] adding file 2/23: root://cms-xrd-global.cern.ch//store/user/charlesf/ParkingDoubleMuonLowMass4/crab_muMuGamma_24Jul26_ParkingDoubleMuonLowMass4Run2025C-PromptReco-v2/260727_192153/0000/mmgTree_160.root
[job 268/500] adding file 3/23: root://cms-xrd-global.cern.ch//store/user/charlesf/ParkingDoubleMuonLowMass4/crab_muMuGamma_24Jul26_ParkingDoubleMuonLowMass4Run2025C-PromptReco-v2/260727_192153/0000/mmgTree_161.root
[job 268/500] adding file 4/23: root://cms-xrd-global.cern.ch//store/user/charlesf/ParkingDoubleMuonLowMass4/crab_muMuGamma_24Jul26_ParkingDoubleMuonLowMass4Run2025C-PromptReco-v2/260727_192153/0000/mmgTree_162.root
[job 268/500] adding file 5/23: root://cms-xrd-global.cern.ch//store/user/charlesf/ParkingDoubleMuonLowMass4/crab_muMuGamma_24Jul26_ParkingDoubleMuonLowMass4Run2025C-PromptReco-v2/260727_192153/0000/mmgTree_163.root
[job 268/500] adding file 6/23: root://cms-xrd-global.cern.ch//store/user/charlesf/ParkingDoubleMuonLowMass4/crab_muMuGamma_24Jul26_ParkingDoubleMuonLowMass4Run2025C-PromptReco-v2/260727_192153/0000/mmgTree_164.root
[job 268/500] adding file 7/23: root://cms-xrd-global.cern.ch//store/user/charlesf/ParkingDoubleMuonLowMass4/crab_muMuGamma_24Jul26_ParkingDoubleMuonLowMass4Run2025C-PromptReco-v2/260727_192153/0000/mmgTree_165.root
[job 268/500] adding file 8/23: root://cms-xrd-global.cern.ch//store/user/charlesf/ParkingDoubleMuonLowMass4/crab_muMuGamma_24Jul26_ParkingDoubleMuonLowMass4Run2025C-PromptReco-v2/260727_192153/0000/mmgTree_166.root
[job 268/500] adding file 9/23: root://cms-xrd-global.cern.ch//store/user/charlesf/ParkingDoubleMuonLowMass4/crab_muMuGamma_24Jul26_ParkingDoubleMuonLowMass4Run2025C-PromptReco-v2/260727_192153/0000/mmgTree_167.root
[job 268/500] adding file 10/23: root://cms-xrd-global.cern.ch//store/user/charlesf/ParkingDoubleMuonLowMass4/crab_muMuGamma_24Jul26_ParkingDoubleMuonLowMass4Run2025C-PromptReco-v2/260727_192153/0000/mmgTree_168.root
[job 268/500] adding file 11/23: root://cms-xrd-global.cern.ch//store/user/charlesf/ParkingDoubleMuonLowMass4/crab_muMuGamma_24Jul26_ParkingDoubleMuonLowMass4Run2025C-PromptReco-v2/260727_192153/0000/mmgTree_18.root
[job 268/500] adding file 12/23: root://cms-xrd-global.cern.ch//store/user/charlesf/ParkingDoubleMuonLowMass4/crab_muMuGamma_24Jul26_ParkingDoubleMuonLowMass4Run2025C-PromptReco-v2/260727_192153/0000/mmgTree_19.root
[job 268/500] adding file 13/23: root://cms-xrd-global.cern.ch//store/user/charlesf/ParkingDoubleMuonLowMass4/crab_muMuGamma_24Jul26_ParkingDoubleMuonLowMass4Run2025C-PromptReco-v2/260727_192153/0000/mmgTree_2-1.root
[job 268/500] adding file 14/23: root://cms-xrd-global.cern.ch//store/user/charlesf/ParkingDoubleMuonLowMass4/crab_muMuGamma_24Jul26_ParkingDoubleMuonLowMass4Run2025C-PromptReco-v2/260727_192153/0000/mmgTree_2-10.root
[job 268/500] adding file 15/23: root://cms-xrd-global.cern.ch//store/user/charlesf/ParkingDoubleMuonLowMass4/crab_muMuGamma_24Jul26_ParkingDoubleMuonLowMass4Run2025C-PromptReco-v2/260727_192153/0000/mmgTree_2-11.root
[job 268/500] adding file 16/23: root://cms-xrd-global.cern.ch//store/user/charlesf/ParkingDoubleMuonLowMass4/crab_muMuGamma_24Jul26_ParkingDoubleMuonLowMass4Run2025C-PromptReco-v2/260727_192153/0000/mmgTree_2-12.root
[job 268/500] adding file 17/23: root://cms-xrd-global.cern.ch//store/user/charlesf/ParkingDoubleMuonLowMass4/crab_muMuGamma_24Jul26_ParkingDoubleMuonLowMass4Run2025C-PromptReco-v2/260727_192153/0000/mmgTree_2-13.root
[job 268/500] adding file 18/23: root://cms-xrd-global.cern.ch//store/user/charlesf/ParkingDoubleMuonLowMass4/crab_muMuGamma_24Jul26_ParkingDoubleMuonLowMass4Run2025C-PromptReco-v2/260727_192153/0000/mmgTree_2-14.root
[job 268/500] adding file 19/23: root://cms-xrd-global.cern.ch//store/user/charlesf/ParkingDoubleMuonLowMass4/crab_muMuGamma_24Jul26_ParkingDoubleMuonLowMass4Run2025C-PromptReco-v2/260727_192153/0000/mmgTree_2-15.root
[job 268/500] adding file 20/23: root://cms-xrd-global.cern.ch//store/user/charlesf/ParkingDoubleMuonLowMass4/crab_muMuGamma_24Jul26_ParkingDoubleMuonLowMass4Run2025C-PromptReco-v2/260727_192153/0000/mmgTree_2-16.root
[job 268/500] adding file 21/23: root://cms-xrd-global.cern.ch//store/user/charlesf/ParkingDoubleMuonLowMass4/crab_muMuGamma_24Jul26_ParkingDoubleMuonLowMass4Run2025C-PromptReco-v2/260727_192153/0000/mmgTree_2-17.root
[job 268/500] adding file 22/23: root://cms-xrd-global.cern.ch//store/user/charlesf/ParkingDoubleMuonLowMass4/crab_muMuGamma_24Jul26_ParkingDoubleMuonLowMass4Run2025C-PromptReco-v2/260727_192153/0000/mmgTree_2-18.root
[job 268/500] adding file 23/23: root://cms-xrd-global.cern.ch//store/user/charlesf/ParkingDoubleMuonLowMass4/crab_muMuGamma_24Jul26_ParkingDoubleMuonLowMass4Run2025C-PromptReco-v2/260727_192153/0000/mmgTree_2-19.root
Finished building TChain
Total entries: 5299440
Creating /eos/user/c/charlesf/www/dark_photon/root/histos_268.root
Processing events...
mumu_mass < 0.6 event 0
mumu_mass < 0.6 event 100000
mumu_mass < 0.6 event 200000
mumu_mass < 0.6 event 300000
mumu_mass < 0.6 event 400000
Saving histograms...
	Saving Cat_6_bb_SR to /eos/user/c/charlesf/www/dark_photon/root/histos_268.root with 16389.0 entries
	Saving Cat_1_ee_SR to /eos/user/c/charlesf/www/dark_photon/root/histos_268.root with 16194.0 entries
	Saving Cat_3_ee_SR to /eos/user/c/charlesf/www/dark_photon/root/histos_268.root with 19026.0 entries
	Saving Cat_2_bb_SR to /eos/user/c/charlesf/www/dark_photon/root/histos_268.root with 17107.0 entries
	Saving Cat_7_bb_SR to /eos/user/c/charlesf/www/dark_photon/root/histos_268.root with 17103.0 entries
	Saving Cat_5_ee_SR to /eos/user/c/charlesf/www/dark_photon/root/histos_268.root with 22447.0 entries
	Saving Cat_3_bb_SR to /eos/user/c/charlesf/www/dark_photon/root/histos_268.root with 17222.0 entries
	Saving Cat_6_bb_CR to /eos/user/c/charlesf/www/dark_photon/root/histos_268.root with 8143.0 entries
	Saving Cat_5_bb_SR to /eos/user/c/charlesf/www/dark_photon/root/histos_268.root with 16270.0 entries
	Saving Cat_4_ee_CR to /eos/user/c/charlesf/www/dark_photon/root/histos_268.root with 9103.0 entries
	Saving Cat_1_ee_CR to /eos/user/c/charlesf/www/dark_photon/root/histos_268.root with 9435.0 entries
	Saving Cat_8_bb_CR to /eos/user/c/charlesf/www/dark_photon/root/histos_268.root with 8106.0 entries
	Saving Cat_10_bb_SR to /eos/user/c/charlesf/www/dark_photon/root/histos_268.root with 20221.0 entries
	Saving Cat_9_bb_SR to /eos/user/c/charlesf/www/dark_photon/root/histos_268.root with 17198.0 entries
	Saving Cat_2_ee_SR to /eos/user/c/charlesf/www/dark_photon/root/histos_268.root with 19800.0 entries
	Saving Cat_4_ee_SR to /eos/user/c/charlesf/www/dark_photon/root/histos_268.root with 19073.0 entries
	Saving Cat_5_bb_CR to /eos/user/c/charlesf/www/dark_photon/root/histos_268.root with 8361.0 entries
	Saving Cat_4_bb_CR to /eos/user/c/charlesf/www/dark_photon/root/histos_268.root with 8075.0 entries
	Saving Cat_3_ee_CR to /eos/user/c/charlesf/www/dark_photon/root/histos_268.root with 9578.0 entries
	Saving Cat_1_bb_CR to /eos/user/c/charlesf/www/dark_photon/root/histos_268.root with 9452.0 entries
	Saving Cat_7_bb_CR to /eos/user/c/charlesf/www/dark_photon/root/histos_268.root with 8228.0 entries
	Saving Cat_5_ee_CR to /eos/user/c/charlesf/www/dark_photon/root/histos_268.root with 10267.0 entries
	Saving Cat_9_bb_CR to /eos/user/c/charlesf/www/dark_photon/root/histos_268.root with 7357.0 entries
	Saving Cat_8_bb_SR to /eos/user/c/charlesf/www/dark_photon/root/histos_268.root with 17442.0 entries
	Saving Cat_10_bb_CR to /eos/user/c/charlesf/www/dark_photon/root/histos_268.root with 7951.0 entries
	Saving Cat_1_bb_SR to /eos/user/c/charlesf/www/dark_photon/root/histos_268.root with 18104.0 entries
	Saving Cat_2_bb_CR to /eos/user/c/charlesf/www/dark_photon/root/histos_268.root with 8785.0 entries
	Saving Cat_4_bb_SR to /eos/user/c/charlesf/www/dark_photon/root/histos_268.root with 16197.0 entries
	Saving Cat_2_ee_CR to /eos/user/c/charlesf/www/dark_photon/root/histos_268.root with 10653.0 entries
	Saving Cat_0_ee_SR to /eos/user/c/charlesf/www/dark_photon/root/histos_268.root with 166.0 entries
	Saving Cat_3_bb_CR to /eos/user/c/charlesf/www/dark_photon/root/histos_268.root with 8870.0 entries
	Saving Cat_0_ee_CR to /eos/user/c/charlesf/www/dark_photon/root/histos_268.root with 662.0 entries
	Saving Cat_0_bb_CR to /eos/user/c/charlesf/www/dark_photon/root/histos_268.root with 1040.0 entries
	Saving Cat_0_bb_SR to /eos/user/c/charlesf/www/dark_photon/root/histos_268.root with 922.0 entries
Finished job 268/500 at Thu Aug  6 22:18:26 CEST 2026
