Host: b9p28p6428.cern.ch
Date: Thu Aug  6 10:11:02 PM CEST 2026
PROCID=136
JOB=137
NJOBS=500
LIST=/afs/cern.ch/user/c/charlesf/cmssw-dev/CMSSW_15_0_15/src/Run3DimuonAnalysisTools/Crab/all_mmgTree_files.txt
OUTDIR=/eos/user/c/charlesf/www/dark_photon/root
Opening list of input files /afs/cern.ch/user/c/charlesf/cmssw-dev/CMSSW_15_0_15/src/Run3DimuonAnalysisTools/Crab/all_mmgTree_files.txt
	Found 11350 items in list
	Job 137 of 500 has files (3087, 3109], using all 22 files
	Using redirector root://cms-xrd-global.cern.ch/
[job 137/500] adding file 1/22: root://cms-xrd-global.cern.ch//store/user/charlesf/ParkingDoubleMuonLowMass2/crab_muMuGamma_24Jul26_ParkingDoubleMuonLowMass2Run2025E-PromptReco-v1/260727_191936/0000/mmgTree_123.root
[job 137/500] adding file 2/22: root://cms-xrd-global.cern.ch//store/user/charlesf/ParkingDoubleMuonLowMass2/crab_muMuGamma_24Jul26_ParkingDoubleMuonLowMass2Run2025E-PromptReco-v1/260727_191936/0000/mmgTree_124.root
[job 137/500] adding file 3/22: root://cms-xrd-global.cern.ch//store/user/charlesf/ParkingDoubleMuonLowMass2/crab_muMuGamma_24Jul26_ParkingDoubleMuonLowMass2Run2025E-PromptReco-v1/260727_191936/0000/mmgTree_125.root
[job 137/500] adding file 4/22: root://cms-xrd-global.cern.ch//store/user/charlesf/ParkingDoubleMuonLowMass2/crab_muMuGamma_24Jul26_ParkingDoubleMuonLowMass2Run2025E-PromptReco-v1/260727_191936/0000/mmgTree_126.root
[job 137/500] adding file 5/22: root://cms-xrd-global.cern.ch//store/user/charlesf/ParkingDoubleMuonLowMass2/crab_muMuGamma_24Jul26_ParkingDoubleMuonLowMass2Run2025E-PromptReco-v1/260727_191936/0000/mmgTree_128.root
[job 137/500] adding file 6/22: root://cms-xrd-global.cern.ch//store/user/charlesf/ParkingDoubleMuonLowMass2/crab_muMuGamma_24Jul26_ParkingDoubleMuonLowMass2Run2025E-PromptReco-v1/260727_191936/0000/mmgTree_129.root
[job 137/500] adding file 7/22: root://cms-xrd-global.cern.ch//store/user/charlesf/ParkingDoubleMuonLowMass2/crab_muMuGamma_24Jul26_ParkingDoubleMuonLowMass2Run2025E-PromptReco-v1/260727_191936/0000/mmgTree_13.root
[job 137/500] adding file 8/22: root://cms-xrd-global.cern.ch//store/user/charlesf/ParkingDoubleMuonLowMass2/crab_muMuGamma_24Jul26_ParkingDoubleMuonLowMass2Run2025E-PromptReco-v1/260727_191936/0000/mmgTree_130.root
[job 137/500] adding file 9/22: root://cms-xrd-global.cern.ch//store/user/charlesf/ParkingDoubleMuonLowMass2/crab_muMuGamma_24Jul26_ParkingDoubleMuonLowMass2Run2025E-PromptReco-v1/260727_191936/0000/mmgTree_131.root
[job 137/500] adding file 10/22: root://cms-xrd-global.cern.ch//store/user/charlesf/ParkingDoubleMuonLowMass2/crab_muMuGamma_24Jul26_ParkingDoubleMuonLowMass2Run2025E-PromptReco-v1/260727_191936/0000/mmgTree_132.root
[job 137/500] adding file 11/22: root://cms-xrd-global.cern.ch//store/user/charlesf/ParkingDoubleMuonLowMass2/crab_muMuGamma_24Jul26_ParkingDoubleMuonLowMass2Run2025E-PromptReco-v1/260727_191936/0000/mmgTree_133.root
[job 137/500] adding file 12/22: root://cms-xrd-global.cern.ch//store/user/charlesf/ParkingDoubleMuonLowMass2/crab_muMuGamma_24Jul26_ParkingDoubleMuonLowMass2Run2025E-PromptReco-v1/260727_191936/0000/mmgTree_134.root
[job 137/500] adding file 13/22: root://cms-xrd-global.cern.ch//store/user/charlesf/ParkingDoubleMuonLowMass2/crab_muMuGamma_24Jul26_ParkingDoubleMuonLowMass2Run2025E-PromptReco-v1/260727_191936/0000/mmgTree_135.root
[job 137/500] adding file 14/22: root://cms-xrd-global.cern.ch//store/user/charlesf/ParkingDoubleMuonLowMass2/crab_muMuGamma_24Jul26_ParkingDoubleMuonLowMass2Run2025E-PromptReco-v1/260727_191936/0000/mmgTree_136.root
[job 137/500] adding file 15/22: root://cms-xrd-global.cern.ch//store/user/charlesf/ParkingDoubleMuonLowMass2/crab_muMuGamma_24Jul26_ParkingDoubleMuonLowMass2Run2025E-PromptReco-v1/260727_191936/0000/mmgTree_137.root
[job 137/500] adding file 16/22: root://cms-xrd-global.cern.ch//store/user/charlesf/ParkingDoubleMuonLowMass2/crab_muMuGamma_24Jul26_ParkingDoubleMuonLowMass2Run2025E-PromptReco-v1/260727_191936/0000/mmgTree_138.root
[job 137/500] adding file 17/22: root://cms-xrd-global.cern.ch//store/user/charlesf/ParkingDoubleMuonLowMass2/crab_muMuGamma_24Jul26_ParkingDoubleMuonLowMass2Run2025E-PromptReco-v1/260727_191936/0000/mmgTree_139.root
[job 137/500] adding file 18/22: root://cms-xrd-global.cern.ch//store/user/charlesf/ParkingDoubleMuonLowMass2/crab_muMuGamma_24Jul26_ParkingDoubleMuonLowMass2Run2025E-PromptReco-v1/260727_191936/0000/mmgTree_14.root
[job 137/500] adding file 19/22: root://cms-xrd-global.cern.ch//store/user/charlesf/ParkingDoubleMuonLowMass2/crab_muMuGamma_24Jul26_ParkingDoubleMuonLowMass2Run2025E-PromptReco-v1/260727_191936/0000/mmgTree_140.root
[job 137/500] adding file 20/22: root://cms-xrd-global.cern.ch//store/user/charlesf/ParkingDoubleMuonLowMass2/crab_muMuGamma_24Jul26_ParkingDoubleMuonLowMass2Run2025E-PromptReco-v1/260727_191936/0000/mmgTree_141.root
[job 137/500] adding file 21/22: root://cms-xrd-global.cern.ch//store/user/charlesf/ParkingDoubleMuonLowMass2/crab_muMuGamma_24Jul26_ParkingDoubleMuonLowMass2Run2025E-PromptReco-v1/260727_191936/0000/mmgTree_142.root
[job 137/500] adding file 22/22: root://cms-xrd-global.cern.ch//store/user/charlesf/ParkingDoubleMuonLowMass2/crab_muMuGamma_24Jul26_ParkingDoubleMuonLowMass2Run2025E-PromptReco-v1/260727_191936/0000/mmgTree_143.root
Finished building TChain
Total entries: 9664724
Creating /eos/user/c/charlesf/www/dark_photon/root/histos_137.root
Processing events...
mumu_mass < 0.6 event 0
mumu_mass < 0.6 event 100000
mumu_mass < 0.6 event 200000
mumu_mass < 0.6 event 300000
mumu_mass < 0.6 event 400000
mumu_mass < 0.6 event 500000
mumu_mass < 0.6 event 600000
Saving histograms...
	Saving Cat_4_ee_SR to /eos/user/c/charlesf/www/dark_photon/root/histos_137.root with 29695.0 entries
	Saving Cat_1_ee_SR to /eos/user/c/charlesf/www/dark_photon/root/histos_137.root with 15774.0 entries
	Saving Cat_3_bb_CR to /eos/user/c/charlesf/www/dark_photon/root/histos_137.root with 16394.0 entries
	Saving Cat_5_ee_SR to /eos/user/c/charlesf/www/dark_photon/root/histos_137.root with 36986.0 entries
	Saving Cat_10_bb_SR to /eos/user/c/charlesf/www/dark_photon/root/histos_137.root with 36365.0 entries
	Saving Cat_3_ee_SR to /eos/user/c/charlesf/www/dark_photon/root/histos_137.root with 27180.0 entries
	Saving Cat_7_bb_SR to /eos/user/c/charlesf/www/dark_photon/root/histos_137.root with 30525.0 entries
	Saving Cat_6_bb_CR to /eos/user/c/charlesf/www/dark_photon/root/histos_137.root with 15563.0 entries
	Saving Cat_8_bb_CR to /eos/user/c/charlesf/www/dark_photon/root/histos_137.root with 16022.0 entries
	Saving Cat_5_bb_SR to /eos/user/c/charlesf/www/dark_photon/root/histos_137.root with 28806.0 entries
	Saving Cat_9_bb_CR to /eos/user/c/charlesf/www/dark_photon/root/histos_137.root with 14520.0 entries
	Saving Cat_2_bb_SR to /eos/user/c/charlesf/www/dark_photon/root/histos_137.root with 29297.0 entries
	Saving Cat_4_bb_SR to /eos/user/c/charlesf/www/dark_photon/root/histos_137.root with 28205.0 entries
	Saving Cat_7_bb_CR to /eos/user/c/charlesf/www/dark_photon/root/histos_137.root with 15723.0 entries
	Saving Cat_2_bb_CR to /eos/user/c/charlesf/www/dark_photon/root/histos_137.root with 16026.0 entries
	Saving Cat_6_bb_SR to /eos/user/c/charlesf/www/dark_photon/root/histos_137.root with 28884.0 entries
	Saving Cat_2_ee_SR to /eos/user/c/charlesf/www/dark_photon/root/histos_137.root with 24699.0 entries
	Saving Cat_2_ee_CR to /eos/user/c/charlesf/www/dark_photon/root/histos_137.root with 12625.0 entries
	Saving Cat_4_bb_CR to /eos/user/c/charlesf/www/dark_photon/root/histos_137.root with 15800.0 entries
	Saving Cat_8_bb_SR to /eos/user/c/charlesf/www/dark_photon/root/histos_137.root with 31395.0 entries
	Saving Cat_4_ee_CR to /eos/user/c/charlesf/www/dark_photon/root/histos_137.root with 13885.0 entries
	Saving Cat_9_bb_SR to /eos/user/c/charlesf/www/dark_photon/root/histos_137.root with 30487.0 entries
	Saving Cat_5_bb_CR to /eos/user/c/charlesf/www/dark_photon/root/histos_137.root with 15908.0 entries
	Saving Cat_1_bb_SR to /eos/user/c/charlesf/www/dark_photon/root/histos_137.root with 28909.0 entries
	Saving Cat_1_bb_CR to /eos/user/c/charlesf/www/dark_photon/root/histos_137.root with 15511.0 entries
	Saving Cat_3_bb_SR to /eos/user/c/charlesf/www/dark_photon/root/histos_137.root with 29495.0 entries
	Saving Cat_1_ee_CR to /eos/user/c/charlesf/www/dark_photon/root/histos_137.root with 9177.0 entries
	Saving Cat_3_ee_CR to /eos/user/c/charlesf/www/dark_photon/root/histos_137.root with 12819.0 entries
	Saving Cat_10_bb_CR to /eos/user/c/charlesf/www/dark_photon/root/histos_137.root with 15519.0 entries
	Saving Cat_5_ee_CR to /eos/user/c/charlesf/www/dark_photon/root/histos_137.root with 17003.0 entries
	Saving Cat_0_bb_CR to /eos/user/c/charlesf/www/dark_photon/root/histos_137.root with 1503.0 entries
	Saving Cat_0_bb_SR to /eos/user/c/charlesf/www/dark_photon/root/histos_137.root with 1116.0 entries
	Saving Cat_0_ee_SR to /eos/user/c/charlesf/www/dark_photon/root/histos_137.root with 158.0 entries
	Saving Cat_0_ee_CR to /eos/user/c/charlesf/www/dark_photon/root/histos_137.root with 755.0 entries
Finished job 137/500 at Thu Aug  6 22:20:54 CEST 2026
