Host: b9p07p2522.cern.ch
Date: Thu Aug  6 10:11:55 PM CEST 2026
PROCID=288
JOB=289
NJOBS=500
LIST=/afs/cern.ch/user/c/charlesf/cmssw-dev/CMSSW_15_0_15/src/Run3DimuonAnalysisTools/Crab/all_mmgTree_files.txt
OUTDIR=/eos/user/c/charlesf/www/dark_photon/root
Opening list of input files /afs/cern.ch/user/c/charlesf/cmssw-dev/CMSSW_15_0_15/src/Run3DimuonAnalysisTools/Crab/all_mmgTree_files.txt
	Found 11350 items in list
	Job 289 of 500 has files (6537, 6560], using all 23 files
	Using redirector root://cms-xrd-global.cern.ch/
[job 289/500] adding file 1/23: root://cms-xrd-global.cern.ch//store/user/charlesf/ParkingDoubleMuonLowMass4/crab_muMuGamma_24Jul26_ParkingDoubleMuonLowMass4Run2025E-PromptReco-v1/260727_192216/0000/mmgTree_3-6.root
[job 289/500] adding file 2/23: root://cms-xrd-global.cern.ch//store/user/charlesf/ParkingDoubleMuonLowMass4/crab_muMuGamma_24Jul26_ParkingDoubleMuonLowMass4Run2025E-PromptReco-v1/260727_192216/0000/mmgTree_3-7.root
[job 289/500] adding file 3/23: root://cms-xrd-global.cern.ch//store/user/charlesf/ParkingDoubleMuonLowMass4/crab_muMuGamma_24Jul26_ParkingDoubleMuonLowMass4Run2025E-PromptReco-v1/260727_192216/0000/mmgTree_3-8.root
[job 289/500] adding file 4/23: root://cms-xrd-global.cern.ch//store/user/charlesf/ParkingDoubleMuonLowMass4/crab_muMuGamma_24Jul26_ParkingDoubleMuonLowMass4Run2025E-PromptReco-v1/260727_192216/0000/mmgTree_3-9.root
[job 289/500] adding file 5/23: root://cms-xrd-global.cern.ch//store/user/charlesf/ParkingDoubleMuonLowMass4/crab_muMuGamma_24Jul26_ParkingDoubleMuonLowMass4Run2025E-PromptReco-v1/260727_192216/0000/mmgTree_3.root
[job 289/500] adding file 6/23: root://cms-xrd-global.cern.ch//store/user/charlesf/ParkingDoubleMuonLowMass4/crab_muMuGamma_24Jul26_ParkingDoubleMuonLowMass4Run2025E-PromptReco-v1/260727_192216/0000/mmgTree_30.root
[job 289/500] adding file 7/23: root://cms-xrd-global.cern.ch//store/user/charlesf/ParkingDoubleMuonLowMass4/crab_muMuGamma_24Jul26_ParkingDoubleMuonLowMass4Run2025E-PromptReco-v1/260727_192216/0000/mmgTree_31.root
[job 289/500] adding file 8/23: root://cms-xrd-global.cern.ch//store/user/charlesf/ParkingDoubleMuonLowMass4/crab_muMuGamma_24Jul26_ParkingDoubleMuonLowMass4Run2025E-PromptReco-v1/260727_192216/0000/mmgTree_32.root
[job 289/500] adding file 9/23: root://cms-xrd-global.cern.ch//store/user/charlesf/ParkingDoubleMuonLowMass4/crab_muMuGamma_24Jul26_ParkingDoubleMuonLowMass4Run2025E-PromptReco-v1/260727_192216/0000/mmgTree_33.root
[job 289/500] adding file 10/23: root://cms-xrd-global.cern.ch//store/user/charlesf/ParkingDoubleMuonLowMass4/crab_muMuGamma_24Jul26_ParkingDoubleMuonLowMass4Run2025E-PromptReco-v1/260727_192216/0000/mmgTree_34.root
[job 289/500] adding file 11/23: root://cms-xrd-global.cern.ch//store/user/charlesf/ParkingDoubleMuonLowMass4/crab_muMuGamma_24Jul26_ParkingDoubleMuonLowMass4Run2025E-PromptReco-v1/260727_192216/0000/mmgTree_35.root
[job 289/500] adding file 12/23: root://cms-xrd-global.cern.ch//store/user/charlesf/ParkingDoubleMuonLowMass4/crab_muMuGamma_24Jul26_ParkingDoubleMuonLowMass4Run2025E-PromptReco-v1/260727_192216/0000/mmgTree_36.root
[job 289/500] adding file 13/23: root://cms-xrd-global.cern.ch//store/user/charlesf/ParkingDoubleMuonLowMass4/crab_muMuGamma_24Jul26_ParkingDoubleMuonLowMass4Run2025E-PromptReco-v1/260727_192216/0000/mmgTree_37.root
[job 289/500] adding file 14/23: root://cms-xrd-global.cern.ch//store/user/charlesf/ParkingDoubleMuonLowMass4/crab_muMuGamma_24Jul26_ParkingDoubleMuonLowMass4Run2025E-PromptReco-v1/260727_192216/0000/mmgTree_38.root
[job 289/500] adding file 15/23: root://cms-xrd-global.cern.ch//store/user/charlesf/ParkingDoubleMuonLowMass4/crab_muMuGamma_24Jul26_ParkingDoubleMuonLowMass4Run2025E-PromptReco-v1/260727_192216/0000/mmgTree_39.root
[job 289/500] adding file 16/23: root://cms-xrd-global.cern.ch//store/user/charlesf/ParkingDoubleMuonLowMass4/crab_muMuGamma_24Jul26_ParkingDoubleMuonLowMass4Run2025E-PromptReco-v1/260727_192216/0000/mmgTree_4.root
[job 289/500] adding file 17/23: root://cms-xrd-global.cern.ch//store/user/charlesf/ParkingDoubleMuonLowMass4/crab_muMuGamma_24Jul26_ParkingDoubleMuonLowMass4Run2025E-PromptReco-v1/260727_192216/0000/mmgTree_40.root
[job 289/500] adding file 18/23: root://cms-xrd-global.cern.ch//store/user/charlesf/ParkingDoubleMuonLowMass4/crab_muMuGamma_24Jul26_ParkingDoubleMuonLowMass4Run2025E-PromptReco-v1/260727_192216/0000/mmgTree_41.root
[job 289/500] adding file 19/23: root://cms-xrd-global.cern.ch//store/user/charlesf/ParkingDoubleMuonLowMass4/crab_muMuGamma_24Jul26_ParkingDoubleMuonLowMass4Run2025E-PromptReco-v1/260727_192216/0000/mmgTree_42.root
[job 289/500] adding file 20/23: root://cms-xrd-global.cern.ch//store/user/charlesf/ParkingDoubleMuonLowMass4/crab_muMuGamma_24Jul26_ParkingDoubleMuonLowMass4Run2025E-PromptReco-v1/260727_192216/0000/mmgTree_43.root
[job 289/500] adding file 21/23: root://cms-xrd-global.cern.ch//store/user/charlesf/ParkingDoubleMuonLowMass4/crab_muMuGamma_24Jul26_ParkingDoubleMuonLowMass4Run2025E-PromptReco-v1/260727_192216/0000/mmgTree_44.root
[job 289/500] adding file 22/23: root://cms-xrd-global.cern.ch//store/user/charlesf/ParkingDoubleMuonLowMass4/crab_muMuGamma_24Jul26_ParkingDoubleMuonLowMass4Run2025E-PromptReco-v1/260727_192216/0000/mmgTree_45.root
[job 289/500] adding file 23/23: root://cms-xrd-global.cern.ch//store/user/charlesf/ParkingDoubleMuonLowMass4/crab_muMuGamma_24Jul26_ParkingDoubleMuonLowMass4Run2025E-PromptReco-v1/260727_192216/0000/mmgTree_46.root
Finished building TChain
Total entries: 8454491
Creating /eos/user/c/charlesf/www/dark_photon/root/histos_289.root
Processing events...
mumu_mass < 0.6 event 0
mumu_mass < 0.6 event 100000
mumu_mass < 0.6 event 200000
mumu_mass < 0.6 event 300000
mumu_mass < 0.6 event 400000
mumu_mass < 0.6 event 500000
Saving histograms...
	Saving Cat_8_bb_SR to /eos/user/c/charlesf/www/dark_photon/root/histos_289.root with 28245.0 entries
	Saving Cat_1_ee_SR to /eos/user/c/charlesf/www/dark_photon/root/histos_289.root with 12239.0 entries
	Saving Cat_3_bb_CR to /eos/user/c/charlesf/www/dark_photon/root/histos_289.root with 14309.0 entries
	Saving Cat_3_ee_SR to /eos/user/c/charlesf/www/dark_photon/root/histos_289.root with 23000.0 entries
	Saving Cat_4_ee_SR to /eos/user/c/charlesf/www/dark_photon/root/histos_289.root with 25904.0 entries
	Saving Cat_10_bb_CR to /eos/user/c/charlesf/www/dark_photon/root/histos_289.root with 13997.0 entries
	Saving Cat_9_bb_SR to /eos/user/c/charlesf/www/dark_photon/root/histos_289.root with 27837.0 entries
	Saving Cat_2_ee_SR to /eos/user/c/charlesf/www/dark_photon/root/histos_289.root with 20621.0 entries
	Saving Cat_5_ee_SR to /eos/user/c/charlesf/www/dark_photon/root/histos_289.root with 32653.0 entries
	Saving Cat_6_bb_CR to /eos/user/c/charlesf/www/dark_photon/root/histos_289.root with 13858.0 entries
	Saving Cat_6_bb_SR to /eos/user/c/charlesf/www/dark_photon/root/histos_289.root with 25930.0 entries
	Saving Cat_3_ee_CR to /eos/user/c/charlesf/www/dark_photon/root/histos_289.root with 10741.0 entries
	Saving Cat_1_bb_SR to /eos/user/c/charlesf/www/dark_photon/root/histos_289.root with 25685.0 entries
	Saving Cat_8_bb_CR to /eos/user/c/charlesf/www/dark_photon/root/histos_289.root with 14124.0 entries
	Saving Cat_2_bb_SR to /eos/user/c/charlesf/www/dark_photon/root/histos_289.root with 26164.0 entries
	Saving Cat_5_bb_SR to /eos/user/c/charlesf/www/dark_photon/root/histos_289.root with 25670.0 entries
	Saving Cat_7_bb_SR to /eos/user/c/charlesf/www/dark_photon/root/histos_289.root with 27239.0 entries
	Saving Cat_4_bb_SR to /eos/user/c/charlesf/www/dark_photon/root/histos_289.root with 25241.0 entries
	Saving Cat_10_bb_SR to /eos/user/c/charlesf/www/dark_photon/root/histos_289.root with 32566.0 entries
	Saving Cat_3_bb_SR to /eos/user/c/charlesf/www/dark_photon/root/histos_289.root with 26599.0 entries
	Saving Cat_5_ee_CR to /eos/user/c/charlesf/www/dark_photon/root/histos_289.root with 14538.0 entries
	Saving Cat_2_ee_CR to /eos/user/c/charlesf/www/dark_photon/root/histos_289.root with 9906.0 entries
	Saving Cat_7_bb_CR to /eos/user/c/charlesf/www/dark_photon/root/histos_289.root with 13976.0 entries
	Saving Cat_4_ee_CR to /eos/user/c/charlesf/www/dark_photon/root/histos_289.root with 11705.0 entries
	Saving Cat_1_bb_CR to /eos/user/c/charlesf/www/dark_photon/root/histos_289.root with 13554.0 entries
	Saving Cat_2_bb_CR to /eos/user/c/charlesf/www/dark_photon/root/histos_289.root with 13888.0 entries
	Saving Cat_9_bb_CR to /eos/user/c/charlesf/www/dark_photon/root/histos_289.root with 12716.0 entries
	Saving Cat_4_bb_CR to /eos/user/c/charlesf/www/dark_photon/root/histos_289.root with 13807.0 entries
	Saving Cat_5_bb_CR to /eos/user/c/charlesf/www/dark_photon/root/histos_289.root with 13897.0 entries
	Saving Cat_0_bb_SR to /eos/user/c/charlesf/www/dark_photon/root/histos_289.root with 905.0 entries
	Saving Cat_1_ee_CR to /eos/user/c/charlesf/www/dark_photon/root/histos_289.root with 6663.0 entries
	Saving Cat_0_bb_CR to /eos/user/c/charlesf/www/dark_photon/root/histos_289.root with 1239.0 entries
	Saving Cat_0_ee_CR to /eos/user/c/charlesf/www/dark_photon/root/histos_289.root with 552.0 entries
	Saving Cat_0_ee_SR to /eos/user/c/charlesf/www/dark_photon/root/histos_289.root with 107.0 entries
Finished job 289/500 at Thu Aug  6 22:20:39 CEST 2026
