Host: b9p31p6172.cern.ch
Date: Thu Aug  6 10:11:12 PM CEST 2026
PROCID=159
JOB=160
NJOBS=500
LIST=/afs/cern.ch/user/c/charlesf/cmssw-dev/CMSSW_15_0_15/src/Run3DimuonAnalysisTools/Crab/all_mmgTree_files.txt
OUTDIR=/eos/user/c/charlesf/www/dark_photon/root
Opening list of input files /afs/cern.ch/user/c/charlesf/cmssw-dev/CMSSW_15_0_15/src/Run3DimuonAnalysisTools/Crab/all_mmgTree_files.txt
	Found 11350 items in list
	Job 160 of 500 has files (3609, 3632], using all 23 files
	Using redirector root://cms-xrd-global.cern.ch/
[job 160/500] adding file 1/23: root://cms-xrd-global.cern.ch//store/user/charlesf/ParkingDoubleMuonLowMass2/crab_muMuGamma_24Jul26_ParkingDoubleMuonLowMass2Run2025F-PromptReco-v1/260727_191947/0000/mmgTree_3-15.root
[job 160/500] adding file 2/23: root://cms-xrd-global.cern.ch//store/user/charlesf/ParkingDoubleMuonLowMass2/crab_muMuGamma_24Jul26_ParkingDoubleMuonLowMass2Run2025F-PromptReco-v1/260727_191947/0000/mmgTree_3-16.root
[job 160/500] adding file 3/23: root://cms-xrd-global.cern.ch//store/user/charlesf/ParkingDoubleMuonLowMass2/crab_muMuGamma_24Jul26_ParkingDoubleMuonLowMass2Run2025F-PromptReco-v1/260727_191947/0000/mmgTree_3-17.root
[job 160/500] adding file 4/23: root://cms-xrd-global.cern.ch//store/user/charlesf/ParkingDoubleMuonLowMass2/crab_muMuGamma_24Jul26_ParkingDoubleMuonLowMass2Run2025F-PromptReco-v1/260727_191947/0000/mmgTree_3-18.root
[job 160/500] adding file 5/23: root://cms-xrd-global.cern.ch//store/user/charlesf/ParkingDoubleMuonLowMass2/crab_muMuGamma_24Jul26_ParkingDoubleMuonLowMass2Run2025F-PromptReco-v1/260727_191947/0000/mmgTree_3-19.root
[job 160/500] adding file 6/23: root://cms-xrd-global.cern.ch//store/user/charlesf/ParkingDoubleMuonLowMass2/crab_muMuGamma_24Jul26_ParkingDoubleMuonLowMass2Run2025F-PromptReco-v1/260727_191947/0000/mmgTree_3-2.root
[job 160/500] adding file 7/23: root://cms-xrd-global.cern.ch//store/user/charlesf/ParkingDoubleMuonLowMass2/crab_muMuGamma_24Jul26_ParkingDoubleMuonLowMass2Run2025F-PromptReco-v1/260727_191947/0000/mmgTree_3-20.root
[job 160/500] adding file 8/23: root://cms-xrd-global.cern.ch//store/user/charlesf/ParkingDoubleMuonLowMass2/crab_muMuGamma_24Jul26_ParkingDoubleMuonLowMass2Run2025F-PromptReco-v1/260727_191947/0000/mmgTree_3-3.root
[job 160/500] adding file 9/23: root://cms-xrd-global.cern.ch//store/user/charlesf/ParkingDoubleMuonLowMass2/crab_muMuGamma_24Jul26_ParkingDoubleMuonLowMass2Run2025F-PromptReco-v1/260727_191947/0000/mmgTree_3-4.root
[job 160/500] adding file 10/23: root://cms-xrd-global.cern.ch//store/user/charlesf/ParkingDoubleMuonLowMass2/crab_muMuGamma_24Jul26_ParkingDoubleMuonLowMass2Run2025F-PromptReco-v1/260727_191947/0000/mmgTree_3-5.root
[job 160/500] adding file 11/23: root://cms-xrd-global.cern.ch//store/user/charlesf/ParkingDoubleMuonLowMass2/crab_muMuGamma_24Jul26_ParkingDoubleMuonLowMass2Run2025F-PromptReco-v1/260727_191947/0000/mmgTree_3-6.root
[job 160/500] adding file 12/23: root://cms-xrd-global.cern.ch//store/user/charlesf/ParkingDoubleMuonLowMass2/crab_muMuGamma_24Jul26_ParkingDoubleMuonLowMass2Run2025F-PromptReco-v1/260727_191947/0000/mmgTree_3-7.root
[job 160/500] adding file 13/23: root://cms-xrd-global.cern.ch//store/user/charlesf/ParkingDoubleMuonLowMass2/crab_muMuGamma_24Jul26_ParkingDoubleMuonLowMass2Run2025F-PromptReco-v1/260727_191947/0000/mmgTree_3-8.root
[job 160/500] adding file 14/23: root://cms-xrd-global.cern.ch//store/user/charlesf/ParkingDoubleMuonLowMass2/crab_muMuGamma_24Jul26_ParkingDoubleMuonLowMass2Run2025F-PromptReco-v1/260727_191947/0000/mmgTree_3-9.root
[job 160/500] adding file 15/23: root://cms-xrd-global.cern.ch//store/user/charlesf/ParkingDoubleMuonLowMass2/crab_muMuGamma_24Jul26_ParkingDoubleMuonLowMass2Run2025F-PromptReco-v1/260727_191947/0000/mmgTree_3.root
[job 160/500] adding file 16/23: root://cms-xrd-global.cern.ch//store/user/charlesf/ParkingDoubleMuonLowMass2/crab_muMuGamma_24Jul26_ParkingDoubleMuonLowMass2Run2025F-PromptReco-v1/260727_191947/0000/mmgTree_30.root
[job 160/500] adding file 17/23: root://cms-xrd-global.cern.ch//store/user/charlesf/ParkingDoubleMuonLowMass2/crab_muMuGamma_24Jul26_ParkingDoubleMuonLowMass2Run2025F-PromptReco-v1/260727_191947/0000/mmgTree_300.root
[job 160/500] adding file 18/23: root://cms-xrd-global.cern.ch//store/user/charlesf/ParkingDoubleMuonLowMass2/crab_muMuGamma_24Jul26_ParkingDoubleMuonLowMass2Run2025F-PromptReco-v1/260727_191947/0000/mmgTree_301.root
[job 160/500] adding file 19/23: root://cms-xrd-global.cern.ch//store/user/charlesf/ParkingDoubleMuonLowMass2/crab_muMuGamma_24Jul26_ParkingDoubleMuonLowMass2Run2025F-PromptReco-v1/260727_191947/0000/mmgTree_302.root
[job 160/500] adding file 20/23: root://cms-xrd-global.cern.ch//store/user/charlesf/ParkingDoubleMuonLowMass2/crab_muMuGamma_24Jul26_ParkingDoubleMuonLowMass2Run2025F-PromptReco-v1/260727_191947/0000/mmgTree_303.root
[job 160/500] adding file 21/23: root://cms-xrd-global.cern.ch//store/user/charlesf/ParkingDoubleMuonLowMass2/crab_muMuGamma_24Jul26_ParkingDoubleMuonLowMass2Run2025F-PromptReco-v1/260727_191947/0000/mmgTree_304.root
[job 160/500] adding file 22/23: root://cms-xrd-global.cern.ch//store/user/charlesf/ParkingDoubleMuonLowMass2/crab_muMuGamma_24Jul26_ParkingDoubleMuonLowMass2Run2025F-PromptReco-v1/260727_191947/0000/mmgTree_305.root
[job 160/500] adding file 23/23: root://cms-xrd-global.cern.ch//store/user/charlesf/ParkingDoubleMuonLowMass2/crab_muMuGamma_24Jul26_ParkingDoubleMuonLowMass2Run2025F-PromptReco-v1/260727_191947/0000/mmgTree_306.root
Finished building TChain
Total entries: 5028100
Creating /eos/user/c/charlesf/www/dark_photon/root/histos_160.root
Processing events...
mumu_mass < 0.6 event 0
mumu_mass < 0.6 event 100000
mumu_mass < 0.6 event 200000
mumu_mass < 0.6 event 300000
Saving histograms...
	Saving Cat_5_ee_CR to /eos/user/c/charlesf/www/dark_photon/root/histos_160.root with 8519.0 entries
	Saving Cat_9_bb_SR to /eos/user/c/charlesf/www/dark_photon/root/histos_160.root with 16243.0 entries
	Saving Cat_5_bb_SR to /eos/user/c/charlesf/www/dark_photon/root/histos_160.root with 15060.0 entries
	Saving Cat_7_bb_CR to /eos/user/c/charlesf/www/dark_photon/root/histos_160.root with 8587.0 entries
	Saving Cat_2_ee_SR to /eos/user/c/charlesf/www/dark_photon/root/histos_160.root with 11598.0 entries
	Saving Cat_8_bb_CR to /eos/user/c/charlesf/www/dark_photon/root/histos_160.root with 8446.0 entries
	Saving Cat_3_bb_SR to /eos/user/c/charlesf/www/dark_photon/root/histos_160.root with 14973.0 entries
	Saving Cat_3_bb_CR to /eos/user/c/charlesf/www/dark_photon/root/histos_160.root with 8487.0 entries
	Saving Cat_5_ee_SR to /eos/user/c/charlesf/www/dark_photon/root/histos_160.root with 19211.0 entries
	Saving Cat_8_bb_SR to /eos/user/c/charlesf/www/dark_photon/root/histos_160.root with 16613.0 entries
	Saving Cat_10_bb_SR to /eos/user/c/charlesf/www/dark_photon/root/histos_160.root with 19162.0 entries
	Saving Cat_2_bb_SR to /eos/user/c/charlesf/www/dark_photon/root/histos_160.root with 15150.0 entries
	Saving Cat_3_ee_CR to /eos/user/c/charlesf/www/dark_photon/root/histos_160.root with 6179.0 entries
	Saving Cat_6_bb_SR to /eos/user/c/charlesf/www/dark_photon/root/histos_160.root with 15141.0 entries
	Saving Cat_4_bb_SR to /eos/user/c/charlesf/www/dark_photon/root/histos_160.root with 14493.0 entries
	Saving Cat_3_ee_SR to /eos/user/c/charlesf/www/dark_photon/root/histos_160.root with 13727.0 entries
	Saving Cat_6_bb_CR to /eos/user/c/charlesf/www/dark_photon/root/histos_160.root with 8345.0 entries
	Saving Cat_10_bb_CR to /eos/user/c/charlesf/www/dark_photon/root/histos_160.root with 8039.0 entries
	Saving Cat_2_ee_CR to /eos/user/c/charlesf/www/dark_photon/root/histos_160.root with 5597.0 entries
	Saving Cat_7_bb_SR to /eos/user/c/charlesf/www/dark_photon/root/histos_160.root with 15962.0 entries
	Saving Cat_1_bb_SR to /eos/user/c/charlesf/www/dark_photon/root/histos_160.root with 14739.0 entries
	Saving Cat_4_ee_CR to /eos/user/c/charlesf/www/dark_photon/root/histos_160.root with 6901.0 entries
	Saving Cat_9_bb_CR to /eos/user/c/charlesf/www/dark_photon/root/histos_160.root with 7714.0 entries
	Saving Cat_4_ee_SR to /eos/user/c/charlesf/www/dark_photon/root/histos_160.root with 15056.0 entries
	Saving Cat_1_bb_CR to /eos/user/c/charlesf/www/dark_photon/root/histos_160.root with 7852.0 entries
	Saving Cat_2_bb_CR to /eos/user/c/charlesf/www/dark_photon/root/histos_160.root with 8347.0 entries
	Saving Cat_5_bb_CR to /eos/user/c/charlesf/www/dark_photon/root/histos_160.root with 8251.0 entries
	Saving Cat_4_bb_CR to /eos/user/c/charlesf/www/dark_photon/root/histos_160.root with 8218.0 entries
	Saving Cat_1_ee_CR to /eos/user/c/charlesf/www/dark_photon/root/histos_160.root with 3633.0 entries
	Saving Cat_1_ee_SR to /eos/user/c/charlesf/www/dark_photon/root/histos_160.root with 6728.0 entries
	Saving Cat_0_bb_SR to /eos/user/c/charlesf/www/dark_photon/root/histos_160.root with 514.0 entries
	Saving Cat_0_ee_CR to /eos/user/c/charlesf/www/dark_photon/root/histos_160.root with 345.0 entries
	Saving Cat_0_bb_CR to /eos/user/c/charlesf/www/dark_photon/root/histos_160.root with 774.0 entries
	Saving Cat_0_ee_SR to /eos/user/c/charlesf/www/dark_photon/root/histos_160.root with 70.0 entries
Finished job 160/500 at Thu Aug  6 22:18:03 CEST 2026
