Host: b9p31p0525.cern.ch
Date: Thu Aug  6 10:10:31 PM CEST 2026
PROCID=49
JOB=50
NJOBS=500
LIST=/afs/cern.ch/user/c/charlesf/cmssw-dev/CMSSW_15_0_15/src/Run3DimuonAnalysisTools/Crab/all_mmgTree_files.txt
OUTDIR=/eos/user/c/charlesf/www/dark_photon/root
Opening list of input files /afs/cern.ch/user/c/charlesf/cmssw-dev/CMSSW_15_0_15/src/Run3DimuonAnalysisTools/Crab/all_mmgTree_files.txt
	Found 11350 items in list
	Job 50 of 500 has files (1112, 1135], using all 23 files
	Using redirector root://cms-xrd-global.cern.ch/
[job 50/500] adding file 1/23: root://cms-xrd-global.cern.ch//store/user/charlesf/ParkingDoubleMuonLowMass0/crab_muMuGamma_24Jul26_ParkingDoubleMuonLowMass0Run2025F-PromptReco-v1/260727_191716/0000/mmgTree_257.root
[job 50/500] adding file 2/23: root://cms-xrd-global.cern.ch//store/user/charlesf/ParkingDoubleMuonLowMass0/crab_muMuGamma_24Jul26_ParkingDoubleMuonLowMass0Run2025F-PromptReco-v1/260727_191716/0000/mmgTree_258.root
[job 50/500] adding file 3/23: root://cms-xrd-global.cern.ch//store/user/charlesf/ParkingDoubleMuonLowMass0/crab_muMuGamma_24Jul26_ParkingDoubleMuonLowMass0Run2025F-PromptReco-v1/260727_191716/0000/mmgTree_259.root
[job 50/500] adding file 4/23: root://cms-xrd-global.cern.ch//store/user/charlesf/ParkingDoubleMuonLowMass0/crab_muMuGamma_24Jul26_ParkingDoubleMuonLowMass0Run2025F-PromptReco-v1/260727_191716/0000/mmgTree_26.root
[job 50/500] adding file 5/23: root://cms-xrd-global.cern.ch//store/user/charlesf/ParkingDoubleMuonLowMass0/crab_muMuGamma_24Jul26_ParkingDoubleMuonLowMass0Run2025F-PromptReco-v1/260727_191716/0000/mmgTree_260.root
[job 50/500] adding file 6/23: root://cms-xrd-global.cern.ch//store/user/charlesf/ParkingDoubleMuonLowMass0/crab_muMuGamma_24Jul26_ParkingDoubleMuonLowMass0Run2025F-PromptReco-v1/260727_191716/0000/mmgTree_261.root
[job 50/500] adding file 7/23: root://cms-xrd-global.cern.ch//store/user/charlesf/ParkingDoubleMuonLowMass0/crab_muMuGamma_24Jul26_ParkingDoubleMuonLowMass0Run2025F-PromptReco-v1/260727_191716/0000/mmgTree_262.root
[job 50/500] adding file 8/23: root://cms-xrd-global.cern.ch//store/user/charlesf/ParkingDoubleMuonLowMass0/crab_muMuGamma_24Jul26_ParkingDoubleMuonLowMass0Run2025F-PromptReco-v1/260727_191716/0000/mmgTree_263.root
[job 50/500] adding file 9/23: root://cms-xrd-global.cern.ch//store/user/charlesf/ParkingDoubleMuonLowMass0/crab_muMuGamma_24Jul26_ParkingDoubleMuonLowMass0Run2025F-PromptReco-v1/260727_191716/0000/mmgTree_264.root
[job 50/500] adding file 10/23: root://cms-xrd-global.cern.ch//store/user/charlesf/ParkingDoubleMuonLowMass0/crab_muMuGamma_24Jul26_ParkingDoubleMuonLowMass0Run2025F-PromptReco-v1/260727_191716/0000/mmgTree_265.root
[job 50/500] adding file 11/23: root://cms-xrd-global.cern.ch//store/user/charlesf/ParkingDoubleMuonLowMass0/crab_muMuGamma_24Jul26_ParkingDoubleMuonLowMass0Run2025F-PromptReco-v1/260727_191716/0000/mmgTree_266.root
[job 50/500] adding file 12/23: root://cms-xrd-global.cern.ch//store/user/charlesf/ParkingDoubleMuonLowMass0/crab_muMuGamma_24Jul26_ParkingDoubleMuonLowMass0Run2025F-PromptReco-v1/260727_191716/0000/mmgTree_267.root
[job 50/500] adding file 13/23: root://cms-xrd-global.cern.ch//store/user/charlesf/ParkingDoubleMuonLowMass0/crab_muMuGamma_24Jul26_ParkingDoubleMuonLowMass0Run2025F-PromptReco-v1/260727_191716/0000/mmgTree_268.root
[job 50/500] adding file 14/23: root://cms-xrd-global.cern.ch//store/user/charlesf/ParkingDoubleMuonLowMass0/crab_muMuGamma_24Jul26_ParkingDoubleMuonLowMass0Run2025F-PromptReco-v1/260727_191716/0000/mmgTree_269.root
[job 50/500] adding file 15/23: root://cms-xrd-global.cern.ch//store/user/charlesf/ParkingDoubleMuonLowMass0/crab_muMuGamma_24Jul26_ParkingDoubleMuonLowMass0Run2025F-PromptReco-v1/260727_191716/0000/mmgTree_27.root
[job 50/500] adding file 16/23: root://cms-xrd-global.cern.ch//store/user/charlesf/ParkingDoubleMuonLowMass0/crab_muMuGamma_24Jul26_ParkingDoubleMuonLowMass0Run2025F-PromptReco-v1/260727_191716/0000/mmgTree_270.root
[job 50/500] adding file 17/23: root://cms-xrd-global.cern.ch//store/user/charlesf/ParkingDoubleMuonLowMass0/crab_muMuGamma_24Jul26_ParkingDoubleMuonLowMass0Run2025F-PromptReco-v1/260727_191716/0000/mmgTree_271.root
[job 50/500] adding file 18/23: root://cms-xrd-global.cern.ch//store/user/charlesf/ParkingDoubleMuonLowMass0/crab_muMuGamma_24Jul26_ParkingDoubleMuonLowMass0Run2025F-PromptReco-v1/260727_191716/0000/mmgTree_272.root
[job 50/500] adding file 19/23: root://cms-xrd-global.cern.ch//store/user/charlesf/ParkingDoubleMuonLowMass0/crab_muMuGamma_24Jul26_ParkingDoubleMuonLowMass0Run2025F-PromptReco-v1/260727_191716/0000/mmgTree_273.root
[job 50/500] adding file 20/23: root://cms-xrd-global.cern.ch//store/user/charlesf/ParkingDoubleMuonLowMass0/crab_muMuGamma_24Jul26_ParkingDoubleMuonLowMass0Run2025F-PromptReco-v1/260727_191716/0000/mmgTree_274.root
[job 50/500] adding file 21/23: root://cms-xrd-global.cern.ch//store/user/charlesf/ParkingDoubleMuonLowMass0/crab_muMuGamma_24Jul26_ParkingDoubleMuonLowMass0Run2025F-PromptReco-v1/260727_191716/0000/mmgTree_275.root
[job 50/500] adding file 22/23: root://cms-xrd-global.cern.ch//store/user/charlesf/ParkingDoubleMuonLowMass0/crab_muMuGamma_24Jul26_ParkingDoubleMuonLowMass0Run2025F-PromptReco-v1/260727_191716/0000/mmgTree_276.root
[job 50/500] adding file 23/23: root://cms-xrd-global.cern.ch//store/user/charlesf/ParkingDoubleMuonLowMass0/crab_muMuGamma_24Jul26_ParkingDoubleMuonLowMass0Run2025F-PromptReco-v1/260727_191716/0000/mmgTree_277.root
Finished building TChain
Total entries: 11887669
Creating /eos/user/c/charlesf/www/dark_photon/root/histos_50.root
Processing events...
mumu_mass < 0.6 event 0
mumu_mass < 0.6 event 100000
mumu_mass < 0.6 event 200000
mumu_mass < 0.6 event 300000
mumu_mass < 0.6 event 400000
mumu_mass < 0.6 event 500000
mumu_mass < 0.6 event 600000
mumu_mass < 0.6 event 700000
mumu_mass < 0.6 event 800000
Saving histograms...
	Saving Cat_2_bb_CR to /eos/user/c/charlesf/www/dark_photon/root/histos_50.root with 20242.0 entries
	Saving Cat_9_bb_SR to /eos/user/c/charlesf/www/dark_photon/root/histos_50.root with 39702.0 entries
	Saving Cat_2_ee_SR to /eos/user/c/charlesf/www/dark_photon/root/histos_50.root with 24430.0 entries
	Saving Cat_1_bb_SR to /eos/user/c/charlesf/www/dark_photon/root/histos_50.root with 34829.0 entries
	Saving Cat_6_bb_SR to /eos/user/c/charlesf/www/dark_photon/root/histos_50.root with 36927.0 entries
	Saving Cat_4_bb_CR to /eos/user/c/charlesf/www/dark_photon/root/histos_50.root with 20302.0 entries
	Saving Cat_5_bb_SR to /eos/user/c/charlesf/www/dark_photon/root/histos_50.root with 36714.0 entries
	Saving Cat_5_bb_CR to /eos/user/c/charlesf/www/dark_photon/root/histos_50.root with 21029.0 entries
	Saving Cat_3_bb_SR to /eos/user/c/charlesf/www/dark_photon/root/histos_50.root with 36718.0 entries
	Saving Cat_8_bb_SR to /eos/user/c/charlesf/www/dark_photon/root/histos_50.root with 40351.0 entries
	Saving Cat_3_bb_CR to /eos/user/c/charlesf/www/dark_photon/root/histos_50.root with 21093.0 entries
	Saving Cat_3_ee_SR to /eos/user/c/charlesf/www/dark_photon/root/histos_50.root with 29041.0 entries
	Saving Cat_2_bb_SR to /eos/user/c/charlesf/www/dark_photon/root/histos_50.root with 36383.0 entries
	Saving Cat_7_bb_SR to /eos/user/c/charlesf/www/dark_photon/root/histos_50.root with 38499.0 entries
	Saving Cat_5_ee_CR to /eos/user/c/charlesf/www/dark_photon/root/histos_50.root with 20077.0 entries
	Saving Cat_4_bb_SR to /eos/user/c/charlesf/www/dark_photon/root/histos_50.root with 35636.0 entries
	Saving Cat_6_bb_CR to /eos/user/c/charlesf/www/dark_photon/root/histos_50.root with 20713.0 entries
	Saving Cat_4_ee_SR to /eos/user/c/charlesf/www/dark_photon/root/histos_50.root with 34188.0 entries
	Saving Cat_10_bb_SR to /eos/user/c/charlesf/www/dark_photon/root/histos_50.root with 46901.0 entries
	Saving Cat_10_bb_CR to /eos/user/c/charlesf/www/dark_photon/root/histos_50.root with 20538.0 entries
	Saving Cat_5_ee_SR to /eos/user/c/charlesf/www/dark_photon/root/histos_50.root with 44341.0 entries
	Saving Cat_1_bb_CR to /eos/user/c/charlesf/www/dark_photon/root/histos_50.root with 18892.0 entries
	Saving Cat_8_bb_CR to /eos/user/c/charlesf/www/dark_photon/root/histos_50.root with 20709.0 entries
	Saving Cat_7_bb_CR to /eos/user/c/charlesf/www/dark_photon/root/histos_50.root with 21067.0 entries
	Saving Cat_9_bb_CR to /eos/user/c/charlesf/www/dark_photon/root/histos_50.root with 18994.0 entries
	Saving Cat_4_ee_CR to /eos/user/c/charlesf/www/dark_photon/root/histos_50.root with 15313.0 entries
	Saving Cat_3_ee_CR to /eos/user/c/charlesf/www/dark_photon/root/histos_50.root with 13568.0 entries
	Saving Cat_1_ee_CR to /eos/user/c/charlesf/www/dark_photon/root/histos_50.root with 6340.0 entries
	Saving Cat_0_bb_SR to /eos/user/c/charlesf/www/dark_photon/root/histos_50.root with 1084.0 entries
	Saving Cat_2_ee_CR to /eos/user/c/charlesf/www/dark_photon/root/histos_50.root with 11173.0 entries
	Saving Cat_1_ee_SR to /eos/user/c/charlesf/www/dark_photon/root/histos_50.root with 12265.0 entries
	Saving Cat_0_bb_CR to /eos/user/c/charlesf/www/dark_photon/root/histos_50.root with 1654.0 entries
	Saving Cat_0_ee_CR to /eos/user/c/charlesf/www/dark_photon/root/histos_50.root with 621.0 entries
	Saving Cat_0_ee_SR to /eos/user/c/charlesf/www/dark_photon/root/histos_50.root with 109.0 entries
Finished job 50/500 at Thu Aug  6 22:21:07 CEST 2026
