Host: b9p04p1739.cern.ch
Date: Thu Aug  6 10:13:08 PM CEST 2026
PROCID=495
JOB=496
NJOBS=500
LIST=/afs/cern.ch/user/c/charlesf/cmssw-dev/CMSSW_15_0_15/src/Run3DimuonAnalysisTools/Crab/all_mmgTree_files.txt
OUTDIR=/eos/user/c/charlesf/www/dark_photon/root
Opening list of input files /afs/cern.ch/user/c/charlesf/cmssw-dev/CMSSW_15_0_15/src/Run3DimuonAnalysisTools/Crab/all_mmgTree_files.txt
	Found 11350 items in list
	Job 496 of 500 has files (11236, 11259], using all 23 files
	Using redirector root://cms-xrd-global.cern.ch/
[job 496/500] adding file 1/23: root://cms-xrd-global.cern.ch//store/user/charlesf/ParkingDoubleMuonLowMass7/crab_muMuGamma_24Jul26_ParkingDoubleMuonLowMass7Run2025G-PromptReco-v1/260727_192653/0000/mmgTree_369.root
[job 496/500] adding file 2/23: root://cms-xrd-global.cern.ch//store/user/charlesf/ParkingDoubleMuonLowMass7/crab_muMuGamma_24Jul26_ParkingDoubleMuonLowMass7Run2025G-PromptReco-v1/260727_192653/0000/mmgTree_37.root
[job 496/500] adding file 3/23: root://cms-xrd-global.cern.ch//store/user/charlesf/ParkingDoubleMuonLowMass7/crab_muMuGamma_24Jul26_ParkingDoubleMuonLowMass7Run2025G-PromptReco-v1/260727_192653/0000/mmgTree_370.root
[job 496/500] adding file 4/23: root://cms-xrd-global.cern.ch//store/user/charlesf/ParkingDoubleMuonLowMass7/crab_muMuGamma_24Jul26_ParkingDoubleMuonLowMass7Run2025G-PromptReco-v1/260727_192653/0000/mmgTree_371.root
[job 496/500] adding file 5/23: root://cms-xrd-global.cern.ch//store/user/charlesf/ParkingDoubleMuonLowMass7/crab_muMuGamma_24Jul26_ParkingDoubleMuonLowMass7Run2025G-PromptReco-v1/260727_192653/0000/mmgTree_372.root
[job 496/500] adding file 6/23: root://cms-xrd-global.cern.ch//store/user/charlesf/ParkingDoubleMuonLowMass7/crab_muMuGamma_24Jul26_ParkingDoubleMuonLowMass7Run2025G-PromptReco-v1/260727_192653/0000/mmgTree_373.root
[job 496/500] adding file 7/23: root://cms-xrd-global.cern.ch//store/user/charlesf/ParkingDoubleMuonLowMass7/crab_muMuGamma_24Jul26_ParkingDoubleMuonLowMass7Run2025G-PromptReco-v1/260727_192653/0000/mmgTree_374.root
[job 496/500] adding file 8/23: root://cms-xrd-global.cern.ch//store/user/charlesf/ParkingDoubleMuonLowMass7/crab_muMuGamma_24Jul26_ParkingDoubleMuonLowMass7Run2025G-PromptReco-v1/260727_192653/0000/mmgTree_375.root
[job 496/500] adding file 9/23: root://cms-xrd-global.cern.ch//store/user/charlesf/ParkingDoubleMuonLowMass7/crab_muMuGamma_24Jul26_ParkingDoubleMuonLowMass7Run2025G-PromptReco-v1/260727_192653/0000/mmgTree_376.root
[job 496/500] adding file 10/23: root://cms-xrd-global.cern.ch//store/user/charlesf/ParkingDoubleMuonLowMass7/crab_muMuGamma_24Jul26_ParkingDoubleMuonLowMass7Run2025G-PromptReco-v1/260727_192653/0000/mmgTree_377.root
[job 496/500] adding file 11/23: root://cms-xrd-global.cern.ch//store/user/charlesf/ParkingDoubleMuonLowMass7/crab_muMuGamma_24Jul26_ParkingDoubleMuonLowMass7Run2025G-PromptReco-v1/260727_192653/0000/mmgTree_378.root
[job 496/500] adding file 12/23: root://cms-xrd-global.cern.ch//store/user/charlesf/ParkingDoubleMuonLowMass7/crab_muMuGamma_24Jul26_ParkingDoubleMuonLowMass7Run2025G-PromptReco-v1/260727_192653/0000/mmgTree_379.root
[job 496/500] adding file 13/23: root://cms-xrd-global.cern.ch//store/user/charlesf/ParkingDoubleMuonLowMass7/crab_muMuGamma_24Jul26_ParkingDoubleMuonLowMass7Run2025G-PromptReco-v1/260727_192653/0000/mmgTree_38.root
[job 496/500] adding file 14/23: root://cms-xrd-global.cern.ch//store/user/charlesf/ParkingDoubleMuonLowMass7/crab_muMuGamma_24Jul26_ParkingDoubleMuonLowMass7Run2025G-PromptReco-v1/260727_192653/0000/mmgTree_380.root
[job 496/500] adding file 15/23: root://cms-xrd-global.cern.ch//store/user/charlesf/ParkingDoubleMuonLowMass7/crab_muMuGamma_24Jul26_ParkingDoubleMuonLowMass7Run2025G-PromptReco-v1/260727_192653/0000/mmgTree_381.root
[job 496/500] adding file 16/23: root://cms-xrd-global.cern.ch//store/user/charlesf/ParkingDoubleMuonLowMass7/crab_muMuGamma_24Jul26_ParkingDoubleMuonLowMass7Run2025G-PromptReco-v1/260727_192653/0000/mmgTree_382.root
[job 496/500] adding file 17/23: root://cms-xrd-global.cern.ch//store/user/charlesf/ParkingDoubleMuonLowMass7/crab_muMuGamma_24Jul26_ParkingDoubleMuonLowMass7Run2025G-PromptReco-v1/260727_192653/0000/mmgTree_383.root
[job 496/500] adding file 18/23: root://cms-xrd-global.cern.ch//store/user/charlesf/ParkingDoubleMuonLowMass7/crab_muMuGamma_24Jul26_ParkingDoubleMuonLowMass7Run2025G-PromptReco-v1/260727_192653/0000/mmgTree_384.root
[job 496/500] adding file 19/23: root://cms-xrd-global.cern.ch//store/user/charlesf/ParkingDoubleMuonLowMass7/crab_muMuGamma_24Jul26_ParkingDoubleMuonLowMass7Run2025G-PromptReco-v1/260727_192653/0000/mmgTree_385.root
[job 496/500] adding file 20/23: root://cms-xrd-global.cern.ch//store/user/charlesf/ParkingDoubleMuonLowMass7/crab_muMuGamma_24Jul26_ParkingDoubleMuonLowMass7Run2025G-PromptReco-v1/260727_192653/0000/mmgTree_386.root
[job 496/500] adding file 21/23: root://cms-xrd-global.cern.ch//store/user/charlesf/ParkingDoubleMuonLowMass7/crab_muMuGamma_24Jul26_ParkingDoubleMuonLowMass7Run2025G-PromptReco-v1/260727_192653/0000/mmgTree_387.root
[job 496/500] adding file 22/23: root://cms-xrd-global.cern.ch//store/user/charlesf/ParkingDoubleMuonLowMass7/crab_muMuGamma_24Jul26_ParkingDoubleMuonLowMass7Run2025G-PromptReco-v1/260727_192653/0000/mmgTree_388.root
[job 496/500] adding file 23/23: root://cms-xrd-global.cern.ch//store/user/charlesf/ParkingDoubleMuonLowMass7/crab_muMuGamma_24Jul26_ParkingDoubleMuonLowMass7Run2025G-PromptReco-v1/260727_192653/0000/mmgTree_389.root
Finished building TChain
Total entries: 11344986
Creating /eos/user/c/charlesf/www/dark_photon/root/histos_496.root
Processing events...
mumu_mass < 0.6 event 0
mumu_mass < 0.6 event 100000
mumu_mass < 0.6 event 200000
mumu_mass < 0.6 event 300000
mumu_mass < 0.6 event 400000
mumu_mass < 0.6 event 500000
mumu_mass < 0.6 event 600000
mumu_mass < 0.6 event 700000
Saving histograms...
	Saving Cat_10_bb_SR to /eos/user/c/charlesf/www/dark_photon/root/histos_496.root with 42807.0 entries
	Saving Cat_3_bb_CR to /eos/user/c/charlesf/www/dark_photon/root/histos_496.root with 19949.0 entries
	Saving Cat_10_bb_CR to /eos/user/c/charlesf/www/dark_photon/root/histos_496.root with 18979.0 entries
	Saving Cat_7_bb_SR to /eos/user/c/charlesf/www/dark_photon/root/histos_496.root with 35283.0 entries
	Saving Cat_3_bb_SR to /eos/user/c/charlesf/www/dark_photon/root/histos_496.root with 33567.0 entries
	Saving Cat_5_bb_SR to /eos/user/c/charlesf/www/dark_photon/root/histos_496.root with 33044.0 entries
	Saving Cat_5_bb_CR to /eos/user/c/charlesf/www/dark_photon/root/histos_496.root with 19452.0 entries
	Saving Cat_9_bb_SR to /eos/user/c/charlesf/www/dark_photon/root/histos_496.root with 35866.0 entries
	Saving Cat_9_bb_CR to /eos/user/c/charlesf/www/dark_photon/root/histos_496.root with 17966.0 entries
	Saving Cat_4_bb_SR to /eos/user/c/charlesf/www/dark_photon/root/histos_496.root with 32458.0 entries
	Saving Cat_8_bb_SR to /eos/user/c/charlesf/www/dark_photon/root/histos_496.root with 36291.0 entries
	Saving Cat_5_ee_CR to /eos/user/c/charlesf/www/dark_photon/root/histos_496.root with 19291.0 entries
	Saving Cat_1_bb_SR to /eos/user/c/charlesf/www/dark_photon/root/histos_496.root with 32251.0 entries
	Saving Cat_8_bb_CR to /eos/user/c/charlesf/www/dark_photon/root/histos_496.root with 19340.0 entries
	Saving Cat_5_ee_SR to /eos/user/c/charlesf/www/dark_photon/root/histos_496.root with 43390.0 entries
	Saving Cat_6_bb_CR to /eos/user/c/charlesf/www/dark_photon/root/histos_496.root with 19021.0 entries
	Saving Cat_2_ee_SR to /eos/user/c/charlesf/www/dark_photon/root/histos_496.root with 26965.0 entries
	Saving Cat_7_bb_CR to /eos/user/c/charlesf/www/dark_photon/root/histos_496.root with 19687.0 entries
	Saving Cat_6_bb_SR to /eos/user/c/charlesf/www/dark_photon/root/histos_496.root with 32930.0 entries
	Saving Cat_3_ee_SR to /eos/user/c/charlesf/www/dark_photon/root/histos_496.root with 29932.0 entries
	Saving Cat_2_ee_CR to /eos/user/c/charlesf/www/dark_photon/root/histos_496.root with 12838.0 entries
	Saving Cat_4_bb_CR to /eos/user/c/charlesf/www/dark_photon/root/histos_496.root with 19042.0 entries
	Saving Cat_2_bb_CR to /eos/user/c/charlesf/www/dark_photon/root/histos_496.root with 18905.0 entries
	Saving Cat_4_ee_SR to /eos/user/c/charlesf/www/dark_photon/root/histos_496.root with 33816.0 entries
	Saving Cat_1_bb_CR to /eos/user/c/charlesf/www/dark_photon/root/histos_496.root with 18137.0 entries
	Saving Cat_2_bb_SR to /eos/user/c/charlesf/www/dark_photon/root/histos_496.root with 32900.0 entries
	Saving Cat_3_ee_CR to /eos/user/c/charlesf/www/dark_photon/root/histos_496.root with 14262.0 entries
	Saving Cat_4_ee_CR to /eos/user/c/charlesf/www/dark_photon/root/histos_496.root with 15389.0 entries
	Saving Cat_1_ee_SR to /eos/user/c/charlesf/www/dark_photon/root/histos_496.root with 15750.0 entries
	Saving Cat_1_ee_CR to /eos/user/c/charlesf/www/dark_photon/root/histos_496.root with 8613.0 entries
	Saving Cat_0_bb_CR to /eos/user/c/charlesf/www/dark_photon/root/histos_496.root with 1694.0 entries
	Saving Cat_0_ee_CR to /eos/user/c/charlesf/www/dark_photon/root/histos_496.root with 730.0 entries
	Saving Cat_0_bb_SR to /eos/user/c/charlesf/www/dark_photon/root/histos_496.root with 1111.0 entries
	Saving Cat_0_ee_SR to /eos/user/c/charlesf/www/dark_photon/root/histos_496.root with 180.0 entries
Finished job 496/500 at Thu Aug  6 22:24:01 CEST 2026
