Host: b9p29p9638.cern.ch
Date: Thu Aug  6 10:12:06 PM CEST 2026
PROCID=323
JOB=324
NJOBS=500
LIST=/afs/cern.ch/user/c/charlesf/cmssw-dev/CMSSW_15_0_15/src/Run3DimuonAnalysisTools/Crab/all_mmgTree_files.txt
OUTDIR=/eos/user/c/charlesf/www/dark_photon/root
Opening list of input files /afs/cern.ch/user/c/charlesf/cmssw-dev/CMSSW_15_0_15/src/Run3DimuonAnalysisTools/Crab/all_mmgTree_files.txt
	Found 11350 items in list
	Job 324 of 500 has files (7332, 7354], using all 22 files
	Using redirector root://cms-xrd-global.cern.ch/
[job 324/500] adding file 1/22: root://cms-xrd-global.cern.ch//store/user/charlesf/ParkingDoubleMuonLowMass5/crab_muMuGamma_24Jul26_ParkingDoubleMuonLowMass5Run2025C-PromptReco-v1/260727_192300/0000/mmgTree_286.root
[job 324/500] adding file 2/22: root://cms-xrd-global.cern.ch//store/user/charlesf/ParkingDoubleMuonLowMass5/crab_muMuGamma_24Jul26_ParkingDoubleMuonLowMass5Run2025C-PromptReco-v1/260727_192300/0000/mmgTree_287.root
[job 324/500] adding file 3/22: root://cms-xrd-global.cern.ch//store/user/charlesf/ParkingDoubleMuonLowMass5/crab_muMuGamma_24Jul26_ParkingDoubleMuonLowMass5Run2025C-PromptReco-v1/260727_192300/0000/mmgTree_289.root
[job 324/500] adding file 4/22: root://cms-xrd-global.cern.ch//store/user/charlesf/ParkingDoubleMuonLowMass5/crab_muMuGamma_24Jul26_ParkingDoubleMuonLowMass5Run2025C-PromptReco-v1/260727_192300/0000/mmgTree_29.root
[job 324/500] adding file 5/22: root://cms-xrd-global.cern.ch//store/user/charlesf/ParkingDoubleMuonLowMass5/crab_muMuGamma_24Jul26_ParkingDoubleMuonLowMass5Run2025C-PromptReco-v1/260727_192300/0000/mmgTree_290.root
[job 324/500] adding file 6/22: root://cms-xrd-global.cern.ch//store/user/charlesf/ParkingDoubleMuonLowMass5/crab_muMuGamma_24Jul26_ParkingDoubleMuonLowMass5Run2025C-PromptReco-v1/260727_192300/0000/mmgTree_291.root
[job 324/500] adding file 7/22: root://cms-xrd-global.cern.ch//store/user/charlesf/ParkingDoubleMuonLowMass5/crab_muMuGamma_24Jul26_ParkingDoubleMuonLowMass5Run2025C-PromptReco-v1/260727_192300/0000/mmgTree_292.root
[job 324/500] adding file 8/22: root://cms-xrd-global.cern.ch//store/user/charlesf/ParkingDoubleMuonLowMass5/crab_muMuGamma_24Jul26_ParkingDoubleMuonLowMass5Run2025C-PromptReco-v1/260727_192300/0000/mmgTree_293.root
[job 324/500] adding file 9/22: root://cms-xrd-global.cern.ch//store/user/charlesf/ParkingDoubleMuonLowMass5/crab_muMuGamma_24Jul26_ParkingDoubleMuonLowMass5Run2025C-PromptReco-v1/260727_192300/0000/mmgTree_294.root
[job 324/500] adding file 10/22: root://cms-xrd-global.cern.ch//store/user/charlesf/ParkingDoubleMuonLowMass5/crab_muMuGamma_24Jul26_ParkingDoubleMuonLowMass5Run2025C-PromptReco-v1/260727_192300/0000/mmgTree_295.root
[job 324/500] adding file 11/22: root://cms-xrd-global.cern.ch//store/user/charlesf/ParkingDoubleMuonLowMass5/crab_muMuGamma_24Jul26_ParkingDoubleMuonLowMass5Run2025C-PromptReco-v1/260727_192300/0000/mmgTree_296.root
[job 324/500] adding file 12/22: root://cms-xrd-global.cern.ch//store/user/charlesf/ParkingDoubleMuonLowMass5/crab_muMuGamma_24Jul26_ParkingDoubleMuonLowMass5Run2025C-PromptReco-v1/260727_192300/0000/mmgTree_297.root
[job 324/500] adding file 13/22: root://cms-xrd-global.cern.ch//store/user/charlesf/ParkingDoubleMuonLowMass5/crab_muMuGamma_24Jul26_ParkingDoubleMuonLowMass5Run2025C-PromptReco-v1/260727_192300/0000/mmgTree_298.root
[job 324/500] adding file 14/22: root://cms-xrd-global.cern.ch//store/user/charlesf/ParkingDoubleMuonLowMass5/crab_muMuGamma_24Jul26_ParkingDoubleMuonLowMass5Run2025C-PromptReco-v1/260727_192300/0000/mmgTree_299.root
[job 324/500] adding file 15/22: root://cms-xrd-global.cern.ch//store/user/charlesf/ParkingDoubleMuonLowMass5/crab_muMuGamma_24Jul26_ParkingDoubleMuonLowMass5Run2025C-PromptReco-v1/260727_192300/0000/mmgTree_3-1.root
[job 324/500] adding file 16/22: root://cms-xrd-global.cern.ch//store/user/charlesf/ParkingDoubleMuonLowMass5/crab_muMuGamma_24Jul26_ParkingDoubleMuonLowMass5Run2025C-PromptReco-v1/260727_192300/0000/mmgTree_3-2.root
[job 324/500] adding file 17/22: root://cms-xrd-global.cern.ch//store/user/charlesf/ParkingDoubleMuonLowMass5/crab_muMuGamma_24Jul26_ParkingDoubleMuonLowMass5Run2025C-PromptReco-v1/260727_192300/0000/mmgTree_3-3.root
[job 324/500] adding file 18/22: root://cms-xrd-global.cern.ch//store/user/charlesf/ParkingDoubleMuonLowMass5/crab_muMuGamma_24Jul26_ParkingDoubleMuonLowMass5Run2025C-PromptReco-v1/260727_192300/0000/mmgTree_3-4.root
[job 324/500] adding file 19/22: root://cms-xrd-global.cern.ch//store/user/charlesf/ParkingDoubleMuonLowMass5/crab_muMuGamma_24Jul26_ParkingDoubleMuonLowMass5Run2025C-PromptReco-v1/260727_192300/0000/mmgTree_3.root
[job 324/500] adding file 20/22: root://cms-xrd-global.cern.ch//store/user/charlesf/ParkingDoubleMuonLowMass5/crab_muMuGamma_24Jul26_ParkingDoubleMuonLowMass5Run2025C-PromptReco-v1/260727_192300/0000/mmgTree_30.root
[job 324/500] adding file 21/22: root://cms-xrd-global.cern.ch//store/user/charlesf/ParkingDoubleMuonLowMass5/crab_muMuGamma_24Jul26_ParkingDoubleMuonLowMass5Run2025C-PromptReco-v1/260727_192300/0000/mmgTree_300.root
[job 324/500] adding file 22/22: root://cms-xrd-global.cern.ch//store/user/charlesf/ParkingDoubleMuonLowMass5/crab_muMuGamma_24Jul26_ParkingDoubleMuonLowMass5Run2025C-PromptReco-v1/260727_192300/0000/mmgTree_301.root
Finished building TChain
Total entries: 5198824
Creating /eos/user/c/charlesf/www/dark_photon/root/histos_324.root
Processing events...
mumu_mass < 0.6 event 0
mumu_mass < 0.6 event 100000
mumu_mass < 0.6 event 200000
mumu_mass < 0.6 event 300000
mumu_mass < 0.6 event 400000
Saving histograms...
	Saving Cat_7_bb_CR to /eos/user/c/charlesf/www/dark_photon/root/histos_324.root with 8302.0 entries
	Saving Cat_6_bb_SR to /eos/user/c/charlesf/www/dark_photon/root/histos_324.root with 16295.0 entries
	Saving Cat_5_ee_SR to /eos/user/c/charlesf/www/dark_photon/root/histos_324.root with 21763.0 entries
	Saving Cat_2_bb_SR to /eos/user/c/charlesf/www/dark_photon/root/histos_324.root with 17273.0 entries
	Saving Cat_5_bb_SR to /eos/user/c/charlesf/www/dark_photon/root/histos_324.root with 16225.0 entries
	Saving Cat_7_bb_SR to /eos/user/c/charlesf/www/dark_photon/root/histos_324.root with 17278.0 entries
	Saving Cat_3_bb_CR to /eos/user/c/charlesf/www/dark_photon/root/histos_324.root with 8808.0 entries
	Saving Cat_10_bb_SR to /eos/user/c/charlesf/www/dark_photon/root/histos_324.root with 20148.0 entries
	Saving Cat_6_bb_CR to /eos/user/c/charlesf/www/dark_photon/root/histos_324.root with 8111.0 entries
	Saving Cat_1_ee_SR to /eos/user/c/charlesf/www/dark_photon/root/histos_324.root with 14464.0 entries
	Saving Cat_2_ee_SR to /eos/user/c/charlesf/www/dark_photon/root/histos_324.root with 18196.0 entries
	Saving Cat_3_bb_SR to /eos/user/c/charlesf/www/dark_photon/root/histos_324.root with 17095.0 entries
	Saving Cat_1_bb_SR to /eos/user/c/charlesf/www/dark_photon/root/histos_324.root with 17882.0 entries
	Saving Cat_0_bb_CR to /eos/user/c/charlesf/www/dark_photon/root/histos_324.root with 999.0 entries
	Saving Cat_1_ee_CR to /eos/user/c/charlesf/www/dark_photon/root/histos_324.root with 8179.0 entries
	Saving Cat_2_bb_CR to /eos/user/c/charlesf/www/dark_photon/root/histos_324.root with 8639.0 entries
	Saving Cat_9_bb_SR to /eos/user/c/charlesf/www/dark_photon/root/histos_324.root with 17138.0 entries
	Saving Cat_4_bb_CR to /eos/user/c/charlesf/www/dark_photon/root/histos_324.root with 8264.0 entries
	Saving Cat_4_ee_SR to /eos/user/c/charlesf/www/dark_photon/root/histos_324.root with 18376.0 entries
	Saving Cat_4_bb_SR to /eos/user/c/charlesf/www/dark_photon/root/histos_324.root with 16142.0 entries
	Saving Cat_3_ee_SR to /eos/user/c/charlesf/www/dark_photon/root/histos_324.root with 17647.0 entries
	Saving Cat_3_ee_CR to /eos/user/c/charlesf/www/dark_photon/root/histos_324.root with 8715.0 entries
	Saving Cat_9_bb_CR to /eos/user/c/charlesf/www/dark_photon/root/histos_324.root with 7445.0 entries
	Saving Cat_5_bb_CR to /eos/user/c/charlesf/www/dark_photon/root/histos_324.root with 8181.0 entries
	Saving Cat_10_bb_CR to /eos/user/c/charlesf/www/dark_photon/root/histos_324.root with 8065.0 entries
	Saving Cat_8_bb_SR to /eos/user/c/charlesf/www/dark_photon/root/histos_324.root with 17669.0 entries
	Saving Cat_4_ee_CR to /eos/user/c/charlesf/www/dark_photon/root/histos_324.root with 8649.0 entries
	Saving Cat_8_bb_CR to /eos/user/c/charlesf/www/dark_photon/root/histos_324.root with 8211.0 entries
	Saving Cat_5_ee_CR to /eos/user/c/charlesf/www/dark_photon/root/histos_324.root with 9606.0 entries
	Saving Cat_1_bb_CR to /eos/user/c/charlesf/www/dark_photon/root/histos_324.root with 9144.0 entries
	Saving Cat_2_ee_CR to /eos/user/c/charlesf/www/dark_photon/root/histos_324.root with 9555.0 entries
	Saving Cat_0_ee_CR to /eos/user/c/charlesf/www/dark_photon/root/histos_324.root with 587.0 entries
	Saving Cat_0_bb_SR to /eos/user/c/charlesf/www/dark_photon/root/histos_324.root with 819.0 entries
	Saving Cat_0_ee_SR to /eos/user/c/charlesf/www/dark_photon/root/histos_324.root with 168.0 entries
Finished job 324/500 at Thu Aug  6 22:19:33 CEST 2026
