Host: b9p29p8321.cern.ch
Date: Thu Aug  6 10:12:33 PM CEST 2026
PROCID=398
JOB=399
NJOBS=500
LIST=/afs/cern.ch/user/c/charlesf/cmssw-dev/CMSSW_15_0_15/src/Run3DimuonAnalysisTools/Crab/all_mmgTree_files.txt
OUTDIR=/eos/user/c/charlesf/www/dark_photon/root
Opening list of input files /afs/cern.ch/user/c/charlesf/cmssw-dev/CMSSW_15_0_15/src/Run3DimuonAnalysisTools/Crab/all_mmgTree_files.txt
	Found 11350 items in list
	Job 399 of 500 has files (9034, 9057], using all 23 files
	Using redirector root://cms-xrd-global.cern.ch/
[job 399/500] adding file 1/23: root://cms-xrd-global.cern.ch//store/user/charlesf/ParkingDoubleMuonLowMass6/crab_muMuGamma_24Jul26_ParkingDoubleMuonLowMass6Run2025C-PromptReco-v2/260727_192429/0000/mmgTree_3-11.root
[job 399/500] adding file 2/23: root://cms-xrd-global.cern.ch//store/user/charlesf/ParkingDoubleMuonLowMass6/crab_muMuGamma_24Jul26_ParkingDoubleMuonLowMass6Run2025C-PromptReco-v2/260727_192429/0000/mmgTree_3-12.root
[job 399/500] adding file 3/23: root://cms-xrd-global.cern.ch//store/user/charlesf/ParkingDoubleMuonLowMass6/crab_muMuGamma_24Jul26_ParkingDoubleMuonLowMass6Run2025C-PromptReco-v2/260727_192429/0000/mmgTree_3-13.root
[job 399/500] adding file 4/23: root://cms-xrd-global.cern.ch//store/user/charlesf/ParkingDoubleMuonLowMass6/crab_muMuGamma_24Jul26_ParkingDoubleMuonLowMass6Run2025C-PromptReco-v2/260727_192429/0000/mmgTree_3-14.root
[job 399/500] adding file 5/23: root://cms-xrd-global.cern.ch//store/user/charlesf/ParkingDoubleMuonLowMass6/crab_muMuGamma_24Jul26_ParkingDoubleMuonLowMass6Run2025C-PromptReco-v2/260727_192429/0000/mmgTree_3-15.root
[job 399/500] adding file 6/23: root://cms-xrd-global.cern.ch//store/user/charlesf/ParkingDoubleMuonLowMass6/crab_muMuGamma_24Jul26_ParkingDoubleMuonLowMass6Run2025C-PromptReco-v2/260727_192429/0000/mmgTree_3-16.root
[job 399/500] adding file 7/23: root://cms-xrd-global.cern.ch//store/user/charlesf/ParkingDoubleMuonLowMass6/crab_muMuGamma_24Jul26_ParkingDoubleMuonLowMass6Run2025C-PromptReco-v2/260727_192429/0000/mmgTree_3-17.root
[job 399/500] adding file 8/23: root://cms-xrd-global.cern.ch//store/user/charlesf/ParkingDoubleMuonLowMass6/crab_muMuGamma_24Jul26_ParkingDoubleMuonLowMass6Run2025C-PromptReco-v2/260727_192429/0000/mmgTree_3-18.root
[job 399/500] adding file 9/23: root://cms-xrd-global.cern.ch//store/user/charlesf/ParkingDoubleMuonLowMass6/crab_muMuGamma_24Jul26_ParkingDoubleMuonLowMass6Run2025C-PromptReco-v2/260727_192429/0000/mmgTree_3-19.root
[job 399/500] adding file 10/23: root://cms-xrd-global.cern.ch//store/user/charlesf/ParkingDoubleMuonLowMass6/crab_muMuGamma_24Jul26_ParkingDoubleMuonLowMass6Run2025C-PromptReco-v2/260727_192429/0000/mmgTree_3-2.root
[job 399/500] adding file 11/23: root://cms-xrd-global.cern.ch//store/user/charlesf/ParkingDoubleMuonLowMass6/crab_muMuGamma_24Jul26_ParkingDoubleMuonLowMass6Run2025C-PromptReco-v2/260727_192429/0000/mmgTree_3-20.root
[job 399/500] adding file 12/23: root://cms-xrd-global.cern.ch//store/user/charlesf/ParkingDoubleMuonLowMass6/crab_muMuGamma_24Jul26_ParkingDoubleMuonLowMass6Run2025C-PromptReco-v2/260727_192429/0000/mmgTree_3-21.root
[job 399/500] adding file 13/23: root://cms-xrd-global.cern.ch//store/user/charlesf/ParkingDoubleMuonLowMass6/crab_muMuGamma_24Jul26_ParkingDoubleMuonLowMass6Run2025C-PromptReco-v2/260727_192429/0000/mmgTree_3-22.root
[job 399/500] adding file 14/23: root://cms-xrd-global.cern.ch//store/user/charlesf/ParkingDoubleMuonLowMass6/crab_muMuGamma_24Jul26_ParkingDoubleMuonLowMass6Run2025C-PromptReco-v2/260727_192429/0000/mmgTree_3-23.root
[job 399/500] adding file 15/23: root://cms-xrd-global.cern.ch//store/user/charlesf/ParkingDoubleMuonLowMass6/crab_muMuGamma_24Jul26_ParkingDoubleMuonLowMass6Run2025C-PromptReco-v2/260727_192429/0000/mmgTree_3-24.root
[job 399/500] adding file 16/23: root://cms-xrd-global.cern.ch//store/user/charlesf/ParkingDoubleMuonLowMass6/crab_muMuGamma_24Jul26_ParkingDoubleMuonLowMass6Run2025C-PromptReco-v2/260727_192429/0000/mmgTree_3-25.root
[job 399/500] adding file 17/23: root://cms-xrd-global.cern.ch//store/user/charlesf/ParkingDoubleMuonLowMass6/crab_muMuGamma_24Jul26_ParkingDoubleMuonLowMass6Run2025C-PromptReco-v2/260727_192429/0000/mmgTree_3-26.root
[job 399/500] adding file 18/23: root://cms-xrd-global.cern.ch//store/user/charlesf/ParkingDoubleMuonLowMass6/crab_muMuGamma_24Jul26_ParkingDoubleMuonLowMass6Run2025C-PromptReco-v2/260727_192429/0000/mmgTree_3-27.root
[job 399/500] adding file 19/23: root://cms-xrd-global.cern.ch//store/user/charlesf/ParkingDoubleMuonLowMass6/crab_muMuGamma_24Jul26_ParkingDoubleMuonLowMass6Run2025C-PromptReco-v2/260727_192429/0000/mmgTree_3-28.root
[job 399/500] adding file 20/23: root://cms-xrd-global.cern.ch//store/user/charlesf/ParkingDoubleMuonLowMass6/crab_muMuGamma_24Jul26_ParkingDoubleMuonLowMass6Run2025C-PromptReco-v2/260727_192429/0000/mmgTree_3-29.root
[job 399/500] adding file 21/23: root://cms-xrd-global.cern.ch//store/user/charlesf/ParkingDoubleMuonLowMass6/crab_muMuGamma_24Jul26_ParkingDoubleMuonLowMass6Run2025C-PromptReco-v2/260727_192429/0000/mmgTree_3-3.root
[job 399/500] adding file 22/23: root://cms-xrd-global.cern.ch//store/user/charlesf/ParkingDoubleMuonLowMass6/crab_muMuGamma_24Jul26_ParkingDoubleMuonLowMass6Run2025C-PromptReco-v2/260727_192429/0000/mmgTree_3-30.root
[job 399/500] adding file 23/23: root://cms-xrd-global.cern.ch//store/user/charlesf/ParkingDoubleMuonLowMass6/crab_muMuGamma_24Jul26_ParkingDoubleMuonLowMass6Run2025C-PromptReco-v2/260727_192429/0000/mmgTree_3-4.root
Finished building TChain
Total entries: 1789140
Creating /eos/user/c/charlesf/www/dark_photon/root/histos_399.root
Processing events...
mumu_mass < 0.6 event 0
mumu_mass < 0.6 event 100000
Saving histograms...
	Saving Cat_3_bb_SR to /eos/user/c/charlesf/www/dark_photon/root/histos_399.root with 5625.0 entries
	Saving Cat_10_bb_SR to /eos/user/c/charlesf/www/dark_photon/root/histos_399.root with 6799.0 entries
	Saving Cat_9_bb_CR to /eos/user/c/charlesf/www/dark_photon/root/histos_399.root with 2521.0 entries
	Saving Cat_9_bb_SR to /eos/user/c/charlesf/www/dark_photon/root/histos_399.root with 5798.0 entries
	Saving Cat_2_ee_SR to /eos/user/c/charlesf/www/dark_photon/root/histos_399.root with 6350.0 entries
	Saving Cat_5_ee_CR to /eos/user/c/charlesf/www/dark_photon/root/histos_399.root with 3448.0 entries
	Saving Cat_5_ee_SR to /eos/user/c/charlesf/www/dark_photon/root/histos_399.root with 7455.0 entries
	Saving Cat_7_bb_SR to /eos/user/c/charlesf/www/dark_photon/root/histos_399.root with 5895.0 entries
	Saving Cat_4_bb_SR to /eos/user/c/charlesf/www/dark_photon/root/histos_399.root with 5391.0 entries
	Saving Cat_1_bb_SR to /eos/user/c/charlesf/www/dark_photon/root/histos_399.root with 5933.0 entries
	Saving Cat_5_bb_CR to /eos/user/c/charlesf/www/dark_photon/root/histos_399.root with 2922.0 entries
	Saving Cat_3_ee_SR to /eos/user/c/charlesf/www/dark_photon/root/histos_399.root with 6194.0 entries
	Saving Cat_2_ee_CR to /eos/user/c/charlesf/www/dark_photon/root/histos_399.root with 3640.0 entries
	Saving Cat_4_ee_SR to /eos/user/c/charlesf/www/dark_photon/root/histos_399.root with 6333.0 entries
	Saving Cat_2_bb_CR to /eos/user/c/charlesf/www/dark_photon/root/histos_399.root with 2954.0 entries
	Saving Cat_2_bb_SR to /eos/user/c/charlesf/www/dark_photon/root/histos_399.root with 5703.0 entries
	Saving Cat_3_bb_CR to /eos/user/c/charlesf/www/dark_photon/root/histos_399.root with 3074.0 entries
	Saving Cat_7_bb_CR to /eos/user/c/charlesf/www/dark_photon/root/histos_399.root with 2846.0 entries
	Saving Cat_5_bb_SR to /eos/user/c/charlesf/www/dark_photon/root/histos_399.root with 5546.0 entries
	Saving Cat_3_ee_CR to /eos/user/c/charlesf/www/dark_photon/root/histos_399.root with 3224.0 entries
	Saving Cat_1_ee_CR to /eos/user/c/charlesf/www/dark_photon/root/histos_399.root with 2994.0 entries
	Saving Cat_8_bb_SR to /eos/user/c/charlesf/www/dark_photon/root/histos_399.root with 5839.0 entries
	Saving Cat_0_bb_CR to /eos/user/c/charlesf/www/dark_photon/root/histos_399.root with 354.0 entries
	Saving Cat_1_ee_SR to /eos/user/c/charlesf/www/dark_photon/root/histos_399.root with 5185.0 entries
	Saving Cat_8_bb_CR to /eos/user/c/charlesf/www/dark_photon/root/histos_399.root with 2830.0 entries
	Saving Cat_6_bb_CR to /eos/user/c/charlesf/www/dark_photon/root/histos_399.root with 2764.0 entries
	Saving Cat_4_ee_CR to /eos/user/c/charlesf/www/dark_photon/root/histos_399.root with 3073.0 entries
	Saving Cat_6_bb_SR to /eos/user/c/charlesf/www/dark_photon/root/histos_399.root with 5459.0 entries
	Saving Cat_1_bb_CR to /eos/user/c/charlesf/www/dark_photon/root/histos_399.root with 3210.0 entries
	Saving Cat_0_bb_SR to /eos/user/c/charlesf/www/dark_photon/root/histos_399.root with 308.0 entries
	Saving Cat_4_bb_CR to /eos/user/c/charlesf/www/dark_photon/root/histos_399.root with 2813.0 entries
	Saving Cat_10_bb_CR to /eos/user/c/charlesf/www/dark_photon/root/histos_399.root with 2772.0 entries
	Saving Cat_0_ee_CR to /eos/user/c/charlesf/www/dark_photon/root/histos_399.root with 197.0 entries
	Saving Cat_0_ee_SR to /eos/user/c/charlesf/www/dark_photon/root/histos_399.root with 57.0 entries
Finished job 399/500 at Thu Aug  6 22:16:53 CEST 2026
