Host: b9p29p4113.cern.ch
Date: Thu Aug  6 10:13:00 PM CEST 2026
PROCID=474
JOB=475
NJOBS=500
LIST=/afs/cern.ch/user/c/charlesf/cmssw-dev/CMSSW_15_0_15/src/Run3DimuonAnalysisTools/Crab/all_mmgTree_files.txt
OUTDIR=/eos/user/c/charlesf/www/dark_photon/root
Opening list of input files /afs/cern.ch/user/c/charlesf/cmssw-dev/CMSSW_15_0_15/src/Run3DimuonAnalysisTools/Crab/all_mmgTree_files.txt
	Found 11350 items in list
	Job 475 of 500 has files (10759, 10782], using all 23 files
	Using redirector root://cms-xrd-global.cern.ch/
[job 475/500] adding file 1/23: root://cms-xrd-global.cern.ch//store/user/charlesf/ParkingDoubleMuonLowMass7/crab_muMuGamma_24Jul26_ParkingDoubleMuonLowMass7Run2025F-PromptReco-v2/260727_192641/0000/mmgTree_224.root
[job 475/500] adding file 2/23: root://cms-xrd-global.cern.ch//store/user/charlesf/ParkingDoubleMuonLowMass7/crab_muMuGamma_24Jul26_ParkingDoubleMuonLowMass7Run2025F-PromptReco-v2/260727_192641/0000/mmgTree_225.root
[job 475/500] adding file 3/23: root://cms-xrd-global.cern.ch//store/user/charlesf/ParkingDoubleMuonLowMass7/crab_muMuGamma_24Jul26_ParkingDoubleMuonLowMass7Run2025F-PromptReco-v2/260727_192641/0000/mmgTree_226.root
[job 475/500] adding file 4/23: root://cms-xrd-global.cern.ch//store/user/charlesf/ParkingDoubleMuonLowMass7/crab_muMuGamma_24Jul26_ParkingDoubleMuonLowMass7Run2025F-PromptReco-v2/260727_192641/0000/mmgTree_227.root
[job 475/500] adding file 5/23: root://cms-xrd-global.cern.ch//store/user/charlesf/ParkingDoubleMuonLowMass7/crab_muMuGamma_24Jul26_ParkingDoubleMuonLowMass7Run2025F-PromptReco-v2/260727_192641/0000/mmgTree_229.root
[job 475/500] adding file 6/23: root://cms-xrd-global.cern.ch//store/user/charlesf/ParkingDoubleMuonLowMass7/crab_muMuGamma_24Jul26_ParkingDoubleMuonLowMass7Run2025F-PromptReco-v2/260727_192641/0000/mmgTree_23.root
[job 475/500] adding file 7/23: root://cms-xrd-global.cern.ch//store/user/charlesf/ParkingDoubleMuonLowMass7/crab_muMuGamma_24Jul26_ParkingDoubleMuonLowMass7Run2025F-PromptReco-v2/260727_192641/0000/mmgTree_230.root
[job 475/500] adding file 8/23: root://cms-xrd-global.cern.ch//store/user/charlesf/ParkingDoubleMuonLowMass7/crab_muMuGamma_24Jul26_ParkingDoubleMuonLowMass7Run2025F-PromptReco-v2/260727_192641/0000/mmgTree_231.root
[job 475/500] adding file 9/23: root://cms-xrd-global.cern.ch//store/user/charlesf/ParkingDoubleMuonLowMass7/crab_muMuGamma_24Jul26_ParkingDoubleMuonLowMass7Run2025F-PromptReco-v2/260727_192641/0000/mmgTree_232.root
[job 475/500] adding file 10/23: root://cms-xrd-global.cern.ch//store/user/charlesf/ParkingDoubleMuonLowMass7/crab_muMuGamma_24Jul26_ParkingDoubleMuonLowMass7Run2025F-PromptReco-v2/260727_192641/0000/mmgTree_233.root
[job 475/500] adding file 11/23: root://cms-xrd-global.cern.ch//store/user/charlesf/ParkingDoubleMuonLowMass7/crab_muMuGamma_24Jul26_ParkingDoubleMuonLowMass7Run2025F-PromptReco-v2/260727_192641/0000/mmgTree_234.root
[job 475/500] adding file 12/23: root://cms-xrd-global.cern.ch//store/user/charlesf/ParkingDoubleMuonLowMass7/crab_muMuGamma_24Jul26_ParkingDoubleMuonLowMass7Run2025F-PromptReco-v2/260727_192641/0000/mmgTree_235.root
[job 475/500] adding file 13/23: root://cms-xrd-global.cern.ch//store/user/charlesf/ParkingDoubleMuonLowMass7/crab_muMuGamma_24Jul26_ParkingDoubleMuonLowMass7Run2025F-PromptReco-v2/260727_192641/0000/mmgTree_236.root
[job 475/500] adding file 14/23: root://cms-xrd-global.cern.ch//store/user/charlesf/ParkingDoubleMuonLowMass7/crab_muMuGamma_24Jul26_ParkingDoubleMuonLowMass7Run2025F-PromptReco-v2/260727_192641/0000/mmgTree_237.root
[job 475/500] adding file 15/23: root://cms-xrd-global.cern.ch//store/user/charlesf/ParkingDoubleMuonLowMass7/crab_muMuGamma_24Jul26_ParkingDoubleMuonLowMass7Run2025F-PromptReco-v2/260727_192641/0000/mmgTree_238.root
[job 475/500] adding file 16/23: root://cms-xrd-global.cern.ch//store/user/charlesf/ParkingDoubleMuonLowMass7/crab_muMuGamma_24Jul26_ParkingDoubleMuonLowMass7Run2025F-PromptReco-v2/260727_192641/0000/mmgTree_239.root
[job 475/500] adding file 17/23: root://cms-xrd-global.cern.ch//store/user/charlesf/ParkingDoubleMuonLowMass7/crab_muMuGamma_24Jul26_ParkingDoubleMuonLowMass7Run2025F-PromptReco-v2/260727_192641/0000/mmgTree_24.root
[job 475/500] adding file 18/23: root://cms-xrd-global.cern.ch//store/user/charlesf/ParkingDoubleMuonLowMass7/crab_muMuGamma_24Jul26_ParkingDoubleMuonLowMass7Run2025F-PromptReco-v2/260727_192641/0000/mmgTree_240.root
[job 475/500] adding file 19/23: root://cms-xrd-global.cern.ch//store/user/charlesf/ParkingDoubleMuonLowMass7/crab_muMuGamma_24Jul26_ParkingDoubleMuonLowMass7Run2025F-PromptReco-v2/260727_192641/0000/mmgTree_241.root
[job 475/500] adding file 20/23: root://cms-xrd-global.cern.ch//store/user/charlesf/ParkingDoubleMuonLowMass7/crab_muMuGamma_24Jul26_ParkingDoubleMuonLowMass7Run2025F-PromptReco-v2/260727_192641/0000/mmgTree_242.root
[job 475/500] adding file 21/23: root://cms-xrd-global.cern.ch//store/user/charlesf/ParkingDoubleMuonLowMass7/crab_muMuGamma_24Jul26_ParkingDoubleMuonLowMass7Run2025F-PromptReco-v2/260727_192641/0000/mmgTree_243.root
[job 475/500] adding file 22/23: root://cms-xrd-global.cern.ch//store/user/charlesf/ParkingDoubleMuonLowMass7/crab_muMuGamma_24Jul26_ParkingDoubleMuonLowMass7Run2025F-PromptReco-v2/260727_192641/0000/mmgTree_244.root
[job 475/500] adding file 23/23: root://cms-xrd-global.cern.ch//store/user/charlesf/ParkingDoubleMuonLowMass7/crab_muMuGamma_24Jul26_ParkingDoubleMuonLowMass7Run2025F-PromptReco-v2/260727_192641/0000/mmgTree_245.root
Finished building TChain
Total entries: 5854722
Creating /eos/user/c/charlesf/www/dark_photon/root/histos_475.root
Processing events...
mumu_mass < 0.6 event 0
mumu_mass < 0.6 event 100000
mumu_mass < 0.6 event 200000
mumu_mass < 0.6 event 300000
mumu_mass < 0.6 event 400000
Saving histograms...
	Saving Cat_2_bb_SR to /eos/user/c/charlesf/www/dark_photon/root/histos_475.root with 17654.0 entries
	Saving Cat_5_bb_SR to /eos/user/c/charlesf/www/dark_photon/root/histos_475.root with 17837.0 entries
	Saving Cat_6_bb_CR to /eos/user/c/charlesf/www/dark_photon/root/histos_475.root with 10008.0 entries
	Saving Cat_2_ee_SR to /eos/user/c/charlesf/www/dark_photon/root/histos_475.root with 13136.0 entries
	Saving Cat_10_bb_SR to /eos/user/c/charlesf/www/dark_photon/root/histos_475.root with 22538.0 entries
	Saving Cat_6_bb_SR to /eos/user/c/charlesf/www/dark_photon/root/histos_475.root with 17507.0 entries
	Saving Cat_1_bb_CR to /eos/user/c/charlesf/www/dark_photon/root/histos_475.root with 9304.0 entries
	Saving Cat_4_bb_SR to /eos/user/c/charlesf/www/dark_photon/root/histos_475.root with 17036.0 entries
	Saving Cat_9_bb_SR to /eos/user/c/charlesf/www/dark_photon/root/histos_475.root with 19101.0 entries
	Saving Cat_8_bb_SR to /eos/user/c/charlesf/www/dark_photon/root/histos_475.root with 19431.0 entries
	Saving Cat_5_ee_SR to /eos/user/c/charlesf/www/dark_photon/root/histos_475.root with 21894.0 entries
	Saving Cat_1_bb_SR to /eos/user/c/charlesf/www/dark_photon/root/histos_475.root with 17305.0 entries
	Saving Cat_4_bb_CR to /eos/user/c/charlesf/www/dark_photon/root/histos_475.root with 9908.0 entries
	Saving Cat_8_bb_CR to /eos/user/c/charlesf/www/dark_photon/root/histos_475.root with 10178.0 entries
	Saving Cat_1_ee_SR to /eos/user/c/charlesf/www/dark_photon/root/histos_475.root with 7356.0 entries
	Saving Cat_9_bb_CR to /eos/user/c/charlesf/www/dark_photon/root/histos_475.root with 9348.0 entries
	Saving Cat_7_bb_SR to /eos/user/c/charlesf/www/dark_photon/root/histos_475.root with 18817.0 entries
	Saving Cat_1_ee_CR to /eos/user/c/charlesf/www/dark_photon/root/histos_475.root with 4064.0 entries
	Saving Cat_3_bb_SR to /eos/user/c/charlesf/www/dark_photon/root/histos_475.root with 18085.0 entries
	Saving Cat_7_bb_CR to /eos/user/c/charlesf/www/dark_photon/root/histos_475.root with 10324.0 entries
	Saving Cat_4_ee_CR to /eos/user/c/charlesf/www/dark_photon/root/histos_475.root with 7971.0 entries
	Saving Cat_3_ee_SR to /eos/user/c/charlesf/www/dark_photon/root/histos_475.root with 14743.0 entries
	Saving Cat_3_ee_CR to /eos/user/c/charlesf/www/dark_photon/root/histos_475.root with 7297.0 entries
	Saving Cat_0_bb_CR to /eos/user/c/charlesf/www/dark_photon/root/histos_475.root with 884.0 entries
	Saving Cat_4_ee_SR to /eos/user/c/charlesf/www/dark_photon/root/histos_475.root with 17052.0 entries
	Saving Cat_3_bb_CR to /eos/user/c/charlesf/www/dark_photon/root/histos_475.root with 10285.0 entries
	Saving Cat_2_bb_CR to /eos/user/c/charlesf/www/dark_photon/root/histos_475.root with 9857.0 entries
	Saving Cat_5_bb_CR to /eos/user/c/charlesf/www/dark_photon/root/histos_475.root with 10253.0 entries
	Saving Cat_10_bb_CR to /eos/user/c/charlesf/www/dark_photon/root/histos_475.root with 9918.0 entries
	Saving Cat_2_ee_CR to /eos/user/c/charlesf/www/dark_photon/root/histos_475.root with 6237.0 entries
	Saving Cat_5_ee_CR to /eos/user/c/charlesf/www/dark_photon/root/histos_475.root with 10117.0 entries
	Saving Cat_0_bb_SR to /eos/user/c/charlesf/www/dark_photon/root/histos_475.root with 594.0 entries
	Saving Cat_0_ee_SR to /eos/user/c/charlesf/www/dark_photon/root/histos_475.root with 78.0 entries
	Saving Cat_0_ee_CR to /eos/user/c/charlesf/www/dark_photon/root/histos_475.root with 350.0 entries
Finished job 475/500 at Thu Aug  6 22:20:52 CEST 2026
