Host: b9p30p9269.cern.ch
Date: Thu Aug  6 10:12:32 PM CEST 2026
PROCID=393
JOB=394
NJOBS=500
LIST=/afs/cern.ch/user/c/charlesf/cmssw-dev/CMSSW_15_0_15/src/Run3DimuonAnalysisTools/Crab/all_mmgTree_files.txt
OUTDIR=/eos/user/c/charlesf/www/dark_photon/root
Opening list of input files /afs/cern.ch/user/c/charlesf/cmssw-dev/CMSSW_15_0_15/src/Run3DimuonAnalysisTools/Crab/all_mmgTree_files.txt
	Found 11350 items in list
	Job 394 of 500 has files (8921, 8943], using all 22 files
	Using redirector root://cms-xrd-global.cern.ch/
[job 394/500] adding file 1/22: root://cms-xrd-global.cern.ch//store/user/charlesf/ParkingDoubleMuonLowMass6/crab_muMuGamma_24Jul26_ParkingDoubleMuonLowMass6Run2025C-PromptReco-v2/260727_192429/0000/mmgTree_112.root
[job 394/500] adding file 2/22: root://cms-xrd-global.cern.ch//store/user/charlesf/ParkingDoubleMuonLowMass6/crab_muMuGamma_24Jul26_ParkingDoubleMuonLowMass6Run2025C-PromptReco-v2/260727_192429/0000/mmgTree_113.root
[job 394/500] adding file 3/22: root://cms-xrd-global.cern.ch//store/user/charlesf/ParkingDoubleMuonLowMass6/crab_muMuGamma_24Jul26_ParkingDoubleMuonLowMass6Run2025C-PromptReco-v2/260727_192429/0000/mmgTree_114.root
[job 394/500] adding file 4/22: root://cms-xrd-global.cern.ch//store/user/charlesf/ParkingDoubleMuonLowMass6/crab_muMuGamma_24Jul26_ParkingDoubleMuonLowMass6Run2025C-PromptReco-v2/260727_192429/0000/mmgTree_115.root
[job 394/500] adding file 5/22: root://cms-xrd-global.cern.ch//store/user/charlesf/ParkingDoubleMuonLowMass6/crab_muMuGamma_24Jul26_ParkingDoubleMuonLowMass6Run2025C-PromptReco-v2/260727_192429/0000/mmgTree_116.root
[job 394/500] adding file 6/22: root://cms-xrd-global.cern.ch//store/user/charlesf/ParkingDoubleMuonLowMass6/crab_muMuGamma_24Jul26_ParkingDoubleMuonLowMass6Run2025C-PromptReco-v2/260727_192429/0000/mmgTree_117.root
[job 394/500] adding file 7/22: root://cms-xrd-global.cern.ch//store/user/charlesf/ParkingDoubleMuonLowMass6/crab_muMuGamma_24Jul26_ParkingDoubleMuonLowMass6Run2025C-PromptReco-v2/260727_192429/0000/mmgTree_118.root
[job 394/500] adding file 8/22: root://cms-xrd-global.cern.ch//store/user/charlesf/ParkingDoubleMuonLowMass6/crab_muMuGamma_24Jul26_ParkingDoubleMuonLowMass6Run2025C-PromptReco-v2/260727_192429/0000/mmgTree_119.root
[job 394/500] adding file 9/22: root://cms-xrd-global.cern.ch//store/user/charlesf/ParkingDoubleMuonLowMass6/crab_muMuGamma_24Jul26_ParkingDoubleMuonLowMass6Run2025C-PromptReco-v2/260727_192429/0000/mmgTree_12.root
[job 394/500] adding file 10/22: root://cms-xrd-global.cern.ch//store/user/charlesf/ParkingDoubleMuonLowMass6/crab_muMuGamma_24Jul26_ParkingDoubleMuonLowMass6Run2025C-PromptReco-v2/260727_192429/0000/mmgTree_120.root
[job 394/500] adding file 11/22: root://cms-xrd-global.cern.ch//store/user/charlesf/ParkingDoubleMuonLowMass6/crab_muMuGamma_24Jul26_ParkingDoubleMuonLowMass6Run2025C-PromptReco-v2/260727_192429/0000/mmgTree_121.root
[job 394/500] adding file 12/22: root://cms-xrd-global.cern.ch//store/user/charlesf/ParkingDoubleMuonLowMass6/crab_muMuGamma_24Jul26_ParkingDoubleMuonLowMass6Run2025C-PromptReco-v2/260727_192429/0000/mmgTree_122.root
[job 394/500] adding file 13/22: root://cms-xrd-global.cern.ch//store/user/charlesf/ParkingDoubleMuonLowMass6/crab_muMuGamma_24Jul26_ParkingDoubleMuonLowMass6Run2025C-PromptReco-v2/260727_192429/0000/mmgTree_123.root
[job 394/500] adding file 14/22: root://cms-xrd-global.cern.ch//store/user/charlesf/ParkingDoubleMuonLowMass6/crab_muMuGamma_24Jul26_ParkingDoubleMuonLowMass6Run2025C-PromptReco-v2/260727_192429/0000/mmgTree_124.root
[job 394/500] adding file 15/22: root://cms-xrd-global.cern.ch//store/user/charlesf/ParkingDoubleMuonLowMass6/crab_muMuGamma_24Jul26_ParkingDoubleMuonLowMass6Run2025C-PromptReco-v2/260727_192429/0000/mmgTree_125.root
[job 394/500] adding file 16/22: root://cms-xrd-global.cern.ch//store/user/charlesf/ParkingDoubleMuonLowMass6/crab_muMuGamma_24Jul26_ParkingDoubleMuonLowMass6Run2025C-PromptReco-v2/260727_192429/0000/mmgTree_126.root
[job 394/500] adding file 17/22: root://cms-xrd-global.cern.ch//store/user/charlesf/ParkingDoubleMuonLowMass6/crab_muMuGamma_24Jul26_ParkingDoubleMuonLowMass6Run2025C-PromptReco-v2/260727_192429/0000/mmgTree_127.root
[job 394/500] adding file 18/22: root://cms-xrd-global.cern.ch//store/user/charlesf/ParkingDoubleMuonLowMass6/crab_muMuGamma_24Jul26_ParkingDoubleMuonLowMass6Run2025C-PromptReco-v2/260727_192429/0000/mmgTree_128.root
[job 394/500] adding file 19/22: root://cms-xrd-global.cern.ch//store/user/charlesf/ParkingDoubleMuonLowMass6/crab_muMuGamma_24Jul26_ParkingDoubleMuonLowMass6Run2025C-PromptReco-v2/260727_192429/0000/mmgTree_129.root
[job 394/500] adding file 20/22: root://cms-xrd-global.cern.ch//store/user/charlesf/ParkingDoubleMuonLowMass6/crab_muMuGamma_24Jul26_ParkingDoubleMuonLowMass6Run2025C-PromptReco-v2/260727_192429/0000/mmgTree_13.root
[job 394/500] adding file 21/22: root://cms-xrd-global.cern.ch//store/user/charlesf/ParkingDoubleMuonLowMass6/crab_muMuGamma_24Jul26_ParkingDoubleMuonLowMass6Run2025C-PromptReco-v2/260727_192429/0000/mmgTree_130.root
[job 394/500] adding file 22/22: root://cms-xrd-global.cern.ch//store/user/charlesf/ParkingDoubleMuonLowMass6/crab_muMuGamma_24Jul26_ParkingDoubleMuonLowMass6Run2025C-PromptReco-v2/260727_192429/0000/mmgTree_131.root
Finished building TChain
Total entries: 8521318
Creating /eos/user/c/charlesf/www/dark_photon/root/histos_394.root
Processing events...
mumu_mass < 0.6 event 0
mumu_mass < 0.6 event 100000
mumu_mass < 0.6 event 200000
mumu_mass < 0.6 event 300000
mumu_mass < 0.6 event 400000
mumu_mass < 0.6 event 500000
mumu_mass < 0.6 event 600000
Saving histograms...
	Saving Cat_3_ee_SR to /eos/user/c/charlesf/www/dark_photon/root/histos_394.root with 28534.0 entries
	Saving Cat_2_bb_CR to /eos/user/c/charlesf/www/dark_photon/root/histos_394.root with 14187.0 entries
	Saving Cat_6_bb_SR to /eos/user/c/charlesf/www/dark_photon/root/histos_394.root with 25846.0 entries
	Saving Cat_5_ee_SR to /eos/user/c/charlesf/www/dark_photon/root/histos_394.root with 34563.0 entries
	Saving Cat_9_bb_CR to /eos/user/c/charlesf/www/dark_photon/root/histos_394.root with 12296.0 entries
	Saving Cat_3_bb_SR to /eos/user/c/charlesf/www/dark_photon/root/histos_394.root with 27208.0 entries
	Saving Cat_1_ee_CR to /eos/user/c/charlesf/www/dark_photon/root/histos_394.root with 13767.0 entries
	Saving Cat_1_bb_SR to /eos/user/c/charlesf/www/dark_photon/root/histos_394.root with 28107.0 entries
	Saving Cat_7_bb_SR to /eos/user/c/charlesf/www/dark_photon/root/histos_394.root with 27500.0 entries
	Saving Cat_10_bb_SR to /eos/user/c/charlesf/www/dark_photon/root/histos_394.root with 32250.0 entries
	Saving Cat_8_bb_SR to /eos/user/c/charlesf/www/dark_photon/root/histos_394.root with 28208.0 entries
	Saving Cat_2_bb_SR to /eos/user/c/charlesf/www/dark_photon/root/histos_394.root with 26855.0 entries
	Saving Cat_1_ee_SR to /eos/user/c/charlesf/www/dark_photon/root/histos_394.root with 23463.0 entries
	Saving Cat_2_ee_SR to /eos/user/c/charlesf/www/dark_photon/root/histos_394.root with 29719.0 entries
	Saving Cat_4_ee_SR to /eos/user/c/charlesf/www/dark_photon/root/histos_394.root with 29468.0 entries
	Saving Cat_10_bb_CR to /eos/user/c/charlesf/www/dark_photon/root/histos_394.root with 13137.0 entries
	Saving Cat_4_bb_SR to /eos/user/c/charlesf/www/dark_photon/root/histos_394.root with 25555.0 entries
	Saving Cat_4_ee_CR to /eos/user/c/charlesf/www/dark_photon/root/histos_394.root with 14609.0 entries
	Saving Cat_2_ee_CR to /eos/user/c/charlesf/www/dark_photon/root/histos_394.root with 16151.0 entries
	Saving Cat_7_bb_CR to /eos/user/c/charlesf/www/dark_photon/root/histos_394.root with 13635.0 entries
	Saving Cat_5_bb_SR to /eos/user/c/charlesf/www/dark_photon/root/histos_394.root with 25895.0 entries
	Saving Cat_3_bb_CR to /eos/user/c/charlesf/www/dark_photon/root/histos_394.root with 14372.0 entries
	Saving Cat_8_bb_CR to /eos/user/c/charlesf/www/dark_photon/root/histos_394.root with 13597.0 entries
	Saving Cat_9_bb_SR to /eos/user/c/charlesf/www/dark_photon/root/histos_394.root with 27814.0 entries
	Saving Cat_4_bb_CR to /eos/user/c/charlesf/www/dark_photon/root/histos_394.root with 13720.0 entries
	Saving Cat_1_bb_CR to /eos/user/c/charlesf/www/dark_photon/root/histos_394.root with 15186.0 entries
	Saving Cat_3_ee_CR to /eos/user/c/charlesf/www/dark_photon/root/histos_394.root with 14927.0 entries
	Saving Cat_5_bb_CR to /eos/user/c/charlesf/www/dark_photon/root/histos_394.root with 13770.0 entries
	Saving Cat_5_ee_CR to /eos/user/c/charlesf/www/dark_photon/root/histos_394.root with 16208.0 entries
	Saving Cat_6_bb_CR to /eos/user/c/charlesf/www/dark_photon/root/histos_394.root with 13438.0 entries
	Saving Cat_0_ee_CR to /eos/user/c/charlesf/www/dark_photon/root/histos_394.root with 1005.0 entries
	Saving Cat_0_bb_SR to /eos/user/c/charlesf/www/dark_photon/root/histos_394.root with 1364.0 entries
	Saving Cat_0_bb_CR to /eos/user/c/charlesf/www/dark_photon/root/histos_394.root with 1665.0 entries
	Saving Cat_0_ee_SR to /eos/user/c/charlesf/www/dark_photon/root/histos_394.root with 286.0 entries
Finished job 394/500 at Thu Aug  6 22:21:49 CEST 2026
