Host: b9p02p6702.cern.ch
Date: Thu Aug  6 10:12:52 PM CEST 2026
PROCID=454
JOB=455
NJOBS=500
LIST=/afs/cern.ch/user/c/charlesf/cmssw-dev/CMSSW_15_0_15/src/Run3DimuonAnalysisTools/Crab/all_mmgTree_files.txt
OUTDIR=/eos/user/c/charlesf/www/dark_photon/root
Opening list of input files /afs/cern.ch/user/c/charlesf/cmssw-dev/CMSSW_15_0_15/src/Run3DimuonAnalysisTools/Crab/all_mmgTree_files.txt
	Found 11350 items in list
	Job 455 of 500 has files (10305, 10328], using all 23 files
	Using redirector root://cms-xrd-global.cern.ch/
[job 455/500] adding file 1/23: root://cms-xrd-global.cern.ch//store/user/charlesf/ParkingDoubleMuonLowMass7/crab_muMuGamma_24Jul26_ParkingDoubleMuonLowMass7Run2025F-PromptReco-v1/260727_192630/0000/mmgTree_195.root
[job 455/500] adding file 2/23: root://cms-xrd-global.cern.ch//store/user/charlesf/ParkingDoubleMuonLowMass7/crab_muMuGamma_24Jul26_ParkingDoubleMuonLowMass7Run2025F-PromptReco-v1/260727_192630/0000/mmgTree_196.root
[job 455/500] adding file 3/23: root://cms-xrd-global.cern.ch//store/user/charlesf/ParkingDoubleMuonLowMass7/crab_muMuGamma_24Jul26_ParkingDoubleMuonLowMass7Run2025F-PromptReco-v1/260727_192630/0000/mmgTree_197.root
[job 455/500] adding file 4/23: root://cms-xrd-global.cern.ch//store/user/charlesf/ParkingDoubleMuonLowMass7/crab_muMuGamma_24Jul26_ParkingDoubleMuonLowMass7Run2025F-PromptReco-v1/260727_192630/0000/mmgTree_198.root
[job 455/500] adding file 5/23: root://cms-xrd-global.cern.ch//store/user/charlesf/ParkingDoubleMuonLowMass7/crab_muMuGamma_24Jul26_ParkingDoubleMuonLowMass7Run2025F-PromptReco-v1/260727_192630/0000/mmgTree_199.root
[job 455/500] adding file 6/23: root://cms-xrd-global.cern.ch//store/user/charlesf/ParkingDoubleMuonLowMass7/crab_muMuGamma_24Jul26_ParkingDoubleMuonLowMass7Run2025F-PromptReco-v1/260727_192630/0000/mmgTree_2.root
[job 455/500] adding file 7/23: root://cms-xrd-global.cern.ch//store/user/charlesf/ParkingDoubleMuonLowMass7/crab_muMuGamma_24Jul26_ParkingDoubleMuonLowMass7Run2025F-PromptReco-v1/260727_192630/0000/mmgTree_20.root
[job 455/500] adding file 8/23: root://cms-xrd-global.cern.ch//store/user/charlesf/ParkingDoubleMuonLowMass7/crab_muMuGamma_24Jul26_ParkingDoubleMuonLowMass7Run2025F-PromptReco-v1/260727_192630/0000/mmgTree_200.root
[job 455/500] adding file 9/23: root://cms-xrd-global.cern.ch//store/user/charlesf/ParkingDoubleMuonLowMass7/crab_muMuGamma_24Jul26_ParkingDoubleMuonLowMass7Run2025F-PromptReco-v1/260727_192630/0000/mmgTree_201.root
[job 455/500] adding file 10/23: root://cms-xrd-global.cern.ch//store/user/charlesf/ParkingDoubleMuonLowMass7/crab_muMuGamma_24Jul26_ParkingDoubleMuonLowMass7Run2025F-PromptReco-v1/260727_192630/0000/mmgTree_202.root
[job 455/500] adding file 11/23: root://cms-xrd-global.cern.ch//store/user/charlesf/ParkingDoubleMuonLowMass7/crab_muMuGamma_24Jul26_ParkingDoubleMuonLowMass7Run2025F-PromptReco-v1/260727_192630/0000/mmgTree_203.root
[job 455/500] adding file 12/23: root://cms-xrd-global.cern.ch//store/user/charlesf/ParkingDoubleMuonLowMass7/crab_muMuGamma_24Jul26_ParkingDoubleMuonLowMass7Run2025F-PromptReco-v1/260727_192630/0000/mmgTree_204.root
[job 455/500] adding file 13/23: root://cms-xrd-global.cern.ch//store/user/charlesf/ParkingDoubleMuonLowMass7/crab_muMuGamma_24Jul26_ParkingDoubleMuonLowMass7Run2025F-PromptReco-v1/260727_192630/0000/mmgTree_205.root
[job 455/500] adding file 14/23: root://cms-xrd-global.cern.ch//store/user/charlesf/ParkingDoubleMuonLowMass7/crab_muMuGamma_24Jul26_ParkingDoubleMuonLowMass7Run2025F-PromptReco-v1/260727_192630/0000/mmgTree_206.root
[job 455/500] adding file 15/23: root://cms-xrd-global.cern.ch//store/user/charlesf/ParkingDoubleMuonLowMass7/crab_muMuGamma_24Jul26_ParkingDoubleMuonLowMass7Run2025F-PromptReco-v1/260727_192630/0000/mmgTree_207.root
[job 455/500] adding file 16/23: root://cms-xrd-global.cern.ch//store/user/charlesf/ParkingDoubleMuonLowMass7/crab_muMuGamma_24Jul26_ParkingDoubleMuonLowMass7Run2025F-PromptReco-v1/260727_192630/0000/mmgTree_208.root
[job 455/500] adding file 17/23: root://cms-xrd-global.cern.ch//store/user/charlesf/ParkingDoubleMuonLowMass7/crab_muMuGamma_24Jul26_ParkingDoubleMuonLowMass7Run2025F-PromptReco-v1/260727_192630/0000/mmgTree_209.root
[job 455/500] adding file 18/23: root://cms-xrd-global.cern.ch//store/user/charlesf/ParkingDoubleMuonLowMass7/crab_muMuGamma_24Jul26_ParkingDoubleMuonLowMass7Run2025F-PromptReco-v1/260727_192630/0000/mmgTree_21.root
[job 455/500] adding file 19/23: root://cms-xrd-global.cern.ch//store/user/charlesf/ParkingDoubleMuonLowMass7/crab_muMuGamma_24Jul26_ParkingDoubleMuonLowMass7Run2025F-PromptReco-v1/260727_192630/0000/mmgTree_210.root
[job 455/500] adding file 20/23: root://cms-xrd-global.cern.ch//store/user/charlesf/ParkingDoubleMuonLowMass7/crab_muMuGamma_24Jul26_ParkingDoubleMuonLowMass7Run2025F-PromptReco-v1/260727_192630/0000/mmgTree_211.root
[job 455/500] adding file 21/23: root://cms-xrd-global.cern.ch//store/user/charlesf/ParkingDoubleMuonLowMass7/crab_muMuGamma_24Jul26_ParkingDoubleMuonLowMass7Run2025F-PromptReco-v1/260727_192630/0000/mmgTree_212.root
[job 455/500] adding file 22/23: root://cms-xrd-global.cern.ch//store/user/charlesf/ParkingDoubleMuonLowMass7/crab_muMuGamma_24Jul26_ParkingDoubleMuonLowMass7Run2025F-PromptReco-v1/260727_192630/0000/mmgTree_213.root
[job 455/500] adding file 23/23: root://cms-xrd-global.cern.ch//store/user/charlesf/ParkingDoubleMuonLowMass7/crab_muMuGamma_24Jul26_ParkingDoubleMuonLowMass7Run2025F-PromptReco-v1/260727_192630/0000/mmgTree_214.root
Finished building TChain
Total entries: 10921924
Creating /eos/user/c/charlesf/www/dark_photon/root/histos_455.root
Processing events...
mumu_mass < 0.6 event 0
mumu_mass < 0.6 event 100000
mumu_mass < 0.6 event 200000
mumu_mass < 0.6 event 300000
mumu_mass < 0.6 event 400000
mumu_mass < 0.6 event 500000
mumu_mass < 0.6 event 600000
mumu_mass < 0.6 event 700000
Saving histograms...
	Saving Cat_3_bb_CR to /eos/user/c/charlesf/www/dark_photon/root/histos_455.root with 18518.0 entries
	Saving Cat_0_bb_CR to /eos/user/c/charlesf/www/dark_photon/root/histos_455.root with 1761.0 entries
	Saving Cat_10_bb_SR to /eos/user/c/charlesf/www/dark_photon/root/histos_455.root with 40795.0 entries
	Saving Cat_5_ee_CR to /eos/user/c/charlesf/www/dark_photon/root/histos_455.root with 18683.0 entries
	Saving Cat_8_bb_SR to /eos/user/c/charlesf/www/dark_photon/root/histos_455.root with 34995.0 entries
	Saving Cat_2_ee_SR to /eos/user/c/charlesf/www/dark_photon/root/histos_455.root with 28159.0 entries
	Saving Cat_1_bb_CR to /eos/user/c/charlesf/www/dark_photon/root/histos_455.root with 17349.0 entries
	Saving Cat_4_ee_CR to /eos/user/c/charlesf/www/dark_photon/root/histos_455.root with 15394.0 entries
	Saving Cat_6_bb_SR to /eos/user/c/charlesf/www/dark_photon/root/histos_455.root with 32617.0 entries
	Saving Cat_6_bb_CR to /eos/user/c/charlesf/www/dark_photon/root/histos_455.root with 17491.0 entries
	Saving Cat_3_ee_CR to /eos/user/c/charlesf/www/dark_photon/root/histos_455.root with 14270.0 entries
	Saving Cat_1_bb_SR to /eos/user/c/charlesf/www/dark_photon/root/histos_455.root with 32269.0 entries
	Saving Cat_2_ee_CR to /eos/user/c/charlesf/www/dark_photon/root/histos_455.root with 13791.0 entries
	Saving Cat_4_ee_SR to /eos/user/c/charlesf/www/dark_photon/root/histos_455.root with 34062.0 entries
	Saving Cat_10_bb_CR to /eos/user/c/charlesf/www/dark_photon/root/histos_455.root with 17171.0 entries
	Saving Cat_9_bb_CR to /eos/user/c/charlesf/www/dark_photon/root/histos_455.root with 16154.0 entries
	Saving Cat_3_ee_SR to /eos/user/c/charlesf/www/dark_photon/root/histos_455.root with 30342.0 entries
	Saving Cat_5_bb_CR to /eos/user/c/charlesf/www/dark_photon/root/histos_455.root with 18033.0 entries
	Saving Cat_5_ee_SR to /eos/user/c/charlesf/www/dark_photon/root/histos_455.root with 42867.0 entries
	Saving Cat_1_ee_SR to /eos/user/c/charlesf/www/dark_photon/root/histos_455.root with 18175.0 entries
	Saving Cat_4_bb_CR to /eos/user/c/charlesf/www/dark_photon/root/histos_455.root with 17374.0 entries
	Saving Cat_3_bb_SR to /eos/user/c/charlesf/www/dark_photon/root/histos_455.root with 32887.0 entries
	Saving Cat_8_bb_CR to /eos/user/c/charlesf/www/dark_photon/root/histos_455.root with 17710.0 entries
	Saving Cat_7_bb_SR to /eos/user/c/charlesf/www/dark_photon/root/histos_455.root with 34462.0 entries
	Saving Cat_7_bb_CR to /eos/user/c/charlesf/www/dark_photon/root/histos_455.root with 17766.0 entries
	Saving Cat_9_bb_SR to /eos/user/c/charlesf/www/dark_photon/root/histos_455.root with 35265.0 entries
	Saving Cat_5_bb_SR to /eos/user/c/charlesf/www/dark_photon/root/histos_455.root with 32318.0 entries
	Saving Cat_1_ee_CR to /eos/user/c/charlesf/www/dark_photon/root/histos_455.root with 10038.0 entries
	Saving Cat_2_bb_SR to /eos/user/c/charlesf/www/dark_photon/root/histos_455.root with 32714.0 entries
	Saving Cat_2_bb_CR to /eos/user/c/charlesf/www/dark_photon/root/histos_455.root with 17719.0 entries
	Saving Cat_4_bb_SR to /eos/user/c/charlesf/www/dark_photon/root/histos_455.root with 31387.0 entries
	Saving Cat_0_bb_SR to /eos/user/c/charlesf/www/dark_photon/root/histos_455.root with 1181.0 entries
	Saving Cat_0_ee_CR to /eos/user/c/charlesf/www/dark_photon/root/histos_455.root with 820.0 entries
	Saving Cat_0_ee_SR to /eos/user/c/charlesf/www/dark_photon/root/histos_455.root with 190.0 entries
Finished job 455/500 at Thu Aug  6 22:22:57 CEST 2026
