Host: b9g03p3647.cern.ch
Date: Thu Aug  6 10:12:18 PM CEST 2026
PROCID=358
JOB=359
NJOBS=500
LIST=/afs/cern.ch/user/c/charlesf/cmssw-dev/CMSSW_15_0_15/src/Run3DimuonAnalysisTools/Crab/all_mmgTree_files.txt
OUTDIR=/eos/user/c/charlesf/www/dark_photon/root
Opening list of input files /afs/cern.ch/user/c/charlesf/cmssw-dev/CMSSW_15_0_15/src/Run3DimuonAnalysisTools/Crab/all_mmgTree_files.txt
	Found 11350 items in list
	Job 359 of 500 has files (8126, 8149], using all 23 files
	Using redirector root://cms-xrd-global.cern.ch/
[job 359/500] adding file 1/23: root://cms-xrd-global.cern.ch//store/user/charlesf/ParkingDoubleMuonLowMass5/crab_muMuGamma_24Jul26_ParkingDoubleMuonLowMass5Run2025F-PromptReco-v1/260727_192342/0000/mmgTree_396.root
[job 359/500] adding file 2/23: root://cms-xrd-global.cern.ch//store/user/charlesf/ParkingDoubleMuonLowMass5/crab_muMuGamma_24Jul26_ParkingDoubleMuonLowMass5Run2025F-PromptReco-v1/260727_192342/0000/mmgTree_397.root
[job 359/500] adding file 3/23: root://cms-xrd-global.cern.ch//store/user/charlesf/ParkingDoubleMuonLowMass5/crab_muMuGamma_24Jul26_ParkingDoubleMuonLowMass5Run2025F-PromptReco-v1/260727_192342/0000/mmgTree_398.root
[job 359/500] adding file 4/23: root://cms-xrd-global.cern.ch//store/user/charlesf/ParkingDoubleMuonLowMass5/crab_muMuGamma_24Jul26_ParkingDoubleMuonLowMass5Run2025F-PromptReco-v1/260727_192342/0000/mmgTree_399.root
[job 359/500] adding file 5/23: root://cms-xrd-global.cern.ch//store/user/charlesf/ParkingDoubleMuonLowMass5/crab_muMuGamma_24Jul26_ParkingDoubleMuonLowMass5Run2025F-PromptReco-v1/260727_192342/0000/mmgTree_4.root
[job 359/500] adding file 6/23: root://cms-xrd-global.cern.ch//store/user/charlesf/ParkingDoubleMuonLowMass5/crab_muMuGamma_24Jul26_ParkingDoubleMuonLowMass5Run2025F-PromptReco-v1/260727_192342/0000/mmgTree_40.root
[job 359/500] adding file 7/23: root://cms-xrd-global.cern.ch//store/user/charlesf/ParkingDoubleMuonLowMass5/crab_muMuGamma_24Jul26_ParkingDoubleMuonLowMass5Run2025F-PromptReco-v1/260727_192342/0000/mmgTree_400.root
[job 359/500] adding file 8/23: root://cms-xrd-global.cern.ch//store/user/charlesf/ParkingDoubleMuonLowMass5/crab_muMuGamma_24Jul26_ParkingDoubleMuonLowMass5Run2025F-PromptReco-v1/260727_192342/0000/mmgTree_401.root
[job 359/500] adding file 9/23: root://cms-xrd-global.cern.ch//store/user/charlesf/ParkingDoubleMuonLowMass5/crab_muMuGamma_24Jul26_ParkingDoubleMuonLowMass5Run2025F-PromptReco-v1/260727_192342/0000/mmgTree_402.root
[job 359/500] adding file 10/23: root://cms-xrd-global.cern.ch//store/user/charlesf/ParkingDoubleMuonLowMass5/crab_muMuGamma_24Jul26_ParkingDoubleMuonLowMass5Run2025F-PromptReco-v1/260727_192342/0000/mmgTree_403.root
[job 359/500] adding file 11/23: root://cms-xrd-global.cern.ch//store/user/charlesf/ParkingDoubleMuonLowMass5/crab_muMuGamma_24Jul26_ParkingDoubleMuonLowMass5Run2025F-PromptReco-v1/260727_192342/0000/mmgTree_404.root
[job 359/500] adding file 12/23: root://cms-xrd-global.cern.ch//store/user/charlesf/ParkingDoubleMuonLowMass5/crab_muMuGamma_24Jul26_ParkingDoubleMuonLowMass5Run2025F-PromptReco-v1/260727_192342/0000/mmgTree_405.root
[job 359/500] adding file 13/23: root://cms-xrd-global.cern.ch//store/user/charlesf/ParkingDoubleMuonLowMass5/crab_muMuGamma_24Jul26_ParkingDoubleMuonLowMass5Run2025F-PromptReco-v1/260727_192342/0000/mmgTree_406.root
[job 359/500] adding file 14/23: root://cms-xrd-global.cern.ch//store/user/charlesf/ParkingDoubleMuonLowMass5/crab_muMuGamma_24Jul26_ParkingDoubleMuonLowMass5Run2025F-PromptReco-v1/260727_192342/0000/mmgTree_407.root
[job 359/500] adding file 15/23: root://cms-xrd-global.cern.ch//store/user/charlesf/ParkingDoubleMuonLowMass5/crab_muMuGamma_24Jul26_ParkingDoubleMuonLowMass5Run2025F-PromptReco-v1/260727_192342/0000/mmgTree_408.root
[job 359/500] adding file 16/23: root://cms-xrd-global.cern.ch//store/user/charlesf/ParkingDoubleMuonLowMass5/crab_muMuGamma_24Jul26_ParkingDoubleMuonLowMass5Run2025F-PromptReco-v1/260727_192342/0000/mmgTree_409.root
[job 359/500] adding file 17/23: root://cms-xrd-global.cern.ch//store/user/charlesf/ParkingDoubleMuonLowMass5/crab_muMuGamma_24Jul26_ParkingDoubleMuonLowMass5Run2025F-PromptReco-v1/260727_192342/0000/mmgTree_41.root
[job 359/500] adding file 18/23: root://cms-xrd-global.cern.ch//store/user/charlesf/ParkingDoubleMuonLowMass5/crab_muMuGamma_24Jul26_ParkingDoubleMuonLowMass5Run2025F-PromptReco-v1/260727_192342/0000/mmgTree_410.root
[job 359/500] adding file 19/23: root://cms-xrd-global.cern.ch//store/user/charlesf/ParkingDoubleMuonLowMass5/crab_muMuGamma_24Jul26_ParkingDoubleMuonLowMass5Run2025F-PromptReco-v1/260727_192342/0000/mmgTree_411.root
[job 359/500] adding file 20/23: root://cms-xrd-global.cern.ch//store/user/charlesf/ParkingDoubleMuonLowMass5/crab_muMuGamma_24Jul26_ParkingDoubleMuonLowMass5Run2025F-PromptReco-v1/260727_192342/0000/mmgTree_412.root
[job 359/500] adding file 21/23: root://cms-xrd-global.cern.ch//store/user/charlesf/ParkingDoubleMuonLowMass5/crab_muMuGamma_24Jul26_ParkingDoubleMuonLowMass5Run2025F-PromptReco-v1/260727_192342/0000/mmgTree_413.root
[job 359/500] adding file 22/23: root://cms-xrd-global.cern.ch//store/user/charlesf/ParkingDoubleMuonLowMass5/crab_muMuGamma_24Jul26_ParkingDoubleMuonLowMass5Run2025F-PromptReco-v1/260727_192342/0000/mmgTree_414.root
[job 359/500] adding file 23/23: root://cms-xrd-global.cern.ch//store/user/charlesf/ParkingDoubleMuonLowMass5/crab_muMuGamma_24Jul26_ParkingDoubleMuonLowMass5Run2025F-PromptReco-v1/260727_192342/0000/mmgTree_415.root
Finished building TChain
Total entries: 9276843
Creating /eos/user/c/charlesf/www/dark_photon/root/histos_359.root
Processing events...
mumu_mass < 0.6 event 0
mumu_mass < 0.6 event 100000
mumu_mass < 0.6 event 200000
mumu_mass < 0.6 event 300000
mumu_mass < 0.6 event 400000
mumu_mass < 0.6 event 500000
mumu_mass < 0.6 event 600000
Saving histograms...
	Saving Cat_8_bb_SR to /eos/user/c/charlesf/www/dark_photon/root/histos_359.root with 30408.0 entries
	Saving Cat_4_bb_CR to /eos/user/c/charlesf/www/dark_photon/root/histos_359.root with 14992.0 entries
	Saving Cat_9_bb_SR to /eos/user/c/charlesf/www/dark_photon/root/histos_359.root with 29683.0 entries
	Saving Cat_6_bb_SR to /eos/user/c/charlesf/www/dark_photon/root/histos_359.root with 27730.0 entries
	Saving Cat_3_bb_CR to /eos/user/c/charlesf/www/dark_photon/root/histos_359.root with 15737.0 entries
	Saving Cat_4_ee_SR to /eos/user/c/charlesf/www/dark_photon/root/histos_359.root with 27625.0 entries
	Saving Cat_3_bb_SR to /eos/user/c/charlesf/www/dark_photon/root/histos_359.root with 27992.0 entries
	Saving Cat_7_bb_SR to /eos/user/c/charlesf/www/dark_photon/root/histos_359.root with 29235.0 entries
	Saving Cat_8_bb_CR to /eos/user/c/charlesf/www/dark_photon/root/histos_359.root with 15245.0 entries
	Saving Cat_5_bb_CR to /eos/user/c/charlesf/www/dark_photon/root/histos_359.root with 15344.0 entries
	Saving Cat_2_bb_SR to /eos/user/c/charlesf/www/dark_photon/root/histos_359.root with 27567.0 entries
	Saving Cat_10_bb_CR to /eos/user/c/charlesf/www/dark_photon/root/histos_359.root with 15193.0 entries
	Saving Cat_5_bb_SR to /eos/user/c/charlesf/www/dark_photon/root/histos_359.root with 27247.0 entries
	Saving Cat_2_ee_SR to /eos/user/c/charlesf/www/dark_photon/root/histos_359.root with 22847.0 entries
	Saving Cat_5_ee_CR to /eos/user/c/charlesf/www/dark_photon/root/histos_359.root with 15481.0 entries
	Saving Cat_10_bb_SR to /eos/user/c/charlesf/www/dark_photon/root/histos_359.root with 34792.0 entries
	Saving Cat_1_bb_CR to /eos/user/c/charlesf/www/dark_photon/root/histos_359.root with 14982.0 entries
	Saving Cat_9_bb_CR to /eos/user/c/charlesf/www/dark_photon/root/histos_359.root with 14263.0 entries
	Saving Cat_6_bb_CR to /eos/user/c/charlesf/www/dark_photon/root/histos_359.root with 14841.0 entries
	Saving Cat_5_ee_SR to /eos/user/c/charlesf/www/dark_photon/root/histos_359.root with 34434.0 entries
	Saving Cat_2_ee_CR to /eos/user/c/charlesf/www/dark_photon/root/histos_359.root with 11498.0 entries
	Saving Cat_4_ee_CR to /eos/user/c/charlesf/www/dark_photon/root/histos_359.root with 12671.0 entries
	Saving Cat_1_bb_SR to /eos/user/c/charlesf/www/dark_photon/root/histos_359.root with 26906.0 entries
	Saving Cat_3_ee_CR to /eos/user/c/charlesf/www/dark_photon/root/histos_359.root with 12152.0 entries
	Saving Cat_2_bb_CR to /eos/user/c/charlesf/www/dark_photon/root/histos_359.root with 15014.0 entries
	Saving Cat_3_ee_SR to /eos/user/c/charlesf/www/dark_photon/root/histos_359.root with 25045.0 entries
	Saving Cat_4_bb_SR to /eos/user/c/charlesf/www/dark_photon/root/histos_359.root with 26719.0 entries
	Saving Cat_1_ee_SR to /eos/user/c/charlesf/www/dark_photon/root/histos_359.root with 14752.0 entries
	Saving Cat_1_ee_CR to /eos/user/c/charlesf/www/dark_photon/root/histos_359.root with 8339.0 entries
	Saving Cat_7_bb_CR to /eos/user/c/charlesf/www/dark_photon/root/histos_359.root with 15528.0 entries
	Saving Cat_0_bb_CR to /eos/user/c/charlesf/www/dark_photon/root/histos_359.root with 1427.0 entries
	Saving Cat_0_ee_CR to /eos/user/c/charlesf/www/dark_photon/root/histos_359.root with 647.0 entries
	Saving Cat_0_ee_SR to /eos/user/c/charlesf/www/dark_photon/root/histos_359.root with 153.0 entries
	Saving Cat_0_bb_SR to /eos/user/c/charlesf/www/dark_photon/root/histos_359.root with 1003.0 entries
Finished job 359/500 at Thu Aug  6 22:22:07 CEST 2026
