Host: b9p22p8944.cern.ch
Date: Thu Aug  6 10:12:35 PM CEST 2026
PROCID=403
JOB=404
NJOBS=500
LIST=/afs/cern.ch/user/c/charlesf/cmssw-dev/CMSSW_15_0_15/src/Run3DimuonAnalysisTools/Crab/all_mmgTree_files.txt
OUTDIR=/eos/user/c/charlesf/www/dark_photon/root
Opening list of input files /afs/cern.ch/user/c/charlesf/cmssw-dev/CMSSW_15_0_15/src/Run3DimuonAnalysisTools/Crab/all_mmgTree_files.txt
	Found 11350 items in list
	Job 404 of 500 has files (9148, 9170], using all 22 files
	Using redirector root://cms-xrd-global.cern.ch/
[job 404/500] adding file 1/22: root://cms-xrd-global.cern.ch//store/user/charlesf/ParkingDoubleMuonLowMass6/crab_muMuGamma_24Jul26_ParkingDoubleMuonLowMass6Run2025E-PromptReco-v1/260727_192456/0000/mmgTree_1-2.root
[job 404/500] adding file 2/22: root://cms-xrd-global.cern.ch//store/user/charlesf/ParkingDoubleMuonLowMass6/crab_muMuGamma_24Jul26_ParkingDoubleMuonLowMass6Run2025E-PromptReco-v1/260727_192456/0000/mmgTree_1-20.root
[job 404/500] adding file 3/22: root://cms-xrd-global.cern.ch//store/user/charlesf/ParkingDoubleMuonLowMass6/crab_muMuGamma_24Jul26_ParkingDoubleMuonLowMass6Run2025E-PromptReco-v1/260727_192456/0000/mmgTree_1-21.root
[job 404/500] adding file 4/22: root://cms-xrd-global.cern.ch//store/user/charlesf/ParkingDoubleMuonLowMass6/crab_muMuGamma_24Jul26_ParkingDoubleMuonLowMass6Run2025E-PromptReco-v1/260727_192456/0000/mmgTree_1-22.root
[job 404/500] adding file 5/22: root://cms-xrd-global.cern.ch//store/user/charlesf/ParkingDoubleMuonLowMass6/crab_muMuGamma_24Jul26_ParkingDoubleMuonLowMass6Run2025E-PromptReco-v1/260727_192456/0000/mmgTree_1-23.root
[job 404/500] adding file 6/22: root://cms-xrd-global.cern.ch//store/user/charlesf/ParkingDoubleMuonLowMass6/crab_muMuGamma_24Jul26_ParkingDoubleMuonLowMass6Run2025E-PromptReco-v1/260727_192456/0000/mmgTree_1-24.root
[job 404/500] adding file 7/22: root://cms-xrd-global.cern.ch//store/user/charlesf/ParkingDoubleMuonLowMass6/crab_muMuGamma_24Jul26_ParkingDoubleMuonLowMass6Run2025E-PromptReco-v1/260727_192456/0000/mmgTree_1-25.root
[job 404/500] adding file 8/22: root://cms-xrd-global.cern.ch//store/user/charlesf/ParkingDoubleMuonLowMass6/crab_muMuGamma_24Jul26_ParkingDoubleMuonLowMass6Run2025E-PromptReco-v1/260727_192456/0000/mmgTree_1-26.root
[job 404/500] adding file 9/22: root://cms-xrd-global.cern.ch//store/user/charlesf/ParkingDoubleMuonLowMass6/crab_muMuGamma_24Jul26_ParkingDoubleMuonLowMass6Run2025E-PromptReco-v1/260727_192456/0000/mmgTree_1-27.root
[job 404/500] adding file 10/22: root://cms-xrd-global.cern.ch//store/user/charlesf/ParkingDoubleMuonLowMass6/crab_muMuGamma_24Jul26_ParkingDoubleMuonLowMass6Run2025E-PromptReco-v1/260727_192456/0000/mmgTree_1-28.root
[job 404/500] adding file 11/22: root://cms-xrd-global.cern.ch//store/user/charlesf/ParkingDoubleMuonLowMass6/crab_muMuGamma_24Jul26_ParkingDoubleMuonLowMass6Run2025E-PromptReco-v1/260727_192456/0000/mmgTree_1-29.root
[job 404/500] adding file 12/22: root://cms-xrd-global.cern.ch//store/user/charlesf/ParkingDoubleMuonLowMass6/crab_muMuGamma_24Jul26_ParkingDoubleMuonLowMass6Run2025E-PromptReco-v1/260727_192456/0000/mmgTree_1-3.root
[job 404/500] adding file 13/22: root://cms-xrd-global.cern.ch//store/user/charlesf/ParkingDoubleMuonLowMass6/crab_muMuGamma_24Jul26_ParkingDoubleMuonLowMass6Run2025E-PromptReco-v1/260727_192456/0000/mmgTree_1-30.root
[job 404/500] adding file 14/22: root://cms-xrd-global.cern.ch//store/user/charlesf/ParkingDoubleMuonLowMass6/crab_muMuGamma_24Jul26_ParkingDoubleMuonLowMass6Run2025E-PromptReco-v1/260727_192456/0000/mmgTree_1-31.root
[job 404/500] adding file 15/22: root://cms-xrd-global.cern.ch//store/user/charlesf/ParkingDoubleMuonLowMass6/crab_muMuGamma_24Jul26_ParkingDoubleMuonLowMass6Run2025E-PromptReco-v1/260727_192456/0000/mmgTree_1-32.root
[job 404/500] adding file 16/22: root://cms-xrd-global.cern.ch//store/user/charlesf/ParkingDoubleMuonLowMass6/crab_muMuGamma_24Jul26_ParkingDoubleMuonLowMass6Run2025E-PromptReco-v1/260727_192456/0000/mmgTree_1-33.root
[job 404/500] adding file 17/22: root://cms-xrd-global.cern.ch//store/user/charlesf/ParkingDoubleMuonLowMass6/crab_muMuGamma_24Jul26_ParkingDoubleMuonLowMass6Run2025E-PromptReco-v1/260727_192456/0000/mmgTree_1-34.root
[job 404/500] adding file 18/22: root://cms-xrd-global.cern.ch//store/user/charlesf/ParkingDoubleMuonLowMass6/crab_muMuGamma_24Jul26_ParkingDoubleMuonLowMass6Run2025E-PromptReco-v1/260727_192456/0000/mmgTree_1-35.root
[job 404/500] adding file 19/22: root://cms-xrd-global.cern.ch//store/user/charlesf/ParkingDoubleMuonLowMass6/crab_muMuGamma_24Jul26_ParkingDoubleMuonLowMass6Run2025E-PromptReco-v1/260727_192456/0000/mmgTree_1-36.root
[job 404/500] adding file 20/22: root://cms-xrd-global.cern.ch//store/user/charlesf/ParkingDoubleMuonLowMass6/crab_muMuGamma_24Jul26_ParkingDoubleMuonLowMass6Run2025E-PromptReco-v1/260727_192456/0000/mmgTree_1-37.root
[job 404/500] adding file 21/22: root://cms-xrd-global.cern.ch//store/user/charlesf/ParkingDoubleMuonLowMass6/crab_muMuGamma_24Jul26_ParkingDoubleMuonLowMass6Run2025E-PromptReco-v1/260727_192456/0000/mmgTree_1-38.root
[job 404/500] adding file 22/22: root://cms-xrd-global.cern.ch//store/user/charlesf/ParkingDoubleMuonLowMass6/crab_muMuGamma_24Jul26_ParkingDoubleMuonLowMass6Run2025E-PromptReco-v1/260727_192456/0000/mmgTree_1-39.root
Finished building TChain
Total entries: 2368282
Creating /eos/user/c/charlesf/www/dark_photon/root/histos_404.root
Processing events...
mumu_mass < 0.6 event 0
mumu_mass < 0.6 event 100000
Saving histograms...
	Saving Cat_7_bb_CR to /eos/user/c/charlesf/www/dark_photon/root/histos_404.root with 4002.0 entries
	Saving Cat_10_bb_CR to /eos/user/c/charlesf/www/dark_photon/root/histos_404.root with 3883.0 entries
	Saving Cat_8_bb_SR to /eos/user/c/charlesf/www/dark_photon/root/histos_404.root with 8132.0 entries
	Saving Cat_4_ee_SR to /eos/user/c/charlesf/www/dark_photon/root/histos_404.root with 7229.0 entries
	Saving Cat_6_bb_CR to /eos/user/c/charlesf/www/dark_photon/root/histos_404.root with 3876.0 entries
	Saving Cat_9_bb_SR to /eos/user/c/charlesf/www/dark_photon/root/histos_404.root with 7804.0 entries
	Saving Cat_1_bb_SR to /eos/user/c/charlesf/www/dark_photon/root/histos_404.root with 7070.0 entries
	Saving Cat_3_bb_CR to /eos/user/c/charlesf/www/dark_photon/root/histos_404.root with 4074.0 entries
	Saving Cat_2_bb_CR to /eos/user/c/charlesf/www/dark_photon/root/histos_404.root with 3923.0 entries
	Saving Cat_2_bb_SR to /eos/user/c/charlesf/www/dark_photon/root/histos_404.root with 7532.0 entries
	Saving Cat_0_bb_SR to /eos/user/c/charlesf/www/dark_photon/root/histos_404.root with 263.0 entries
	Saving Cat_5_bb_CR to /eos/user/c/charlesf/www/dark_photon/root/histos_404.root with 3912.0 entries
	Saving Cat_9_bb_CR to /eos/user/c/charlesf/www/dark_photon/root/histos_404.root with 3655.0 entries
	Saving Cat_3_ee_CR to /eos/user/c/charlesf/www/dark_photon/root/histos_404.root with 2843.0 entries
	Saving Cat_10_bb_SR to /eos/user/c/charlesf/www/dark_photon/root/histos_404.root with 9401.0 entries
	Saving Cat_4_bb_CR to /eos/user/c/charlesf/www/dark_photon/root/histos_404.root with 3905.0 entries
	Saving Cat_4_bb_SR to /eos/user/c/charlesf/www/dark_photon/root/histos_404.root with 7088.0 entries
	Saving Cat_5_bb_SR to /eos/user/c/charlesf/www/dark_photon/root/histos_404.root with 7250.0 entries
	Saving Cat_4_ee_CR to /eos/user/c/charlesf/www/dark_photon/root/histos_404.root with 3066.0 entries
	Saving Cat_7_bb_SR to /eos/user/c/charlesf/www/dark_photon/root/histos_404.root with 7698.0 entries
	Saving Cat_3_ee_SR to /eos/user/c/charlesf/www/dark_photon/root/histos_404.root with 6392.0 entries
	Saving Cat_1_bb_CR to /eos/user/c/charlesf/www/dark_photon/root/histos_404.root with 3724.0 entries
	Saving Cat_5_ee_SR to /eos/user/c/charlesf/www/dark_photon/root/histos_404.root with 9066.0 entries
	Saving Cat_2_ee_SR to /eos/user/c/charlesf/www/dark_photon/root/histos_404.root with 5507.0 entries
	Saving Cat_3_bb_SR to /eos/user/c/charlesf/www/dark_photon/root/histos_404.root with 7480.0 entries
	Saving Cat_2_ee_CR to /eos/user/c/charlesf/www/dark_photon/root/histos_404.root with 2669.0 entries
	Saving Cat_5_ee_CR to /eos/user/c/charlesf/www/dark_photon/root/histos_404.root with 4035.0 entries
	Saving Cat_8_bb_CR to /eos/user/c/charlesf/www/dark_photon/root/histos_404.root with 3901.0 entries
	Saving Cat_6_bb_SR to /eos/user/c/charlesf/www/dark_photon/root/histos_404.root with 7320.0 entries
	Saving Cat_1_ee_SR to /eos/user/c/charlesf/www/dark_photon/root/histos_404.root with 3060.0 entries
	Saving Cat_1_ee_CR to /eos/user/c/charlesf/www/dark_photon/root/histos_404.root with 1721.0 entries
	Saving Cat_0_ee_CR to /eos/user/c/charlesf/www/dark_photon/root/histos_404.root with 136.0 entries
	Saving Cat_0_bb_CR to /eos/user/c/charlesf/www/dark_photon/root/histos_404.root with 312.0 entries
	Saving Cat_0_ee_SR to /eos/user/c/charlesf/www/dark_photon/root/histos_404.root with 42.0 entries
Finished job 404/500 at Thu Aug  6 22:17:55 CEST 2026
