Host: b9g23p7424.cern.ch
Date: Thu Aug  6 10:10:27 PM CEST 2026
PROCID=38
JOB=39
NJOBS=500
LIST=/afs/cern.ch/user/c/charlesf/cmssw-dev/CMSSW_15_0_15/src/Run3DimuonAnalysisTools/Crab/all_mmgTree_files.txt
OUTDIR=/eos/user/c/charlesf/www/dark_photon/root
Opening list of input files /afs/cern.ch/user/c/charlesf/cmssw-dev/CMSSW_15_0_15/src/Run3DimuonAnalysisTools/Crab/all_mmgTree_files.txt
	Found 11350 items in list
	Job 39 of 500 has files (862, 885], using all 23 files
	Using redirector root://cms-xrd-global.cern.ch/
[job 39/500] adding file 1/23: root://cms-xrd-global.cern.ch//store/user/charlesf/ParkingDoubleMuonLowMass0/crab_muMuGamma_24Jul26_ParkingDoubleMuonLowMass0Run2025E-PromptReco-v1/260727_191705/0000/mmgTree_422.root
[job 39/500] adding file 2/23: root://cms-xrd-global.cern.ch//store/user/charlesf/ParkingDoubleMuonLowMass0/crab_muMuGamma_24Jul26_ParkingDoubleMuonLowMass0Run2025E-PromptReco-v1/260727_191705/0000/mmgTree_423.root
[job 39/500] adding file 3/23: root://cms-xrd-global.cern.ch//store/user/charlesf/ParkingDoubleMuonLowMass0/crab_muMuGamma_24Jul26_ParkingDoubleMuonLowMass0Run2025E-PromptReco-v1/260727_191705/0000/mmgTree_424.root
[job 39/500] adding file 4/23: root://cms-xrd-global.cern.ch//store/user/charlesf/ParkingDoubleMuonLowMass0/crab_muMuGamma_24Jul26_ParkingDoubleMuonLowMass0Run2025E-PromptReco-v1/260727_191705/0000/mmgTree_425.root
[job 39/500] adding file 5/23: root://cms-xrd-global.cern.ch//store/user/charlesf/ParkingDoubleMuonLowMass0/crab_muMuGamma_24Jul26_ParkingDoubleMuonLowMass0Run2025E-PromptReco-v1/260727_191705/0000/mmgTree_426.root
[job 39/500] adding file 6/23: root://cms-xrd-global.cern.ch//store/user/charlesf/ParkingDoubleMuonLowMass0/crab_muMuGamma_24Jul26_ParkingDoubleMuonLowMass0Run2025E-PromptReco-v1/260727_191705/0000/mmgTree_427.root
[job 39/500] adding file 7/23: root://cms-xrd-global.cern.ch//store/user/charlesf/ParkingDoubleMuonLowMass0/crab_muMuGamma_24Jul26_ParkingDoubleMuonLowMass0Run2025E-PromptReco-v1/260727_191705/0000/mmgTree_428.root
[job 39/500] adding file 8/23: root://cms-xrd-global.cern.ch//store/user/charlesf/ParkingDoubleMuonLowMass0/crab_muMuGamma_24Jul26_ParkingDoubleMuonLowMass0Run2025E-PromptReco-v1/260727_191705/0000/mmgTree_429.root
[job 39/500] adding file 9/23: root://cms-xrd-global.cern.ch//store/user/charlesf/ParkingDoubleMuonLowMass0/crab_muMuGamma_24Jul26_ParkingDoubleMuonLowMass0Run2025E-PromptReco-v1/260727_191705/0000/mmgTree_43.root
[job 39/500] adding file 10/23: root://cms-xrd-global.cern.ch//store/user/charlesf/ParkingDoubleMuonLowMass0/crab_muMuGamma_24Jul26_ParkingDoubleMuonLowMass0Run2025E-PromptReco-v1/260727_191705/0000/mmgTree_430.root
[job 39/500] adding file 11/23: root://cms-xrd-global.cern.ch//store/user/charlesf/ParkingDoubleMuonLowMass0/crab_muMuGamma_24Jul26_ParkingDoubleMuonLowMass0Run2025E-PromptReco-v1/260727_191705/0000/mmgTree_44.root
[job 39/500] adding file 12/23: root://cms-xrd-global.cern.ch//store/user/charlesf/ParkingDoubleMuonLowMass0/crab_muMuGamma_24Jul26_ParkingDoubleMuonLowMass0Run2025E-PromptReco-v1/260727_191705/0000/mmgTree_45.root
[job 39/500] adding file 13/23: root://cms-xrd-global.cern.ch//store/user/charlesf/ParkingDoubleMuonLowMass0/crab_muMuGamma_24Jul26_ParkingDoubleMuonLowMass0Run2025E-PromptReco-v1/260727_191705/0000/mmgTree_46.root
[job 39/500] adding file 14/23: root://cms-xrd-global.cern.ch//store/user/charlesf/ParkingDoubleMuonLowMass0/crab_muMuGamma_24Jul26_ParkingDoubleMuonLowMass0Run2025E-PromptReco-v1/260727_191705/0000/mmgTree_47.root
[job 39/500] adding file 15/23: root://cms-xrd-global.cern.ch//store/user/charlesf/ParkingDoubleMuonLowMass0/crab_muMuGamma_24Jul26_ParkingDoubleMuonLowMass0Run2025E-PromptReco-v1/260727_191705/0000/mmgTree_48.root
[job 39/500] adding file 16/23: root://cms-xrd-global.cern.ch//store/user/charlesf/ParkingDoubleMuonLowMass0/crab_muMuGamma_24Jul26_ParkingDoubleMuonLowMass0Run2025E-PromptReco-v1/260727_191705/0000/mmgTree_49.root
[job 39/500] adding file 17/23: root://cms-xrd-global.cern.ch//store/user/charlesf/ParkingDoubleMuonLowMass0/crab_muMuGamma_24Jul26_ParkingDoubleMuonLowMass0Run2025E-PromptReco-v1/260727_191705/0000/mmgTree_5.root
[job 39/500] adding file 18/23: root://cms-xrd-global.cern.ch//store/user/charlesf/ParkingDoubleMuonLowMass0/crab_muMuGamma_24Jul26_ParkingDoubleMuonLowMass0Run2025E-PromptReco-v1/260727_191705/0000/mmgTree_50.root
[job 39/500] adding file 19/23: root://cms-xrd-global.cern.ch//store/user/charlesf/ParkingDoubleMuonLowMass0/crab_muMuGamma_24Jul26_ParkingDoubleMuonLowMass0Run2025E-PromptReco-v1/260727_191705/0000/mmgTree_51.root
[job 39/500] adding file 20/23: root://cms-xrd-global.cern.ch//store/user/charlesf/ParkingDoubleMuonLowMass0/crab_muMuGamma_24Jul26_ParkingDoubleMuonLowMass0Run2025E-PromptReco-v1/260727_191705/0000/mmgTree_52.root
[job 39/500] adding file 21/23: root://cms-xrd-global.cern.ch//store/user/charlesf/ParkingDoubleMuonLowMass0/crab_muMuGamma_24Jul26_ParkingDoubleMuonLowMass0Run2025E-PromptReco-v1/260727_191705/0000/mmgTree_53.root
[job 39/500] adding file 22/23: root://cms-xrd-global.cern.ch//store/user/charlesf/ParkingDoubleMuonLowMass0/crab_muMuGamma_24Jul26_ParkingDoubleMuonLowMass0Run2025E-PromptReco-v1/260727_191705/0000/mmgTree_54.root
[job 39/500] adding file 23/23: root://cms-xrd-global.cern.ch//store/user/charlesf/ParkingDoubleMuonLowMass0/crab_muMuGamma_24Jul26_ParkingDoubleMuonLowMass0Run2025E-PromptReco-v1/260727_191705/0000/mmgTree_55.root
Finished building TChain
Total entries: 6657269
Creating /eos/user/c/charlesf/www/dark_photon/root/histos_39.root
Processing events...
mumu_mass < 0.6 event 0
mumu_mass < 0.6 event 100000
mumu_mass < 0.6 event 200000
mumu_mass < 0.6 event 300000
mumu_mass < 0.6 event 400000
Saving histograms...
	Saving Cat_7_bb_CR to /eos/user/c/charlesf/www/dark_photon/root/histos_39.root with 10845.0 entries
	Saving Cat_3_ee_SR to /eos/user/c/charlesf/www/dark_photon/root/histos_39.root with 18298.0 entries
	Saving Cat_8_bb_SR to /eos/user/c/charlesf/www/dark_photon/root/histos_39.root with 21826.0 entries
	Saving Cat_5_ee_SR to /eos/user/c/charlesf/www/dark_photon/root/histos_39.root with 25363.0 entries
	Saving Cat_3_bb_CR to /eos/user/c/charlesf/www/dark_photon/root/histos_39.root with 11175.0 entries
	Saving Cat_6_bb_SR to /eos/user/c/charlesf/www/dark_photon/root/histos_39.root with 19961.0 entries
	Saving Cat_4_bb_CR to /eos/user/c/charlesf/www/dark_photon/root/histos_39.root with 10831.0 entries
	Saving Cat_1_bb_SR to /eos/user/c/charlesf/www/dark_photon/root/histos_39.root with 19808.0 entries
	Saving Cat_3_ee_CR to /eos/user/c/charlesf/www/dark_photon/root/histos_39.root with 8914.0 entries
	Saving Cat_5_bb_CR to /eos/user/c/charlesf/www/dark_photon/root/histos_39.root with 10774.0 entries
	Saving Cat_9_bb_CR to /eos/user/c/charlesf/www/dark_photon/root/histos_39.root with 9880.0 entries
	Saving Cat_4_ee_SR to /eos/user/c/charlesf/www/dark_photon/root/histos_39.root with 20569.0 entries
	Saving Cat_3_bb_SR to /eos/user/c/charlesf/www/dark_photon/root/histos_39.root with 20313.0 entries
	Saving Cat_2_ee_SR to /eos/user/c/charlesf/www/dark_photon/root/histos_39.root with 17130.0 entries
	Saving Cat_10_bb_CR to /eos/user/c/charlesf/www/dark_photon/root/histos_39.root with 10512.0 entries
	Saving Cat_1_bb_CR to /eos/user/c/charlesf/www/dark_photon/root/histos_39.root with 10863.0 entries
	Saving Cat_2_bb_SR to /eos/user/c/charlesf/www/dark_photon/root/histos_39.root with 20347.0 entries
	Saving Cat_4_ee_CR to /eos/user/c/charlesf/www/dark_photon/root/histos_39.root with 9363.0 entries
	Saving Cat_1_ee_SR to /eos/user/c/charlesf/www/dark_photon/root/histos_39.root with 11254.0 entries
	Saving Cat_5_ee_CR to /eos/user/c/charlesf/www/dark_photon/root/histos_39.root with 11196.0 entries
	Saving Cat_10_bb_SR to /eos/user/c/charlesf/www/dark_photon/root/histos_39.root with 24859.0 entries
	Saving Cat_2_bb_CR to /eos/user/c/charlesf/www/dark_photon/root/histos_39.root with 10899.0 entries
	Saving Cat_4_bb_SR to /eos/user/c/charlesf/www/dark_photon/root/histos_39.root with 19464.0 entries
	Saving Cat_2_ee_CR to /eos/user/c/charlesf/www/dark_photon/root/histos_39.root with 8640.0 entries
	Saving Cat_9_bb_SR to /eos/user/c/charlesf/www/dark_photon/root/histos_39.root with 21480.0 entries
	Saving Cat_0_bb_CR to /eos/user/c/charlesf/www/dark_photon/root/histos_39.root with 1075.0 entries
	Saving Cat_7_bb_SR to /eos/user/c/charlesf/www/dark_photon/root/histos_39.root with 21200.0 entries
	Saving Cat_1_ee_CR to /eos/user/c/charlesf/www/dark_photon/root/histos_39.root with 6255.0 entries
	Saving Cat_5_bb_SR to /eos/user/c/charlesf/www/dark_photon/root/histos_39.root with 19744.0 entries
	Saving Cat_0_ee_CR to /eos/user/c/charlesf/www/dark_photon/root/histos_39.root with 501.0 entries
	Saving Cat_6_bb_CR to /eos/user/c/charlesf/www/dark_photon/root/histos_39.root with 10607.0 entries
	Saving Cat_8_bb_CR to /eos/user/c/charlesf/www/dark_photon/root/histos_39.root with 10689.0 entries
	Saving Cat_0_bb_SR to /eos/user/c/charlesf/www/dark_photon/root/histos_39.root with 792.0 entries
	Saving Cat_0_ee_SR to /eos/user/c/charlesf/www/dark_photon/root/histos_39.root with 119.0 entries
Finished job 39/500 at Thu Aug  6 22:19:19 CEST 2026
