Host: b9p26p4641.cern.ch
Date: Thu Aug  6 10:10:28 PM CEST 2026
PROCID=45
JOB=46
NJOBS=500
LIST=/afs/cern.ch/user/c/charlesf/cmssw-dev/CMSSW_15_0_15/src/Run3DimuonAnalysisTools/Crab/all_mmgTree_files.txt
OUTDIR=/eos/user/c/charlesf/www/dark_photon/root
Opening list of input files /afs/cern.ch/user/c/charlesf/cmssw-dev/CMSSW_15_0_15/src/Run3DimuonAnalysisTools/Crab/all_mmgTree_files.txt
	Found 11350 items in list
	Job 46 of 500 has files (1021, 1044], using all 23 files
	Using redirector root://cms-xrd-global.cern.ch/
[job 46/500] adding file 1/23: root://cms-xrd-global.cern.ch//store/user/charlesf/ParkingDoubleMuonLowMass0/crab_muMuGamma_24Jul26_ParkingDoubleMuonLowMass0Run2025F-PromptReco-v1/260727_191716/0000/mmgTree_175.root
[job 46/500] adding file 2/23: root://cms-xrd-global.cern.ch//store/user/charlesf/ParkingDoubleMuonLowMass0/crab_muMuGamma_24Jul26_ParkingDoubleMuonLowMass0Run2025F-PromptReco-v1/260727_191716/0000/mmgTree_176.root
[job 46/500] adding file 3/23: root://cms-xrd-global.cern.ch//store/user/charlesf/ParkingDoubleMuonLowMass0/crab_muMuGamma_24Jul26_ParkingDoubleMuonLowMass0Run2025F-PromptReco-v1/260727_191716/0000/mmgTree_177.root
[job 46/500] adding file 4/23: root://cms-xrd-global.cern.ch//store/user/charlesf/ParkingDoubleMuonLowMass0/crab_muMuGamma_24Jul26_ParkingDoubleMuonLowMass0Run2025F-PromptReco-v1/260727_191716/0000/mmgTree_178.root
[job 46/500] adding file 5/23: root://cms-xrd-global.cern.ch//store/user/charlesf/ParkingDoubleMuonLowMass0/crab_muMuGamma_24Jul26_ParkingDoubleMuonLowMass0Run2025F-PromptReco-v1/260727_191716/0000/mmgTree_179.root
[job 46/500] adding file 6/23: root://cms-xrd-global.cern.ch//store/user/charlesf/ParkingDoubleMuonLowMass0/crab_muMuGamma_24Jul26_ParkingDoubleMuonLowMass0Run2025F-PromptReco-v1/260727_191716/0000/mmgTree_18.root
[job 46/500] adding file 7/23: root://cms-xrd-global.cern.ch//store/user/charlesf/ParkingDoubleMuonLowMass0/crab_muMuGamma_24Jul26_ParkingDoubleMuonLowMass0Run2025F-PromptReco-v1/260727_191716/0000/mmgTree_180.root
[job 46/500] adding file 8/23: root://cms-xrd-global.cern.ch//store/user/charlesf/ParkingDoubleMuonLowMass0/crab_muMuGamma_24Jul26_ParkingDoubleMuonLowMass0Run2025F-PromptReco-v1/260727_191716/0000/mmgTree_181.root
[job 46/500] adding file 9/23: root://cms-xrd-global.cern.ch//store/user/charlesf/ParkingDoubleMuonLowMass0/crab_muMuGamma_24Jul26_ParkingDoubleMuonLowMass0Run2025F-PromptReco-v1/260727_191716/0000/mmgTree_182.root
[job 46/500] adding file 10/23: root://cms-xrd-global.cern.ch//store/user/charlesf/ParkingDoubleMuonLowMass0/crab_muMuGamma_24Jul26_ParkingDoubleMuonLowMass0Run2025F-PromptReco-v1/260727_191716/0000/mmgTree_183.root
[job 46/500] adding file 11/23: root://cms-xrd-global.cern.ch//store/user/charlesf/ParkingDoubleMuonLowMass0/crab_muMuGamma_24Jul26_ParkingDoubleMuonLowMass0Run2025F-PromptReco-v1/260727_191716/0000/mmgTree_184.root
[job 46/500] adding file 12/23: root://cms-xrd-global.cern.ch//store/user/charlesf/ParkingDoubleMuonLowMass0/crab_muMuGamma_24Jul26_ParkingDoubleMuonLowMass0Run2025F-PromptReco-v1/260727_191716/0000/mmgTree_185.root
[job 46/500] adding file 13/23: root://cms-xrd-global.cern.ch//store/user/charlesf/ParkingDoubleMuonLowMass0/crab_muMuGamma_24Jul26_ParkingDoubleMuonLowMass0Run2025F-PromptReco-v1/260727_191716/0000/mmgTree_186.root
[job 46/500] adding file 14/23: root://cms-xrd-global.cern.ch//store/user/charlesf/ParkingDoubleMuonLowMass0/crab_muMuGamma_24Jul26_ParkingDoubleMuonLowMass0Run2025F-PromptReco-v1/260727_191716/0000/mmgTree_187.root
[job 46/500] adding file 15/23: root://cms-xrd-global.cern.ch//store/user/charlesf/ParkingDoubleMuonLowMass0/crab_muMuGamma_24Jul26_ParkingDoubleMuonLowMass0Run2025F-PromptReco-v1/260727_191716/0000/mmgTree_188.root
[job 46/500] adding file 16/23: root://cms-xrd-global.cern.ch//store/user/charlesf/ParkingDoubleMuonLowMass0/crab_muMuGamma_24Jul26_ParkingDoubleMuonLowMass0Run2025F-PromptReco-v1/260727_191716/0000/mmgTree_189.root
[job 46/500] adding file 17/23: root://cms-xrd-global.cern.ch//store/user/charlesf/ParkingDoubleMuonLowMass0/crab_muMuGamma_24Jul26_ParkingDoubleMuonLowMass0Run2025F-PromptReco-v1/260727_191716/0000/mmgTree_19.root
[job 46/500] adding file 18/23: root://cms-xrd-global.cern.ch//store/user/charlesf/ParkingDoubleMuonLowMass0/crab_muMuGamma_24Jul26_ParkingDoubleMuonLowMass0Run2025F-PromptReco-v1/260727_191716/0000/mmgTree_190.root
[job 46/500] adding file 19/23: root://cms-xrd-global.cern.ch//store/user/charlesf/ParkingDoubleMuonLowMass0/crab_muMuGamma_24Jul26_ParkingDoubleMuonLowMass0Run2025F-PromptReco-v1/260727_191716/0000/mmgTree_191.root
[job 46/500] adding file 20/23: root://cms-xrd-global.cern.ch//store/user/charlesf/ParkingDoubleMuonLowMass0/crab_muMuGamma_24Jul26_ParkingDoubleMuonLowMass0Run2025F-PromptReco-v1/260727_191716/0000/mmgTree_192.root
[job 46/500] adding file 21/23: root://cms-xrd-global.cern.ch//store/user/charlesf/ParkingDoubleMuonLowMass0/crab_muMuGamma_24Jul26_ParkingDoubleMuonLowMass0Run2025F-PromptReco-v1/260727_191716/0000/mmgTree_193.root
[job 46/500] adding file 22/23: root://cms-xrd-global.cern.ch//store/user/charlesf/ParkingDoubleMuonLowMass0/crab_muMuGamma_24Jul26_ParkingDoubleMuonLowMass0Run2025F-PromptReco-v1/260727_191716/0000/mmgTree_194.root
[job 46/500] adding file 23/23: root://cms-xrd-global.cern.ch//store/user/charlesf/ParkingDoubleMuonLowMass0/crab_muMuGamma_24Jul26_ParkingDoubleMuonLowMass0Run2025F-PromptReco-v1/260727_191716/0000/mmgTree_195.root
Finished building TChain
Total entries: 11617478
Creating /eos/user/c/charlesf/www/dark_photon/root/histos_46.root
Processing events...
mumu_mass < 0.6 event 0
mumu_mass < 0.6 event 100000
mumu_mass < 0.6 event 200000
mumu_mass < 0.6 event 300000
mumu_mass < 0.6 event 400000
mumu_mass < 0.6 event 500000
mumu_mass < 0.6 event 600000
mumu_mass < 0.6 event 700000
mumu_mass < 0.6 event 800000
Saving histograms...
	Saving Cat_3_ee_SR to /eos/user/c/charlesf/www/dark_photon/root/histos_46.root with 32223.0 entries
	Saving Cat_4_ee_CR to /eos/user/c/charlesf/www/dark_photon/root/histos_46.root with 16231.0 entries
	Saving Cat_3_bb_SR to /eos/user/c/charlesf/www/dark_photon/root/histos_46.root with 35060.0 entries
	Saving Cat_5_ee_SR to /eos/user/c/charlesf/www/dark_photon/root/histos_46.root with 45408.0 entries
	Saving Cat_6_bb_CR to /eos/user/c/charlesf/www/dark_photon/root/histos_46.root with 18923.0 entries
	Saving Cat_4_bb_SR to /eos/user/c/charlesf/www/dark_photon/root/histos_46.root with 33402.0 entries
	Saving Cat_4_ee_SR to /eos/user/c/charlesf/www/dark_photon/root/histos_46.root with 36040.0 entries
	Saving Cat_3_bb_CR to /eos/user/c/charlesf/www/dark_photon/root/histos_46.root with 19632.0 entries
	Saving Cat_5_bb_SR to /eos/user/c/charlesf/www/dark_photon/root/histos_46.root with 34249.0 entries
	Saving Cat_2_bb_CR to /eos/user/c/charlesf/www/dark_photon/root/histos_46.root with 18812.0 entries
	Saving Cat_6_bb_SR to /eos/user/c/charlesf/www/dark_photon/root/histos_46.root with 34472.0 entries
	Saving Cat_7_bb_SR to /eos/user/c/charlesf/www/dark_photon/root/histos_46.root with 36238.0 entries
	Saving Cat_8_bb_SR to /eos/user/c/charlesf/www/dark_photon/root/histos_46.root with 37593.0 entries
	Saving Cat_10_bb_SR to /eos/user/c/charlesf/www/dark_photon/root/histos_46.root with 43758.0 entries
	Saving Cat_9_bb_CR to /eos/user/c/charlesf/www/dark_photon/root/histos_46.root with 17392.0 entries
	Saving Cat_4_bb_CR to /eos/user/c/charlesf/www/dark_photon/root/histos_46.root with 18934.0 entries
	Saving Cat_2_bb_SR to /eos/user/c/charlesf/www/dark_photon/root/histos_46.root with 34574.0 entries
	Saving Cat_5_bb_CR to /eos/user/c/charlesf/www/dark_photon/root/histos_46.root with 18939.0 entries
	Saving Cat_2_ee_CR to /eos/user/c/charlesf/www/dark_photon/root/histos_46.root with 14403.0 entries
	Saving Cat_1_ee_SR to /eos/user/c/charlesf/www/dark_photon/root/histos_46.root with 18665.0 entries
	Saving Cat_3_ee_CR to /eos/user/c/charlesf/www/dark_photon/root/histos_46.root with 15184.0 entries
	Saving Cat_8_bb_CR to /eos/user/c/charlesf/www/dark_photon/root/histos_46.root with 19180.0 entries
	Saving Cat_9_bb_SR to /eos/user/c/charlesf/www/dark_photon/root/histos_46.root with 37097.0 entries
	Saving Cat_7_bb_CR to /eos/user/c/charlesf/www/dark_photon/root/histos_46.root with 19372.0 entries
	Saving Cat_1_bb_SR to /eos/user/c/charlesf/www/dark_photon/root/histos_46.root with 34306.0 entries
	Saving Cat_2_ee_SR to /eos/user/c/charlesf/www/dark_photon/root/histos_46.root with 29205.0 entries
	Saving Cat_1_bb_CR to /eos/user/c/charlesf/www/dark_photon/root/histos_46.root with 18601.0 entries
	Saving Cat_5_ee_CR to /eos/user/c/charlesf/www/dark_photon/root/histos_46.root with 20078.0 entries
	Saving Cat_10_bb_CR to /eos/user/c/charlesf/www/dark_photon/root/histos_46.root with 18785.0 entries
	Saving Cat_1_ee_CR to /eos/user/c/charlesf/www/dark_photon/root/histos_46.root with 10125.0 entries
	Saving Cat_0_bb_CR to /eos/user/c/charlesf/www/dark_photon/root/histos_46.root with 1878.0 entries
	Saving Cat_0_bb_SR to /eos/user/c/charlesf/www/dark_photon/root/histos_46.root with 1260.0 entries
	Saving Cat_0_ee_CR to /eos/user/c/charlesf/www/dark_photon/root/histos_46.root with 852.0 entries
	Saving Cat_0_ee_SR to /eos/user/c/charlesf/www/dark_photon/root/histos_46.root with 204.0 entries
Finished job 46/500 at Thu Aug  6 22:21:03 CEST 2026
