Host: b9p14p7923.cern.ch
Date: Thu Aug  6 10:12:14 PM CEST 2026
PROCID=347
JOB=348
NJOBS=500
LIST=/afs/cern.ch/user/c/charlesf/cmssw-dev/CMSSW_15_0_15/src/Run3DimuonAnalysisTools/Crab/all_mmgTree_files.txt
OUTDIR=/eos/user/c/charlesf/www/dark_photon/root
Opening list of input files /afs/cern.ch/user/c/charlesf/cmssw-dev/CMSSW_15_0_15/src/Run3DimuonAnalysisTools/Crab/all_mmgTree_files.txt
	Found 11350 items in list
	Job 348 of 500 has files (7876, 7899], using all 23 files
	Using redirector root://cms-xrd-global.cern.ch/
[job 348/500] adding file 1/23: root://cms-xrd-global.cern.ch//store/user/charlesf/ParkingDoubleMuonLowMass5/crab_muMuGamma_24Jul26_ParkingDoubleMuonLowMass5Run2025F-PromptReco-v1/260727_192342/0000/mmgTree_192.root
[job 348/500] adding file 2/23: root://cms-xrd-global.cern.ch//store/user/charlesf/ParkingDoubleMuonLowMass5/crab_muMuGamma_24Jul26_ParkingDoubleMuonLowMass5Run2025F-PromptReco-v1/260727_192342/0000/mmgTree_193.root
[job 348/500] adding file 3/23: root://cms-xrd-global.cern.ch//store/user/charlesf/ParkingDoubleMuonLowMass5/crab_muMuGamma_24Jul26_ParkingDoubleMuonLowMass5Run2025F-PromptReco-v1/260727_192342/0000/mmgTree_194.root
[job 348/500] adding file 4/23: root://cms-xrd-global.cern.ch//store/user/charlesf/ParkingDoubleMuonLowMass5/crab_muMuGamma_24Jul26_ParkingDoubleMuonLowMass5Run2025F-PromptReco-v1/260727_192342/0000/mmgTree_195.root
[job 348/500] adding file 5/23: root://cms-xrd-global.cern.ch//store/user/charlesf/ParkingDoubleMuonLowMass5/crab_muMuGamma_24Jul26_ParkingDoubleMuonLowMass5Run2025F-PromptReco-v1/260727_192342/0000/mmgTree_196.root
[job 348/500] adding file 6/23: root://cms-xrd-global.cern.ch//store/user/charlesf/ParkingDoubleMuonLowMass5/crab_muMuGamma_24Jul26_ParkingDoubleMuonLowMass5Run2025F-PromptReco-v1/260727_192342/0000/mmgTree_197.root
[job 348/500] adding file 7/23: root://cms-xrd-global.cern.ch//store/user/charlesf/ParkingDoubleMuonLowMass5/crab_muMuGamma_24Jul26_ParkingDoubleMuonLowMass5Run2025F-PromptReco-v1/260727_192342/0000/mmgTree_198.root
[job 348/500] adding file 8/23: root://cms-xrd-global.cern.ch//store/user/charlesf/ParkingDoubleMuonLowMass5/crab_muMuGamma_24Jul26_ParkingDoubleMuonLowMass5Run2025F-PromptReco-v1/260727_192342/0000/mmgTree_199.root
[job 348/500] adding file 9/23: root://cms-xrd-global.cern.ch//store/user/charlesf/ParkingDoubleMuonLowMass5/crab_muMuGamma_24Jul26_ParkingDoubleMuonLowMass5Run2025F-PromptReco-v1/260727_192342/0000/mmgTree_2.root
[job 348/500] adding file 10/23: root://cms-xrd-global.cern.ch//store/user/charlesf/ParkingDoubleMuonLowMass5/crab_muMuGamma_24Jul26_ParkingDoubleMuonLowMass5Run2025F-PromptReco-v1/260727_192342/0000/mmgTree_20.root
[job 348/500] adding file 11/23: root://cms-xrd-global.cern.ch//store/user/charlesf/ParkingDoubleMuonLowMass5/crab_muMuGamma_24Jul26_ParkingDoubleMuonLowMass5Run2025F-PromptReco-v1/260727_192342/0000/mmgTree_200.root
[job 348/500] adding file 12/23: root://cms-xrd-global.cern.ch//store/user/charlesf/ParkingDoubleMuonLowMass5/crab_muMuGamma_24Jul26_ParkingDoubleMuonLowMass5Run2025F-PromptReco-v1/260727_192342/0000/mmgTree_201.root
[job 348/500] adding file 13/23: root://cms-xrd-global.cern.ch//store/user/charlesf/ParkingDoubleMuonLowMass5/crab_muMuGamma_24Jul26_ParkingDoubleMuonLowMass5Run2025F-PromptReco-v1/260727_192342/0000/mmgTree_202.root
[job 348/500] adding file 14/23: root://cms-xrd-global.cern.ch//store/user/charlesf/ParkingDoubleMuonLowMass5/crab_muMuGamma_24Jul26_ParkingDoubleMuonLowMass5Run2025F-PromptReco-v1/260727_192342/0000/mmgTree_203.root
[job 348/500] adding file 15/23: root://cms-xrd-global.cern.ch//store/user/charlesf/ParkingDoubleMuonLowMass5/crab_muMuGamma_24Jul26_ParkingDoubleMuonLowMass5Run2025F-PromptReco-v1/260727_192342/0000/mmgTree_204.root
[job 348/500] adding file 16/23: root://cms-xrd-global.cern.ch//store/user/charlesf/ParkingDoubleMuonLowMass5/crab_muMuGamma_24Jul26_ParkingDoubleMuonLowMass5Run2025F-PromptReco-v1/260727_192342/0000/mmgTree_205.root
[job 348/500] adding file 17/23: root://cms-xrd-global.cern.ch//store/user/charlesf/ParkingDoubleMuonLowMass5/crab_muMuGamma_24Jul26_ParkingDoubleMuonLowMass5Run2025F-PromptReco-v1/260727_192342/0000/mmgTree_206.root
[job 348/500] adding file 18/23: root://cms-xrd-global.cern.ch//store/user/charlesf/ParkingDoubleMuonLowMass5/crab_muMuGamma_24Jul26_ParkingDoubleMuonLowMass5Run2025F-PromptReco-v1/260727_192342/0000/mmgTree_207.root
[job 348/500] adding file 19/23: root://cms-xrd-global.cern.ch//store/user/charlesf/ParkingDoubleMuonLowMass5/crab_muMuGamma_24Jul26_ParkingDoubleMuonLowMass5Run2025F-PromptReco-v1/260727_192342/0000/mmgTree_208.root
[job 348/500] adding file 20/23: root://cms-xrd-global.cern.ch//store/user/charlesf/ParkingDoubleMuonLowMass5/crab_muMuGamma_24Jul26_ParkingDoubleMuonLowMass5Run2025F-PromptReco-v1/260727_192342/0000/mmgTree_209.root
[job 348/500] adding file 21/23: root://cms-xrd-global.cern.ch//store/user/charlesf/ParkingDoubleMuonLowMass5/crab_muMuGamma_24Jul26_ParkingDoubleMuonLowMass5Run2025F-PromptReco-v1/260727_192342/0000/mmgTree_21.root
[job 348/500] adding file 22/23: root://cms-xrd-global.cern.ch//store/user/charlesf/ParkingDoubleMuonLowMass5/crab_muMuGamma_24Jul26_ParkingDoubleMuonLowMass5Run2025F-PromptReco-v1/260727_192342/0000/mmgTree_210.root
[job 348/500] adding file 23/23: root://cms-xrd-global.cern.ch//store/user/charlesf/ParkingDoubleMuonLowMass5/crab_muMuGamma_24Jul26_ParkingDoubleMuonLowMass5Run2025F-PromptReco-v1/260727_192342/0000/mmgTree_211.root
Finished building TChain
Total entries: 9255259
Creating /eos/user/c/charlesf/www/dark_photon/root/histos_348.root
Processing events...
mumu_mass < 0.6 event 0
mumu_mass < 0.6 event 100000
mumu_mass < 0.6 event 200000
mumu_mass < 0.6 event 300000
mumu_mass < 0.6 event 400000
mumu_mass < 0.6 event 500000
mumu_mass < 0.6 event 600000
Saving histograms...
	Saving Cat_5_bb_CR to /eos/user/c/charlesf/www/dark_photon/root/histos_348.root with 15403.0 entries
	Saving Cat_4_ee_SR to /eos/user/c/charlesf/www/dark_photon/root/histos_348.root with 28392.0 entries
	Saving Cat_9_bb_SR to /eos/user/c/charlesf/www/dark_photon/root/histos_348.root with 29076.0 entries
	Saving Cat_2_bb_CR to /eos/user/c/charlesf/www/dark_photon/root/histos_348.root with 14959.0 entries
	Saving Cat_6_bb_CR to /eos/user/c/charlesf/www/dark_photon/root/histos_348.root with 15056.0 entries
	Saving Cat_9_bb_CR to /eos/user/c/charlesf/www/dark_photon/root/histos_348.root with 13834.0 entries
	Saving Cat_8_bb_SR to /eos/user/c/charlesf/www/dark_photon/root/histos_348.root with 29404.0 entries
	Saving Cat_1_ee_CR to /eos/user/c/charlesf/www/dark_photon/root/histos_348.root with 8664.0 entries
	Saving Cat_7_bb_SR to /eos/user/c/charlesf/www/dark_photon/root/histos_348.root with 28196.0 entries
	Saving Cat_4_bb_CR to /eos/user/c/charlesf/www/dark_photon/root/histos_348.root with 15291.0 entries
	Saving Cat_1_bb_SR to /eos/user/c/charlesf/www/dark_photon/root/histos_348.root with 26760.0 entries
	Saving Cat_6_bb_SR to /eos/user/c/charlesf/www/dark_photon/root/histos_348.root with 26849.0 entries
	Saving Cat_2_bb_SR to /eos/user/c/charlesf/www/dark_photon/root/histos_348.root with 26885.0 entries
	Saving Cat_4_ee_CR to /eos/user/c/charlesf/www/dark_photon/root/histos_348.root with 13023.0 entries
	Saving Cat_10_bb_SR to /eos/user/c/charlesf/www/dark_photon/root/histos_348.root with 34625.0 entries
	Saving Cat_5_bb_SR to /eos/user/c/charlesf/www/dark_photon/root/histos_348.root with 26837.0 entries
	Saving Cat_5_ee_CR to /eos/user/c/charlesf/www/dark_photon/root/histos_348.root with 15915.0 entries
	Saving Cat_5_ee_SR to /eos/user/c/charlesf/www/dark_photon/root/histos_348.root with 36092.0 entries
	Saving Cat_3_ee_CR to /eos/user/c/charlesf/www/dark_photon/root/histos_348.root with 12286.0 entries
	Saving Cat_3_bb_SR to /eos/user/c/charlesf/www/dark_photon/root/histos_348.root with 27474.0 entries
	Saving Cat_3_ee_SR to /eos/user/c/charlesf/www/dark_photon/root/histos_348.root with 25863.0 entries
	Saving Cat_4_bb_SR to /eos/user/c/charlesf/www/dark_photon/root/histos_348.root with 26112.0 entries
	Saving Cat_2_ee_CR to /eos/user/c/charlesf/www/dark_photon/root/histos_348.root with 11822.0 entries
	Saving Cat_1_bb_CR to /eos/user/c/charlesf/www/dark_photon/root/histos_348.root with 14607.0 entries
	Saving Cat_3_bb_CR to /eos/user/c/charlesf/www/dark_photon/root/histos_348.root with 15740.0 entries
	Saving Cat_1_ee_SR to /eos/user/c/charlesf/www/dark_photon/root/histos_348.root with 15418.0 entries
	Saving Cat_0_bb_SR to /eos/user/c/charlesf/www/dark_photon/root/histos_348.root with 1046.0 entries
	Saving Cat_7_bb_CR to /eos/user/c/charlesf/www/dark_photon/root/histos_348.root with 15165.0 entries
	Saving Cat_10_bb_CR to /eos/user/c/charlesf/www/dark_photon/root/histos_348.root with 14955.0 entries
	Saving Cat_8_bb_CR to /eos/user/c/charlesf/www/dark_photon/root/histos_348.root with 15396.0 entries
	Saving Cat_2_ee_SR to /eos/user/c/charlesf/www/dark_photon/root/histos_348.root with 23763.0 entries
	Saving Cat_0_bb_CR to /eos/user/c/charlesf/www/dark_photon/root/histos_348.root with 1453.0 entries
	Saving Cat_0_ee_CR to /eos/user/c/charlesf/www/dark_photon/root/histos_348.root with 756.0 entries
	Saving Cat_0_ee_SR to /eos/user/c/charlesf/www/dark_photon/root/histos_348.root with 138.0 entries
Finished job 348/500 at Thu Aug  6 22:22:03 CEST 2026
