Host: b9p18p1448.cern.ch
Date: Thu Aug  6 10:10:28 PM CEST 2026
PROCID=39
JOB=40
NJOBS=500
LIST=/afs/cern.ch/user/c/charlesf/cmssw-dev/CMSSW_15_0_15/src/Run3DimuonAnalysisTools/Crab/all_mmgTree_files.txt
OUTDIR=/eos/user/c/charlesf/www/dark_photon/root
Opening list of input files /afs/cern.ch/user/c/charlesf/cmssw-dev/CMSSW_15_0_15/src/Run3DimuonAnalysisTools/Crab/all_mmgTree_files.txt
	Found 11350 items in list
	Job 40 of 500 has files (885, 908], using all 23 files
	Using redirector root://cms-xrd-global.cern.ch/
[job 40/500] adding file 1/23: root://cms-xrd-global.cern.ch//store/user/charlesf/ParkingDoubleMuonLowMass0/crab_muMuGamma_24Jul26_ParkingDoubleMuonLowMass0Run2025E-PromptReco-v1/260727_191705/0000/mmgTree_56.root
[job 40/500] adding file 2/23: root://cms-xrd-global.cern.ch//store/user/charlesf/ParkingDoubleMuonLowMass0/crab_muMuGamma_24Jul26_ParkingDoubleMuonLowMass0Run2025E-PromptReco-v1/260727_191705/0000/mmgTree_57.root
[job 40/500] adding file 3/23: root://cms-xrd-global.cern.ch//store/user/charlesf/ParkingDoubleMuonLowMass0/crab_muMuGamma_24Jul26_ParkingDoubleMuonLowMass0Run2025E-PromptReco-v1/260727_191705/0000/mmgTree_58.root
[job 40/500] adding file 4/23: root://cms-xrd-global.cern.ch//store/user/charlesf/ParkingDoubleMuonLowMass0/crab_muMuGamma_24Jul26_ParkingDoubleMuonLowMass0Run2025E-PromptReco-v1/260727_191705/0000/mmgTree_59.root
[job 40/500] adding file 5/23: root://cms-xrd-global.cern.ch//store/user/charlesf/ParkingDoubleMuonLowMass0/crab_muMuGamma_24Jul26_ParkingDoubleMuonLowMass0Run2025E-PromptReco-v1/260727_191705/0000/mmgTree_6.root
[job 40/500] adding file 6/23: root://cms-xrd-global.cern.ch//store/user/charlesf/ParkingDoubleMuonLowMass0/crab_muMuGamma_24Jul26_ParkingDoubleMuonLowMass0Run2025E-PromptReco-v1/260727_191705/0000/mmgTree_60.root
[job 40/500] adding file 7/23: root://cms-xrd-global.cern.ch//store/user/charlesf/ParkingDoubleMuonLowMass0/crab_muMuGamma_24Jul26_ParkingDoubleMuonLowMass0Run2025E-PromptReco-v1/260727_191705/0000/mmgTree_61.root
[job 40/500] adding file 8/23: root://cms-xrd-global.cern.ch//store/user/charlesf/ParkingDoubleMuonLowMass0/crab_muMuGamma_24Jul26_ParkingDoubleMuonLowMass0Run2025E-PromptReco-v1/260727_191705/0000/mmgTree_62.root
[job 40/500] adding file 9/23: root://cms-xrd-global.cern.ch//store/user/charlesf/ParkingDoubleMuonLowMass0/crab_muMuGamma_24Jul26_ParkingDoubleMuonLowMass0Run2025E-PromptReco-v1/260727_191705/0000/mmgTree_63.root
[job 40/500] adding file 10/23: root://cms-xrd-global.cern.ch//store/user/charlesf/ParkingDoubleMuonLowMass0/crab_muMuGamma_24Jul26_ParkingDoubleMuonLowMass0Run2025E-PromptReco-v1/260727_191705/0000/mmgTree_64.root
[job 40/500] adding file 11/23: root://cms-xrd-global.cern.ch//store/user/charlesf/ParkingDoubleMuonLowMass0/crab_muMuGamma_24Jul26_ParkingDoubleMuonLowMass0Run2025E-PromptReco-v1/260727_191705/0000/mmgTree_65.root
[job 40/500] adding file 12/23: root://cms-xrd-global.cern.ch//store/user/charlesf/ParkingDoubleMuonLowMass0/crab_muMuGamma_24Jul26_ParkingDoubleMuonLowMass0Run2025E-PromptReco-v1/260727_191705/0000/mmgTree_66.root
[job 40/500] adding file 13/23: root://cms-xrd-global.cern.ch//store/user/charlesf/ParkingDoubleMuonLowMass0/crab_muMuGamma_24Jul26_ParkingDoubleMuonLowMass0Run2025E-PromptReco-v1/260727_191705/0000/mmgTree_67.root
[job 40/500] adding file 14/23: root://cms-xrd-global.cern.ch//store/user/charlesf/ParkingDoubleMuonLowMass0/crab_muMuGamma_24Jul26_ParkingDoubleMuonLowMass0Run2025E-PromptReco-v1/260727_191705/0000/mmgTree_68.root
[job 40/500] adding file 15/23: root://cms-xrd-global.cern.ch//store/user/charlesf/ParkingDoubleMuonLowMass0/crab_muMuGamma_24Jul26_ParkingDoubleMuonLowMass0Run2025E-PromptReco-v1/260727_191705/0000/mmgTree_69.root
[job 40/500] adding file 16/23: root://cms-xrd-global.cern.ch//store/user/charlesf/ParkingDoubleMuonLowMass0/crab_muMuGamma_24Jul26_ParkingDoubleMuonLowMass0Run2025E-PromptReco-v1/260727_191705/0000/mmgTree_7.root
[job 40/500] adding file 17/23: root://cms-xrd-global.cern.ch//store/user/charlesf/ParkingDoubleMuonLowMass0/crab_muMuGamma_24Jul26_ParkingDoubleMuonLowMass0Run2025E-PromptReco-v1/260727_191705/0000/mmgTree_70.root
[job 40/500] adding file 18/23: root://cms-xrd-global.cern.ch//store/user/charlesf/ParkingDoubleMuonLowMass0/crab_muMuGamma_24Jul26_ParkingDoubleMuonLowMass0Run2025E-PromptReco-v1/260727_191705/0000/mmgTree_71.root
[job 40/500] adding file 19/23: root://cms-xrd-global.cern.ch//store/user/charlesf/ParkingDoubleMuonLowMass0/crab_muMuGamma_24Jul26_ParkingDoubleMuonLowMass0Run2025E-PromptReco-v1/260727_191705/0000/mmgTree_72.root
[job 40/500] adding file 20/23: root://cms-xrd-global.cern.ch//store/user/charlesf/ParkingDoubleMuonLowMass0/crab_muMuGamma_24Jul26_ParkingDoubleMuonLowMass0Run2025E-PromptReco-v1/260727_191705/0000/mmgTree_73.root
[job 40/500] adding file 21/23: root://cms-xrd-global.cern.ch//store/user/charlesf/ParkingDoubleMuonLowMass0/crab_muMuGamma_24Jul26_ParkingDoubleMuonLowMass0Run2025E-PromptReco-v1/260727_191705/0000/mmgTree_74.root
[job 40/500] adding file 22/23: root://cms-xrd-global.cern.ch//store/user/charlesf/ParkingDoubleMuonLowMass0/crab_muMuGamma_24Jul26_ParkingDoubleMuonLowMass0Run2025E-PromptReco-v1/260727_191705/0000/mmgTree_75.root
[job 40/500] adding file 23/23: root://cms-xrd-global.cern.ch//store/user/charlesf/ParkingDoubleMuonLowMass0/crab_muMuGamma_24Jul26_ParkingDoubleMuonLowMass0Run2025E-PromptReco-v1/260727_191705/0000/mmgTree_76.root
Finished building TChain
Total entries: 7007357
Creating /eos/user/c/charlesf/www/dark_photon/root/histos_40.root
Processing events...
mumu_mass < 0.6 event 0
mumu_mass < 0.6 event 100000
mumu_mass < 0.6 event 200000
mumu_mass < 0.6 event 300000
mumu_mass < 0.6 event 400000
Saving histograms...
	Saving Cat_4_bb_CR to /eos/user/c/charlesf/www/dark_photon/root/histos_40.root with 11767.0 entries
	Saving Cat_5_bb_SR to /eos/user/c/charlesf/www/dark_photon/root/histos_40.root with 21672.0 entries
	Saving Cat_3_ee_SR to /eos/user/c/charlesf/www/dark_photon/root/histos_40.root with 18027.0 entries
	Saving Cat_3_bb_SR to /eos/user/c/charlesf/www/dark_photon/root/histos_40.root with 22266.0 entries
	Saving Cat_3_bb_CR to /eos/user/c/charlesf/www/dark_photon/root/histos_40.root with 12251.0 entries
	Saving Cat_6_bb_CR to /eos/user/c/charlesf/www/dark_photon/root/histos_40.root with 11744.0 entries
	Saving Cat_4_bb_SR to /eos/user/c/charlesf/www/dark_photon/root/histos_40.root with 21212.0 entries
	Saving Cat_9_bb_CR to /eos/user/c/charlesf/www/dark_photon/root/histos_40.root with 10895.0 entries
	Saving Cat_4_ee_SR to /eos/user/c/charlesf/www/dark_photon/root/histos_40.root with 20575.0 entries
	Saving Cat_2_bb_CR to /eos/user/c/charlesf/www/dark_photon/root/histos_40.root with 11716.0 entries
	Saving Cat_8_bb_SR to /eos/user/c/charlesf/www/dark_photon/root/histos_40.root with 24223.0 entries
	Saving Cat_2_bb_SR to /eos/user/c/charlesf/www/dark_photon/root/histos_40.root with 22051.0 entries
	Saving Cat_1_bb_CR to /eos/user/c/charlesf/www/dark_photon/root/histos_40.root with 11066.0 entries
	Saving Cat_5_ee_SR to /eos/user/c/charlesf/www/dark_photon/root/histos_40.root with 26784.0 entries
	Saving Cat_10_bb_SR to /eos/user/c/charlesf/www/dark_photon/root/histos_40.root with 27787.0 entries
	Saving Cat_6_bb_SR to /eos/user/c/charlesf/www/dark_photon/root/histos_40.root with 21918.0 entries
	Saving Cat_1_ee_SR to /eos/user/c/charlesf/www/dark_photon/root/histos_40.root with 7567.0 entries
	Saving Cat_5_bb_CR to /eos/user/c/charlesf/www/dark_photon/root/histos_40.root with 11857.0 entries
	Saving Cat_7_bb_SR to /eos/user/c/charlesf/www/dark_photon/root/histos_40.root with 23071.0 entries
	Saving Cat_2_ee_SR to /eos/user/c/charlesf/www/dark_photon/root/histos_40.root with 15146.0 entries
	Saving Cat_3_ee_CR to /eos/user/c/charlesf/www/dark_photon/root/histos_40.root with 8149.0 entries
	Saving Cat_9_bb_SR to /eos/user/c/charlesf/www/dark_photon/root/histos_40.root with 23993.0 entries
	Saving Cat_4_ee_CR to /eos/user/c/charlesf/www/dark_photon/root/histos_40.root with 9509.0 entries
	Saving Cat_5_ee_CR to /eos/user/c/charlesf/www/dark_photon/root/histos_40.root with 11960.0 entries
	Saving Cat_1_bb_SR to /eos/user/c/charlesf/www/dark_photon/root/histos_40.root with 21476.0 entries
	Saving Cat_7_bb_CR to /eos/user/c/charlesf/www/dark_photon/root/histos_40.root with 11989.0 entries
	Saving Cat_8_bb_CR to /eos/user/c/charlesf/www/dark_photon/root/histos_40.root with 12032.0 entries
	Saving Cat_2_ee_CR to /eos/user/c/charlesf/www/dark_photon/root/histos_40.root with 6761.0 entries
	Saving Cat_0_bb_CR to /eos/user/c/charlesf/www/dark_photon/root/histos_40.root with 954.0 entries
	Saving Cat_10_bb_CR to /eos/user/c/charlesf/www/dark_photon/root/histos_40.root with 11877.0 entries
	Saving Cat_1_ee_CR to /eos/user/c/charlesf/www/dark_photon/root/histos_40.root with 3911.0 entries
	Saving Cat_0_bb_SR to /eos/user/c/charlesf/www/dark_photon/root/histos_40.root with 663.0 entries
	Saving Cat_0_ee_CR to /eos/user/c/charlesf/www/dark_photon/root/histos_40.root with 349.0 entries
	Saving Cat_0_ee_SR to /eos/user/c/charlesf/www/dark_photon/root/histos_40.root with 57.0 entries
Finished job 40/500 at Thu Aug  6 22:19:22 CEST 2026
