Host: b9p06p7011.cern.ch
Date: Thu Aug  6 10:12:53 PM CEST 2026
PROCID=458
JOB=459
NJOBS=500
LIST=/afs/cern.ch/user/c/charlesf/cmssw-dev/CMSSW_15_0_15/src/Run3DimuonAnalysisTools/Crab/all_mmgTree_files.txt
OUTDIR=/eos/user/c/charlesf/www/dark_photon/root
Opening list of input files /afs/cern.ch/user/c/charlesf/cmssw-dev/CMSSW_15_0_15/src/Run3DimuonAnalysisTools/Crab/all_mmgTree_files.txt
	Found 11350 items in list
	Job 459 of 500 has files (10396, 10419], using all 23 files
	Using redirector root://cms-xrd-global.cern.ch/
[job 459/500] adding file 1/23: root://cms-xrd-global.cern.ch//store/user/charlesf/ParkingDoubleMuonLowMass7/crab_muMuGamma_24Jul26_ParkingDoubleMuonLowMass7Run2025F-PromptReco-v1/260727_192630/0000/mmgTree_277.root
[job 459/500] adding file 2/23: root://cms-xrd-global.cern.ch//store/user/charlesf/ParkingDoubleMuonLowMass7/crab_muMuGamma_24Jul26_ParkingDoubleMuonLowMass7Run2025F-PromptReco-v1/260727_192630/0000/mmgTree_278.root
[job 459/500] adding file 3/23: root://cms-xrd-global.cern.ch//store/user/charlesf/ParkingDoubleMuonLowMass7/crab_muMuGamma_24Jul26_ParkingDoubleMuonLowMass7Run2025F-PromptReco-v1/260727_192630/0000/mmgTree_279.root
[job 459/500] adding file 4/23: root://cms-xrd-global.cern.ch//store/user/charlesf/ParkingDoubleMuonLowMass7/crab_muMuGamma_24Jul26_ParkingDoubleMuonLowMass7Run2025F-PromptReco-v1/260727_192630/0000/mmgTree_28.root
[job 459/500] adding file 5/23: root://cms-xrd-global.cern.ch//store/user/charlesf/ParkingDoubleMuonLowMass7/crab_muMuGamma_24Jul26_ParkingDoubleMuonLowMass7Run2025F-PromptReco-v1/260727_192630/0000/mmgTree_280.root
[job 459/500] adding file 6/23: root://cms-xrd-global.cern.ch//store/user/charlesf/ParkingDoubleMuonLowMass7/crab_muMuGamma_24Jul26_ParkingDoubleMuonLowMass7Run2025F-PromptReco-v1/260727_192630/0000/mmgTree_281.root
[job 459/500] adding file 7/23: root://cms-xrd-global.cern.ch//store/user/charlesf/ParkingDoubleMuonLowMass7/crab_muMuGamma_24Jul26_ParkingDoubleMuonLowMass7Run2025F-PromptReco-v1/260727_192630/0000/mmgTree_282.root
[job 459/500] adding file 8/23: root://cms-xrd-global.cern.ch//store/user/charlesf/ParkingDoubleMuonLowMass7/crab_muMuGamma_24Jul26_ParkingDoubleMuonLowMass7Run2025F-PromptReco-v1/260727_192630/0000/mmgTree_283.root
[job 459/500] adding file 9/23: root://cms-xrd-global.cern.ch//store/user/charlesf/ParkingDoubleMuonLowMass7/crab_muMuGamma_24Jul26_ParkingDoubleMuonLowMass7Run2025F-PromptReco-v1/260727_192630/0000/mmgTree_284.root
[job 459/500] adding file 10/23: root://cms-xrd-global.cern.ch//store/user/charlesf/ParkingDoubleMuonLowMass7/crab_muMuGamma_24Jul26_ParkingDoubleMuonLowMass7Run2025F-PromptReco-v1/260727_192630/0000/mmgTree_285.root
[job 459/500] adding file 11/23: root://cms-xrd-global.cern.ch//store/user/charlesf/ParkingDoubleMuonLowMass7/crab_muMuGamma_24Jul26_ParkingDoubleMuonLowMass7Run2025F-PromptReco-v1/260727_192630/0000/mmgTree_286.root
[job 459/500] adding file 12/23: root://cms-xrd-global.cern.ch//store/user/charlesf/ParkingDoubleMuonLowMass7/crab_muMuGamma_24Jul26_ParkingDoubleMuonLowMass7Run2025F-PromptReco-v1/260727_192630/0000/mmgTree_287.root
[job 459/500] adding file 13/23: root://cms-xrd-global.cern.ch//store/user/charlesf/ParkingDoubleMuonLowMass7/crab_muMuGamma_24Jul26_ParkingDoubleMuonLowMass7Run2025F-PromptReco-v1/260727_192630/0000/mmgTree_288.root
[job 459/500] adding file 14/23: root://cms-xrd-global.cern.ch//store/user/charlesf/ParkingDoubleMuonLowMass7/crab_muMuGamma_24Jul26_ParkingDoubleMuonLowMass7Run2025F-PromptReco-v1/260727_192630/0000/mmgTree_289.root
[job 459/500] adding file 15/23: root://cms-xrd-global.cern.ch//store/user/charlesf/ParkingDoubleMuonLowMass7/crab_muMuGamma_24Jul26_ParkingDoubleMuonLowMass7Run2025F-PromptReco-v1/260727_192630/0000/mmgTree_29.root
[job 459/500] adding file 16/23: root://cms-xrd-global.cern.ch//store/user/charlesf/ParkingDoubleMuonLowMass7/crab_muMuGamma_24Jul26_ParkingDoubleMuonLowMass7Run2025F-PromptReco-v1/260727_192630/0000/mmgTree_290.root
[job 459/500] adding file 17/23: root://cms-xrd-global.cern.ch//store/user/charlesf/ParkingDoubleMuonLowMass7/crab_muMuGamma_24Jul26_ParkingDoubleMuonLowMass7Run2025F-PromptReco-v1/260727_192630/0000/mmgTree_291.root
[job 459/500] adding file 18/23: root://cms-xrd-global.cern.ch//store/user/charlesf/ParkingDoubleMuonLowMass7/crab_muMuGamma_24Jul26_ParkingDoubleMuonLowMass7Run2025F-PromptReco-v1/260727_192630/0000/mmgTree_292.root
[job 459/500] adding file 19/23: root://cms-xrd-global.cern.ch//store/user/charlesf/ParkingDoubleMuonLowMass7/crab_muMuGamma_24Jul26_ParkingDoubleMuonLowMass7Run2025F-PromptReco-v1/260727_192630/0000/mmgTree_293.root
[job 459/500] adding file 20/23: root://cms-xrd-global.cern.ch//store/user/charlesf/ParkingDoubleMuonLowMass7/crab_muMuGamma_24Jul26_ParkingDoubleMuonLowMass7Run2025F-PromptReco-v1/260727_192630/0000/mmgTree_294.root
[job 459/500] adding file 21/23: root://cms-xrd-global.cern.ch//store/user/charlesf/ParkingDoubleMuonLowMass7/crab_muMuGamma_24Jul26_ParkingDoubleMuonLowMass7Run2025F-PromptReco-v1/260727_192630/0000/mmgTree_295.root
[job 459/500] adding file 22/23: root://cms-xrd-global.cern.ch//store/user/charlesf/ParkingDoubleMuonLowMass7/crab_muMuGamma_24Jul26_ParkingDoubleMuonLowMass7Run2025F-PromptReco-v1/260727_192630/0000/mmgTree_296.root
[job 459/500] adding file 23/23: root://cms-xrd-global.cern.ch//store/user/charlesf/ParkingDoubleMuonLowMass7/crab_muMuGamma_24Jul26_ParkingDoubleMuonLowMass7Run2025F-PromptReco-v1/260727_192630/0000/mmgTree_297.root
Finished building TChain
Total entries: 11051569
Creating /eos/user/c/charlesf/www/dark_photon/root/histos_459.root
Processing events...
mumu_mass < 0.6 event 0
mumu_mass < 0.6 event 100000
mumu_mass < 0.6 event 200000
mumu_mass < 0.6 event 300000
mumu_mass < 0.6 event 400000
mumu_mass < 0.6 event 500000
mumu_mass < 0.6 event 600000
mumu_mass < 0.6 event 700000
Saving histograms...
	Saving Cat_6_bb_SR to /eos/user/c/charlesf/www/dark_photon/root/histos_459.root with 33053.0 entries
	Saving Cat_3_ee_CR to /eos/user/c/charlesf/www/dark_photon/root/histos_459.root with 13489.0 entries
	Saving Cat_10_bb_SR to /eos/user/c/charlesf/www/dark_photon/root/histos_459.root with 41794.0 entries
	Saving Cat_8_bb_SR to /eos/user/c/charlesf/www/dark_photon/root/histos_459.root with 36545.0 entries
	Saving Cat_2_ee_CR to /eos/user/c/charlesf/www/dark_photon/root/histos_459.root with 12090.0 entries
	Saving Cat_5_bb_CR to /eos/user/c/charlesf/www/dark_photon/root/histos_459.root with 18709.0 entries
	Saving Cat_10_bb_CR to /eos/user/c/charlesf/www/dark_photon/root/histos_459.root with 18675.0 entries
	Saving Cat_2_ee_SR to /eos/user/c/charlesf/www/dark_photon/root/histos_459.root with 25457.0 entries
	Saving Cat_3_bb_CR to /eos/user/c/charlesf/www/dark_photon/root/histos_459.root with 19077.0 entries
	Saving Cat_2_bb_CR to /eos/user/c/charlesf/www/dark_photon/root/histos_459.root with 18196.0 entries
	Saving Cat_1_bb_SR to /eos/user/c/charlesf/www/dark_photon/root/histos_459.root with 32032.0 entries
	Saving Cat_7_bb_SR to /eos/user/c/charlesf/www/dark_photon/root/histos_459.root with 35595.0 entries
	Saving Cat_9_bb_CR to /eos/user/c/charlesf/www/dark_photon/root/histos_459.root with 17312.0 entries
	Saving Cat_3_bb_SR to /eos/user/c/charlesf/www/dark_photon/root/histos_459.root with 33604.0 entries
	Saving Cat_5_ee_SR to /eos/user/c/charlesf/www/dark_photon/root/histos_459.root with 41963.0 entries
	Saving Cat_4_bb_SR to /eos/user/c/charlesf/www/dark_photon/root/histos_459.root with 31814.0 entries
	Saving Cat_2_bb_SR to /eos/user/c/charlesf/www/dark_photon/root/histos_459.root with 32869.0 entries
	Saving Cat_5_bb_SR to /eos/user/c/charlesf/www/dark_photon/root/histos_459.root with 33151.0 entries
	Saving Cat_7_bb_CR to /eos/user/c/charlesf/www/dark_photon/root/histos_459.root with 18928.0 entries
	Saving Cat_5_ee_CR to /eos/user/c/charlesf/www/dark_photon/root/histos_459.root with 18830.0 entries
	Saving Cat_0_bb_CR to /eos/user/c/charlesf/www/dark_photon/root/histos_459.root with 1626.0 entries
	Saving Cat_4_ee_CR to /eos/user/c/charlesf/www/dark_photon/root/histos_459.root with 15033.0 entries
	Saving Cat_4_ee_SR to /eos/user/c/charlesf/www/dark_photon/root/histos_459.root with 32169.0 entries
	Saving Cat_9_bb_SR to /eos/user/c/charlesf/www/dark_photon/root/histos_459.root with 35859.0 entries
	Saving Cat_3_ee_SR to /eos/user/c/charlesf/www/dark_photon/root/histos_459.root with 28566.0 entries
	Saving Cat_1_ee_SR to /eos/user/c/charlesf/www/dark_photon/root/histos_459.root with 14581.0 entries
	Saving Cat_1_bb_CR to /eos/user/c/charlesf/www/dark_photon/root/histos_459.root with 17644.0 entries
	Saving Cat_6_bb_CR to /eos/user/c/charlesf/www/dark_photon/root/histos_459.root with 18399.0 entries
	Saving Cat_0_bb_SR to /eos/user/c/charlesf/www/dark_photon/root/histos_459.root with 1090.0 entries
	Saving Cat_4_bb_CR to /eos/user/c/charlesf/www/dark_photon/root/histos_459.root with 18460.0 entries
	Saving Cat_8_bb_CR to /eos/user/c/charlesf/www/dark_photon/root/histos_459.root with 18712.0 entries
	Saving Cat_1_ee_CR to /eos/user/c/charlesf/www/dark_photon/root/histos_459.root with 7815.0 entries
	Saving Cat_0_ee_CR to /eos/user/c/charlesf/www/dark_photon/root/histos_459.root with 708.0 entries
	Saving Cat_0_ee_SR to /eos/user/c/charlesf/www/dark_photon/root/histos_459.root with 146.0 entries
Finished job 459/500 at Thu Aug  6 22:22:39 CEST 2026
