Host: b9p17p9353.cern.ch
Date: Thu Aug  6 10:11:35 PM CEST 2026
PROCID=237
JOB=238
NJOBS=500
LIST=/afs/cern.ch/user/c/charlesf/cmssw-dev/CMSSW_15_0_15/src/Run3DimuonAnalysisTools/Crab/all_mmgTree_files.txt
OUTDIR=/eos/user/c/charlesf/www/dark_photon/root
Opening list of input files /afs/cern.ch/user/c/charlesf/cmssw-dev/CMSSW_15_0_15/src/Run3DimuonAnalysisTools/Crab/all_mmgTree_files.txt
	Found 11350 items in list
	Job 238 of 500 has files (5379, 5402], using all 23 files
	Using redirector root://cms-xrd-global.cern.ch/
[job 238/500] adding file 1/23: root://cms-xrd-global.cern.ch//store/user/charlesf/ParkingDoubleMuonLowMass3/crab_muMuGamma_24Jul26_ParkingDoubleMuonLowMass3Run2025G-PromptReco-v1/260727_192131/0000/mmgTree_3-16.root
[job 238/500] adding file 2/23: root://cms-xrd-global.cern.ch//store/user/charlesf/ParkingDoubleMuonLowMass3/crab_muMuGamma_24Jul26_ParkingDoubleMuonLowMass3Run2025G-PromptReco-v1/260727_192131/0000/mmgTree_3-17.root
[job 238/500] adding file 3/23: root://cms-xrd-global.cern.ch//store/user/charlesf/ParkingDoubleMuonLowMass3/crab_muMuGamma_24Jul26_ParkingDoubleMuonLowMass3Run2025G-PromptReco-v1/260727_192131/0000/mmgTree_3-18.root
[job 238/500] adding file 4/23: root://cms-xrd-global.cern.ch//store/user/charlesf/ParkingDoubleMuonLowMass3/crab_muMuGamma_24Jul26_ParkingDoubleMuonLowMass3Run2025G-PromptReco-v1/260727_192131/0000/mmgTree_3-19.root
[job 238/500] adding file 5/23: root://cms-xrd-global.cern.ch//store/user/charlesf/ParkingDoubleMuonLowMass3/crab_muMuGamma_24Jul26_ParkingDoubleMuonLowMass3Run2025G-PromptReco-v1/260727_192131/0000/mmgTree_3-2.root
[job 238/500] adding file 6/23: root://cms-xrd-global.cern.ch//store/user/charlesf/ParkingDoubleMuonLowMass3/crab_muMuGamma_24Jul26_ParkingDoubleMuonLowMass3Run2025G-PromptReco-v1/260727_192131/0000/mmgTree_3-20.root
[job 238/500] adding file 7/23: root://cms-xrd-global.cern.ch//store/user/charlesf/ParkingDoubleMuonLowMass3/crab_muMuGamma_24Jul26_ParkingDoubleMuonLowMass3Run2025G-PromptReco-v1/260727_192131/0000/mmgTree_3-21.root
[job 238/500] adding file 8/23: root://cms-xrd-global.cern.ch//store/user/charlesf/ParkingDoubleMuonLowMass3/crab_muMuGamma_24Jul26_ParkingDoubleMuonLowMass3Run2025G-PromptReco-v1/260727_192131/0000/mmgTree_3-22.root
[job 238/500] adding file 9/23: root://cms-xrd-global.cern.ch//store/user/charlesf/ParkingDoubleMuonLowMass3/crab_muMuGamma_24Jul26_ParkingDoubleMuonLowMass3Run2025G-PromptReco-v1/260727_192131/0000/mmgTree_3-23.root
[job 238/500] adding file 10/23: root://cms-xrd-global.cern.ch//store/user/charlesf/ParkingDoubleMuonLowMass3/crab_muMuGamma_24Jul26_ParkingDoubleMuonLowMass3Run2025G-PromptReco-v1/260727_192131/0000/mmgTree_3-24.root
[job 238/500] adding file 11/23: root://cms-xrd-global.cern.ch//store/user/charlesf/ParkingDoubleMuonLowMass3/crab_muMuGamma_24Jul26_ParkingDoubleMuonLowMass3Run2025G-PromptReco-v1/260727_192131/0000/mmgTree_3-25.root
[job 238/500] adding file 12/23: root://cms-xrd-global.cern.ch//store/user/charlesf/ParkingDoubleMuonLowMass3/crab_muMuGamma_24Jul26_ParkingDoubleMuonLowMass3Run2025G-PromptReco-v1/260727_192131/0000/mmgTree_3-26.root
[job 238/500] adding file 13/23: root://cms-xrd-global.cern.ch//store/user/charlesf/ParkingDoubleMuonLowMass3/crab_muMuGamma_24Jul26_ParkingDoubleMuonLowMass3Run2025G-PromptReco-v1/260727_192131/0000/mmgTree_3-27.root
[job 238/500] adding file 14/23: root://cms-xrd-global.cern.ch//store/user/charlesf/ParkingDoubleMuonLowMass3/crab_muMuGamma_24Jul26_ParkingDoubleMuonLowMass3Run2025G-PromptReco-v1/260727_192131/0000/mmgTree_3-28.root
[job 238/500] adding file 15/23: root://cms-xrd-global.cern.ch//store/user/charlesf/ParkingDoubleMuonLowMass3/crab_muMuGamma_24Jul26_ParkingDoubleMuonLowMass3Run2025G-PromptReco-v1/260727_192131/0000/mmgTree_3-29.root
[job 238/500] adding file 16/23: root://cms-xrd-global.cern.ch//store/user/charlesf/ParkingDoubleMuonLowMass3/crab_muMuGamma_24Jul26_ParkingDoubleMuonLowMass3Run2025G-PromptReco-v1/260727_192131/0000/mmgTree_3-3.root
[job 238/500] adding file 17/23: root://cms-xrd-global.cern.ch//store/user/charlesf/ParkingDoubleMuonLowMass3/crab_muMuGamma_24Jul26_ParkingDoubleMuonLowMass3Run2025G-PromptReco-v1/260727_192131/0000/mmgTree_3-30.root
[job 238/500] adding file 18/23: root://cms-xrd-global.cern.ch//store/user/charlesf/ParkingDoubleMuonLowMass3/crab_muMuGamma_24Jul26_ParkingDoubleMuonLowMass3Run2025G-PromptReco-v1/260727_192131/0000/mmgTree_3-31.root
[job 238/500] adding file 19/23: root://cms-xrd-global.cern.ch//store/user/charlesf/ParkingDoubleMuonLowMass3/crab_muMuGamma_24Jul26_ParkingDoubleMuonLowMass3Run2025G-PromptReco-v1/260727_192131/0000/mmgTree_3-4.root
[job 238/500] adding file 20/23: root://cms-xrd-global.cern.ch//store/user/charlesf/ParkingDoubleMuonLowMass3/crab_muMuGamma_24Jul26_ParkingDoubleMuonLowMass3Run2025G-PromptReco-v1/260727_192131/0000/mmgTree_3-5.root
[job 238/500] adding file 21/23: root://cms-xrd-global.cern.ch//store/user/charlesf/ParkingDoubleMuonLowMass3/crab_muMuGamma_24Jul26_ParkingDoubleMuonLowMass3Run2025G-PromptReco-v1/260727_192131/0000/mmgTree_3-6.root
[job 238/500] adding file 22/23: root://cms-xrd-global.cern.ch//store/user/charlesf/ParkingDoubleMuonLowMass3/crab_muMuGamma_24Jul26_ParkingDoubleMuonLowMass3Run2025G-PromptReco-v1/260727_192131/0000/mmgTree_3-7.root
[job 238/500] adding file 23/23: root://cms-xrd-global.cern.ch//store/user/charlesf/ParkingDoubleMuonLowMass3/crab_muMuGamma_24Jul26_ParkingDoubleMuonLowMass3Run2025G-PromptReco-v1/260727_192131/0000/mmgTree_3-8.root
Finished building TChain
Total entries: 1991367
Creating /eos/user/c/charlesf/www/dark_photon/root/histos_238.root
Processing events...
mumu_mass < 0.6 event 0
mumu_mass < 0.6 event 100000
Saving histograms...
	Saving Cat_3_bb_SR to /eos/user/c/charlesf/www/dark_photon/root/histos_238.root with 5826.0 entries
	Saving Cat_1_bb_CR to /eos/user/c/charlesf/www/dark_photon/root/histos_238.root with 3223.0 entries
	Saving Cat_3_bb_CR to /eos/user/c/charlesf/www/dark_photon/root/histos_238.root with 3640.0 entries
	Saving Cat_1_ee_SR to /eos/user/c/charlesf/www/dark_photon/root/histos_238.root with 2762.0 entries
	Saving Cat_5_ee_SR to /eos/user/c/charlesf/www/dark_photon/root/histos_238.root with 7567.0 entries
	Saving Cat_6_bb_CR to /eos/user/c/charlesf/www/dark_photon/root/histos_238.root with 3318.0 entries
	Saving Cat_4_ee_SR to /eos/user/c/charlesf/www/dark_photon/root/histos_238.root with 5892.0 entries
	Saving Cat_4_ee_CR to /eos/user/c/charlesf/www/dark_photon/root/histos_238.root with 2762.0 entries
	Saving Cat_7_bb_SR to /eos/user/c/charlesf/www/dark_photon/root/histos_238.root with 5965.0 entries
	Saving Cat_2_ee_SR to /eos/user/c/charlesf/www/dark_photon/root/histos_238.root with 4712.0 entries
	Saving Cat_9_bb_SR to /eos/user/c/charlesf/www/dark_photon/root/histos_238.root with 6519.0 entries
	Saving Cat_3_ee_CR to /eos/user/c/charlesf/www/dark_photon/root/histos_238.root with 2529.0 entries
	Saving Cat_8_bb_SR to /eos/user/c/charlesf/www/dark_photon/root/histos_238.root with 6254.0 entries
	Saving Cat_4_bb_SR to /eos/user/c/charlesf/www/dark_photon/root/histos_238.root with 5528.0 entries
	Saving Cat_5_bb_SR to /eos/user/c/charlesf/www/dark_photon/root/histos_238.root with 5592.0 entries
	Saving Cat_1_bb_SR to /eos/user/c/charlesf/www/dark_photon/root/histos_238.root with 5484.0 entries
	Saving Cat_3_ee_SR to /eos/user/c/charlesf/www/dark_photon/root/histos_238.root with 5321.0 entries
	Saving Cat_8_bb_CR to /eos/user/c/charlesf/www/dark_photon/root/histos_238.root with 3419.0 entries
	Saving Cat_10_bb_SR to /eos/user/c/charlesf/www/dark_photon/root/histos_238.root with 7551.0 entries
	Saving Cat_7_bb_CR to /eos/user/c/charlesf/www/dark_photon/root/histos_238.root with 3531.0 entries
	Saving Cat_6_bb_SR to /eos/user/c/charlesf/www/dark_photon/root/histos_238.root with 5707.0 entries
	Saving Cat_5_bb_CR to /eos/user/c/charlesf/www/dark_photon/root/histos_238.root with 3433.0 entries
	Saving Cat_2_ee_CR to /eos/user/c/charlesf/www/dark_photon/root/histos_238.root with 2372.0 entries
	Saving Cat_2_bb_SR to /eos/user/c/charlesf/www/dark_photon/root/histos_238.root with 5624.0 entries
	Saving Cat_10_bb_CR to /eos/user/c/charlesf/www/dark_photon/root/histos_238.root with 3372.0 entries
	Saving Cat_4_bb_CR to /eos/user/c/charlesf/www/dark_photon/root/histos_238.root with 3406.0 entries
	Saving Cat_9_bb_CR to /eos/user/c/charlesf/www/dark_photon/root/histos_238.root with 3035.0 entries
	Saving Cat_5_ee_CR to /eos/user/c/charlesf/www/dark_photon/root/histos_238.root with 3512.0 entries
	Saving Cat_2_bb_CR to /eos/user/c/charlesf/www/dark_photon/root/histos_238.root with 3351.0 entries
	Saving Cat_1_ee_CR to /eos/user/c/charlesf/www/dark_photon/root/histos_238.root with 1634.0 entries
	Saving Cat_0_ee_CR to /eos/user/c/charlesf/www/dark_photon/root/histos_238.root with 153.0 entries
	Saving Cat_0_bb_SR to /eos/user/c/charlesf/www/dark_photon/root/histos_238.root with 179.0 entries
	Saving Cat_0_bb_CR to /eos/user/c/charlesf/www/dark_photon/root/histos_238.root with 308.0 entries
	Saving Cat_0_ee_SR to /eos/user/c/charlesf/www/dark_photon/root/histos_238.root with 25.0 entries
Finished job 238/500 at Thu Aug  6 22:16:34 CEST 2026
