Host: b9p20p3715.cern.ch
Date: Thu Aug  6 10:10:48 PM CEST 2026
PROCID=90
JOB=91
NJOBS=500
LIST=/afs/cern.ch/user/c/charlesf/cmssw-dev/CMSSW_15_0_15/src/Run3DimuonAnalysisTools/Crab/all_mmgTree_files.txt
OUTDIR=/eos/user/c/charlesf/www/dark_photon/root
Opening list of input files /afs/cern.ch/user/c/charlesf/cmssw-dev/CMSSW_15_0_15/src/Run3DimuonAnalysisTools/Crab/all_mmgTree_files.txt
	Found 11350 items in list
	Job 91 of 500 has files (2043, 2065], using all 22 files
	Using redirector root://cms-xrd-global.cern.ch/
[job 91/500] adding file 1/22: root://cms-xrd-global.cern.ch//store/user/charlesf/ParkingDoubleMuonLowMass1/crab_muMuGamma_24Jul26_ParkingDoubleMuonLowMass1Run2025F-PromptReco-v1/260727_191831/0000/mmgTree_308.root
[job 91/500] adding file 2/22: root://cms-xrd-global.cern.ch//store/user/charlesf/ParkingDoubleMuonLowMass1/crab_muMuGamma_24Jul26_ParkingDoubleMuonLowMass1Run2025F-PromptReco-v1/260727_191831/0000/mmgTree_309.root
[job 91/500] adding file 3/22: root://cms-xrd-global.cern.ch//store/user/charlesf/ParkingDoubleMuonLowMass1/crab_muMuGamma_24Jul26_ParkingDoubleMuonLowMass1Run2025F-PromptReco-v1/260727_191831/0000/mmgTree_31.root
[job 91/500] adding file 4/22: root://cms-xrd-global.cern.ch//store/user/charlesf/ParkingDoubleMuonLowMass1/crab_muMuGamma_24Jul26_ParkingDoubleMuonLowMass1Run2025F-PromptReco-v1/260727_191831/0000/mmgTree_310.root
[job 91/500] adding file 5/22: root://cms-xrd-global.cern.ch//store/user/charlesf/ParkingDoubleMuonLowMass1/crab_muMuGamma_24Jul26_ParkingDoubleMuonLowMass1Run2025F-PromptReco-v1/260727_191831/0000/mmgTree_311.root
[job 91/500] adding file 6/22: root://cms-xrd-global.cern.ch//store/user/charlesf/ParkingDoubleMuonLowMass1/crab_muMuGamma_24Jul26_ParkingDoubleMuonLowMass1Run2025F-PromptReco-v1/260727_191831/0000/mmgTree_312.root
[job 91/500] adding file 7/22: root://cms-xrd-global.cern.ch//store/user/charlesf/ParkingDoubleMuonLowMass1/crab_muMuGamma_24Jul26_ParkingDoubleMuonLowMass1Run2025F-PromptReco-v1/260727_191831/0000/mmgTree_313.root
[job 91/500] adding file 8/22: root://cms-xrd-global.cern.ch//store/user/charlesf/ParkingDoubleMuonLowMass1/crab_muMuGamma_24Jul26_ParkingDoubleMuonLowMass1Run2025F-PromptReco-v1/260727_191831/0000/mmgTree_314.root
[job 91/500] adding file 9/22: root://cms-xrd-global.cern.ch//store/user/charlesf/ParkingDoubleMuonLowMass1/crab_muMuGamma_24Jul26_ParkingDoubleMuonLowMass1Run2025F-PromptReco-v1/260727_191831/0000/mmgTree_315.root
[job 91/500] adding file 10/22: root://cms-xrd-global.cern.ch//store/user/charlesf/ParkingDoubleMuonLowMass1/crab_muMuGamma_24Jul26_ParkingDoubleMuonLowMass1Run2025F-PromptReco-v1/260727_191831/0000/mmgTree_316.root
[job 91/500] adding file 11/22: root://cms-xrd-global.cern.ch//store/user/charlesf/ParkingDoubleMuonLowMass1/crab_muMuGamma_24Jul26_ParkingDoubleMuonLowMass1Run2025F-PromptReco-v1/260727_191831/0000/mmgTree_317.root
[job 91/500] adding file 12/22: root://cms-xrd-global.cern.ch//store/user/charlesf/ParkingDoubleMuonLowMass1/crab_muMuGamma_24Jul26_ParkingDoubleMuonLowMass1Run2025F-PromptReco-v1/260727_191831/0000/mmgTree_318.root
[job 91/500] adding file 13/22: root://cms-xrd-global.cern.ch//store/user/charlesf/ParkingDoubleMuonLowMass1/crab_muMuGamma_24Jul26_ParkingDoubleMuonLowMass1Run2025F-PromptReco-v1/260727_191831/0000/mmgTree_319.root
[job 91/500] adding file 14/22: root://cms-xrd-global.cern.ch//store/user/charlesf/ParkingDoubleMuonLowMass1/crab_muMuGamma_24Jul26_ParkingDoubleMuonLowMass1Run2025F-PromptReco-v1/260727_191831/0000/mmgTree_32.root
[job 91/500] adding file 15/22: root://cms-xrd-global.cern.ch//store/user/charlesf/ParkingDoubleMuonLowMass1/crab_muMuGamma_24Jul26_ParkingDoubleMuonLowMass1Run2025F-PromptReco-v1/260727_191831/0000/mmgTree_320.root
[job 91/500] adding file 16/22: root://cms-xrd-global.cern.ch//store/user/charlesf/ParkingDoubleMuonLowMass1/crab_muMuGamma_24Jul26_ParkingDoubleMuonLowMass1Run2025F-PromptReco-v1/260727_191831/0000/mmgTree_321.root
[job 91/500] adding file 17/22: root://cms-xrd-global.cern.ch//store/user/charlesf/ParkingDoubleMuonLowMass1/crab_muMuGamma_24Jul26_ParkingDoubleMuonLowMass1Run2025F-PromptReco-v1/260727_191831/0000/mmgTree_322.root
[job 91/500] adding file 18/22: root://cms-xrd-global.cern.ch//store/user/charlesf/ParkingDoubleMuonLowMass1/crab_muMuGamma_24Jul26_ParkingDoubleMuonLowMass1Run2025F-PromptReco-v1/260727_191831/0000/mmgTree_323.root
[job 91/500] adding file 19/22: root://cms-xrd-global.cern.ch//store/user/charlesf/ParkingDoubleMuonLowMass1/crab_muMuGamma_24Jul26_ParkingDoubleMuonLowMass1Run2025F-PromptReco-v1/260727_191831/0000/mmgTree_324.root
[job 91/500] adding file 20/22: root://cms-xrd-global.cern.ch//store/user/charlesf/ParkingDoubleMuonLowMass1/crab_muMuGamma_24Jul26_ParkingDoubleMuonLowMass1Run2025F-PromptReco-v1/260727_191831/0000/mmgTree_325.root
[job 91/500] adding file 21/22: root://cms-xrd-global.cern.ch//store/user/charlesf/ParkingDoubleMuonLowMass1/crab_muMuGamma_24Jul26_ParkingDoubleMuonLowMass1Run2025F-PromptReco-v1/260727_191831/0000/mmgTree_326.root
[job 91/500] adding file 22/22: root://cms-xrd-global.cern.ch//store/user/charlesf/ParkingDoubleMuonLowMass1/crab_muMuGamma_24Jul26_ParkingDoubleMuonLowMass1Run2025F-PromptReco-v1/260727_191831/0000/mmgTree_327.root
Finished building TChain
Total entries: 9095008
Creating /eos/user/c/charlesf/www/dark_photon/root/histos_91.root
Processing events...
mumu_mass < 0.6 event 0
mumu_mass < 0.6 event 100000
mumu_mass < 0.6 event 200000
mumu_mass < 0.6 event 300000
mumu_mass < 0.6 event 400000
mumu_mass < 0.6 event 500000
mumu_mass < 0.6 event 600000
Saving histograms...
	Saving Cat_9_bb_SR to /eos/user/c/charlesf/www/dark_photon/root/histos_91.root with 29112.0 entries
	Saving Cat_10_bb_CR to /eos/user/c/charlesf/www/dark_photon/root/histos_91.root with 14899.0 entries
	Saving Cat_3_ee_SR to /eos/user/c/charlesf/www/dark_photon/root/histos_91.root with 24643.0 entries
	Saving Cat_5_ee_SR to /eos/user/c/charlesf/www/dark_photon/root/histos_91.root with 35417.0 entries
	Saving Cat_6_bb_SR to /eos/user/c/charlesf/www/dark_photon/root/histos_91.root with 26954.0 entries
	Saving Cat_3_ee_CR to /eos/user/c/charlesf/www/dark_photon/root/histos_91.root with 11790.0 entries
	Saving Cat_2_bb_CR to /eos/user/c/charlesf/www/dark_photon/root/histos_91.root with 14857.0 entries
	Saving Cat_3_bb_SR to /eos/user/c/charlesf/www/dark_photon/root/histos_91.root with 27288.0 entries
	Saving Cat_2_bb_SR to /eos/user/c/charlesf/www/dark_photon/root/histos_91.root with 26787.0 entries
	Saving Cat_4_bb_CR to /eos/user/c/charlesf/www/dark_photon/root/histos_91.root with 14885.0 entries
	Saving Cat_10_bb_SR to /eos/user/c/charlesf/www/dark_photon/root/histos_91.root with 34292.0 entries
	Saving Cat_5_bb_SR to /eos/user/c/charlesf/www/dark_photon/root/histos_91.root with 26406.0 entries
	Saving Cat_4_bb_SR to /eos/user/c/charlesf/www/dark_photon/root/histos_91.root with 26129.0 entries
	Saving Cat_7_bb_SR to /eos/user/c/charlesf/www/dark_photon/root/histos_91.root with 28670.0 entries
	Saving Cat_5_ee_CR to /eos/user/c/charlesf/www/dark_photon/root/histos_91.root with 15629.0 entries
	Saving Cat_4_ee_CR to /eos/user/c/charlesf/www/dark_photon/root/histos_91.root with 12616.0 entries
	Saving Cat_4_ee_SR to /eos/user/c/charlesf/www/dark_photon/root/histos_91.root with 27537.0 entries
	Saving Cat_5_bb_CR to /eos/user/c/charlesf/www/dark_photon/root/histos_91.root with 14996.0 entries
	Saving Cat_8_bb_SR to /eos/user/c/charlesf/www/dark_photon/root/histos_91.root with 29443.0 entries
	Saving Cat_9_bb_CR to /eos/user/c/charlesf/www/dark_photon/root/histos_91.root with 13748.0 entries
	Saving Cat_1_ee_SR to /eos/user/c/charlesf/www/dark_photon/root/histos_91.root with 13007.0 entries
	Saving Cat_7_bb_CR to /eos/user/c/charlesf/www/dark_photon/root/histos_91.root with 15274.0 entries
	Saving Cat_2_ee_SR to /eos/user/c/charlesf/www/dark_photon/root/histos_91.root with 22033.0 entries
	Saving Cat_8_bb_CR to /eos/user/c/charlesf/www/dark_photon/root/histos_91.root with 15155.0 entries
	Saving Cat_1_bb_CR to /eos/user/c/charlesf/www/dark_photon/root/histos_91.root with 14410.0 entries
	Saving Cat_3_bb_CR to /eos/user/c/charlesf/www/dark_photon/root/histos_91.root with 15715.0 entries
	Saving Cat_6_bb_CR to /eos/user/c/charlesf/www/dark_photon/root/histos_91.root with 15149.0 entries
	Saving Cat_1_ee_CR to /eos/user/c/charlesf/www/dark_photon/root/histos_91.root with 7303.0 entries
	Saving Cat_0_bb_CR to /eos/user/c/charlesf/www/dark_photon/root/histos_91.root with 1335.0 entries
	Saving Cat_1_bb_SR to /eos/user/c/charlesf/www/dark_photon/root/histos_91.root with 25807.0 entries
	Saving Cat_2_ee_CR to /eos/user/c/charlesf/www/dark_photon/root/histos_91.root with 10773.0 entries
	Saving Cat_0_ee_CR to /eos/user/c/charlesf/www/dark_photon/root/histos_91.root with 630.0 entries
	Saving Cat_0_bb_SR to /eos/user/c/charlesf/www/dark_photon/root/histos_91.root with 908.0 entries
	Saving Cat_0_ee_SR to /eos/user/c/charlesf/www/dark_photon/root/histos_91.root with 135.0 entries
Finished job 91/500 at Thu Aug  6 22:20:35 CEST 2026
