Host: b9p07p6280.cern.ch
Date: Thu Aug  6 10:10:51 PM CEST 2026
PROCID=100
JOB=101
NJOBS=500
LIST=/afs/cern.ch/user/c/charlesf/cmssw-dev/CMSSW_15_0_15/src/Run3DimuonAnalysisTools/Crab/all_mmgTree_files.txt
OUTDIR=/eos/user/c/charlesf/www/dark_photon/root
Opening list of input files /afs/cern.ch/user/c/charlesf/cmssw-dev/CMSSW_15_0_15/src/Run3DimuonAnalysisTools/Crab/all_mmgTree_files.txt
	Found 11350 items in list
	Job 101 of 500 has files (2270, 2292], using all 22 files
	Using redirector root://cms-xrd-global.cern.ch/
[job 101/500] adding file 1/22: root://cms-xrd-global.cern.ch//store/user/charlesf/ParkingDoubleMuonLowMass1/crab_muMuGamma_24Jul26_ParkingDoubleMuonLowMass1Run2025F-PromptReco-v2/260727_191841/0000/mmgTree_19.root
[job 101/500] adding file 2/22: root://cms-xrd-global.cern.ch//store/user/charlesf/ParkingDoubleMuonLowMass1/crab_muMuGamma_24Jul26_ParkingDoubleMuonLowMass1Run2025F-PromptReco-v2/260727_191841/0000/mmgTree_2.root
[job 101/500] adding file 3/22: root://cms-xrd-global.cern.ch//store/user/charlesf/ParkingDoubleMuonLowMass1/crab_muMuGamma_24Jul26_ParkingDoubleMuonLowMass1Run2025F-PromptReco-v2/260727_191841/0000/mmgTree_20.root
[job 101/500] adding file 4/22: root://cms-xrd-global.cern.ch//store/user/charlesf/ParkingDoubleMuonLowMass1/crab_muMuGamma_24Jul26_ParkingDoubleMuonLowMass1Run2025F-PromptReco-v2/260727_191841/0000/mmgTree_21.root
[job 101/500] adding file 5/22: root://cms-xrd-global.cern.ch//store/user/charlesf/ParkingDoubleMuonLowMass1/crab_muMuGamma_24Jul26_ParkingDoubleMuonLowMass1Run2025F-PromptReco-v2/260727_191841/0000/mmgTree_22.root
[job 101/500] adding file 6/22: root://cms-xrd-global.cern.ch//store/user/charlesf/ParkingDoubleMuonLowMass1/crab_muMuGamma_24Jul26_ParkingDoubleMuonLowMass1Run2025F-PromptReco-v2/260727_191841/0000/mmgTree_23.root
[job 101/500] adding file 7/22: root://cms-xrd-global.cern.ch//store/user/charlesf/ParkingDoubleMuonLowMass1/crab_muMuGamma_24Jul26_ParkingDoubleMuonLowMass1Run2025F-PromptReco-v2/260727_191841/0000/mmgTree_24.root
[job 101/500] adding file 8/22: root://cms-xrd-global.cern.ch//store/user/charlesf/ParkingDoubleMuonLowMass1/crab_muMuGamma_24Jul26_ParkingDoubleMuonLowMass1Run2025F-PromptReco-v2/260727_191841/0000/mmgTree_25.root
[job 101/500] adding file 9/22: root://cms-xrd-global.cern.ch//store/user/charlesf/ParkingDoubleMuonLowMass1/crab_muMuGamma_24Jul26_ParkingDoubleMuonLowMass1Run2025F-PromptReco-v2/260727_191841/0000/mmgTree_26.root
[job 101/500] adding file 10/22: root://cms-xrd-global.cern.ch//store/user/charlesf/ParkingDoubleMuonLowMass1/crab_muMuGamma_24Jul26_ParkingDoubleMuonLowMass1Run2025F-PromptReco-v2/260727_191841/0000/mmgTree_27.root
[job 101/500] adding file 11/22: root://cms-xrd-global.cern.ch//store/user/charlesf/ParkingDoubleMuonLowMass1/crab_muMuGamma_24Jul26_ParkingDoubleMuonLowMass1Run2025F-PromptReco-v2/260727_191841/0000/mmgTree_28.root
[job 101/500] adding file 12/22: root://cms-xrd-global.cern.ch//store/user/charlesf/ParkingDoubleMuonLowMass1/crab_muMuGamma_24Jul26_ParkingDoubleMuonLowMass1Run2025F-PromptReco-v2/260727_191841/0000/mmgTree_29.root
[job 101/500] adding file 13/22: root://cms-xrd-global.cern.ch//store/user/charlesf/ParkingDoubleMuonLowMass1/crab_muMuGamma_24Jul26_ParkingDoubleMuonLowMass1Run2025F-PromptReco-v2/260727_191841/0000/mmgTree_3-1.root
[job 101/500] adding file 14/22: root://cms-xrd-global.cern.ch//store/user/charlesf/ParkingDoubleMuonLowMass1/crab_muMuGamma_24Jul26_ParkingDoubleMuonLowMass1Run2025F-PromptReco-v2/260727_191841/0000/mmgTree_3-10.root
[job 101/500] adding file 15/22: root://cms-xrd-global.cern.ch//store/user/charlesf/ParkingDoubleMuonLowMass1/crab_muMuGamma_24Jul26_ParkingDoubleMuonLowMass1Run2025F-PromptReco-v2/260727_191841/0000/mmgTree_3-11.root
[job 101/500] adding file 16/22: root://cms-xrd-global.cern.ch//store/user/charlesf/ParkingDoubleMuonLowMass1/crab_muMuGamma_24Jul26_ParkingDoubleMuonLowMass1Run2025F-PromptReco-v2/260727_191841/0000/mmgTree_3-12.root
[job 101/500] adding file 17/22: root://cms-xrd-global.cern.ch//store/user/charlesf/ParkingDoubleMuonLowMass1/crab_muMuGamma_24Jul26_ParkingDoubleMuonLowMass1Run2025F-PromptReco-v2/260727_191841/0000/mmgTree_3-13.root
[job 101/500] adding file 18/22: root://cms-xrd-global.cern.ch//store/user/charlesf/ParkingDoubleMuonLowMass1/crab_muMuGamma_24Jul26_ParkingDoubleMuonLowMass1Run2025F-PromptReco-v2/260727_191841/0000/mmgTree_3-14.root
[job 101/500] adding file 19/22: root://cms-xrd-global.cern.ch//store/user/charlesf/ParkingDoubleMuonLowMass1/crab_muMuGamma_24Jul26_ParkingDoubleMuonLowMass1Run2025F-PromptReco-v2/260727_191841/0000/mmgTree_3-15.root
[job 101/500] adding file 20/22: root://cms-xrd-global.cern.ch//store/user/charlesf/ParkingDoubleMuonLowMass1/crab_muMuGamma_24Jul26_ParkingDoubleMuonLowMass1Run2025F-PromptReco-v2/260727_191841/0000/mmgTree_3-16.root
[job 101/500] adding file 21/22: root://cms-xrd-global.cern.ch//store/user/charlesf/ParkingDoubleMuonLowMass1/crab_muMuGamma_24Jul26_ParkingDoubleMuonLowMass1Run2025F-PromptReco-v2/260727_191841/0000/mmgTree_3-17.root
[job 101/500] adding file 22/22: root://cms-xrd-global.cern.ch//store/user/charlesf/ParkingDoubleMuonLowMass1/crab_muMuGamma_24Jul26_ParkingDoubleMuonLowMass1Run2025F-PromptReco-v2/260727_191841/0000/mmgTree_3-18.root
Finished building TChain
Total entries: 6976533
Creating /eos/user/c/charlesf/www/dark_photon/root/histos_101.root
Processing events...
mumu_mass < 0.6 event 0
mumu_mass < 0.6 event 100000
mumu_mass < 0.6 event 200000
mumu_mass < 0.6 event 300000
mumu_mass < 0.6 event 400000
Saving histograms...
	Saving Cat_2_bb_SR to /eos/user/c/charlesf/www/dark_photon/root/histos_101.root with 20987.0 entries
	Saving Cat_10_bb_CR to /eos/user/c/charlesf/www/dark_photon/root/histos_101.root with 11713.0 entries
	Saving Cat_5_bb_CR to /eos/user/c/charlesf/www/dark_photon/root/histos_101.root with 11943.0 entries
	Saving Cat_5_ee_SR to /eos/user/c/charlesf/www/dark_photon/root/histos_101.root with 25490.0 entries
	Saving Cat_7_bb_CR to /eos/user/c/charlesf/www/dark_photon/root/histos_101.root with 11971.0 entries
	Saving Cat_8_bb_SR to /eos/user/c/charlesf/www/dark_photon/root/histos_101.root with 23190.0 entries
	Saving Cat_3_ee_SR to /eos/user/c/charlesf/www/dark_photon/root/histos_101.root with 17944.0 entries
	Saving Cat_3_ee_CR to /eos/user/c/charlesf/www/dark_photon/root/histos_101.root with 8898.0 entries
	Saving Cat_10_bb_SR to /eos/user/c/charlesf/www/dark_photon/root/histos_101.root with 26600.0 entries
	Saving Cat_7_bb_SR to /eos/user/c/charlesf/www/dark_photon/root/histos_101.root with 22172.0 entries
	Saving Cat_5_bb_SR to /eos/user/c/charlesf/www/dark_photon/root/histos_101.root with 20697.0 entries
	Saving Cat_4_ee_CR to /eos/user/c/charlesf/www/dark_photon/root/histos_101.root with 9583.0 entries
	Saving Cat_4_ee_SR to /eos/user/c/charlesf/www/dark_photon/root/histos_101.root with 20164.0 entries
	Saving Cat_4_bb_CR to /eos/user/c/charlesf/www/dark_photon/root/histos_101.root with 11782.0 entries
	Saving Cat_3_bb_CR to /eos/user/c/charlesf/www/dark_photon/root/histos_101.root with 12165.0 entries
	Saving Cat_4_bb_SR to /eos/user/c/charlesf/www/dark_photon/root/histos_101.root with 20467.0 entries
	Saving Cat_1_bb_SR to /eos/user/c/charlesf/www/dark_photon/root/histos_101.root with 20360.0 entries
	Saving Cat_6_bb_SR to /eos/user/c/charlesf/www/dark_photon/root/histos_101.root with 20907.0 entries
	Saving Cat_9_bb_SR to /eos/user/c/charlesf/www/dark_photon/root/histos_101.root with 22376.0 entries
	Saving Cat_2_ee_SR to /eos/user/c/charlesf/www/dark_photon/root/histos_101.root with 16543.0 entries
	Saving Cat_8_bb_CR to /eos/user/c/charlesf/www/dark_photon/root/histos_101.root with 12165.0 entries
	Saving Cat_1_ee_SR to /eos/user/c/charlesf/www/dark_photon/root/histos_101.root with 10059.0 entries
	Saving Cat_3_bb_SR to /eos/user/c/charlesf/www/dark_photon/root/histos_101.root with 21325.0 entries
	Saving Cat_1_bb_CR to /eos/user/c/charlesf/www/dark_photon/root/histos_101.root with 11357.0 entries
	Saving Cat_0_bb_CR to /eos/user/c/charlesf/www/dark_photon/root/histos_101.root with 1112.0 entries
	Saving Cat_5_ee_CR to /eos/user/c/charlesf/www/dark_photon/root/histos_101.root with 12126.0 entries
	Saving Cat_2_ee_CR to /eos/user/c/charlesf/www/dark_photon/root/histos_101.root with 8219.0 entries
	Saving Cat_9_bb_CR to /eos/user/c/charlesf/www/dark_photon/root/histos_101.root with 10911.0 entries
	Saving Cat_6_bb_CR to /eos/user/c/charlesf/www/dark_photon/root/histos_101.root with 11598.0 entries
	Saving Cat_2_bb_CR to /eos/user/c/charlesf/www/dark_photon/root/histos_101.root with 11811.0 entries
	Saving Cat_1_ee_CR to /eos/user/c/charlesf/www/dark_photon/root/histos_101.root with 5752.0 entries
	Saving Cat_0_ee_CR to /eos/user/c/charlesf/www/dark_photon/root/histos_101.root with 473.0 entries
	Saving Cat_0_bb_SR to /eos/user/c/charlesf/www/dark_photon/root/histos_101.root with 730.0 entries
	Saving Cat_0_ee_SR to /eos/user/c/charlesf/www/dark_photon/root/histos_101.root with 89.0 entries
Finished job 101/500 at Thu Aug  6 22:18:47 CEST 2026
