Host: b9p13p8505.cern.ch
Date: Thu Aug  6 10:11:35 PM CEST 2026
PROCID=234
JOB=235
NJOBS=500
LIST=/afs/cern.ch/user/c/charlesf/cmssw-dev/CMSSW_15_0_15/src/Run3DimuonAnalysisTools/Crab/all_mmgTree_files.txt
OUTDIR=/eos/user/c/charlesf/www/dark_photon/root
Opening list of input files /afs/cern.ch/user/c/charlesf/cmssw-dev/CMSSW_15_0_15/src/Run3DimuonAnalysisTools/Crab/all_mmgTree_files.txt
	Found 11350 items in list
	Job 235 of 500 has files (5311, 5334], using all 23 files
	Using redirector root://cms-xrd-global.cern.ch/
[job 235/500] adding file 1/23: root://cms-xrd-global.cern.ch//store/user/charlesf/ParkingDoubleMuonLowMass3/crab_muMuGamma_24Jul26_ParkingDoubleMuonLowMass3Run2025G-PromptReco-v1/260727_192131/0000/mmgTree_244.root
[job 235/500] adding file 2/23: root://cms-xrd-global.cern.ch//store/user/charlesf/ParkingDoubleMuonLowMass3/crab_muMuGamma_24Jul26_ParkingDoubleMuonLowMass3Run2025G-PromptReco-v1/260727_192131/0000/mmgTree_245.root
[job 235/500] adding file 3/23: root://cms-xrd-global.cern.ch//store/user/charlesf/ParkingDoubleMuonLowMass3/crab_muMuGamma_24Jul26_ParkingDoubleMuonLowMass3Run2025G-PromptReco-v1/260727_192131/0000/mmgTree_246.root
[job 235/500] adding file 4/23: root://cms-xrd-global.cern.ch//store/user/charlesf/ParkingDoubleMuonLowMass3/crab_muMuGamma_24Jul26_ParkingDoubleMuonLowMass3Run2025G-PromptReco-v1/260727_192131/0000/mmgTree_247.root
[job 235/500] adding file 5/23: root://cms-xrd-global.cern.ch//store/user/charlesf/ParkingDoubleMuonLowMass3/crab_muMuGamma_24Jul26_ParkingDoubleMuonLowMass3Run2025G-PromptReco-v1/260727_192131/0000/mmgTree_248.root
[job 235/500] adding file 6/23: root://cms-xrd-global.cern.ch//store/user/charlesf/ParkingDoubleMuonLowMass3/crab_muMuGamma_24Jul26_ParkingDoubleMuonLowMass3Run2025G-PromptReco-v1/260727_192131/0000/mmgTree_249.root
[job 235/500] adding file 7/23: root://cms-xrd-global.cern.ch//store/user/charlesf/ParkingDoubleMuonLowMass3/crab_muMuGamma_24Jul26_ParkingDoubleMuonLowMass3Run2025G-PromptReco-v1/260727_192131/0000/mmgTree_25.root
[job 235/500] adding file 8/23: root://cms-xrd-global.cern.ch//store/user/charlesf/ParkingDoubleMuonLowMass3/crab_muMuGamma_24Jul26_ParkingDoubleMuonLowMass3Run2025G-PromptReco-v1/260727_192131/0000/mmgTree_250.root
[job 235/500] adding file 9/23: root://cms-xrd-global.cern.ch//store/user/charlesf/ParkingDoubleMuonLowMass3/crab_muMuGamma_24Jul26_ParkingDoubleMuonLowMass3Run2025G-PromptReco-v1/260727_192131/0000/mmgTree_251.root
[job 235/500] adding file 10/23: root://cms-xrd-global.cern.ch//store/user/charlesf/ParkingDoubleMuonLowMass3/crab_muMuGamma_24Jul26_ParkingDoubleMuonLowMass3Run2025G-PromptReco-v1/260727_192131/0000/mmgTree_252.root
[job 235/500] adding file 11/23: root://cms-xrd-global.cern.ch//store/user/charlesf/ParkingDoubleMuonLowMass3/crab_muMuGamma_24Jul26_ParkingDoubleMuonLowMass3Run2025G-PromptReco-v1/260727_192131/0000/mmgTree_253.root
[job 235/500] adding file 12/23: root://cms-xrd-global.cern.ch//store/user/charlesf/ParkingDoubleMuonLowMass3/crab_muMuGamma_24Jul26_ParkingDoubleMuonLowMass3Run2025G-PromptReco-v1/260727_192131/0000/mmgTree_254.root
[job 235/500] adding file 13/23: root://cms-xrd-global.cern.ch//store/user/charlesf/ParkingDoubleMuonLowMass3/crab_muMuGamma_24Jul26_ParkingDoubleMuonLowMass3Run2025G-PromptReco-v1/260727_192131/0000/mmgTree_255.root
[job 235/500] adding file 14/23: root://cms-xrd-global.cern.ch//store/user/charlesf/ParkingDoubleMuonLowMass3/crab_muMuGamma_24Jul26_ParkingDoubleMuonLowMass3Run2025G-PromptReco-v1/260727_192131/0000/mmgTree_256.root
[job 235/500] adding file 15/23: root://cms-xrd-global.cern.ch//store/user/charlesf/ParkingDoubleMuonLowMass3/crab_muMuGamma_24Jul26_ParkingDoubleMuonLowMass3Run2025G-PromptReco-v1/260727_192131/0000/mmgTree_257.root
[job 235/500] adding file 16/23: root://cms-xrd-global.cern.ch//store/user/charlesf/ParkingDoubleMuonLowMass3/crab_muMuGamma_24Jul26_ParkingDoubleMuonLowMass3Run2025G-PromptReco-v1/260727_192131/0000/mmgTree_258.root
[job 235/500] adding file 17/23: root://cms-xrd-global.cern.ch//store/user/charlesf/ParkingDoubleMuonLowMass3/crab_muMuGamma_24Jul26_ParkingDoubleMuonLowMass3Run2025G-PromptReco-v1/260727_192131/0000/mmgTree_259.root
[job 235/500] adding file 18/23: root://cms-xrd-global.cern.ch//store/user/charlesf/ParkingDoubleMuonLowMass3/crab_muMuGamma_24Jul26_ParkingDoubleMuonLowMass3Run2025G-PromptReco-v1/260727_192131/0000/mmgTree_26.root
[job 235/500] adding file 19/23: root://cms-xrd-global.cern.ch//store/user/charlesf/ParkingDoubleMuonLowMass3/crab_muMuGamma_24Jul26_ParkingDoubleMuonLowMass3Run2025G-PromptReco-v1/260727_192131/0000/mmgTree_260.root
[job 235/500] adding file 20/23: root://cms-xrd-global.cern.ch//store/user/charlesf/ParkingDoubleMuonLowMass3/crab_muMuGamma_24Jul26_ParkingDoubleMuonLowMass3Run2025G-PromptReco-v1/260727_192131/0000/mmgTree_261.root
[job 235/500] adding file 21/23: root://cms-xrd-global.cern.ch//store/user/charlesf/ParkingDoubleMuonLowMass3/crab_muMuGamma_24Jul26_ParkingDoubleMuonLowMass3Run2025G-PromptReco-v1/260727_192131/0000/mmgTree_262.root
[job 235/500] adding file 22/23: root://cms-xrd-global.cern.ch//store/user/charlesf/ParkingDoubleMuonLowMass3/crab_muMuGamma_24Jul26_ParkingDoubleMuonLowMass3Run2025G-PromptReco-v1/260727_192131/0000/mmgTree_263.root
[job 235/500] adding file 23/23: root://cms-xrd-global.cern.ch//store/user/charlesf/ParkingDoubleMuonLowMass3/crab_muMuGamma_24Jul26_ParkingDoubleMuonLowMass3Run2025G-PromptReco-v1/260727_192131/0000/mmgTree_264.root
Finished building TChain
Total entries: 10753898
Creating /eos/user/c/charlesf/www/dark_photon/root/histos_235.root
Processing events...
mumu_mass < 0.6 event 0
mumu_mass < 0.6 event 100000
mumu_mass < 0.6 event 200000
mumu_mass < 0.6 event 300000
mumu_mass < 0.6 event 400000
mumu_mass < 0.6 event 500000
mumu_mass < 0.6 event 600000
mumu_mass < 0.6 event 700000
Saving histograms...
	Saving Cat_10_bb_SR to /eos/user/c/charlesf/www/dark_photon/root/histos_235.root with 39646.0 entries
	Saving Cat_4_bb_SR to /eos/user/c/charlesf/www/dark_photon/root/histos_235.root with 30376.0 entries
	Saving Cat_9_bb_SR to /eos/user/c/charlesf/www/dark_photon/root/histos_235.root with 33835.0 entries
	Saving Cat_8_bb_SR to /eos/user/c/charlesf/www/dark_photon/root/histos_235.root with 34451.0 entries
	Saving Cat_2_bb_SR to /eos/user/c/charlesf/www/dark_photon/root/histos_235.root with 31700.0 entries
	Saving Cat_5_ee_CR to /eos/user/c/charlesf/www/dark_photon/root/histos_235.root with 18587.0 entries
	Saving Cat_10_bb_CR to /eos/user/c/charlesf/www/dark_photon/root/histos_235.root with 17850.0 entries
	Saving Cat_7_bb_CR to /eos/user/c/charlesf/www/dark_photon/root/histos_235.root with 18419.0 entries
	Saving Cat_5_bb_CR to /eos/user/c/charlesf/www/dark_photon/root/histos_235.root with 18221.0 entries
	Saving Cat_5_ee_SR to /eos/user/c/charlesf/www/dark_photon/root/histos_235.root with 41103.0 entries
	Saving Cat_1_bb_CR to /eos/user/c/charlesf/www/dark_photon/root/histos_235.root with 17557.0 entries
	Saving Cat_7_bb_SR to /eos/user/c/charlesf/www/dark_photon/root/histos_235.root with 33234.0 entries
	Saving Cat_3_bb_SR to /eos/user/c/charlesf/www/dark_photon/root/histos_235.root with 31634.0 entries
	Saving Cat_2_bb_CR to /eos/user/c/charlesf/www/dark_photon/root/histos_235.root with 17844.0 entries
	Saving Cat_3_ee_CR to /eos/user/c/charlesf/www/dark_photon/root/histos_235.root with 14134.0 entries
	Saving Cat_3_ee_SR to /eos/user/c/charlesf/www/dark_photon/root/histos_235.root with 29478.0 entries
	Saving Cat_4_ee_SR to /eos/user/c/charlesf/www/dark_photon/root/histos_235.root with 32583.0 entries
	Saving Cat_2_ee_CR to /eos/user/c/charlesf/www/dark_photon/root/histos_235.root with 13309.0 entries
	Saving Cat_2_ee_SR to /eos/user/c/charlesf/www/dark_photon/root/histos_235.root with 26912.0 entries
	Saving Cat_1_ee_CR to /eos/user/c/charlesf/www/dark_photon/root/histos_235.root with 9471.0 entries
	Saving Cat_1_bb_SR to /eos/user/c/charlesf/www/dark_photon/root/histos_235.root with 30890.0 entries
	Saving Cat_8_bb_CR to /eos/user/c/charlesf/www/dark_photon/root/histos_235.root with 18084.0 entries
	Saving Cat_6_bb_SR to /eos/user/c/charlesf/www/dark_photon/root/histos_235.root with 30960.0 entries
	Saving Cat_5_bb_SR to /eos/user/c/charlesf/www/dark_photon/root/histos_235.root with 31333.0 entries
	Saving Cat_1_ee_SR to /eos/user/c/charlesf/www/dark_photon/root/histos_235.root with 16948.0 entries
	Saving Cat_9_bb_CR to /eos/user/c/charlesf/www/dark_photon/root/histos_235.root with 16351.0 entries
	Saving Cat_4_ee_CR to /eos/user/c/charlesf/www/dark_photon/root/histos_235.root with 15199.0 entries
	Saving Cat_4_bb_CR to /eos/user/c/charlesf/www/dark_photon/root/histos_235.root with 17895.0 entries
	Saving Cat_0_bb_CR to /eos/user/c/charlesf/www/dark_photon/root/histos_235.root with 1624.0 entries
	Saving Cat_3_bb_CR to /eos/user/c/charlesf/www/dark_photon/root/histos_235.root with 18976.0 entries
	Saving Cat_6_bb_CR to /eos/user/c/charlesf/www/dark_photon/root/histos_235.root with 17881.0 entries
	Saving Cat_0_ee_SR to /eos/user/c/charlesf/www/dark_photon/root/histos_235.root with 180.0 entries
	Saving Cat_0_bb_SR to /eos/user/c/charlesf/www/dark_photon/root/histos_235.root with 1131.0 entries
	Saving Cat_0_ee_CR to /eos/user/c/charlesf/www/dark_photon/root/histos_235.root with 800.0 entries
Finished job 235/500 at Thu Aug  6 22:22:22 CEST 2026
