Host: b9g19p8217.cern.ch
Date: Thu Aug  6 10:11:53 PM CEST 2026
PROCID=281
JOB=282
NJOBS=500
LIST=/afs/cern.ch/user/c/charlesf/cmssw-dev/CMSSW_15_0_15/src/Run3DimuonAnalysisTools/Crab/all_mmgTree_files.txt
OUTDIR=/eos/user/c/charlesf/www/dark_photon/root
Opening list of input files /afs/cern.ch/user/c/charlesf/cmssw-dev/CMSSW_15_0_15/src/Run3DimuonAnalysisTools/Crab/all_mmgTree_files.txt
	Found 11350 items in list
	Job 282 of 500 has files (6378, 6401], using all 23 files
	Using redirector root://cms-xrd-global.cern.ch/
[job 282/500] adding file 1/23: root://cms-xrd-global.cern.ch//store/user/charlesf/ParkingDoubleMuonLowMass4/crab_muMuGamma_24Jul26_ParkingDoubleMuonLowMass4Run2025E-PromptReco-v1/260727_192216/0000/mmgTree_2-37.root
[job 282/500] adding file 2/23: root://cms-xrd-global.cern.ch//store/user/charlesf/ParkingDoubleMuonLowMass4/crab_muMuGamma_24Jul26_ParkingDoubleMuonLowMass4Run2025E-PromptReco-v1/260727_192216/0000/mmgTree_2-38.root
[job 282/500] adding file 3/23: root://cms-xrd-global.cern.ch//store/user/charlesf/ParkingDoubleMuonLowMass4/crab_muMuGamma_24Jul26_ParkingDoubleMuonLowMass4Run2025E-PromptReco-v1/260727_192216/0000/mmgTree_2-39.root
[job 282/500] adding file 4/23: root://cms-xrd-global.cern.ch//store/user/charlesf/ParkingDoubleMuonLowMass4/crab_muMuGamma_24Jul26_ParkingDoubleMuonLowMass4Run2025E-PromptReco-v1/260727_192216/0000/mmgTree_2-4.root
[job 282/500] adding file 5/23: root://cms-xrd-global.cern.ch//store/user/charlesf/ParkingDoubleMuonLowMass4/crab_muMuGamma_24Jul26_ParkingDoubleMuonLowMass4Run2025E-PromptReco-v1/260727_192216/0000/mmgTree_2-40.root
[job 282/500] adding file 6/23: root://cms-xrd-global.cern.ch//store/user/charlesf/ParkingDoubleMuonLowMass4/crab_muMuGamma_24Jul26_ParkingDoubleMuonLowMass4Run2025E-PromptReco-v1/260727_192216/0000/mmgTree_2-41.root
[job 282/500] adding file 7/23: root://cms-xrd-global.cern.ch//store/user/charlesf/ParkingDoubleMuonLowMass4/crab_muMuGamma_24Jul26_ParkingDoubleMuonLowMass4Run2025E-PromptReco-v1/260727_192216/0000/mmgTree_2-42.root
[job 282/500] adding file 8/23: root://cms-xrd-global.cern.ch//store/user/charlesf/ParkingDoubleMuonLowMass4/crab_muMuGamma_24Jul26_ParkingDoubleMuonLowMass4Run2025E-PromptReco-v1/260727_192216/0000/mmgTree_2-43.root
[job 282/500] adding file 9/23: root://cms-xrd-global.cern.ch//store/user/charlesf/ParkingDoubleMuonLowMass4/crab_muMuGamma_24Jul26_ParkingDoubleMuonLowMass4Run2025E-PromptReco-v1/260727_192216/0000/mmgTree_2-44.root
[job 282/500] adding file 10/23: root://cms-xrd-global.cern.ch//store/user/charlesf/ParkingDoubleMuonLowMass4/crab_muMuGamma_24Jul26_ParkingDoubleMuonLowMass4Run2025E-PromptReco-v1/260727_192216/0000/mmgTree_2-45.root
[job 282/500] adding file 11/23: root://cms-xrd-global.cern.ch//store/user/charlesf/ParkingDoubleMuonLowMass4/crab_muMuGamma_24Jul26_ParkingDoubleMuonLowMass4Run2025E-PromptReco-v1/260727_192216/0000/mmgTree_2-46.root
[job 282/500] adding file 12/23: root://cms-xrd-global.cern.ch//store/user/charlesf/ParkingDoubleMuonLowMass4/crab_muMuGamma_24Jul26_ParkingDoubleMuonLowMass4Run2025E-PromptReco-v1/260727_192216/0000/mmgTree_2-47.root
[job 282/500] adding file 13/23: root://cms-xrd-global.cern.ch//store/user/charlesf/ParkingDoubleMuonLowMass4/crab_muMuGamma_24Jul26_ParkingDoubleMuonLowMass4Run2025E-PromptReco-v1/260727_192216/0000/mmgTree_2-48.root
[job 282/500] adding file 14/23: root://cms-xrd-global.cern.ch//store/user/charlesf/ParkingDoubleMuonLowMass4/crab_muMuGamma_24Jul26_ParkingDoubleMuonLowMass4Run2025E-PromptReco-v1/260727_192216/0000/mmgTree_2-49.root
[job 282/500] adding file 15/23: root://cms-xrd-global.cern.ch//store/user/charlesf/ParkingDoubleMuonLowMass4/crab_muMuGamma_24Jul26_ParkingDoubleMuonLowMass4Run2025E-PromptReco-v1/260727_192216/0000/mmgTree_2-5.root
[job 282/500] adding file 16/23: root://cms-xrd-global.cern.ch//store/user/charlesf/ParkingDoubleMuonLowMass4/crab_muMuGamma_24Jul26_ParkingDoubleMuonLowMass4Run2025E-PromptReco-v1/260727_192216/0000/mmgTree_2-50.root
[job 282/500] adding file 17/23: root://cms-xrd-global.cern.ch//store/user/charlesf/ParkingDoubleMuonLowMass4/crab_muMuGamma_24Jul26_ParkingDoubleMuonLowMass4Run2025E-PromptReco-v1/260727_192216/0000/mmgTree_2-51.root
[job 282/500] adding file 18/23: root://cms-xrd-global.cern.ch//store/user/charlesf/ParkingDoubleMuonLowMass4/crab_muMuGamma_24Jul26_ParkingDoubleMuonLowMass4Run2025E-PromptReco-v1/260727_192216/0000/mmgTree_2-52.root
[job 282/500] adding file 19/23: root://cms-xrd-global.cern.ch//store/user/charlesf/ParkingDoubleMuonLowMass4/crab_muMuGamma_24Jul26_ParkingDoubleMuonLowMass4Run2025E-PromptReco-v1/260727_192216/0000/mmgTree_2-53.root
[job 282/500] adding file 20/23: root://cms-xrd-global.cern.ch//store/user/charlesf/ParkingDoubleMuonLowMass4/crab_muMuGamma_24Jul26_ParkingDoubleMuonLowMass4Run2025E-PromptReco-v1/260727_192216/0000/mmgTree_2-54.root
[job 282/500] adding file 21/23: root://cms-xrd-global.cern.ch//store/user/charlesf/ParkingDoubleMuonLowMass4/crab_muMuGamma_24Jul26_ParkingDoubleMuonLowMass4Run2025E-PromptReco-v1/260727_192216/0000/mmgTree_2-55.root
[job 282/500] adding file 22/23: root://cms-xrd-global.cern.ch//store/user/charlesf/ParkingDoubleMuonLowMass4/crab_muMuGamma_24Jul26_ParkingDoubleMuonLowMass4Run2025E-PromptReco-v1/260727_192216/0000/mmgTree_2-56.root
[job 282/500] adding file 23/23: root://cms-xrd-global.cern.ch//store/user/charlesf/ParkingDoubleMuonLowMass4/crab_muMuGamma_24Jul26_ParkingDoubleMuonLowMass4Run2025E-PromptReco-v1/260727_192216/0000/mmgTree_2-57.root
Finished building TChain
Total entries: 1683934
Creating /eos/user/c/charlesf/www/dark_photon/root/histos_282.root
Processing events...
mumu_mass < 0.6 event 0
mumu_mass < 0.6 event 100000
Saving histograms...
	Saving Cat_10_bb_CR to /eos/user/c/charlesf/www/dark_photon/root/histos_282.root with 2820.0 entries
	Saving Cat_1_ee_SR to /eos/user/c/charlesf/www/dark_photon/root/histos_282.root with 2397.0 entries
	Saving Cat_4_ee_SR to /eos/user/c/charlesf/www/dark_photon/root/histos_282.root with 5048.0 entries
	Saving Cat_9_bb_CR to /eos/user/c/charlesf/www/dark_photon/root/histos_282.root with 2577.0 entries
	Saving Cat_2_bb_CR to /eos/user/c/charlesf/www/dark_photon/root/histos_282.root with 2692.0 entries
	Saving Cat_6_bb_CR to /eos/user/c/charlesf/www/dark_photon/root/histos_282.root with 2797.0 entries
	Saving Cat_8_bb_CR to /eos/user/c/charlesf/www/dark_photon/root/histos_282.root with 2807.0 entries
	Saving Cat_9_bb_SR to /eos/user/c/charlesf/www/dark_photon/root/histos_282.root with 5642.0 entries
	Saving Cat_8_bb_SR to /eos/user/c/charlesf/www/dark_photon/root/histos_282.root with 5716.0 entries
	Saving Cat_2_bb_SR to /eos/user/c/charlesf/www/dark_photon/root/histos_282.root with 5212.0 entries
	Saving Cat_7_bb_SR to /eos/user/c/charlesf/www/dark_photon/root/histos_282.root with 5491.0 entries
	Saving Cat_6_bb_SR to /eos/user/c/charlesf/www/dark_photon/root/histos_282.root with 5131.0 entries
	Saving Cat_10_bb_SR to /eos/user/c/charlesf/www/dark_photon/root/histos_282.root with 6480.0 entries
	Saving Cat_4_bb_CR to /eos/user/c/charlesf/www/dark_photon/root/histos_282.root with 2859.0 entries
	Saving Cat_3_bb_CR to /eos/user/c/charlesf/www/dark_photon/root/histos_282.root with 2923.0 entries
	Saving Cat_5_ee_SR to /eos/user/c/charlesf/www/dark_photon/root/histos_282.root with 6583.0 entries
	Saving Cat_2_ee_SR to /eos/user/c/charlesf/www/dark_photon/root/histos_282.root with 4099.0 entries
	Saving Cat_3_bb_SR to /eos/user/c/charlesf/www/dark_photon/root/histos_282.root with 5205.0 entries
	Saving Cat_1_bb_CR to /eos/user/c/charlesf/www/dark_photon/root/histos_282.root with 2699.0 entries
	Saving Cat_3_ee_SR to /eos/user/c/charlesf/www/dark_photon/root/histos_282.root with 4546.0 entries
	Saving Cat_4_bb_SR to /eos/user/c/charlesf/www/dark_photon/root/histos_282.root with 4946.0 entries
	Saving Cat_5_bb_CR to /eos/user/c/charlesf/www/dark_photon/root/histos_282.root with 2888.0 entries
	Saving Cat_4_ee_CR to /eos/user/c/charlesf/www/dark_photon/root/histos_282.root with 2291.0 entries
	Saving Cat_3_ee_CR to /eos/user/c/charlesf/www/dark_photon/root/histos_282.root with 2138.0 entries
	Saving Cat_5_ee_CR to /eos/user/c/charlesf/www/dark_photon/root/histos_282.root with 2868.0 entries
	Saving Cat_5_bb_SR to /eos/user/c/charlesf/www/dark_photon/root/histos_282.root with 5127.0 entries
	Saving Cat_1_bb_SR to /eos/user/c/charlesf/www/dark_photon/root/histos_282.root with 5158.0 entries
	Saving Cat_1_ee_CR to /eos/user/c/charlesf/www/dark_photon/root/histos_282.root with 1338.0 entries
	Saving Cat_7_bb_CR to /eos/user/c/charlesf/www/dark_photon/root/histos_282.root with 2905.0 entries
	Saving Cat_2_ee_CR to /eos/user/c/charlesf/www/dark_photon/root/histos_282.root with 2017.0 entries
	Saving Cat_0_bb_CR to /eos/user/c/charlesf/www/dark_photon/root/histos_282.root with 241.0 entries
	Saving Cat_0_ee_SR to /eos/user/c/charlesf/www/dark_photon/root/histos_282.root with 29.0 entries
	Saving Cat_0_bb_SR to /eos/user/c/charlesf/www/dark_photon/root/histos_282.root with 177.0 entries
	Saving Cat_0_ee_CR to /eos/user/c/charlesf/www/dark_photon/root/histos_282.root with 108.0 entries
Finished job 282/500 at Thu Aug  6 22:16:35 CEST 2026
