Host: b9p21p5530.cern.ch
Date: Thu Aug  6 10:11:11 PM CEST 2026
PROCID=155
JOB=156
NJOBS=500
LIST=/afs/cern.ch/user/c/charlesf/cmssw-dev/CMSSW_15_0_15/src/Run3DimuonAnalysisTools/Crab/all_mmgTree_files.txt
OUTDIR=/eos/user/c/charlesf/www/dark_photon/root
Opening list of input files /afs/cern.ch/user/c/charlesf/cmssw-dev/CMSSW_15_0_15/src/Run3DimuonAnalysisTools/Crab/all_mmgTree_files.txt
	Found 11350 items in list
	Job 156 of 500 has files (3518, 3541], using all 23 files
	Using redirector root://cms-xrd-global.cern.ch/
[job 156/500] adding file 1/23: root://cms-xrd-global.cern.ch//store/user/charlesf/ParkingDoubleMuonLowMass2/crab_muMuGamma_24Jul26_ParkingDoubleMuonLowMass2Run2025F-PromptReco-v1/260727_191947/0000/mmgTree_222.root
[job 156/500] adding file 2/23: root://cms-xrd-global.cern.ch//store/user/charlesf/ParkingDoubleMuonLowMass2/crab_muMuGamma_24Jul26_ParkingDoubleMuonLowMass2Run2025F-PromptReco-v1/260727_191947/0000/mmgTree_223.root
[job 156/500] adding file 3/23: root://cms-xrd-global.cern.ch//store/user/charlesf/ParkingDoubleMuonLowMass2/crab_muMuGamma_24Jul26_ParkingDoubleMuonLowMass2Run2025F-PromptReco-v1/260727_191947/0000/mmgTree_224.root
[job 156/500] adding file 4/23: root://cms-xrd-global.cern.ch//store/user/charlesf/ParkingDoubleMuonLowMass2/crab_muMuGamma_24Jul26_ParkingDoubleMuonLowMass2Run2025F-PromptReco-v1/260727_191947/0000/mmgTree_225.root
[job 156/500] adding file 5/23: root://cms-xrd-global.cern.ch//store/user/charlesf/ParkingDoubleMuonLowMass2/crab_muMuGamma_24Jul26_ParkingDoubleMuonLowMass2Run2025F-PromptReco-v1/260727_191947/0000/mmgTree_226.root
[job 156/500] adding file 6/23: root://cms-xrd-global.cern.ch//store/user/charlesf/ParkingDoubleMuonLowMass2/crab_muMuGamma_24Jul26_ParkingDoubleMuonLowMass2Run2025F-PromptReco-v1/260727_191947/0000/mmgTree_227.root
[job 156/500] adding file 7/23: root://cms-xrd-global.cern.ch//store/user/charlesf/ParkingDoubleMuonLowMass2/crab_muMuGamma_24Jul26_ParkingDoubleMuonLowMass2Run2025F-PromptReco-v1/260727_191947/0000/mmgTree_228.root
[job 156/500] adding file 8/23: root://cms-xrd-global.cern.ch//store/user/charlesf/ParkingDoubleMuonLowMass2/crab_muMuGamma_24Jul26_ParkingDoubleMuonLowMass2Run2025F-PromptReco-v1/260727_191947/0000/mmgTree_229.root
[job 156/500] adding file 9/23: root://cms-xrd-global.cern.ch//store/user/charlesf/ParkingDoubleMuonLowMass2/crab_muMuGamma_24Jul26_ParkingDoubleMuonLowMass2Run2025F-PromptReco-v1/260727_191947/0000/mmgTree_23.root
[job 156/500] adding file 10/23: root://cms-xrd-global.cern.ch//store/user/charlesf/ParkingDoubleMuonLowMass2/crab_muMuGamma_24Jul26_ParkingDoubleMuonLowMass2Run2025F-PromptReco-v1/260727_191947/0000/mmgTree_230.root
[job 156/500] adding file 11/23: root://cms-xrd-global.cern.ch//store/user/charlesf/ParkingDoubleMuonLowMass2/crab_muMuGamma_24Jul26_ParkingDoubleMuonLowMass2Run2025F-PromptReco-v1/260727_191947/0000/mmgTree_231.root
[job 156/500] adding file 12/23: root://cms-xrd-global.cern.ch//store/user/charlesf/ParkingDoubleMuonLowMass2/crab_muMuGamma_24Jul26_ParkingDoubleMuonLowMass2Run2025F-PromptReco-v1/260727_191947/0000/mmgTree_232.root
[job 156/500] adding file 13/23: root://cms-xrd-global.cern.ch//store/user/charlesf/ParkingDoubleMuonLowMass2/crab_muMuGamma_24Jul26_ParkingDoubleMuonLowMass2Run2025F-PromptReco-v1/260727_191947/0000/mmgTree_233.root
[job 156/500] adding file 14/23: root://cms-xrd-global.cern.ch//store/user/charlesf/ParkingDoubleMuonLowMass2/crab_muMuGamma_24Jul26_ParkingDoubleMuonLowMass2Run2025F-PromptReco-v1/260727_191947/0000/mmgTree_234.root
[job 156/500] adding file 15/23: root://cms-xrd-global.cern.ch//store/user/charlesf/ParkingDoubleMuonLowMass2/crab_muMuGamma_24Jul26_ParkingDoubleMuonLowMass2Run2025F-PromptReco-v1/260727_191947/0000/mmgTree_235.root
[job 156/500] adding file 16/23: root://cms-xrd-global.cern.ch//store/user/charlesf/ParkingDoubleMuonLowMass2/crab_muMuGamma_24Jul26_ParkingDoubleMuonLowMass2Run2025F-PromptReco-v1/260727_191947/0000/mmgTree_236.root
[job 156/500] adding file 17/23: root://cms-xrd-global.cern.ch//store/user/charlesf/ParkingDoubleMuonLowMass2/crab_muMuGamma_24Jul26_ParkingDoubleMuonLowMass2Run2025F-PromptReco-v1/260727_191947/0000/mmgTree_237.root
[job 156/500] adding file 18/23: root://cms-xrd-global.cern.ch//store/user/charlesf/ParkingDoubleMuonLowMass2/crab_muMuGamma_24Jul26_ParkingDoubleMuonLowMass2Run2025F-PromptReco-v1/260727_191947/0000/mmgTree_238.root
[job 156/500] adding file 19/23: root://cms-xrd-global.cern.ch//store/user/charlesf/ParkingDoubleMuonLowMass2/crab_muMuGamma_24Jul26_ParkingDoubleMuonLowMass2Run2025F-PromptReco-v1/260727_191947/0000/mmgTree_239.root
[job 156/500] adding file 20/23: root://cms-xrd-global.cern.ch//store/user/charlesf/ParkingDoubleMuonLowMass2/crab_muMuGamma_24Jul26_ParkingDoubleMuonLowMass2Run2025F-PromptReco-v1/260727_191947/0000/mmgTree_24.root
[job 156/500] adding file 21/23: root://cms-xrd-global.cern.ch//store/user/charlesf/ParkingDoubleMuonLowMass2/crab_muMuGamma_24Jul26_ParkingDoubleMuonLowMass2Run2025F-PromptReco-v1/260727_191947/0000/mmgTree_240.root
[job 156/500] adding file 22/23: root://cms-xrd-global.cern.ch//store/user/charlesf/ParkingDoubleMuonLowMass2/crab_muMuGamma_24Jul26_ParkingDoubleMuonLowMass2Run2025F-PromptReco-v1/260727_191947/0000/mmgTree_241.root
[job 156/500] adding file 23/23: root://cms-xrd-global.cern.ch//store/user/charlesf/ParkingDoubleMuonLowMass2/crab_muMuGamma_24Jul26_ParkingDoubleMuonLowMass2Run2025F-PromptReco-v1/260727_191947/0000/mmgTree_242.root
Finished building TChain
Total entries: 9760599
Creating /eos/user/c/charlesf/www/dark_photon/root/histos_156.root
Processing events...
mumu_mass < 0.6 event 0
mumu_mass < 0.6 event 100000
mumu_mass < 0.6 event 200000
mumu_mass < 0.6 event 300000
mumu_mass < 0.6 event 400000
mumu_mass < 0.6 event 500000
mumu_mass < 0.6 event 600000
Saving histograms...
	Saving Cat_10_bb_SR to /eos/user/c/charlesf/www/dark_photon/root/histos_156.root with 36635.0 entries
	Saving Cat_3_bb_SR to /eos/user/c/charlesf/www/dark_photon/root/histos_156.root with 29794.0 entries
	Saving Cat_2_bb_SR to /eos/user/c/charlesf/www/dark_photon/root/histos_156.root with 29370.0 entries
	Saving Cat_7_bb_SR to /eos/user/c/charlesf/www/dark_photon/root/histos_156.root with 30801.0 entries
	Saving Cat_10_bb_CR to /eos/user/c/charlesf/www/dark_photon/root/histos_156.root with 15891.0 entries
	Saving Cat_0_bb_CR to /eos/user/c/charlesf/www/dark_photon/root/histos_156.root with 1557.0 entries
	Saving Cat_9_bb_CR to /eos/user/c/charlesf/www/dark_photon/root/histos_156.root with 14444.0 entries
	Saving Cat_3_bb_CR to /eos/user/c/charlesf/www/dark_photon/root/histos_156.root with 16345.0 entries
	Saving Cat_5_bb_SR to /eos/user/c/charlesf/www/dark_photon/root/histos_156.root with 29326.0 entries
	Saving Cat_5_ee_SR to /eos/user/c/charlesf/www/dark_photon/root/histos_156.root with 38218.0 entries
	Saving Cat_8_bb_SR to /eos/user/c/charlesf/www/dark_photon/root/histos_156.root with 31892.0 entries
	Saving Cat_6_bb_SR to /eos/user/c/charlesf/www/dark_photon/root/histos_156.root with 28902.0 entries
	Saving Cat_4_ee_SR to /eos/user/c/charlesf/www/dark_photon/root/histos_156.root with 30248.0 entries
	Saving Cat_1_bb_SR to /eos/user/c/charlesf/www/dark_photon/root/histos_156.root with 28878.0 entries
	Saving Cat_2_ee_SR to /eos/user/c/charlesf/www/dark_photon/root/histos_156.root with 24907.0 entries
	Saving Cat_6_bb_CR to /eos/user/c/charlesf/www/dark_photon/root/histos_156.root with 15787.0 entries
	Saving Cat_4_bb_SR to /eos/user/c/charlesf/www/dark_photon/root/histos_156.root with 28217.0 entries
	Saving Cat_5_bb_CR to /eos/user/c/charlesf/www/dark_photon/root/histos_156.root with 15935.0 entries
	Saving Cat_3_ee_CR to /eos/user/c/charlesf/www/dark_photon/root/histos_156.root with 12996.0 entries
	Saving Cat_3_ee_SR to /eos/user/c/charlesf/www/dark_photon/root/histos_156.root with 27214.0 entries
	Saving Cat_5_ee_CR to /eos/user/c/charlesf/www/dark_photon/root/histos_156.root with 16730.0 entries
	Saving Cat_1_bb_CR to /eos/user/c/charlesf/www/dark_photon/root/histos_156.root with 15597.0 entries
	Saving Cat_4_bb_CR to /eos/user/c/charlesf/www/dark_photon/root/histos_156.root with 15809.0 entries
	Saving Cat_4_ee_CR to /eos/user/c/charlesf/www/dark_photon/root/histos_156.root with 13781.0 entries
	Saving Cat_8_bb_CR to /eos/user/c/charlesf/www/dark_photon/root/histos_156.root with 15895.0 entries
	Saving Cat_2_bb_CR to /eos/user/c/charlesf/www/dark_photon/root/histos_156.root with 16110.0 entries
	Saving Cat_1_ee_CR to /eos/user/c/charlesf/www/dark_photon/root/histos_156.root with 8845.0 entries
	Saving Cat_2_ee_CR to /eos/user/c/charlesf/www/dark_photon/root/histos_156.root with 12063.0 entries
	Saving Cat_7_bb_CR to /eos/user/c/charlesf/www/dark_photon/root/histos_156.root with 16251.0 entries
	Saving Cat_9_bb_SR to /eos/user/c/charlesf/www/dark_photon/root/histos_156.root with 31057.0 entries
	Saving Cat_1_ee_SR to /eos/user/c/charlesf/www/dark_photon/root/histos_156.root with 15764.0 entries
	Saving Cat_0_ee_SR to /eos/user/c/charlesf/www/dark_photon/root/histos_156.root with 177.0 entries
	Saving Cat_0_bb_SR to /eos/user/c/charlesf/www/dark_photon/root/histos_156.root with 1056.0 entries
	Saving Cat_0_ee_CR to /eos/user/c/charlesf/www/dark_photon/root/histos_156.root with 722.0 entries
Finished job 156/500 at Thu Aug  6 22:20:49 CEST 2026
