Host: b9p23p7111.cern.ch
Date: Thu Aug  6 10:10:40 PM CEST 2026
PROCID=75
JOB=76
NJOBS=500
LIST=/afs/cern.ch/user/c/charlesf/cmssw-dev/CMSSW_15_0_15/src/Run3DimuonAnalysisTools/Crab/all_mmgTree_files.txt
OUTDIR=/eos/user/c/charlesf/www/dark_photon/root
Opening list of input files /afs/cern.ch/user/c/charlesf/cmssw-dev/CMSSW_15_0_15/src/Run3DimuonAnalysisTools/Crab/all_mmgTree_files.txt
	Found 11350 items in list
	Job 76 of 500 has files (1702, 1725], using all 23 files
	Using redirector root://cms-xrd-global.cern.ch/
[job 76/500] adding file 1/23: root://cms-xrd-global.cern.ch//store/user/charlesf/ParkingDoubleMuonLowMass1/crab_muMuGamma_24Jul26_ParkingDoubleMuonLowMass1Run2025C-PromptReco-v2/260727_191759/0000/mmgTree_3.root
[job 76/500] adding file 2/23: root://cms-xrd-global.cern.ch//store/user/charlesf/ParkingDoubleMuonLowMass1/crab_muMuGamma_24Jul26_ParkingDoubleMuonLowMass1Run2025C-PromptReco-v2/260727_191759/0000/mmgTree_30.root
[job 76/500] adding file 3/23: root://cms-xrd-global.cern.ch//store/user/charlesf/ParkingDoubleMuonLowMass1/crab_muMuGamma_24Jul26_ParkingDoubleMuonLowMass1Run2025C-PromptReco-v2/260727_191759/0000/mmgTree_31.root
[job 76/500] adding file 4/23: root://cms-xrd-global.cern.ch//store/user/charlesf/ParkingDoubleMuonLowMass1/crab_muMuGamma_24Jul26_ParkingDoubleMuonLowMass1Run2025C-PromptReco-v2/260727_191759/0000/mmgTree_32.root
[job 76/500] adding file 5/23: root://cms-xrd-global.cern.ch//store/user/charlesf/ParkingDoubleMuonLowMass1/crab_muMuGamma_24Jul26_ParkingDoubleMuonLowMass1Run2025C-PromptReco-v2/260727_191759/0000/mmgTree_33.root
[job 76/500] adding file 6/23: root://cms-xrd-global.cern.ch//store/user/charlesf/ParkingDoubleMuonLowMass1/crab_muMuGamma_24Jul26_ParkingDoubleMuonLowMass1Run2025C-PromptReco-v2/260727_191759/0000/mmgTree_34.root
[job 76/500] adding file 7/23: root://cms-xrd-global.cern.ch//store/user/charlesf/ParkingDoubleMuonLowMass1/crab_muMuGamma_24Jul26_ParkingDoubleMuonLowMass1Run2025C-PromptReco-v2/260727_191759/0000/mmgTree_35.root
[job 76/500] adding file 8/23: root://cms-xrd-global.cern.ch//store/user/charlesf/ParkingDoubleMuonLowMass1/crab_muMuGamma_24Jul26_ParkingDoubleMuonLowMass1Run2025C-PromptReco-v2/260727_191759/0000/mmgTree_36.root
[job 76/500] adding file 9/23: root://cms-xrd-global.cern.ch//store/user/charlesf/ParkingDoubleMuonLowMass1/crab_muMuGamma_24Jul26_ParkingDoubleMuonLowMass1Run2025C-PromptReco-v2/260727_191759/0000/mmgTree_37.root
[job 76/500] adding file 10/23: root://cms-xrd-global.cern.ch//store/user/charlesf/ParkingDoubleMuonLowMass1/crab_muMuGamma_24Jul26_ParkingDoubleMuonLowMass1Run2025C-PromptReco-v2/260727_191759/0000/mmgTree_38.root
[job 76/500] adding file 11/23: root://cms-xrd-global.cern.ch//store/user/charlesf/ParkingDoubleMuonLowMass1/crab_muMuGamma_24Jul26_ParkingDoubleMuonLowMass1Run2025C-PromptReco-v2/260727_191759/0000/mmgTree_39.root
[job 76/500] adding file 12/23: root://cms-xrd-global.cern.ch//store/user/charlesf/ParkingDoubleMuonLowMass1/crab_muMuGamma_24Jul26_ParkingDoubleMuonLowMass1Run2025C-PromptReco-v2/260727_191759/0000/mmgTree_4.root
[job 76/500] adding file 13/23: root://cms-xrd-global.cern.ch//store/user/charlesf/ParkingDoubleMuonLowMass1/crab_muMuGamma_24Jul26_ParkingDoubleMuonLowMass1Run2025C-PromptReco-v2/260727_191759/0000/mmgTree_40.root
[job 76/500] adding file 14/23: root://cms-xrd-global.cern.ch//store/user/charlesf/ParkingDoubleMuonLowMass1/crab_muMuGamma_24Jul26_ParkingDoubleMuonLowMass1Run2025C-PromptReco-v2/260727_191759/0000/mmgTree_41.root
[job 76/500] adding file 15/23: root://cms-xrd-global.cern.ch//store/user/charlesf/ParkingDoubleMuonLowMass1/crab_muMuGamma_24Jul26_ParkingDoubleMuonLowMass1Run2025C-PromptReco-v2/260727_191759/0000/mmgTree_42.root
[job 76/500] adding file 16/23: root://cms-xrd-global.cern.ch//store/user/charlesf/ParkingDoubleMuonLowMass1/crab_muMuGamma_24Jul26_ParkingDoubleMuonLowMass1Run2025C-PromptReco-v2/260727_191759/0000/mmgTree_43.root
[job 76/500] adding file 17/23: root://cms-xrd-global.cern.ch//store/user/charlesf/ParkingDoubleMuonLowMass1/crab_muMuGamma_24Jul26_ParkingDoubleMuonLowMass1Run2025C-PromptReco-v2/260727_191759/0000/mmgTree_44.root
[job 76/500] adding file 18/23: root://cms-xrd-global.cern.ch//store/user/charlesf/ParkingDoubleMuonLowMass1/crab_muMuGamma_24Jul26_ParkingDoubleMuonLowMass1Run2025C-PromptReco-v2/260727_191759/0000/mmgTree_45.root
[job 76/500] adding file 19/23: root://cms-xrd-global.cern.ch//store/user/charlesf/ParkingDoubleMuonLowMass1/crab_muMuGamma_24Jul26_ParkingDoubleMuonLowMass1Run2025C-PromptReco-v2/260727_191759/0000/mmgTree_46.root
[job 76/500] adding file 20/23: root://cms-xrd-global.cern.ch//store/user/charlesf/ParkingDoubleMuonLowMass1/crab_muMuGamma_24Jul26_ParkingDoubleMuonLowMass1Run2025C-PromptReco-v2/260727_191759/0000/mmgTree_47.root
[job 76/500] adding file 21/23: root://cms-xrd-global.cern.ch//store/user/charlesf/ParkingDoubleMuonLowMass1/crab_muMuGamma_24Jul26_ParkingDoubleMuonLowMass1Run2025C-PromptReco-v2/260727_191759/0000/mmgTree_48.root
[job 76/500] adding file 22/23: root://cms-xrd-global.cern.ch//store/user/charlesf/ParkingDoubleMuonLowMass1/crab_muMuGamma_24Jul26_ParkingDoubleMuonLowMass1Run2025C-PromptReco-v2/260727_191759/0000/mmgTree_49.root
[job 76/500] adding file 23/23: root://cms-xrd-global.cern.ch//store/user/charlesf/ParkingDoubleMuonLowMass1/crab_muMuGamma_24Jul26_ParkingDoubleMuonLowMass1Run2025C-PromptReco-v2/260727_191759/0000/mmgTree_5.root
Finished building TChain
Total entries: 11085646
Creating /eos/user/c/charlesf/www/dark_photon/root/histos_76.root
Processing events...
mumu_mass < 0.6 event 0
mumu_mass < 0.6 event 100000
mumu_mass < 0.6 event 200000
mumu_mass < 0.6 event 300000
mumu_mass < 0.6 event 400000
mumu_mass < 0.6 event 500000
mumu_mass < 0.6 event 600000
mumu_mass < 0.6 event 700000
mumu_mass < 0.6 event 800000
Saving histograms...
	Saving Cat_6_bb_CR to /eos/user/c/charlesf/www/dark_photon/root/histos_76.root with 17112.0 entries
	Saving Cat_6_bb_SR to /eos/user/c/charlesf/www/dark_photon/root/histos_76.root with 33687.0 entries
	Saving Cat_7_bb_SR to /eos/user/c/charlesf/www/dark_photon/root/histos_76.root with 35785.0 entries
	Saving Cat_2_ee_SR to /eos/user/c/charlesf/www/dark_photon/root/histos_76.root with 40163.0 entries
	Saving Cat_4_ee_SR to /eos/user/c/charlesf/www/dark_photon/root/histos_76.root with 39563.0 entries
	Saving Cat_5_bb_SR to /eos/user/c/charlesf/www/dark_photon/root/histos_76.root with 34196.0 entries
	Saving Cat_4_bb_SR to /eos/user/c/charlesf/www/dark_photon/root/histos_76.root with 33430.0 entries
	Saving Cat_1_bb_SR to /eos/user/c/charlesf/www/dark_photon/root/histos_76.root with 36902.0 entries
	Saving Cat_3_ee_CR to /eos/user/c/charlesf/www/dark_photon/root/histos_76.root with 19923.0 entries
	Saving Cat_5_ee_SR to /eos/user/c/charlesf/www/dark_photon/root/histos_76.root with 46351.0 entries
	Saving Cat_3_bb_SR to /eos/user/c/charlesf/www/dark_photon/root/histos_76.root with 35356.0 entries
	Saving Cat_9_bb_SR to /eos/user/c/charlesf/www/dark_photon/root/histos_76.root with 36015.0 entries
	Saving Cat_3_ee_SR to /eos/user/c/charlesf/www/dark_photon/root/histos_76.root with 38676.0 entries
	Saving Cat_2_bb_CR to /eos/user/c/charlesf/www/dark_photon/root/histos_76.root with 18424.0 entries
	Saving Cat_5_ee_CR to /eos/user/c/charlesf/www/dark_photon/root/histos_76.root with 21598.0 entries
	Saving Cat_2_bb_SR to /eos/user/c/charlesf/www/dark_photon/root/histos_76.root with 34846.0 entries
	Saving Cat_4_ee_CR to /eos/user/c/charlesf/www/dark_photon/root/histos_76.root with 19108.0 entries
	Saving Cat_8_bb_CR to /eos/user/c/charlesf/www/dark_photon/root/histos_76.root with 17319.0 entries
	Saving Cat_10_bb_SR to /eos/user/c/charlesf/www/dark_photon/root/histos_76.root with 42065.0 entries
	Saving Cat_0_bb_CR to /eos/user/c/charlesf/www/dark_photon/root/histos_76.root with 2201.0 entries
	Saving Cat_2_ee_CR to /eos/user/c/charlesf/www/dark_photon/root/histos_76.root with 21764.0 entries
	Saving Cat_4_bb_CR to /eos/user/c/charlesf/www/dark_photon/root/histos_76.root with 17459.0 entries
	Saving Cat_8_bb_SR to /eos/user/c/charlesf/www/dark_photon/root/histos_76.root with 37009.0 entries
	Saving Cat_1_ee_SR to /eos/user/c/charlesf/www/dark_photon/root/histos_76.root with 32309.0 entries
	Saving Cat_9_bb_CR to /eos/user/c/charlesf/www/dark_photon/root/histos_76.root with 15832.0 entries
	Saving Cat_1_bb_CR to /eos/user/c/charlesf/www/dark_photon/root/histos_76.root with 19434.0 entries
	Saving Cat_3_bb_CR to /eos/user/c/charlesf/www/dark_photon/root/histos_76.root with 18602.0 entries
	Saving Cat_5_bb_CR to /eos/user/c/charlesf/www/dark_photon/root/histos_76.root with 17902.0 entries
	Saving Cat_7_bb_CR to /eos/user/c/charlesf/www/dark_photon/root/histos_76.root with 17682.0 entries
	Saving Cat_1_ee_CR to /eos/user/c/charlesf/www/dark_photon/root/histos_76.root with 18602.0 entries
	Saving Cat_10_bb_CR to /eos/user/c/charlesf/www/dark_photon/root/histos_76.root with 17161.0 entries
	Saving Cat_0_bb_SR to /eos/user/c/charlesf/www/dark_photon/root/histos_76.root with 1764.0 entries
	Saving Cat_0_ee_SR to /eos/user/c/charlesf/www/dark_photon/root/histos_76.root with 367.0 entries
	Saving Cat_0_ee_CR to /eos/user/c/charlesf/www/dark_photon/root/histos_76.root with 1340.0 entries
Finished job 76/500 at Thu Aug  6 22:20:18 CEST 2026
