Host: b9p19p9987.cern.ch
Date: Thu Aug  6 10:12:16 PM CEST 2026
PROCID=352
JOB=353
NJOBS=500
LIST=/afs/cern.ch/user/c/charlesf/cmssw-dev/CMSSW_15_0_15/src/Run3DimuonAnalysisTools/Crab/all_mmgTree_files.txt
OUTDIR=/eos/user/c/charlesf/www/dark_photon/root
Opening list of input files /afs/cern.ch/user/c/charlesf/cmssw-dev/CMSSW_15_0_15/src/Run3DimuonAnalysisTools/Crab/all_mmgTree_files.txt
	Found 11350 items in list
	Job 353 of 500 has files (7990, 8013], using all 23 files
	Using redirector root://cms-xrd-global.cern.ch/
[job 353/500] adding file 1/23: root://cms-xrd-global.cern.ch//store/user/charlesf/ParkingDoubleMuonLowMass5/crab_muMuGamma_24Jul26_ParkingDoubleMuonLowMass5Run2025F-PromptReco-v1/260727_192342/0000/mmgTree_295.root
[job 353/500] adding file 2/23: root://cms-xrd-global.cern.ch//store/user/charlesf/ParkingDoubleMuonLowMass5/crab_muMuGamma_24Jul26_ParkingDoubleMuonLowMass5Run2025F-PromptReco-v1/260727_192342/0000/mmgTree_296.root
[job 353/500] adding file 3/23: root://cms-xrd-global.cern.ch//store/user/charlesf/ParkingDoubleMuonLowMass5/crab_muMuGamma_24Jul26_ParkingDoubleMuonLowMass5Run2025F-PromptReco-v1/260727_192342/0000/mmgTree_297.root
[job 353/500] adding file 4/23: root://cms-xrd-global.cern.ch//store/user/charlesf/ParkingDoubleMuonLowMass5/crab_muMuGamma_24Jul26_ParkingDoubleMuonLowMass5Run2025F-PromptReco-v1/260727_192342/0000/mmgTree_298.root
[job 353/500] adding file 5/23: root://cms-xrd-global.cern.ch//store/user/charlesf/ParkingDoubleMuonLowMass5/crab_muMuGamma_24Jul26_ParkingDoubleMuonLowMass5Run2025F-PromptReco-v1/260727_192342/0000/mmgTree_299.root
[job 353/500] adding file 6/23: root://cms-xrd-global.cern.ch//store/user/charlesf/ParkingDoubleMuonLowMass5/crab_muMuGamma_24Jul26_ParkingDoubleMuonLowMass5Run2025F-PromptReco-v1/260727_192342/0000/mmgTree_3-1.root
[job 353/500] adding file 7/23: root://cms-xrd-global.cern.ch//store/user/charlesf/ParkingDoubleMuonLowMass5/crab_muMuGamma_24Jul26_ParkingDoubleMuonLowMass5Run2025F-PromptReco-v1/260727_192342/0000/mmgTree_3-10.root
[job 353/500] adding file 8/23: root://cms-xrd-global.cern.ch//store/user/charlesf/ParkingDoubleMuonLowMass5/crab_muMuGamma_24Jul26_ParkingDoubleMuonLowMass5Run2025F-PromptReco-v1/260727_192342/0000/mmgTree_3-11.root
[job 353/500] adding file 9/23: root://cms-xrd-global.cern.ch//store/user/charlesf/ParkingDoubleMuonLowMass5/crab_muMuGamma_24Jul26_ParkingDoubleMuonLowMass5Run2025F-PromptReco-v1/260727_192342/0000/mmgTree_3-12.root
[job 353/500] adding file 10/23: root://cms-xrd-global.cern.ch//store/user/charlesf/ParkingDoubleMuonLowMass5/crab_muMuGamma_24Jul26_ParkingDoubleMuonLowMass5Run2025F-PromptReco-v1/260727_192342/0000/mmgTree_3-13.root
[job 353/500] adding file 11/23: root://cms-xrd-global.cern.ch//store/user/charlesf/ParkingDoubleMuonLowMass5/crab_muMuGamma_24Jul26_ParkingDoubleMuonLowMass5Run2025F-PromptReco-v1/260727_192342/0000/mmgTree_3-14.root
[job 353/500] adding file 12/23: root://cms-xrd-global.cern.ch//store/user/charlesf/ParkingDoubleMuonLowMass5/crab_muMuGamma_24Jul26_ParkingDoubleMuonLowMass5Run2025F-PromptReco-v1/260727_192342/0000/mmgTree_3-15.root
[job 353/500] adding file 13/23: root://cms-xrd-global.cern.ch//store/user/charlesf/ParkingDoubleMuonLowMass5/crab_muMuGamma_24Jul26_ParkingDoubleMuonLowMass5Run2025F-PromptReco-v1/260727_192342/0000/mmgTree_3-16.root
[job 353/500] adding file 14/23: root://cms-xrd-global.cern.ch//store/user/charlesf/ParkingDoubleMuonLowMass5/crab_muMuGamma_24Jul26_ParkingDoubleMuonLowMass5Run2025F-PromptReco-v1/260727_192342/0000/mmgTree_3-17.root
[job 353/500] adding file 15/23: root://cms-xrd-global.cern.ch//store/user/charlesf/ParkingDoubleMuonLowMass5/crab_muMuGamma_24Jul26_ParkingDoubleMuonLowMass5Run2025F-PromptReco-v1/260727_192342/0000/mmgTree_3-18.root
[job 353/500] adding file 16/23: root://cms-xrd-global.cern.ch//store/user/charlesf/ParkingDoubleMuonLowMass5/crab_muMuGamma_24Jul26_ParkingDoubleMuonLowMass5Run2025F-PromptReco-v1/260727_192342/0000/mmgTree_3-19.root
[job 353/500] adding file 17/23: root://cms-xrd-global.cern.ch//store/user/charlesf/ParkingDoubleMuonLowMass5/crab_muMuGamma_24Jul26_ParkingDoubleMuonLowMass5Run2025F-PromptReco-v1/260727_192342/0000/mmgTree_3-2.root
[job 353/500] adding file 18/23: root://cms-xrd-global.cern.ch//store/user/charlesf/ParkingDoubleMuonLowMass5/crab_muMuGamma_24Jul26_ParkingDoubleMuonLowMass5Run2025F-PromptReco-v1/260727_192342/0000/mmgTree_3-20.root
[job 353/500] adding file 19/23: root://cms-xrd-global.cern.ch//store/user/charlesf/ParkingDoubleMuonLowMass5/crab_muMuGamma_24Jul26_ParkingDoubleMuonLowMass5Run2025F-PromptReco-v1/260727_192342/0000/mmgTree_3-21.root
[job 353/500] adding file 20/23: root://cms-xrd-global.cern.ch//store/user/charlesf/ParkingDoubleMuonLowMass5/crab_muMuGamma_24Jul26_ParkingDoubleMuonLowMass5Run2025F-PromptReco-v1/260727_192342/0000/mmgTree_3-22.root
[job 353/500] adding file 21/23: root://cms-xrd-global.cern.ch//store/user/charlesf/ParkingDoubleMuonLowMass5/crab_muMuGamma_24Jul26_ParkingDoubleMuonLowMass5Run2025F-PromptReco-v1/260727_192342/0000/mmgTree_3-23.root
[job 353/500] adding file 22/23: root://cms-xrd-global.cern.ch//store/user/charlesf/ParkingDoubleMuonLowMass5/crab_muMuGamma_24Jul26_ParkingDoubleMuonLowMass5Run2025F-PromptReco-v1/260727_192342/0000/mmgTree_3-24.root
[job 353/500] adding file 23/23: root://cms-xrd-global.cern.ch//store/user/charlesf/ParkingDoubleMuonLowMass5/crab_muMuGamma_24Jul26_ParkingDoubleMuonLowMass5Run2025F-PromptReco-v1/260727_192342/0000/mmgTree_3-3.root
Finished building TChain
Total entries: 3403864
Creating /eos/user/c/charlesf/www/dark_photon/root/histos_353.root
Processing events...
mumu_mass < 0.6 event 0
mumu_mass < 0.6 event 100000
mumu_mass < 0.6 event 200000
Saving histograms...
	Saving Cat_9_bb_SR to /eos/user/c/charlesf/www/dark_photon/root/histos_353.root with 10804.0 entries
	Saving Cat_2_bb_SR to /eos/user/c/charlesf/www/dark_photon/root/histos_353.root with 9955.0 entries
	Saving Cat_4_bb_CR to /eos/user/c/charlesf/www/dark_photon/root/histos_353.root with 5382.0 entries
	Saving Cat_5_ee_SR to /eos/user/c/charlesf/www/dark_photon/root/histos_353.root with 12997.0 entries
	Saving Cat_8_bb_CR to /eos/user/c/charlesf/www/dark_photon/root/histos_353.root with 5455.0 entries
	Saving Cat_2_ee_SR to /eos/user/c/charlesf/www/dark_photon/root/histos_353.root with 9113.0 entries
	Saving Cat_1_ee_CR to /eos/user/c/charlesf/www/dark_photon/root/histos_353.root with 3444.0 entries
	Saving Cat_2_bb_CR to /eos/user/c/charlesf/www/dark_photon/root/histos_353.root with 5497.0 entries
	Saving Cat_6_bb_SR to /eos/user/c/charlesf/www/dark_photon/root/histos_353.root with 9784.0 entries
	Saving Cat_2_ee_CR to /eos/user/c/charlesf/www/dark_photon/root/histos_353.root with 4592.0 entries
	Saving Cat_5_ee_CR to /eos/user/c/charlesf/www/dark_photon/root/histos_353.root with 5797.0 entries
	Saving Cat_5_bb_SR to /eos/user/c/charlesf/www/dark_photon/root/histos_353.root with 9905.0 entries
	Saving Cat_4_ee_SR to /eos/user/c/charlesf/www/dark_photon/root/histos_353.root with 10455.0 entries
	Saving Cat_1_ee_SR to /eos/user/c/charlesf/www/dark_photon/root/histos_353.root with 6116.0 entries
	Saving Cat_5_bb_CR to /eos/user/c/charlesf/www/dark_photon/root/histos_353.root with 5588.0 entries
	Saving Cat_8_bb_SR to /eos/user/c/charlesf/www/dark_photon/root/histos_353.root with 10812.0 entries
	Saving Cat_9_bb_CR to /eos/user/c/charlesf/www/dark_photon/root/histos_353.root with 5013.0 entries
	Saving Cat_1_bb_SR to /eos/user/c/charlesf/www/dark_photon/root/histos_353.root with 9878.0 entries
	Saving Cat_3_bb_SR to /eos/user/c/charlesf/www/dark_photon/root/histos_353.root with 10312.0 entries
	Saving Cat_7_bb_SR to /eos/user/c/charlesf/www/dark_photon/root/histos_353.root with 10312.0 entries
	Saving Cat_3_ee_SR to /eos/user/c/charlesf/www/dark_photon/root/histos_353.root with 9681.0 entries
	Saving Cat_4_ee_CR to /eos/user/c/charlesf/www/dark_photon/root/histos_353.root with 4888.0 entries
	Saving Cat_4_bb_SR to /eos/user/c/charlesf/www/dark_photon/root/histos_353.root with 9466.0 entries
	Saving Cat_10_bb_CR to /eos/user/c/charlesf/www/dark_photon/root/histos_353.root with 5268.0 entries
	Saving Cat_10_bb_SR to /eos/user/c/charlesf/www/dark_photon/root/histos_353.root with 12423.0 entries
	Saving Cat_7_bb_CR to /eos/user/c/charlesf/www/dark_photon/root/histos_353.root with 5707.0 entries
	Saving Cat_3_bb_CR to /eos/user/c/charlesf/www/dark_photon/root/histos_353.root with 5744.0 entries
	Saving Cat_3_ee_CR to /eos/user/c/charlesf/www/dark_photon/root/histos_353.root with 4610.0 entries
	Saving Cat_6_bb_CR to /eos/user/c/charlesf/www/dark_photon/root/histos_353.root with 5391.0 entries
	Saving Cat_1_bb_CR to /eos/user/c/charlesf/www/dark_photon/root/histos_353.root with 5436.0 entries
	Saving Cat_0_bb_CR to /eos/user/c/charlesf/www/dark_photon/root/histos_353.root with 564.0 entries
	Saving Cat_0_bb_SR to /eos/user/c/charlesf/www/dark_photon/root/histos_353.root with 399.0 entries
	Saving Cat_0_ee_CR to /eos/user/c/charlesf/www/dark_photon/root/histos_353.root with 256.0 entries
	Saving Cat_0_ee_SR to /eos/user/c/charlesf/www/dark_photon/root/histos_353.root with 65.0 entries
Finished job 353/500 at Thu Aug  6 22:17:47 CEST 2026
