Host: b9p31p6172.cern.ch
Date: Thu Aug  6 10:11:32 PM CEST 2026
PROCID=225
JOB=226
NJOBS=500
LIST=/afs/cern.ch/user/c/charlesf/cmssw-dev/CMSSW_15_0_15/src/Run3DimuonAnalysisTools/Crab/all_mmgTree_files.txt
OUTDIR=/eos/user/c/charlesf/www/dark_photon/root
Opening list of input files /afs/cern.ch/user/c/charlesf/cmssw-dev/CMSSW_15_0_15/src/Run3DimuonAnalysisTools/Crab/all_mmgTree_files.txt
	Found 11350 items in list
	Job 226 of 500 has files (5107, 5130], using all 23 files
	Using redirector root://cms-xrd-global.cern.ch/
[job 226/500] adding file 1/23: root://cms-xrd-global.cern.ch//store/user/charlesf/ParkingDoubleMuonLowMass3/crab_muMuGamma_24Jul26_ParkingDoubleMuonLowMass3Run2025F-PromptReco-v2/260727_192120/0000/mmgTree_60.root
[job 226/500] adding file 2/23: root://cms-xrd-global.cern.ch//store/user/charlesf/ParkingDoubleMuonLowMass3/crab_muMuGamma_24Jul26_ParkingDoubleMuonLowMass3Run2025F-PromptReco-v2/260727_192120/0000/mmgTree_61.root
[job 226/500] adding file 3/23: root://cms-xrd-global.cern.ch//store/user/charlesf/ParkingDoubleMuonLowMass3/crab_muMuGamma_24Jul26_ParkingDoubleMuonLowMass3Run2025F-PromptReco-v2/260727_192120/0000/mmgTree_62.root
[job 226/500] adding file 4/23: root://cms-xrd-global.cern.ch//store/user/charlesf/ParkingDoubleMuonLowMass3/crab_muMuGamma_24Jul26_ParkingDoubleMuonLowMass3Run2025F-PromptReco-v2/260727_192120/0000/mmgTree_63.root
[job 226/500] adding file 5/23: root://cms-xrd-global.cern.ch//store/user/charlesf/ParkingDoubleMuonLowMass3/crab_muMuGamma_24Jul26_ParkingDoubleMuonLowMass3Run2025F-PromptReco-v2/260727_192120/0000/mmgTree_64.root
[job 226/500] adding file 6/23: root://cms-xrd-global.cern.ch//store/user/charlesf/ParkingDoubleMuonLowMass3/crab_muMuGamma_24Jul26_ParkingDoubleMuonLowMass3Run2025F-PromptReco-v2/260727_192120/0000/mmgTree_65.root
[job 226/500] adding file 7/23: root://cms-xrd-global.cern.ch//store/user/charlesf/ParkingDoubleMuonLowMass3/crab_muMuGamma_24Jul26_ParkingDoubleMuonLowMass3Run2025F-PromptReco-v2/260727_192120/0000/mmgTree_66.root
[job 226/500] adding file 8/23: root://cms-xrd-global.cern.ch//store/user/charlesf/ParkingDoubleMuonLowMass3/crab_muMuGamma_24Jul26_ParkingDoubleMuonLowMass3Run2025F-PromptReco-v2/260727_192120/0000/mmgTree_67.root
[job 226/500] adding file 9/23: root://cms-xrd-global.cern.ch//store/user/charlesf/ParkingDoubleMuonLowMass3/crab_muMuGamma_24Jul26_ParkingDoubleMuonLowMass3Run2025F-PromptReco-v2/260727_192120/0000/mmgTree_68.root
[job 226/500] adding file 10/23: root://cms-xrd-global.cern.ch//store/user/charlesf/ParkingDoubleMuonLowMass3/crab_muMuGamma_24Jul26_ParkingDoubleMuonLowMass3Run2025F-PromptReco-v2/260727_192120/0000/mmgTree_69.root
[job 226/500] adding file 11/23: root://cms-xrd-global.cern.ch//store/user/charlesf/ParkingDoubleMuonLowMass3/crab_muMuGamma_24Jul26_ParkingDoubleMuonLowMass3Run2025F-PromptReco-v2/260727_192120/0000/mmgTree_7.root
[job 226/500] adding file 12/23: root://cms-xrd-global.cern.ch//store/user/charlesf/ParkingDoubleMuonLowMass3/crab_muMuGamma_24Jul26_ParkingDoubleMuonLowMass3Run2025F-PromptReco-v2/260727_192120/0000/mmgTree_70.root
[job 226/500] adding file 13/23: root://cms-xrd-global.cern.ch//store/user/charlesf/ParkingDoubleMuonLowMass3/crab_muMuGamma_24Jul26_ParkingDoubleMuonLowMass3Run2025F-PromptReco-v2/260727_192120/0000/mmgTree_71.root
[job 226/500] adding file 14/23: root://cms-xrd-global.cern.ch//store/user/charlesf/ParkingDoubleMuonLowMass3/crab_muMuGamma_24Jul26_ParkingDoubleMuonLowMass3Run2025F-PromptReco-v2/260727_192120/0000/mmgTree_72.root
[job 226/500] adding file 15/23: root://cms-xrd-global.cern.ch//store/user/charlesf/ParkingDoubleMuonLowMass3/crab_muMuGamma_24Jul26_ParkingDoubleMuonLowMass3Run2025F-PromptReco-v2/260727_192120/0000/mmgTree_73.root
[job 226/500] adding file 16/23: root://cms-xrd-global.cern.ch//store/user/charlesf/ParkingDoubleMuonLowMass3/crab_muMuGamma_24Jul26_ParkingDoubleMuonLowMass3Run2025F-PromptReco-v2/260727_192120/0000/mmgTree_74.root
[job 226/500] adding file 17/23: root://cms-xrd-global.cern.ch//store/user/charlesf/ParkingDoubleMuonLowMass3/crab_muMuGamma_24Jul26_ParkingDoubleMuonLowMass3Run2025F-PromptReco-v2/260727_192120/0000/mmgTree_75.root
[job 226/500] adding file 18/23: root://cms-xrd-global.cern.ch//store/user/charlesf/ParkingDoubleMuonLowMass3/crab_muMuGamma_24Jul26_ParkingDoubleMuonLowMass3Run2025F-PromptReco-v2/260727_192120/0000/mmgTree_76.root
[job 226/500] adding file 19/23: root://cms-xrd-global.cern.ch//store/user/charlesf/ParkingDoubleMuonLowMass3/crab_muMuGamma_24Jul26_ParkingDoubleMuonLowMass3Run2025F-PromptReco-v2/260727_192120/0000/mmgTree_77.root
[job 226/500] adding file 20/23: root://cms-xrd-global.cern.ch//store/user/charlesf/ParkingDoubleMuonLowMass3/crab_muMuGamma_24Jul26_ParkingDoubleMuonLowMass3Run2025F-PromptReco-v2/260727_192120/0000/mmgTree_78.root
[job 226/500] adding file 21/23: root://cms-xrd-global.cern.ch//store/user/charlesf/ParkingDoubleMuonLowMass3/crab_muMuGamma_24Jul26_ParkingDoubleMuonLowMass3Run2025F-PromptReco-v2/260727_192120/0000/mmgTree_79.root
[job 226/500] adding file 22/23: root://cms-xrd-global.cern.ch//store/user/charlesf/ParkingDoubleMuonLowMass3/crab_muMuGamma_24Jul26_ParkingDoubleMuonLowMass3Run2025F-PromptReco-v2/260727_192120/0000/mmgTree_8.root
[job 226/500] adding file 23/23: root://cms-xrd-global.cern.ch//store/user/charlesf/ParkingDoubleMuonLowMass3/crab_muMuGamma_24Jul26_ParkingDoubleMuonLowMass3Run2025F-PromptReco-v2/260727_192120/0000/mmgTree_80.root
Finished building TChain
Total entries: 9942680
Creating /eos/user/c/charlesf/www/dark_photon/root/histos_226.root
Processing events...
mumu_mass < 0.6 event 0
mumu_mass < 0.6 event 100000
mumu_mass < 0.6 event 200000
mumu_mass < 0.6 event 300000
mumu_mass < 0.6 event 400000
mumu_mass < 0.6 event 500000
mumu_mass < 0.6 event 600000
Saving histograms...
	Saving Cat_5_ee_SR to /eos/user/c/charlesf/www/dark_photon/root/histos_226.root with 36635.0 entries
	Saving Cat_4_bb_SR to /eos/user/c/charlesf/www/dark_photon/root/histos_226.root with 28978.0 entries
	Saving Cat_5_bb_CR to /eos/user/c/charlesf/www/dark_photon/root/histos_226.root with 17530.0 entries
	Saving Cat_5_ee_CR to /eos/user/c/charlesf/www/dark_photon/root/histos_226.root with 16974.0 entries
	Saving Cat_10_bb_SR to /eos/user/c/charlesf/www/dark_photon/root/histos_226.root with 38546.0 entries
	Saving Cat_2_bb_SR to /eos/user/c/charlesf/www/dark_photon/root/histos_226.root with 30248.0 entries
	Saving Cat_2_bb_CR to /eos/user/c/charlesf/www/dark_photon/root/histos_226.root with 17076.0 entries
	Saving Cat_4_bb_CR to /eos/user/c/charlesf/www/dark_photon/root/histos_226.root with 16807.0 entries
	Saving Cat_6_bb_SR to /eos/user/c/charlesf/www/dark_photon/root/histos_226.root with 30095.0 entries
	Saving Cat_7_bb_SR to /eos/user/c/charlesf/www/dark_photon/root/histos_226.root with 31790.0 entries
	Saving Cat_5_bb_SR to /eos/user/c/charlesf/www/dark_photon/root/histos_226.root with 29974.0 entries
	Saving Cat_3_bb_CR to /eos/user/c/charlesf/www/dark_photon/root/histos_226.root with 17951.0 entries
	Saving Cat_3_bb_SR to /eos/user/c/charlesf/www/dark_photon/root/histos_226.root with 30286.0 entries
	Saving Cat_3_ee_SR to /eos/user/c/charlesf/www/dark_photon/root/histos_226.root with 24949.0 entries
	Saving Cat_7_bb_CR to /eos/user/c/charlesf/www/dark_photon/root/histos_226.root with 17384.0 entries
	Saving Cat_1_ee_SR to /eos/user/c/charlesf/www/dark_photon/root/histos_226.root with 12805.0 entries
	Saving Cat_1_bb_SR to /eos/user/c/charlesf/www/dark_photon/root/histos_226.root with 29156.0 entries
	Saving Cat_2_ee_SR to /eos/user/c/charlesf/www/dark_photon/root/histos_226.root with 22058.0 entries
	Saving Cat_9_bb_CR to /eos/user/c/charlesf/www/dark_photon/root/histos_226.root with 15826.0 entries
	Saving Cat_10_bb_CR to /eos/user/c/charlesf/www/dark_photon/root/histos_226.root with 17020.0 entries
	Saving Cat_8_bb_SR to /eos/user/c/charlesf/www/dark_photon/root/histos_226.root with 32925.0 entries
	Saving Cat_9_bb_SR to /eos/user/c/charlesf/www/dark_photon/root/histos_226.root with 32756.0 entries
	Saving Cat_2_ee_CR to /eos/user/c/charlesf/www/dark_photon/root/histos_226.root with 10915.0 entries
	Saving Cat_8_bb_CR to /eos/user/c/charlesf/www/dark_photon/root/histos_226.root with 17273.0 entries
	Saving Cat_1_bb_CR to /eos/user/c/charlesf/www/dark_photon/root/histos_226.root with 16252.0 entries
	Saving Cat_6_bb_CR to /eos/user/c/charlesf/www/dark_photon/root/histos_226.root with 17285.0 entries
	Saving Cat_4_ee_CR to /eos/user/c/charlesf/www/dark_photon/root/histos_226.root with 13548.0 entries
	Saving Cat_4_ee_SR to /eos/user/c/charlesf/www/dark_photon/root/histos_226.root with 28305.0 entries
	Saving Cat_3_ee_CR to /eos/user/c/charlesf/www/dark_photon/root/histos_226.root with 11984.0 entries
	Saving Cat_0_bb_CR to /eos/user/c/charlesf/www/dark_photon/root/histos_226.root with 1553.0 entries
	Saving Cat_0_ee_CR to /eos/user/c/charlesf/www/dark_photon/root/histos_226.root with 610.0 entries
	Saving Cat_1_ee_CR to /eos/user/c/charlesf/www/dark_photon/root/histos_226.root with 7056.0 entries
	Saving Cat_0_ee_SR to /eos/user/c/charlesf/www/dark_photon/root/histos_226.root with 124.0 entries
	Saving Cat_0_bb_SR to /eos/user/c/charlesf/www/dark_photon/root/histos_226.root with 932.0 entries
Finished job 226/500 at Thu Aug  6 22:21:28 CEST 2026
