Host: b9p29p9608.cern.ch
Date: Thu Aug  6 10:11:28 PM CEST 2026
PROCID=216
JOB=217
NJOBS=500
LIST=/afs/cern.ch/user/c/charlesf/cmssw-dev/CMSSW_15_0_15/src/Run3DimuonAnalysisTools/Crab/all_mmgTree_files.txt
OUTDIR=/eos/user/c/charlesf/www/dark_photon/root
Opening list of input files /afs/cern.ch/user/c/charlesf/cmssw-dev/CMSSW_15_0_15/src/Run3DimuonAnalysisTools/Crab/all_mmgTree_files.txt
	Found 11350 items in list
	Job 217 of 500 has files (4903, 4925], using all 22 files
	Using redirector root://cms-xrd-global.cern.ch/
[job 217/500] adding file 1/22: root://cms-xrd-global.cern.ch//store/user/charlesf/ParkingDoubleMuonLowMass3/crab_muMuGamma_24Jul26_ParkingDoubleMuonLowMass3Run2025E-PromptReco-v1/260727_192057/0000/mmgTree_77.root
[job 217/500] adding file 2/22: root://cms-xrd-global.cern.ch//store/user/charlesf/ParkingDoubleMuonLowMass3/crab_muMuGamma_24Jul26_ParkingDoubleMuonLowMass3Run2025E-PromptReco-v1/260727_192057/0000/mmgTree_78.root
[job 217/500] adding file 3/22: root://cms-xrd-global.cern.ch//store/user/charlesf/ParkingDoubleMuonLowMass3/crab_muMuGamma_24Jul26_ParkingDoubleMuonLowMass3Run2025E-PromptReco-v1/260727_192057/0000/mmgTree_79.root
[job 217/500] adding file 4/22: root://cms-xrd-global.cern.ch//store/user/charlesf/ParkingDoubleMuonLowMass3/crab_muMuGamma_24Jul26_ParkingDoubleMuonLowMass3Run2025E-PromptReco-v1/260727_192057/0000/mmgTree_8.root
[job 217/500] adding file 5/22: root://cms-xrd-global.cern.ch//store/user/charlesf/ParkingDoubleMuonLowMass3/crab_muMuGamma_24Jul26_ParkingDoubleMuonLowMass3Run2025E-PromptReco-v1/260727_192057/0000/mmgTree_80.root
[job 217/500] adding file 6/22: root://cms-xrd-global.cern.ch//store/user/charlesf/ParkingDoubleMuonLowMass3/crab_muMuGamma_24Jul26_ParkingDoubleMuonLowMass3Run2025E-PromptReco-v1/260727_192057/0000/mmgTree_81.root
[job 217/500] adding file 7/22: root://cms-xrd-global.cern.ch//store/user/charlesf/ParkingDoubleMuonLowMass3/crab_muMuGamma_24Jul26_ParkingDoubleMuonLowMass3Run2025E-PromptReco-v1/260727_192057/0000/mmgTree_82.root
[job 217/500] adding file 8/22: root://cms-xrd-global.cern.ch//store/user/charlesf/ParkingDoubleMuonLowMass3/crab_muMuGamma_24Jul26_ParkingDoubleMuonLowMass3Run2025E-PromptReco-v1/260727_192057/0000/mmgTree_83.root
[job 217/500] adding file 9/22: root://cms-xrd-global.cern.ch//store/user/charlesf/ParkingDoubleMuonLowMass3/crab_muMuGamma_24Jul26_ParkingDoubleMuonLowMass3Run2025E-PromptReco-v1/260727_192057/0000/mmgTree_84.root
[job 217/500] adding file 10/22: root://cms-xrd-global.cern.ch//store/user/charlesf/ParkingDoubleMuonLowMass3/crab_muMuGamma_24Jul26_ParkingDoubleMuonLowMass3Run2025E-PromptReco-v1/260727_192057/0000/mmgTree_85.root
[job 217/500] adding file 11/22: root://cms-xrd-global.cern.ch//store/user/charlesf/ParkingDoubleMuonLowMass3/crab_muMuGamma_24Jul26_ParkingDoubleMuonLowMass3Run2025E-PromptReco-v1/260727_192057/0000/mmgTree_86.root
[job 217/500] adding file 12/22: root://cms-xrd-global.cern.ch//store/user/charlesf/ParkingDoubleMuonLowMass3/crab_muMuGamma_24Jul26_ParkingDoubleMuonLowMass3Run2025E-PromptReco-v1/260727_192057/0000/mmgTree_87.root
[job 217/500] adding file 13/22: root://cms-xrd-global.cern.ch//store/user/charlesf/ParkingDoubleMuonLowMass3/crab_muMuGamma_24Jul26_ParkingDoubleMuonLowMass3Run2025E-PromptReco-v1/260727_192057/0000/mmgTree_88.root
[job 217/500] adding file 14/22: root://cms-xrd-global.cern.ch//store/user/charlesf/ParkingDoubleMuonLowMass3/crab_muMuGamma_24Jul26_ParkingDoubleMuonLowMass3Run2025E-PromptReco-v1/260727_192057/0000/mmgTree_89.root
[job 217/500] adding file 15/22: root://cms-xrd-global.cern.ch//store/user/charlesf/ParkingDoubleMuonLowMass3/crab_muMuGamma_24Jul26_ParkingDoubleMuonLowMass3Run2025E-PromptReco-v1/260727_192057/0000/mmgTree_9.root
[job 217/500] adding file 16/22: root://cms-xrd-global.cern.ch//store/user/charlesf/ParkingDoubleMuonLowMass3/crab_muMuGamma_24Jul26_ParkingDoubleMuonLowMass3Run2025E-PromptReco-v1/260727_192057/0000/mmgTree_90.root
[job 217/500] adding file 17/22: root://cms-xrd-global.cern.ch//store/user/charlesf/ParkingDoubleMuonLowMass3/crab_muMuGamma_24Jul26_ParkingDoubleMuonLowMass3Run2025E-PromptReco-v1/260727_192057/0000/mmgTree_91.root
[job 217/500] adding file 18/22: root://cms-xrd-global.cern.ch//store/user/charlesf/ParkingDoubleMuonLowMass3/crab_muMuGamma_24Jul26_ParkingDoubleMuonLowMass3Run2025E-PromptReco-v1/260727_192057/0000/mmgTree_92.root
[job 217/500] adding file 19/22: root://cms-xrd-global.cern.ch//store/user/charlesf/ParkingDoubleMuonLowMass3/crab_muMuGamma_24Jul26_ParkingDoubleMuonLowMass3Run2025E-PromptReco-v1/260727_192057/0000/mmgTree_93.root
[job 217/500] adding file 20/22: root://cms-xrd-global.cern.ch//store/user/charlesf/ParkingDoubleMuonLowMass3/crab_muMuGamma_24Jul26_ParkingDoubleMuonLowMass3Run2025E-PromptReco-v1/260727_192057/0000/mmgTree_94.root
[job 217/500] adding file 21/22: root://cms-xrd-global.cern.ch//store/user/charlesf/ParkingDoubleMuonLowMass3/crab_muMuGamma_24Jul26_ParkingDoubleMuonLowMass3Run2025E-PromptReco-v1/260727_192057/0000/mmgTree_95.root
[job 217/500] adding file 22/22: root://cms-xrd-global.cern.ch//store/user/charlesf/ParkingDoubleMuonLowMass3/crab_muMuGamma_24Jul26_ParkingDoubleMuonLowMass3Run2025E-PromptReco-v1/260727_192057/0000/mmgTree_96.root
Finished building TChain
Total entries: 10238609
Creating /eos/user/c/charlesf/www/dark_photon/root/histos_217.root
Processing events...
mumu_mass < 0.6 event 0
mumu_mass < 0.6 event 100000
mumu_mass < 0.6 event 200000
mumu_mass < 0.6 event 300000
mumu_mass < 0.6 event 400000
mumu_mass < 0.6 event 500000
mumu_mass < 0.6 event 600000
mumu_mass < 0.6 event 700000
Saving histograms...
	Saving Cat_3_ee_SR to /eos/user/c/charlesf/www/dark_photon/root/histos_217.root with 28835.0 entries
	Saving Cat_5_bb_SR to /eos/user/c/charlesf/www/dark_photon/root/histos_217.root with 30904.0 entries
	Saving Cat_5_ee_SR to /eos/user/c/charlesf/www/dark_photon/root/histos_217.root with 39707.0 entries
	Saving Cat_8_bb_SR to /eos/user/c/charlesf/www/dark_photon/root/histos_217.root with 33611.0 entries
	Saving Cat_1_bb_SR to /eos/user/c/charlesf/www/dark_photon/root/histos_217.root with 30797.0 entries
	Saving Cat_10_bb_SR to /eos/user/c/charlesf/www/dark_photon/root/histos_217.root with 38669.0 entries
	Saving Cat_6_bb_SR to /eos/user/c/charlesf/www/dark_photon/root/histos_217.root with 30853.0 entries
	Saving Cat_8_bb_CR to /eos/user/c/charlesf/www/dark_photon/root/histos_217.root with 16697.0 entries
	Saving Cat_3_ee_CR to /eos/user/c/charlesf/www/dark_photon/root/histos_217.root with 13647.0 entries
	Saving Cat_2_bb_SR to /eos/user/c/charlesf/www/dark_photon/root/histos_217.root with 30939.0 entries
	Saving Cat_7_bb_SR to /eos/user/c/charlesf/www/dark_photon/root/histos_217.root with 32549.0 entries
	Saving Cat_4_bb_CR to /eos/user/c/charlesf/www/dark_photon/root/histos_217.root with 16389.0 entries
	Saving Cat_9_bb_CR to /eos/user/c/charlesf/www/dark_photon/root/histos_217.root with 15167.0 entries
	Saving Cat_6_bb_CR to /eos/user/c/charlesf/www/dark_photon/root/histos_217.root with 16111.0 entries
	Saving Cat_10_bb_CR to /eos/user/c/charlesf/www/dark_photon/root/histos_217.root with 16617.0 entries
	Saving Cat_7_bb_CR to /eos/user/c/charlesf/www/dark_photon/root/histos_217.root with 16885.0 entries
	Saving Cat_4_bb_SR to /eos/user/c/charlesf/www/dark_photon/root/histos_217.root with 30309.0 entries
	Saving Cat_1_bb_CR to /eos/user/c/charlesf/www/dark_photon/root/histos_217.root with 16747.0 entries
	Saving Cat_5_bb_CR to /eos/user/c/charlesf/www/dark_photon/root/histos_217.root with 16702.0 entries
	Saving Cat_2_bb_CR to /eos/user/c/charlesf/www/dark_photon/root/histos_217.root with 16671.0 entries
	Saving Cat_3_bb_SR to /eos/user/c/charlesf/www/dark_photon/root/histos_217.root with 31359.0 entries
	Saving Cat_4_ee_CR to /eos/user/c/charlesf/www/dark_photon/root/histos_217.root with 14440.0 entries
	Saving Cat_2_ee_CR to /eos/user/c/charlesf/www/dark_photon/root/histos_217.root with 12936.0 entries
	Saving Cat_3_bb_CR to /eos/user/c/charlesf/www/dark_photon/root/histos_217.root with 17273.0 entries
	Saving Cat_4_ee_SR to /eos/user/c/charlesf/www/dark_photon/root/histos_217.root with 31472.0 entries
	Saving Cat_2_ee_SR to /eos/user/c/charlesf/www/dark_photon/root/histos_217.root with 26242.0 entries
	Saving Cat_9_bb_SR to /eos/user/c/charlesf/www/dark_photon/root/histos_217.root with 33058.0 entries
	Saving Cat_1_ee_SR to /eos/user/c/charlesf/www/dark_photon/root/histos_217.root with 16689.0 entries
	Saving Cat_0_bb_CR to /eos/user/c/charlesf/www/dark_photon/root/histos_217.root with 1587.0 entries
	Saving Cat_5_ee_CR to /eos/user/c/charlesf/www/dark_photon/root/histos_217.root with 17596.0 entries
	Saving Cat_0_bb_SR to /eos/user/c/charlesf/www/dark_photon/root/histos_217.root with 1143.0 entries
	Saving Cat_1_ee_CR to /eos/user/c/charlesf/www/dark_photon/root/histos_217.root with 9408.0 entries
	Saving Cat_0_ee_CR to /eos/user/c/charlesf/www/dark_photon/root/histos_217.root with 761.0 entries
	Saving Cat_0_ee_SR to /eos/user/c/charlesf/www/dark_photon/root/histos_217.root with 183.0 entries
Finished job 217/500 at Thu Aug  6 22:21:15 CEST 2026
