Rucio client intialized for account charlesf
Rucio client intialized for account charlesf
=== Files from job 1:
1) PFN: root://cms-xrd-global.cern.ch//store/user/charlesf/ParkingDoubleMuonLowMass7/crab_muMuGamma_24Jul26_ParkingDoubleMuonLowMass7Run2025C-PromptReco-v2/260727_192557/0000/mmgTree_1.root
   LFN: /store/user/charlesf/ParkingDoubleMuonLowMass7/crab_muMuGamma_24Jul26_ParkingDoubleMuonLowMass7Run2025C-PromptReco-v2/260727_192557/0000/mmgTree_1.root
=== Files from job 10:
1) PFN: root://cms-xrd-global.cern.ch//store/user/charlesf/ParkingDoubleMuonLowMass7/crab_muMuGamma_24Jul26_ParkingDoubleMuonLowMass7Run2025C-PromptReco-v2/260727_192557/0000/mmgTree_10.root
   LFN: /store/user/charlesf/ParkingDoubleMuonLowMass7/crab_muMuGamma_24Jul26_ParkingDoubleMuonLowMass7Run2025C-PromptReco-v2/260727_192557/0000/mmgTree_10.root
=== Files from job 100:
1) PFN: root://cms-xrd-global.cern.ch//store/user/charlesf/ParkingDoubleMuonLowMass7/crab_muMuGamma_24Jul26_ParkingDoubleMuonLowMass7Run2025C-PromptReco-v2/260727_192557/0000/mmgTree_100.root
   LFN: /store/user/charlesf/ParkingDoubleMuonLowMass7/crab_muMuGamma_24Jul26_ParkingDoubleMuonLowMass7Run2025C-PromptReco-v2/260727_192557/0000/mmgTree_100.root
=== Files from job 101:
1) PFN: root://cms-xrd-global.cern.ch//store/user/charlesf/ParkingDoubleMuonLowMass7/crab_muMuGamma_24Jul26_ParkingDoubleMuonLowMass7Run2025C-PromptReco-v2/260727_192557/0000/mmgTree_101.root
   LFN: /store/user/charlesf/ParkingDoubleMuonLowMass7/crab_muMuGamma_24Jul26_ParkingDoubleMuonLowMass7Run2025C-PromptReco-v2/260727_192557/0000/mmgTree_101.root
=== Files from job 102:
1) PFN: root://cms-xrd-global.cern.ch//store/user/charlesf/ParkingDoubleMuonLowMass7/crab_muMuGamma_24Jul26_ParkingDoubleMuonLowMass7Run2025C-PromptReco-v2/260727_192557/0000/mmgTree_102.root
   LFN: /store/user/charlesf/ParkingDoubleMuonLowMass7/crab_muMuGamma_24Jul26_ParkingDoubleMuonLowMass7Run2025C-PromptReco-v2/260727_192557/0000/mmgTree_102.root
=== Files from job 103:
1) PFN: root://cms-xrd-global.cern.ch//store/user/charlesf/ParkingDoubleMuonLowMass7/crab_muMuGamma_24Jul26_ParkingDoubleMuonLowMass7Run2025C-PromptReco-v2/260727_192557/0000/mmgTree_103.root
   LFN: /store/user/charlesf/ParkingDoubleMuonLowMass7/crab_muMuGamma_24Jul26_ParkingDoubleMuonLowMass7Run2025C-PromptReco-v2/260727_192557/0000/mmgTree_103.root
=== Files from job 104:
1) PFN: root://cms-xrd-global.cern.ch//store/user/charlesf/ParkingDoubleMuonLowMass7/crab_muMuGamma_24Jul26_ParkingDoubleMuonLowMass7Run2025C-PromptReco-v2/260727_192557/0000/mmgTree_104.root
   LFN: /store/user/charlesf/ParkingDoubleMuonLowMass7/crab_muMuGamma_24Jul26_ParkingDoubleMuonLowMass7Run2025C-PromptReco-v2/260727_192557/0000/mmgTree_104.root
=== Files from job 105:
1) PFN: root://cms-xrd-global.cern.ch//store/user/charlesf/ParkingDoubleMuonLowMass7/crab_muMuGamma_24Jul26_ParkingDoubleMuonLowMass7Run2025C-PromptReco-v2/260727_192557/0000/mmgTree_105.root
   LFN: /store/user/charlesf/ParkingDoubleMuonLowMass7/crab_muMuGamma_24Jul26_ParkingDoubleMuonLowMass7Run2025C-PromptReco-v2/260727_192557/0000/mmgTree_105.root
=== Files from job 106:
1) PFN: root://cms-xrd-global.cern.ch//store/user/charlesf/ParkingDoubleMuonLowMass7/crab_muMuGamma_24Jul26_ParkingDoubleMuonLowMass7Run2025C-PromptReco-v2/260727_192557/0000/mmgTree_106.root
   LFN: /store/user/charlesf/ParkingDoubleMuonLowMass7/crab_muMuGamma_24Jul26_ParkingDoubleMuonLowMass7Run2025C-PromptReco-v2/260727_192557/0000/mmgTree_106.root
=== Files from job 107:
1) PFN: root://cms-xrd-global.cern.ch//store/user/charlesf/ParkingDoubleMuonLowMass7/crab_muMuGamma_24Jul26_ParkingDoubleMuonLowMass7Run2025C-PromptReco-v2/260727_192557/0000/mmgTree_107.root
   LFN: /store/user/charlesf/ParkingDoubleMuonLowMass7/crab_muMuGamma_24Jul26_ParkingDoubleMuonLowMass7Run2025C-PromptReco-v2/260727_192557/0000/mmgTree_107.root
=== Files from job 108:
1) PFN: root://cms-xrd-global.cern.ch//store/user/charlesf/ParkingDoubleMuonLowMass7/crab_muMuGamma_24Jul26_ParkingDoubleMuonLowMass7Run2025C-PromptReco-v2/260727_192557/0000/mmgTree_108.root
   LFN: /store/user/charlesf/ParkingDoubleMuonLowMass7/crab_muMuGamma_24Jul26_ParkingDoubleMuonLowMass7Run2025C-PromptReco-v2/260727_192557/0000/mmgTree_108.root
=== Files from job 109:
1) PFN: root://cms-xrd-global.cern.ch//store/user/charlesf/ParkingDoubleMuonLowMass7/crab_muMuGamma_24Jul26_ParkingDoubleMuonLowMass7Run2025C-PromptReco-v2/260727_192557/0000/mmgTree_109.root
   LFN: /store/user/charlesf/ParkingDoubleMuonLowMass7/crab_muMuGamma_24Jul26_ParkingDoubleMuonLowMass7Run2025C-PromptReco-v2/260727_192557/0000/mmgTree_109.root
=== Files from job 11:
1) PFN: root://cms-xrd-global.cern.ch//store/user/charlesf/ParkingDoubleMuonLowMass7/crab_muMuGamma_24Jul26_ParkingDoubleMuonLowMass7Run2025C-PromptReco-v2/260727_192557/0000/mmgTree_11.root
   LFN: /store/user/charlesf/ParkingDoubleMuonLowMass7/crab_muMuGamma_24Jul26_ParkingDoubleMuonLowMass7Run2025C-PromptReco-v2/260727_192557/0000/mmgTree_11.root
=== Files from job 110:
1) PFN: root://cms-xrd-global.cern.ch//store/user/charlesf/ParkingDoubleMuonLowMass7/crab_muMuGamma_24Jul26_ParkingDoubleMuonLowMass7Run2025C-PromptReco-v2/260727_192557/0000/mmgTree_110.root
   LFN: /store/user/charlesf/ParkingDoubleMuonLowMass7/crab_muMuGamma_24Jul26_ParkingDoubleMuonLowMass7Run2025C-PromptReco-v2/260727_192557/0000/mmgTree_110.root
=== Files from job 111:
1) PFN: root://cms-xrd-global.cern.ch//store/user/charlesf/ParkingDoubleMuonLowMass7/crab_muMuGamma_24Jul26_ParkingDoubleMuonLowMass7Run2025C-PromptReco-v2/260727_192557/0000/mmgTree_111.root
   LFN: /store/user/charlesf/ParkingDoubleMuonLowMass7/crab_muMuGamma_24Jul26_ParkingDoubleMuonLowMass7Run2025C-PromptReco-v2/260727_192557/0000/mmgTree_111.root
=== Files from job 112:
1) PFN: root://cms-xrd-global.cern.ch//store/user/charlesf/ParkingDoubleMuonLowMass7/crab_muMuGamma_24Jul26_ParkingDoubleMuonLowMass7Run2025C-PromptReco-v2/260727_192557/0000/mmgTree_112.root
   LFN: /store/user/charlesf/ParkingDoubleMuonLowMass7/crab_muMuGamma_24Jul26_ParkingDoubleMuonLowMass7Run2025C-PromptReco-v2/260727_192557/0000/mmgTree_112.root
=== Files from job 113:
1) PFN: root://cms-xrd-global.cern.ch//store/user/charlesf/ParkingDoubleMuonLowMass7/crab_muMuGamma_24Jul26_ParkingDoubleMuonLowMass7Run2025C-PromptReco-v2/260727_192557/0000/mmgTree_113.root
   LFN: /store/user/charlesf/ParkingDoubleMuonLowMass7/crab_muMuGamma_24Jul26_ParkingDoubleMuonLowMass7Run2025C-PromptReco-v2/260727_192557/0000/mmgTree_113.root
=== Files from job 114:
1) PFN: root://cms-xrd-global.cern.ch//store/user/charlesf/ParkingDoubleMuonLowMass7/crab_muMuGamma_24Jul26_ParkingDoubleMuonLowMass7Run2025C-PromptReco-v2/260727_192557/0000/mmgTree_114.root
   LFN: /store/user/charlesf/ParkingDoubleMuonLowMass7/crab_muMuGamma_24Jul26_ParkingDoubleMuonLowMass7Run2025C-PromptReco-v2/260727_192557/0000/mmgTree_114.root
=== Files from job 115:
1) PFN: root://cms-xrd-global.cern.ch//store/user/charlesf/ParkingDoubleMuonLowMass7/crab_muMuGamma_24Jul26_ParkingDoubleMuonLowMass7Run2025C-PromptReco-v2/260727_192557/0000/mmgTree_115.root
   LFN: /store/user/charlesf/ParkingDoubleMuonLowMass7/crab_muMuGamma_24Jul26_ParkingDoubleMuonLowMass7Run2025C-PromptReco-v2/260727_192557/0000/mmgTree_115.root
=== Files from job 116:
1) PFN: root://cms-xrd-global.cern.ch//store/user/charlesf/ParkingDoubleMuonLowMass7/crab_muMuGamma_24Jul26_ParkingDoubleMuonLowMass7Run2025C-PromptReco-v2/260727_192557/0000/mmgTree_116.root
   LFN: /store/user/charlesf/ParkingDoubleMuonLowMass7/crab_muMuGamma_24Jul26_ParkingDoubleMuonLowMass7Run2025C-PromptReco-v2/260727_192557/0000/mmgTree_116.root
=== Files from job 117:
1) PFN: root://cms-xrd-global.cern.ch//store/user/charlesf/ParkingDoubleMuonLowMass7/crab_muMuGamma_24Jul26_ParkingDoubleMuonLowMass7Run2025C-PromptReco-v2/260727_192557/0000/mmgTree_117.root
   LFN: /store/user/charlesf/ParkingDoubleMuonLowMass7/crab_muMuGamma_24Jul26_ParkingDoubleMuonLowMass7Run2025C-PromptReco-v2/260727_192557/0000/mmgTree_117.root
=== Files from job 118:
1) PFN: root://cms-xrd-global.cern.ch//store/user/charlesf/ParkingDoubleMuonLowMass7/crab_muMuGamma_24Jul26_ParkingDoubleMuonLowMass7Run2025C-PromptReco-v2/260727_192557/0000/mmgTree_118.root
   LFN: /store/user/charlesf/ParkingDoubleMuonLowMass7/crab_muMuGamma_24Jul26_ParkingDoubleMuonLowMass7Run2025C-PromptReco-v2/260727_192557/0000/mmgTree_118.root
=== Files from job 119:
1) PFN: root://cms-xrd-global.cern.ch//store/user/charlesf/ParkingDoubleMuonLowMass7/crab_muMuGamma_24Jul26_ParkingDoubleMuonLowMass7Run2025C-PromptReco-v2/260727_192557/0000/mmgTree_119.root
   LFN: /store/user/charlesf/ParkingDoubleMuonLowMass7/crab_muMuGamma_24Jul26_ParkingDoubleMuonLowMass7Run2025C-PromptReco-v2/260727_192557/0000/mmgTree_119.root
=== Files from job 12:
1) PFN: root://cms-xrd-global.cern.ch//store/user/charlesf/ParkingDoubleMuonLowMass7/crab_muMuGamma_24Jul26_ParkingDoubleMuonLowMass7Run2025C-PromptReco-v2/260727_192557/0000/mmgTree_12.root
   LFN: /store/user/charlesf/ParkingDoubleMuonLowMass7/crab_muMuGamma_24Jul26_ParkingDoubleMuonLowMass7Run2025C-PromptReco-v2/260727_192557/0000/mmgTree_12.root
=== Files from job 120:
1) PFN: root://cms-xrd-global.cern.ch//store/user/charlesf/ParkingDoubleMuonLowMass7/crab_muMuGamma_24Jul26_ParkingDoubleMuonLowMass7Run2025C-PromptReco-v2/260727_192557/0000/mmgTree_120.root
   LFN: /store/user/charlesf/ParkingDoubleMuonLowMass7/crab_muMuGamma_24Jul26_ParkingDoubleMuonLowMass7Run2025C-PromptReco-v2/260727_192557/0000/mmgTree_120.root
=== Files from job 121:
1) PFN: root://cms-xrd-global.cern.ch//store/user/charlesf/ParkingDoubleMuonLowMass7/crab_muMuGamma_24Jul26_ParkingDoubleMuonLowMass7Run2025C-PromptReco-v2/260727_192557/0000/mmgTree_121.root
   LFN: /store/user/charlesf/ParkingDoubleMuonLowMass7/crab_muMuGamma_24Jul26_ParkingDoubleMuonLowMass7Run2025C-PromptReco-v2/260727_192557/0000/mmgTree_121.root
=== Files from job 122:
1) PFN: root://cms-xrd-global.cern.ch//store/user/charlesf/ParkingDoubleMuonLowMass7/crab_muMuGamma_24Jul26_ParkingDoubleMuonLowMass7Run2025C-PromptReco-v2/260727_192557/0000/mmgTree_122.root
   LFN: /store/user/charlesf/ParkingDoubleMuonLowMass7/crab_muMuGamma_24Jul26_ParkingDoubleMuonLowMass7Run2025C-PromptReco-v2/260727_192557/0000/mmgTree_122.root
=== Files from job 123:
1) PFN: root://cms-xrd-global.cern.ch//store/user/charlesf/ParkingDoubleMuonLowMass7/crab_muMuGamma_24Jul26_ParkingDoubleMuonLowMass7Run2025C-PromptReco-v2/260727_192557/0000/mmgTree_123.root
   LFN: /store/user/charlesf/ParkingDoubleMuonLowMass7/crab_muMuGamma_24Jul26_ParkingDoubleMuonLowMass7Run2025C-PromptReco-v2/260727_192557/0000/mmgTree_123.root
=== Files from job 124:
1) PFN: root://cms-xrd-global.cern.ch//store/user/charlesf/ParkingDoubleMuonLowMass7/crab_muMuGamma_24Jul26_ParkingDoubleMuonLowMass7Run2025C-PromptReco-v2/260727_192557/0000/mmgTree_124.root
   LFN: /store/user/charlesf/ParkingDoubleMuonLowMass7/crab_muMuGamma_24Jul26_ParkingDoubleMuonLowMass7Run2025C-PromptReco-v2/260727_192557/0000/mmgTree_124.root
=== Files from job 125:
1) PFN: root://cms-xrd-global.cern.ch//store/user/charlesf/ParkingDoubleMuonLowMass7/crab_muMuGamma_24Jul26_ParkingDoubleMuonLowMass7Run2025C-PromptReco-v2/260727_192557/0000/mmgTree_125.root
   LFN: /store/user/charlesf/ParkingDoubleMuonLowMass7/crab_muMuGamma_24Jul26_ParkingDoubleMuonLowMass7Run2025C-PromptReco-v2/260727_192557/0000/mmgTree_125.root
=== Files from job 126:
1) PFN: root://cms-xrd-global.cern.ch//store/user/charlesf/ParkingDoubleMuonLowMass7/crab_muMuGamma_24Jul26_ParkingDoubleMuonLowMass7Run2025C-PromptReco-v2/260727_192557/0000/mmgTree_126.root
   LFN: /store/user/charlesf/ParkingDoubleMuonLowMass7/crab_muMuGamma_24Jul26_ParkingDoubleMuonLowMass7Run2025C-PromptReco-v2/260727_192557/0000/mmgTree_126.root
=== Files from job 127:
1) PFN: root://cms-xrd-global.cern.ch//store/user/charlesf/ParkingDoubleMuonLowMass7/crab_muMuGamma_24Jul26_ParkingDoubleMuonLowMass7Run2025C-PromptReco-v2/260727_192557/0000/mmgTree_127.root
   LFN: /store/user/charlesf/ParkingDoubleMuonLowMass7/crab_muMuGamma_24Jul26_ParkingDoubleMuonLowMass7Run2025C-PromptReco-v2/260727_192557/0000/mmgTree_127.root
=== Files from job 128:
1) PFN: root://cms-xrd-global.cern.ch//store/user/charlesf/ParkingDoubleMuonLowMass7/crab_muMuGamma_24Jul26_ParkingDoubleMuonLowMass7Run2025C-PromptReco-v2/260727_192557/0000/mmgTree_128.root
   LFN: /store/user/charlesf/ParkingDoubleMuonLowMass7/crab_muMuGamma_24Jul26_ParkingDoubleMuonLowMass7Run2025C-PromptReco-v2/260727_192557/0000/mmgTree_128.root
=== Files from job 129:
1) PFN: root://cms-xrd-global.cern.ch//store/user/charlesf/ParkingDoubleMuonLowMass7/crab_muMuGamma_24Jul26_ParkingDoubleMuonLowMass7Run2025C-PromptReco-v2/260727_192557/0000/mmgTree_129.root
   LFN: /store/user/charlesf/ParkingDoubleMuonLowMass7/crab_muMuGamma_24Jul26_ParkingDoubleMuonLowMass7Run2025C-PromptReco-v2/260727_192557/0000/mmgTree_129.root
=== Files from job 13:
1) PFN: root://cms-xrd-global.cern.ch//store/user/charlesf/ParkingDoubleMuonLowMass7/crab_muMuGamma_24Jul26_ParkingDoubleMuonLowMass7Run2025C-PromptReco-v2/260727_192557/0000/mmgTree_13.root
   LFN: /store/user/charlesf/ParkingDoubleMuonLowMass7/crab_muMuGamma_24Jul26_ParkingDoubleMuonLowMass7Run2025C-PromptReco-v2/260727_192557/0000/mmgTree_13.root
=== Files from job 130:
1) PFN: root://cms-xrd-global.cern.ch//store/user/charlesf/ParkingDoubleMuonLowMass7/crab_muMuGamma_24Jul26_ParkingDoubleMuonLowMass7Run2025C-PromptReco-v2/260727_192557/0000/mmgTree_130.root
   LFN: /store/user/charlesf/ParkingDoubleMuonLowMass7/crab_muMuGamma_24Jul26_ParkingDoubleMuonLowMass7Run2025C-PromptReco-v2/260727_192557/0000/mmgTree_130.root
=== Files from job 131:
1) PFN: root://cms-xrd-global.cern.ch//store/user/charlesf/ParkingDoubleMuonLowMass7/crab_muMuGamma_24Jul26_ParkingDoubleMuonLowMass7Run2025C-PromptReco-v2/260727_192557/0000/mmgTree_131.root
   LFN: /store/user/charlesf/ParkingDoubleMuonLowMass7/crab_muMuGamma_24Jul26_ParkingDoubleMuonLowMass7Run2025C-PromptReco-v2/260727_192557/0000/mmgTree_131.root
=== Files from job 132:
1) PFN: root://cms-xrd-global.cern.ch//store/user/charlesf/ParkingDoubleMuonLowMass7/crab_muMuGamma_24Jul26_ParkingDoubleMuonLowMass7Run2025C-PromptReco-v2/260727_192557/0000/mmgTree_132.root
   LFN: /store/user/charlesf/ParkingDoubleMuonLowMass7/crab_muMuGamma_24Jul26_ParkingDoubleMuonLowMass7Run2025C-PromptReco-v2/260727_192557/0000/mmgTree_132.root
=== Files from job 133:
1) PFN: root://cms-xrd-global.cern.ch//store/user/charlesf/ParkingDoubleMuonLowMass7/crab_muMuGamma_24Jul26_ParkingDoubleMuonLowMass7Run2025C-PromptReco-v2/260727_192557/0000/mmgTree_133.root
   LFN: /store/user/charlesf/ParkingDoubleMuonLowMass7/crab_muMuGamma_24Jul26_ParkingDoubleMuonLowMass7Run2025C-PromptReco-v2/260727_192557/0000/mmgTree_133.root
=== Files from job 134:
1) PFN: root://cms-xrd-global.cern.ch//store/user/charlesf/ParkingDoubleMuonLowMass7/crab_muMuGamma_24Jul26_ParkingDoubleMuonLowMass7Run2025C-PromptReco-v2/260727_192557/0000/mmgTree_134.root
   LFN: /store/user/charlesf/ParkingDoubleMuonLowMass7/crab_muMuGamma_24Jul26_ParkingDoubleMuonLowMass7Run2025C-PromptReco-v2/260727_192557/0000/mmgTree_134.root
=== Files from job 135:
1) PFN: root://cms-xrd-global.cern.ch//store/user/charlesf/ParkingDoubleMuonLowMass7/crab_muMuGamma_24Jul26_ParkingDoubleMuonLowMass7Run2025C-PromptReco-v2/260727_192557/0000/mmgTree_135.root
   LFN: /store/user/charlesf/ParkingDoubleMuonLowMass7/crab_muMuGamma_24Jul26_ParkingDoubleMuonLowMass7Run2025C-PromptReco-v2/260727_192557/0000/mmgTree_135.root
=== Files from job 136:
1) PFN: root://cms-xrd-global.cern.ch//store/user/charlesf/ParkingDoubleMuonLowMass7/crab_muMuGamma_24Jul26_ParkingDoubleMuonLowMass7Run2025C-PromptReco-v2/260727_192557/0000/mmgTree_136.root
   LFN: /store/user/charlesf/ParkingDoubleMuonLowMass7/crab_muMuGamma_24Jul26_ParkingDoubleMuonLowMass7Run2025C-PromptReco-v2/260727_192557/0000/mmgTree_136.root
=== Files from job 137:
1) PFN: root://cms-xrd-global.cern.ch//store/user/charlesf/ParkingDoubleMuonLowMass7/crab_muMuGamma_24Jul26_ParkingDoubleMuonLowMass7Run2025C-PromptReco-v2/260727_192557/0000/mmgTree_137.root
   LFN: /store/user/charlesf/ParkingDoubleMuonLowMass7/crab_muMuGamma_24Jul26_ParkingDoubleMuonLowMass7Run2025C-PromptReco-v2/260727_192557/0000/mmgTree_137.root
=== Files from job 138:
1) PFN: root://cms-xrd-global.cern.ch//store/user/charlesf/ParkingDoubleMuonLowMass7/crab_muMuGamma_24Jul26_ParkingDoubleMuonLowMass7Run2025C-PromptReco-v2/260727_192557/0000/mmgTree_138.root
   LFN: /store/user/charlesf/ParkingDoubleMuonLowMass7/crab_muMuGamma_24Jul26_ParkingDoubleMuonLowMass7Run2025C-PromptReco-v2/260727_192557/0000/mmgTree_138.root
=== Files from job 139:
1) PFN: root://cms-xrd-global.cern.ch//store/user/charlesf/ParkingDoubleMuonLowMass7/crab_muMuGamma_24Jul26_ParkingDoubleMuonLowMass7Run2025C-PromptReco-v2/260727_192557/0000/mmgTree_139.root
   LFN: /store/user/charlesf/ParkingDoubleMuonLowMass7/crab_muMuGamma_24Jul26_ParkingDoubleMuonLowMass7Run2025C-PromptReco-v2/260727_192557/0000/mmgTree_139.root
=== Files from job 14:
1) PFN: root://cms-xrd-global.cern.ch//store/user/charlesf/ParkingDoubleMuonLowMass7/crab_muMuGamma_24Jul26_ParkingDoubleMuonLowMass7Run2025C-PromptReco-v2/260727_192557/0000/mmgTree_14.root
   LFN: /store/user/charlesf/ParkingDoubleMuonLowMass7/crab_muMuGamma_24Jul26_ParkingDoubleMuonLowMass7Run2025C-PromptReco-v2/260727_192557/0000/mmgTree_14.root
=== Files from job 140:
1) PFN: root://cms-xrd-global.cern.ch//store/user/charlesf/ParkingDoubleMuonLowMass7/crab_muMuGamma_24Jul26_ParkingDoubleMuonLowMass7Run2025C-PromptReco-v2/260727_192557/0000/mmgTree_140.root
   LFN: /store/user/charlesf/ParkingDoubleMuonLowMass7/crab_muMuGamma_24Jul26_ParkingDoubleMuonLowMass7Run2025C-PromptReco-v2/260727_192557/0000/mmgTree_140.root
=== Files from job 141:
1) PFN: root://cms-xrd-global.cern.ch//store/user/charlesf/ParkingDoubleMuonLowMass7/crab_muMuGamma_24Jul26_ParkingDoubleMuonLowMass7Run2025C-PromptReco-v2/260727_192557/0000/mmgTree_141.root
   LFN: /store/user/charlesf/ParkingDoubleMuonLowMass7/crab_muMuGamma_24Jul26_ParkingDoubleMuonLowMass7Run2025C-PromptReco-v2/260727_192557/0000/mmgTree_141.root
=== Files from job 142:
1) PFN: root://cms-xrd-global.cern.ch//store/user/charlesf/ParkingDoubleMuonLowMass7/crab_muMuGamma_24Jul26_ParkingDoubleMuonLowMass7Run2025C-PromptReco-v2/260727_192557/0000/mmgTree_142.root
   LFN: /store/user/charlesf/ParkingDoubleMuonLowMass7/crab_muMuGamma_24Jul26_ParkingDoubleMuonLowMass7Run2025C-PromptReco-v2/260727_192557/0000/mmgTree_142.root
=== Files from job 143:
1) PFN: root://cms-xrd-global.cern.ch//store/user/charlesf/ParkingDoubleMuonLowMass7/crab_muMuGamma_24Jul26_ParkingDoubleMuonLowMass7Run2025C-PromptReco-v2/260727_192557/0000/mmgTree_143.root
   LFN: /store/user/charlesf/ParkingDoubleMuonLowMass7/crab_muMuGamma_24Jul26_ParkingDoubleMuonLowMass7Run2025C-PromptReco-v2/260727_192557/0000/mmgTree_143.root
=== Files from job 144:
1) PFN: root://cms-xrd-global.cern.ch//store/user/charlesf/ParkingDoubleMuonLowMass7/crab_muMuGamma_24Jul26_ParkingDoubleMuonLowMass7Run2025C-PromptReco-v2/260727_192557/0000/mmgTree_144.root
   LFN: /store/user/charlesf/ParkingDoubleMuonLowMass7/crab_muMuGamma_24Jul26_ParkingDoubleMuonLowMass7Run2025C-PromptReco-v2/260727_192557/0000/mmgTree_144.root
=== Files from job 145:
1) PFN: root://cms-xrd-global.cern.ch//store/user/charlesf/ParkingDoubleMuonLowMass7/crab_muMuGamma_24Jul26_ParkingDoubleMuonLowMass7Run2025C-PromptReco-v2/260727_192557/0000/mmgTree_145.root
   LFN: /store/user/charlesf/ParkingDoubleMuonLowMass7/crab_muMuGamma_24Jul26_ParkingDoubleMuonLowMass7Run2025C-PromptReco-v2/260727_192557/0000/mmgTree_145.root
=== Files from job 146:
1) PFN: root://cms-xrd-global.cern.ch//store/user/charlesf/ParkingDoubleMuonLowMass7/crab_muMuGamma_24Jul26_ParkingDoubleMuonLowMass7Run2025C-PromptReco-v2/260727_192557/0000/mmgTree_146.root
   LFN: /store/user/charlesf/ParkingDoubleMuonLowMass7/crab_muMuGamma_24Jul26_ParkingDoubleMuonLowMass7Run2025C-PromptReco-v2/260727_192557/0000/mmgTree_146.root
=== Files from job 147:
1) PFN: root://cms-xrd-global.cern.ch//store/user/charlesf/ParkingDoubleMuonLowMass7/crab_muMuGamma_24Jul26_ParkingDoubleMuonLowMass7Run2025C-PromptReco-v2/260727_192557/0000/mmgTree_147.root
   LFN: /store/user/charlesf/ParkingDoubleMuonLowMass7/crab_muMuGamma_24Jul26_ParkingDoubleMuonLowMass7Run2025C-PromptReco-v2/260727_192557/0000/mmgTree_147.root
=== Files from job 148:
1) PFN: root://cms-xrd-global.cern.ch//store/user/charlesf/ParkingDoubleMuonLowMass7/crab_muMuGamma_24Jul26_ParkingDoubleMuonLowMass7Run2025C-PromptReco-v2/260727_192557/0000/mmgTree_148.root
   LFN: /store/user/charlesf/ParkingDoubleMuonLowMass7/crab_muMuGamma_24Jul26_ParkingDoubleMuonLowMass7Run2025C-PromptReco-v2/260727_192557/0000/mmgTree_148.root
=== Files from job 149:
1) PFN: root://cms-xrd-global.cern.ch//store/user/charlesf/ParkingDoubleMuonLowMass7/crab_muMuGamma_24Jul26_ParkingDoubleMuonLowMass7Run2025C-PromptReco-v2/260727_192557/0000/mmgTree_149.root
   LFN: /store/user/charlesf/ParkingDoubleMuonLowMass7/crab_muMuGamma_24Jul26_ParkingDoubleMuonLowMass7Run2025C-PromptReco-v2/260727_192557/0000/mmgTree_149.root
=== Files from job 15:
1) PFN: root://cms-xrd-global.cern.ch//store/user/charlesf/ParkingDoubleMuonLowMass7/crab_muMuGamma_24Jul26_ParkingDoubleMuonLowMass7Run2025C-PromptReco-v2/260727_192557/0000/mmgTree_15.root
   LFN: /store/user/charlesf/ParkingDoubleMuonLowMass7/crab_muMuGamma_24Jul26_ParkingDoubleMuonLowMass7Run2025C-PromptReco-v2/260727_192557/0000/mmgTree_15.root
=== Files from job 150:
1) PFN: root://cms-xrd-global.cern.ch//store/user/charlesf/ParkingDoubleMuonLowMass7/crab_muMuGamma_24Jul26_ParkingDoubleMuonLowMass7Run2025C-PromptReco-v2/260727_192557/0000/mmgTree_150.root
   LFN: /store/user/charlesf/ParkingDoubleMuonLowMass7/crab_muMuGamma_24Jul26_ParkingDoubleMuonLowMass7Run2025C-PromptReco-v2/260727_192557/0000/mmgTree_150.root
=== Files from job 151:
1) PFN: root://cms-xrd-global.cern.ch//store/user/charlesf/ParkingDoubleMuonLowMass7/crab_muMuGamma_24Jul26_ParkingDoubleMuonLowMass7Run2025C-PromptReco-v2/260727_192557/0000/mmgTree_151.root
   LFN: /store/user/charlesf/ParkingDoubleMuonLowMass7/crab_muMuGamma_24Jul26_ParkingDoubleMuonLowMass7Run2025C-PromptReco-v2/260727_192557/0000/mmgTree_151.root
=== Files from job 152:
1) PFN: root://cms-xrd-global.cern.ch//store/user/charlesf/ParkingDoubleMuonLowMass7/crab_muMuGamma_24Jul26_ParkingDoubleMuonLowMass7Run2025C-PromptReco-v2/260727_192557/0000/mmgTree_152.root
   LFN: /store/user/charlesf/ParkingDoubleMuonLowMass7/crab_muMuGamma_24Jul26_ParkingDoubleMuonLowMass7Run2025C-PromptReco-v2/260727_192557/0000/mmgTree_152.root
=== Files from job 153:
1) PFN: root://cms-xrd-global.cern.ch//store/user/charlesf/ParkingDoubleMuonLowMass7/crab_muMuGamma_24Jul26_ParkingDoubleMuonLowMass7Run2025C-PromptReco-v2/260727_192557/0000/mmgTree_153.root
   LFN: /store/user/charlesf/ParkingDoubleMuonLowMass7/crab_muMuGamma_24Jul26_ParkingDoubleMuonLowMass7Run2025C-PromptReco-v2/260727_192557/0000/mmgTree_153.root
=== Files from job 154:
1) PFN: root://cms-xrd-global.cern.ch//store/user/charlesf/ParkingDoubleMuonLowMass7/crab_muMuGamma_24Jul26_ParkingDoubleMuonLowMass7Run2025C-PromptReco-v2/260727_192557/0000/mmgTree_154.root
   LFN: /store/user/charlesf/ParkingDoubleMuonLowMass7/crab_muMuGamma_24Jul26_ParkingDoubleMuonLowMass7Run2025C-PromptReco-v2/260727_192557/0000/mmgTree_154.root
=== Files from job 155:
1) PFN: root://cms-xrd-global.cern.ch//store/user/charlesf/ParkingDoubleMuonLowMass7/crab_muMuGamma_24Jul26_ParkingDoubleMuonLowMass7Run2025C-PromptReco-v2/260727_192557/0000/mmgTree_155.root
   LFN: /store/user/charlesf/ParkingDoubleMuonLowMass7/crab_muMuGamma_24Jul26_ParkingDoubleMuonLowMass7Run2025C-PromptReco-v2/260727_192557/0000/mmgTree_155.root
=== Files from job 156:
1) PFN: root://cms-xrd-global.cern.ch//store/user/charlesf/ParkingDoubleMuonLowMass7/crab_muMuGamma_24Jul26_ParkingDoubleMuonLowMass7Run2025C-PromptReco-v2/260727_192557/0000/mmgTree_156.root
   LFN: /store/user/charlesf/ParkingDoubleMuonLowMass7/crab_muMuGamma_24Jul26_ParkingDoubleMuonLowMass7Run2025C-PromptReco-v2/260727_192557/0000/mmgTree_156.root
=== Files from job 157:
1) PFN: root://cms-xrd-global.cern.ch//store/user/charlesf/ParkingDoubleMuonLowMass7/crab_muMuGamma_24Jul26_ParkingDoubleMuonLowMass7Run2025C-PromptReco-v2/260727_192557/0000/mmgTree_157.root
   LFN: /store/user/charlesf/ParkingDoubleMuonLowMass7/crab_muMuGamma_24Jul26_ParkingDoubleMuonLowMass7Run2025C-PromptReco-v2/260727_192557/0000/mmgTree_157.root
=== Files from job 158:
1) PFN: root://cms-xrd-global.cern.ch//store/user/charlesf/ParkingDoubleMuonLowMass7/crab_muMuGamma_24Jul26_ParkingDoubleMuonLowMass7Run2025C-PromptReco-v2/260727_192557/0000/mmgTree_158.root
   LFN: /store/user/charlesf/ParkingDoubleMuonLowMass7/crab_muMuGamma_24Jul26_ParkingDoubleMuonLowMass7Run2025C-PromptReco-v2/260727_192557/0000/mmgTree_158.root
=== Files from job 159:
1) PFN: root://cms-xrd-global.cern.ch//store/user/charlesf/ParkingDoubleMuonLowMass7/crab_muMuGamma_24Jul26_ParkingDoubleMuonLowMass7Run2025C-PromptReco-v2/260727_192557/0000/mmgTree_159.root
   LFN: /store/user/charlesf/ParkingDoubleMuonLowMass7/crab_muMuGamma_24Jul26_ParkingDoubleMuonLowMass7Run2025C-PromptReco-v2/260727_192557/0000/mmgTree_159.root
=== Files from job 16:
1) PFN: root://cms-xrd-global.cern.ch//store/user/charlesf/ParkingDoubleMuonLowMass7/crab_muMuGamma_24Jul26_ParkingDoubleMuonLowMass7Run2025C-PromptReco-v2/260727_192557/0000/mmgTree_16.root
   LFN: /store/user/charlesf/ParkingDoubleMuonLowMass7/crab_muMuGamma_24Jul26_ParkingDoubleMuonLowMass7Run2025C-PromptReco-v2/260727_192557/0000/mmgTree_16.root
=== Files from job 160:
1) PFN: root://cms-xrd-global.cern.ch//store/user/charlesf/ParkingDoubleMuonLowMass7/crab_muMuGamma_24Jul26_ParkingDoubleMuonLowMass7Run2025C-PromptReco-v2/260727_192557/0000/mmgTree_160.root
   LFN: /store/user/charlesf/ParkingDoubleMuonLowMass7/crab_muMuGamma_24Jul26_ParkingDoubleMuonLowMass7Run2025C-PromptReco-v2/260727_192557/0000/mmgTree_160.root
=== Files from job 161:
1) PFN: root://cms-xrd-global.cern.ch//store/user/charlesf/ParkingDoubleMuonLowMass7/crab_muMuGamma_24Jul26_ParkingDoubleMuonLowMass7Run2025C-PromptReco-v2/260727_192557/0000/mmgTree_161.root
   LFN: /store/user/charlesf/ParkingDoubleMuonLowMass7/crab_muMuGamma_24Jul26_ParkingDoubleMuonLowMass7Run2025C-PromptReco-v2/260727_192557/0000/mmgTree_161.root
=== Files from job 162:
1) PFN: root://cms-xrd-global.cern.ch//store/user/charlesf/ParkingDoubleMuonLowMass7/crab_muMuGamma_24Jul26_ParkingDoubleMuonLowMass7Run2025C-PromptReco-v2/260727_192557/0000/mmgTree_162.root
   LFN: /store/user/charlesf/ParkingDoubleMuonLowMass7/crab_muMuGamma_24Jul26_ParkingDoubleMuonLowMass7Run2025C-PromptReco-v2/260727_192557/0000/mmgTree_162.root
=== Files from job 163:
1) PFN: root://cms-xrd-global.cern.ch//store/user/charlesf/ParkingDoubleMuonLowMass7/crab_muMuGamma_24Jul26_ParkingDoubleMuonLowMass7Run2025C-PromptReco-v2/260727_192557/0000/mmgTree_163.root
   LFN: /store/user/charlesf/ParkingDoubleMuonLowMass7/crab_muMuGamma_24Jul26_ParkingDoubleMuonLowMass7Run2025C-PromptReco-v2/260727_192557/0000/mmgTree_163.root
=== Files from job 164:
1) PFN: root://cms-xrd-global.cern.ch//store/user/charlesf/ParkingDoubleMuonLowMass7/crab_muMuGamma_24Jul26_ParkingDoubleMuonLowMass7Run2025C-PromptReco-v2/260727_192557/0000/mmgTree_164.root
   LFN: /store/user/charlesf/ParkingDoubleMuonLowMass7/crab_muMuGamma_24Jul26_ParkingDoubleMuonLowMass7Run2025C-PromptReco-v2/260727_192557/0000/mmgTree_164.root
=== Files from job 165:
1) PFN: root://cms-xrd-global.cern.ch//store/user/charlesf/ParkingDoubleMuonLowMass7/crab_muMuGamma_24Jul26_ParkingDoubleMuonLowMass7Run2025C-PromptReco-v2/260727_192557/0000/mmgTree_165.root
   LFN: /store/user/charlesf/ParkingDoubleMuonLowMass7/crab_muMuGamma_24Jul26_ParkingDoubleMuonLowMass7Run2025C-PromptReco-v2/260727_192557/0000/mmgTree_165.root
=== Files from job 166:
1) PFN: root://cms-xrd-global.cern.ch//store/user/charlesf/ParkingDoubleMuonLowMass7/crab_muMuGamma_24Jul26_ParkingDoubleMuonLowMass7Run2025C-PromptReco-v2/260727_192557/0000/mmgTree_166.root
   LFN: /store/user/charlesf/ParkingDoubleMuonLowMass7/crab_muMuGamma_24Jul26_ParkingDoubleMuonLowMass7Run2025C-PromptReco-v2/260727_192557/0000/mmgTree_166.root
=== Files from job 167:
1) PFN: root://cms-xrd-global.cern.ch//store/user/charlesf/ParkingDoubleMuonLowMass7/crab_muMuGamma_24Jul26_ParkingDoubleMuonLowMass7Run2025C-PromptReco-v2/260727_192557/0000/mmgTree_167.root
   LFN: /store/user/charlesf/ParkingDoubleMuonLowMass7/crab_muMuGamma_24Jul26_ParkingDoubleMuonLowMass7Run2025C-PromptReco-v2/260727_192557/0000/mmgTree_167.root
=== Files from job 168:
1) PFN: root://cms-xrd-global.cern.ch//store/user/charlesf/ParkingDoubleMuonLowMass7/crab_muMuGamma_24Jul26_ParkingDoubleMuonLowMass7Run2025C-PromptReco-v2/260727_192557/0000/mmgTree_168.root
   LFN: /store/user/charlesf/ParkingDoubleMuonLowMass7/crab_muMuGamma_24Jul26_ParkingDoubleMuonLowMass7Run2025C-PromptReco-v2/260727_192557/0000/mmgTree_168.root
=== Files from job 169:
1) PFN: root://cms-xrd-global.cern.ch//store/user/charlesf/ParkingDoubleMuonLowMass7/crab_muMuGamma_24Jul26_ParkingDoubleMuonLowMass7Run2025C-PromptReco-v2/260727_192557/0000/mmgTree_169.root
   LFN: /store/user/charlesf/ParkingDoubleMuonLowMass7/crab_muMuGamma_24Jul26_ParkingDoubleMuonLowMass7Run2025C-PromptReco-v2/260727_192557/0000/mmgTree_169.root
=== Files from job 17:
1) PFN: root://cms-xrd-global.cern.ch//store/user/charlesf/ParkingDoubleMuonLowMass7/crab_muMuGamma_24Jul26_ParkingDoubleMuonLowMass7Run2025C-PromptReco-v2/260727_192557/0000/mmgTree_17.root
   LFN: /store/user/charlesf/ParkingDoubleMuonLowMass7/crab_muMuGamma_24Jul26_ParkingDoubleMuonLowMass7Run2025C-PromptReco-v2/260727_192557/0000/mmgTree_17.root
=== Files from job 170:
1) PFN: root://cms-xrd-global.cern.ch//store/user/charlesf/ParkingDoubleMuonLowMass7/crab_muMuGamma_24Jul26_ParkingDoubleMuonLowMass7Run2025C-PromptReco-v2/260727_192557/0000/mmgTree_170.root
   LFN: /store/user/charlesf/ParkingDoubleMuonLowMass7/crab_muMuGamma_24Jul26_ParkingDoubleMuonLowMass7Run2025C-PromptReco-v2/260727_192557/0000/mmgTree_170.root
=== Files from job 171:
1) PFN: root://cms-xrd-global.cern.ch//store/user/charlesf/ParkingDoubleMuonLowMass7/crab_muMuGamma_24Jul26_ParkingDoubleMuonLowMass7Run2025C-PromptReco-v2/260727_192557/0000/mmgTree_171.root
   LFN: /store/user/charlesf/ParkingDoubleMuonLowMass7/crab_muMuGamma_24Jul26_ParkingDoubleMuonLowMass7Run2025C-PromptReco-v2/260727_192557/0000/mmgTree_171.root
=== Files from job 172:
1) PFN: root://cms-xrd-global.cern.ch//store/user/charlesf/ParkingDoubleMuonLowMass7/crab_muMuGamma_24Jul26_ParkingDoubleMuonLowMass7Run2025C-PromptReco-v2/260727_192557/0000/mmgTree_172.root
   LFN: /store/user/charlesf/ParkingDoubleMuonLowMass7/crab_muMuGamma_24Jul26_ParkingDoubleMuonLowMass7Run2025C-PromptReco-v2/260727_192557/0000/mmgTree_172.root
=== Files from job 173:
1) PFN: root://cms-xrd-global.cern.ch//store/user/charlesf/ParkingDoubleMuonLowMass7/crab_muMuGamma_24Jul26_ParkingDoubleMuonLowMass7Run2025C-PromptReco-v2/260727_192557/0000/mmgTree_173.root
   LFN: /store/user/charlesf/ParkingDoubleMuonLowMass7/crab_muMuGamma_24Jul26_ParkingDoubleMuonLowMass7Run2025C-PromptReco-v2/260727_192557/0000/mmgTree_173.root
=== Files from job 174:
1) PFN: root://cms-xrd-global.cern.ch//store/user/charlesf/ParkingDoubleMuonLowMass7/crab_muMuGamma_24Jul26_ParkingDoubleMuonLowMass7Run2025C-PromptReco-v2/260727_192557/0000/mmgTree_174.root
   LFN: /store/user/charlesf/ParkingDoubleMuonLowMass7/crab_muMuGamma_24Jul26_ParkingDoubleMuonLowMass7Run2025C-PromptReco-v2/260727_192557/0000/mmgTree_174.root
=== Files from job 175:
1) PFN: root://cms-xrd-global.cern.ch//store/user/charlesf/ParkingDoubleMuonLowMass7/crab_muMuGamma_24Jul26_ParkingDoubleMuonLowMass7Run2025C-PromptReco-v2/260727_192557/0000/mmgTree_175.root
   LFN: /store/user/charlesf/ParkingDoubleMuonLowMass7/crab_muMuGamma_24Jul26_ParkingDoubleMuonLowMass7Run2025C-PromptReco-v2/260727_192557/0000/mmgTree_175.root
=== Files from job 176:
1) PFN: root://cms-xrd-global.cern.ch//store/user/charlesf/ParkingDoubleMuonLowMass7/crab_muMuGamma_24Jul26_ParkingDoubleMuonLowMass7Run2025C-PromptReco-v2/260727_192557/0000/mmgTree_176.root
   LFN: /store/user/charlesf/ParkingDoubleMuonLowMass7/crab_muMuGamma_24Jul26_ParkingDoubleMuonLowMass7Run2025C-PromptReco-v2/260727_192557/0000/mmgTree_176.root
=== Files from job 177:
1) PFN: root://cms-xrd-global.cern.ch//store/user/charlesf/ParkingDoubleMuonLowMass7/crab_muMuGamma_24Jul26_ParkingDoubleMuonLowMass7Run2025C-PromptReco-v2/260727_192557/0000/mmgTree_177.root
   LFN: /store/user/charlesf/ParkingDoubleMuonLowMass7/crab_muMuGamma_24Jul26_ParkingDoubleMuonLowMass7Run2025C-PromptReco-v2/260727_192557/0000/mmgTree_177.root
=== Files from job 178:
1) PFN: root://cms-xrd-global.cern.ch//store/user/charlesf/ParkingDoubleMuonLowMass7/crab_muMuGamma_24Jul26_ParkingDoubleMuonLowMass7Run2025C-PromptReco-v2/260727_192557/0000/mmgTree_178.root
   LFN: /store/user/charlesf/ParkingDoubleMuonLowMass7/crab_muMuGamma_24Jul26_ParkingDoubleMuonLowMass7Run2025C-PromptReco-v2/260727_192557/0000/mmgTree_178.root
=== Files from job 179:
1) PFN: root://cms-xrd-global.cern.ch//store/user/charlesf/ParkingDoubleMuonLowMass7/crab_muMuGamma_24Jul26_ParkingDoubleMuonLowMass7Run2025C-PromptReco-v2/260727_192557/0000/mmgTree_179.root
   LFN: /store/user/charlesf/ParkingDoubleMuonLowMass7/crab_muMuGamma_24Jul26_ParkingDoubleMuonLowMass7Run2025C-PromptReco-v2/260727_192557/0000/mmgTree_179.root
=== Files from job 18:
1) PFN: root://cms-xrd-global.cern.ch//store/user/charlesf/ParkingDoubleMuonLowMass7/crab_muMuGamma_24Jul26_ParkingDoubleMuonLowMass7Run2025C-PromptReco-v2/260727_192557/0000/mmgTree_18.root
   LFN: /store/user/charlesf/ParkingDoubleMuonLowMass7/crab_muMuGamma_24Jul26_ParkingDoubleMuonLowMass7Run2025C-PromptReco-v2/260727_192557/0000/mmgTree_18.root
=== Files from job 180:
1) PFN: root://cms-xrd-global.cern.ch//store/user/charlesf/ParkingDoubleMuonLowMass7/crab_muMuGamma_24Jul26_ParkingDoubleMuonLowMass7Run2025C-PromptReco-v2/260727_192557/0000/mmgTree_180.root
   LFN: /store/user/charlesf/ParkingDoubleMuonLowMass7/crab_muMuGamma_24Jul26_ParkingDoubleMuonLowMass7Run2025C-PromptReco-v2/260727_192557/0000/mmgTree_180.root
=== Files from job 181:
1) PFN: root://cms-xrd-global.cern.ch//store/user/charlesf/ParkingDoubleMuonLowMass7/crab_muMuGamma_24Jul26_ParkingDoubleMuonLowMass7Run2025C-PromptReco-v2/260727_192557/0000/mmgTree_181.root
   LFN: /store/user/charlesf/ParkingDoubleMuonLowMass7/crab_muMuGamma_24Jul26_ParkingDoubleMuonLowMass7Run2025C-PromptReco-v2/260727_192557/0000/mmgTree_181.root
=== Files from job 182:
1) PFN: root://cms-xrd-global.cern.ch//store/user/charlesf/ParkingDoubleMuonLowMass7/crab_muMuGamma_24Jul26_ParkingDoubleMuonLowMass7Run2025C-PromptReco-v2/260727_192557/0000/mmgTree_182.root
   LFN: /store/user/charlesf/ParkingDoubleMuonLowMass7/crab_muMuGamma_24Jul26_ParkingDoubleMuonLowMass7Run2025C-PromptReco-v2/260727_192557/0000/mmgTree_182.root
=== Files from job 183:
1) PFN: root://cms-xrd-global.cern.ch//store/user/charlesf/ParkingDoubleMuonLowMass7/crab_muMuGamma_24Jul26_ParkingDoubleMuonLowMass7Run2025C-PromptReco-v2/260727_192557/0000/mmgTree_183.root
   LFN: /store/user/charlesf/ParkingDoubleMuonLowMass7/crab_muMuGamma_24Jul26_ParkingDoubleMuonLowMass7Run2025C-PromptReco-v2/260727_192557/0000/mmgTree_183.root
=== Files from job 184:
1) PFN: root://cms-xrd-global.cern.ch//store/user/charlesf/ParkingDoubleMuonLowMass7/crab_muMuGamma_24Jul26_ParkingDoubleMuonLowMass7Run2025C-PromptReco-v2/260727_192557/0000/mmgTree_184.root
   LFN: /store/user/charlesf/ParkingDoubleMuonLowMass7/crab_muMuGamma_24Jul26_ParkingDoubleMuonLowMass7Run2025C-PromptReco-v2/260727_192557/0000/mmgTree_184.root
=== Files from job 185:
1) PFN: root://cms-xrd-global.cern.ch//store/user/charlesf/ParkingDoubleMuonLowMass7/crab_muMuGamma_24Jul26_ParkingDoubleMuonLowMass7Run2025C-PromptReco-v2/260727_192557/0000/mmgTree_185.root
   LFN: /store/user/charlesf/ParkingDoubleMuonLowMass7/crab_muMuGamma_24Jul26_ParkingDoubleMuonLowMass7Run2025C-PromptReco-v2/260727_192557/0000/mmgTree_185.root
=== Files from job 186:
1) PFN: root://cms-xrd-global.cern.ch//store/user/charlesf/ParkingDoubleMuonLowMass7/crab_muMuGamma_24Jul26_ParkingDoubleMuonLowMass7Run2025C-PromptReco-v2/260727_192557/0000/mmgTree_186.root
   LFN: /store/user/charlesf/ParkingDoubleMuonLowMass7/crab_muMuGamma_24Jul26_ParkingDoubleMuonLowMass7Run2025C-PromptReco-v2/260727_192557/0000/mmgTree_186.root
=== Files from job 187:
1) PFN: root://cms-xrd-global.cern.ch//store/user/charlesf/ParkingDoubleMuonLowMass7/crab_muMuGamma_24Jul26_ParkingDoubleMuonLowMass7Run2025C-PromptReco-v2/260727_192557/0000/mmgTree_187.root
   LFN: /store/user/charlesf/ParkingDoubleMuonLowMass7/crab_muMuGamma_24Jul26_ParkingDoubleMuonLowMass7Run2025C-PromptReco-v2/260727_192557/0000/mmgTree_187.root
=== Files from job 188:
1) PFN: root://cms-xrd-global.cern.ch//store/user/charlesf/ParkingDoubleMuonLowMass7/crab_muMuGamma_24Jul26_ParkingDoubleMuonLowMass7Run2025C-PromptReco-v2/260727_192557/0000/mmgTree_188.root
   LFN: /store/user/charlesf/ParkingDoubleMuonLowMass7/crab_muMuGamma_24Jul26_ParkingDoubleMuonLowMass7Run2025C-PromptReco-v2/260727_192557/0000/mmgTree_188.root
=== Files from job 189:
1) PFN: root://cms-xrd-global.cern.ch//store/user/charlesf/ParkingDoubleMuonLowMass7/crab_muMuGamma_24Jul26_ParkingDoubleMuonLowMass7Run2025C-PromptReco-v2/260727_192557/0000/mmgTree_189.root
   LFN: /store/user/charlesf/ParkingDoubleMuonLowMass7/crab_muMuGamma_24Jul26_ParkingDoubleMuonLowMass7Run2025C-PromptReco-v2/260727_192557/0000/mmgTree_189.root
=== Files from job 19:
1) PFN: root://cms-xrd-global.cern.ch//store/user/charlesf/ParkingDoubleMuonLowMass7/crab_muMuGamma_24Jul26_ParkingDoubleMuonLowMass7Run2025C-PromptReco-v2/260727_192557/0000/mmgTree_19.root
   LFN: /store/user/charlesf/ParkingDoubleMuonLowMass7/crab_muMuGamma_24Jul26_ParkingDoubleMuonLowMass7Run2025C-PromptReco-v2/260727_192557/0000/mmgTree_19.root
=== Files from job 2:
1) PFN: root://cms-xrd-global.cern.ch//store/user/charlesf/ParkingDoubleMuonLowMass7/crab_muMuGamma_24Jul26_ParkingDoubleMuonLowMass7Run2025C-PromptReco-v2/260727_192557/0000/mmgTree_2.root
   LFN: /store/user/charlesf/ParkingDoubleMuonLowMass7/crab_muMuGamma_24Jul26_ParkingDoubleMuonLowMass7Run2025C-PromptReco-v2/260727_192557/0000/mmgTree_2.root
=== Files from job 20:
1) PFN: root://cms-xrd-global.cern.ch//store/user/charlesf/ParkingDoubleMuonLowMass7/crab_muMuGamma_24Jul26_ParkingDoubleMuonLowMass7Run2025C-PromptReco-v2/260727_192557/0000/mmgTree_20.root
   LFN: /store/user/charlesf/ParkingDoubleMuonLowMass7/crab_muMuGamma_24Jul26_ParkingDoubleMuonLowMass7Run2025C-PromptReco-v2/260727_192557/0000/mmgTree_20.root
=== Files from job 21:
1) PFN: root://cms-xrd-global.cern.ch//store/user/charlesf/ParkingDoubleMuonLowMass7/crab_muMuGamma_24Jul26_ParkingDoubleMuonLowMass7Run2025C-PromptReco-v2/260727_192557/0000/mmgTree_21.root
   LFN: /store/user/charlesf/ParkingDoubleMuonLowMass7/crab_muMuGamma_24Jul26_ParkingDoubleMuonLowMass7Run2025C-PromptReco-v2/260727_192557/0000/mmgTree_21.root
=== Files from job 22:
1) PFN: root://cms-xrd-global.cern.ch//store/user/charlesf/ParkingDoubleMuonLowMass7/crab_muMuGamma_24Jul26_ParkingDoubleMuonLowMass7Run2025C-PromptReco-v2/260727_192557/0000/mmgTree_22.root
   LFN: /store/user/charlesf/ParkingDoubleMuonLowMass7/crab_muMuGamma_24Jul26_ParkingDoubleMuonLowMass7Run2025C-PromptReco-v2/260727_192557/0000/mmgTree_22.root
=== Files from job 23:
1) PFN: root://cms-xrd-global.cern.ch//store/user/charlesf/ParkingDoubleMuonLowMass7/crab_muMuGamma_24Jul26_ParkingDoubleMuonLowMass7Run2025C-PromptReco-v2/260727_192557/0000/mmgTree_23.root
   LFN: /store/user/charlesf/ParkingDoubleMuonLowMass7/crab_muMuGamma_24Jul26_ParkingDoubleMuonLowMass7Run2025C-PromptReco-v2/260727_192557/0000/mmgTree_23.root
=== Files from job 24:
1) PFN: root://cms-xrd-global.cern.ch//store/user/charlesf/ParkingDoubleMuonLowMass7/crab_muMuGamma_24Jul26_ParkingDoubleMuonLowMass7Run2025C-PromptReco-v2/260727_192557/0000/mmgTree_24.root
   LFN: /store/user/charlesf/ParkingDoubleMuonLowMass7/crab_muMuGamma_24Jul26_ParkingDoubleMuonLowMass7Run2025C-PromptReco-v2/260727_192557/0000/mmgTree_24.root
=== Files from job 25:
1) PFN: root://cms-xrd-global.cern.ch//store/user/charlesf/ParkingDoubleMuonLowMass7/crab_muMuGamma_24Jul26_ParkingDoubleMuonLowMass7Run2025C-PromptReco-v2/260727_192557/0000/mmgTree_25.root
   LFN: /store/user/charlesf/ParkingDoubleMuonLowMass7/crab_muMuGamma_24Jul26_ParkingDoubleMuonLowMass7Run2025C-PromptReco-v2/260727_192557/0000/mmgTree_25.root
=== Files from job 26:
1) PFN: root://cms-xrd-global.cern.ch//store/user/charlesf/ParkingDoubleMuonLowMass7/crab_muMuGamma_24Jul26_ParkingDoubleMuonLowMass7Run2025C-PromptReco-v2/260727_192557/0000/mmgTree_26.root
   LFN: /store/user/charlesf/ParkingDoubleMuonLowMass7/crab_muMuGamma_24Jul26_ParkingDoubleMuonLowMass7Run2025C-PromptReco-v2/260727_192557/0000/mmgTree_26.root
=== Files from job 27:
1) PFN: root://cms-xrd-global.cern.ch//store/user/charlesf/ParkingDoubleMuonLowMass7/crab_muMuGamma_24Jul26_ParkingDoubleMuonLowMass7Run2025C-PromptReco-v2/260727_192557/0000/mmgTree_27.root
   LFN: /store/user/charlesf/ParkingDoubleMuonLowMass7/crab_muMuGamma_24Jul26_ParkingDoubleMuonLowMass7Run2025C-PromptReco-v2/260727_192557/0000/mmgTree_27.root
=== Files from job 28:
1) PFN: root://cms-xrd-global.cern.ch//store/user/charlesf/ParkingDoubleMuonLowMass7/crab_muMuGamma_24Jul26_ParkingDoubleMuonLowMass7Run2025C-PromptReco-v2/260727_192557/0000/mmgTree_28.root
   LFN: /store/user/charlesf/ParkingDoubleMuonLowMass7/crab_muMuGamma_24Jul26_ParkingDoubleMuonLowMass7Run2025C-PromptReco-v2/260727_192557/0000/mmgTree_28.root
=== Files from job 29:
1) PFN: root://cms-xrd-global.cern.ch//store/user/charlesf/ParkingDoubleMuonLowMass7/crab_muMuGamma_24Jul26_ParkingDoubleMuonLowMass7Run2025C-PromptReco-v2/260727_192557/0000/mmgTree_29.root
   LFN: /store/user/charlesf/ParkingDoubleMuonLowMass7/crab_muMuGamma_24Jul26_ParkingDoubleMuonLowMass7Run2025C-PromptReco-v2/260727_192557/0000/mmgTree_29.root
=== Files from job 3:
1) PFN: root://cms-xrd-global.cern.ch//store/user/charlesf/ParkingDoubleMuonLowMass7/crab_muMuGamma_24Jul26_ParkingDoubleMuonLowMass7Run2025C-PromptReco-v2/260727_192557/0000/mmgTree_3.root
   LFN: /store/user/charlesf/ParkingDoubleMuonLowMass7/crab_muMuGamma_24Jul26_ParkingDoubleMuonLowMass7Run2025C-PromptReco-v2/260727_192557/0000/mmgTree_3.root
=== Files from job 3-1:
1) PFN: root://cms-xrd-global.cern.ch//store/user/charlesf/ParkingDoubleMuonLowMass7/crab_muMuGamma_24Jul26_ParkingDoubleMuonLowMass7Run2025C-PromptReco-v2/260727_192557/0000/mmgTree_3-1.root
   LFN: /store/user/charlesf/ParkingDoubleMuonLowMass7/crab_muMuGamma_24Jul26_ParkingDoubleMuonLowMass7Run2025C-PromptReco-v2/260727_192557/0000/mmgTree_3-1.root
=== Files from job 3-10:
1) PFN: root://cms-xrd-global.cern.ch//store/user/charlesf/ParkingDoubleMuonLowMass7/crab_muMuGamma_24Jul26_ParkingDoubleMuonLowMass7Run2025C-PromptReco-v2/260727_192557/0000/mmgTree_3-10.root
   LFN: /store/user/charlesf/ParkingDoubleMuonLowMass7/crab_muMuGamma_24Jul26_ParkingDoubleMuonLowMass7Run2025C-PromptReco-v2/260727_192557/0000/mmgTree_3-10.root
=== Files from job 3-11:
1) PFN: root://cms-xrd-global.cern.ch//store/user/charlesf/ParkingDoubleMuonLowMass7/crab_muMuGamma_24Jul26_ParkingDoubleMuonLowMass7Run2025C-PromptReco-v2/260727_192557/0000/mmgTree_3-11.root
   LFN: /store/user/charlesf/ParkingDoubleMuonLowMass7/crab_muMuGamma_24Jul26_ParkingDoubleMuonLowMass7Run2025C-PromptReco-v2/260727_192557/0000/mmgTree_3-11.root
=== Files from job 3-12:
1) PFN: root://cms-xrd-global.cern.ch//store/user/charlesf/ParkingDoubleMuonLowMass7/crab_muMuGamma_24Jul26_ParkingDoubleMuonLowMass7Run2025C-PromptReco-v2/260727_192557/0000/mmgTree_3-12.root
   LFN: /store/user/charlesf/ParkingDoubleMuonLowMass7/crab_muMuGamma_24Jul26_ParkingDoubleMuonLowMass7Run2025C-PromptReco-v2/260727_192557/0000/mmgTree_3-12.root
=== Files from job 3-13:
1) PFN: root://cms-xrd-global.cern.ch//store/user/charlesf/ParkingDoubleMuonLowMass7/crab_muMuGamma_24Jul26_ParkingDoubleMuonLowMass7Run2025C-PromptReco-v2/260727_192557/0000/mmgTree_3-13.root
   LFN: /store/user/charlesf/ParkingDoubleMuonLowMass7/crab_muMuGamma_24Jul26_ParkingDoubleMuonLowMass7Run2025C-PromptReco-v2/260727_192557/0000/mmgTree_3-13.root
=== Files from job 3-14:
1) PFN: root://cms-xrd-global.cern.ch//store/user/charlesf/ParkingDoubleMuonLowMass7/crab_muMuGamma_24Jul26_ParkingDoubleMuonLowMass7Run2025C-PromptReco-v2/260727_192557/0000/mmgTree_3-14.root
   LFN: /store/user/charlesf/ParkingDoubleMuonLowMass7/crab_muMuGamma_24Jul26_ParkingDoubleMuonLowMass7Run2025C-PromptReco-v2/260727_192557/0000/mmgTree_3-14.root
=== Files from job 3-15:
1) PFN: root://cms-xrd-global.cern.ch//store/user/charlesf/ParkingDoubleMuonLowMass7/crab_muMuGamma_24Jul26_ParkingDoubleMuonLowMass7Run2025C-PromptReco-v2/260727_192557/0000/mmgTree_3-15.root
   LFN: /store/user/charlesf/ParkingDoubleMuonLowMass7/crab_muMuGamma_24Jul26_ParkingDoubleMuonLowMass7Run2025C-PromptReco-v2/260727_192557/0000/mmgTree_3-15.root
=== Files from job 3-16:
1) PFN: root://cms-xrd-global.cern.ch//store/user/charlesf/ParkingDoubleMuonLowMass7/crab_muMuGamma_24Jul26_ParkingDoubleMuonLowMass7Run2025C-PromptReco-v2/260727_192557/0000/mmgTree_3-16.root
   LFN: /store/user/charlesf/ParkingDoubleMuonLowMass7/crab_muMuGamma_24Jul26_ParkingDoubleMuonLowMass7Run2025C-PromptReco-v2/260727_192557/0000/mmgTree_3-16.root
=== Files from job 3-17:
1) PFN: root://cms-xrd-global.cern.ch//store/user/charlesf/ParkingDoubleMuonLowMass7/crab_muMuGamma_24Jul26_ParkingDoubleMuonLowMass7Run2025C-PromptReco-v2/260727_192557/0000/mmgTree_3-17.root
   LFN: /store/user/charlesf/ParkingDoubleMuonLowMass7/crab_muMuGamma_24Jul26_ParkingDoubleMuonLowMass7Run2025C-PromptReco-v2/260727_192557/0000/mmgTree_3-17.root
=== Files from job 3-18:
1) PFN: root://cms-xrd-global.cern.ch//store/user/charlesf/ParkingDoubleMuonLowMass7/crab_muMuGamma_24Jul26_ParkingDoubleMuonLowMass7Run2025C-PromptReco-v2/260727_192557/0000/mmgTree_3-18.root
   LFN: /store/user/charlesf/ParkingDoubleMuonLowMass7/crab_muMuGamma_24Jul26_ParkingDoubleMuonLowMass7Run2025C-PromptReco-v2/260727_192557/0000/mmgTree_3-18.root
=== Files from job 3-19:
1) PFN: root://cms-xrd-global.cern.ch//store/user/charlesf/ParkingDoubleMuonLowMass7/crab_muMuGamma_24Jul26_ParkingDoubleMuonLowMass7Run2025C-PromptReco-v2/260727_192557/0000/mmgTree_3-19.root
   LFN: /store/user/charlesf/ParkingDoubleMuonLowMass7/crab_muMuGamma_24Jul26_ParkingDoubleMuonLowMass7Run2025C-PromptReco-v2/260727_192557/0000/mmgTree_3-19.root
=== Files from job 3-2:
1) PFN: root://cms-xrd-global.cern.ch//store/user/charlesf/ParkingDoubleMuonLowMass7/crab_muMuGamma_24Jul26_ParkingDoubleMuonLowMass7Run2025C-PromptReco-v2/260727_192557/0000/mmgTree_3-2.root
   LFN: /store/user/charlesf/ParkingDoubleMuonLowMass7/crab_muMuGamma_24Jul26_ParkingDoubleMuonLowMass7Run2025C-PromptReco-v2/260727_192557/0000/mmgTree_3-2.root
=== Files from job 3-20:
1) PFN: root://cms-xrd-global.cern.ch//store/user/charlesf/ParkingDoubleMuonLowMass7/crab_muMuGamma_24Jul26_ParkingDoubleMuonLowMass7Run2025C-PromptReco-v2/260727_192557/0000/mmgTree_3-20.root
   LFN: /store/user/charlesf/ParkingDoubleMuonLowMass7/crab_muMuGamma_24Jul26_ParkingDoubleMuonLowMass7Run2025C-PromptReco-v2/260727_192557/0000/mmgTree_3-20.root
=== Files from job 3-21:
1) PFN: root://cms-xrd-global.cern.ch//store/user/charlesf/ParkingDoubleMuonLowMass7/crab_muMuGamma_24Jul26_ParkingDoubleMuonLowMass7Run2025C-PromptReco-v2/260727_192557/0000/mmgTree_3-21.root
   LFN: /store/user/charlesf/ParkingDoubleMuonLowMass7/crab_muMuGamma_24Jul26_ParkingDoubleMuonLowMass7Run2025C-PromptReco-v2/260727_192557/0000/mmgTree_3-21.root
=== Files from job 3-22:
1) PFN: root://cms-xrd-global.cern.ch//store/user/charlesf/ParkingDoubleMuonLowMass7/crab_muMuGamma_24Jul26_ParkingDoubleMuonLowMass7Run2025C-PromptReco-v2/260727_192557/0000/mmgTree_3-22.root
   LFN: /store/user/charlesf/ParkingDoubleMuonLowMass7/crab_muMuGamma_24Jul26_ParkingDoubleMuonLowMass7Run2025C-PromptReco-v2/260727_192557/0000/mmgTree_3-22.root
=== Files from job 3-23:
1) PFN: root://cms-xrd-global.cern.ch//store/user/charlesf/ParkingDoubleMuonLowMass7/crab_muMuGamma_24Jul26_ParkingDoubleMuonLowMass7Run2025C-PromptReco-v2/260727_192557/0000/mmgTree_3-23.root
   LFN: /store/user/charlesf/ParkingDoubleMuonLowMass7/crab_muMuGamma_24Jul26_ParkingDoubleMuonLowMass7Run2025C-PromptReco-v2/260727_192557/0000/mmgTree_3-23.root
=== Files from job 3-24:
1) PFN: root://cms-xrd-global.cern.ch//store/user/charlesf/ParkingDoubleMuonLowMass7/crab_muMuGamma_24Jul26_ParkingDoubleMuonLowMass7Run2025C-PromptReco-v2/260727_192557/0000/mmgTree_3-24.root
   LFN: /store/user/charlesf/ParkingDoubleMuonLowMass7/crab_muMuGamma_24Jul26_ParkingDoubleMuonLowMass7Run2025C-PromptReco-v2/260727_192557/0000/mmgTree_3-24.root
=== Files from job 3-25:
1) PFN: root://cms-xrd-global.cern.ch//store/user/charlesf/ParkingDoubleMuonLowMass7/crab_muMuGamma_24Jul26_ParkingDoubleMuonLowMass7Run2025C-PromptReco-v2/260727_192557/0000/mmgTree_3-25.root
   LFN: /store/user/charlesf/ParkingDoubleMuonLowMass7/crab_muMuGamma_24Jul26_ParkingDoubleMuonLowMass7Run2025C-PromptReco-v2/260727_192557/0000/mmgTree_3-25.root
=== Files from job 3-26:
1) PFN: root://cms-xrd-global.cern.ch//store/user/charlesf/ParkingDoubleMuonLowMass7/crab_muMuGamma_24Jul26_ParkingDoubleMuonLowMass7Run2025C-PromptReco-v2/260727_192557/0000/mmgTree_3-26.root
   LFN: /store/user/charlesf/ParkingDoubleMuonLowMass7/crab_muMuGamma_24Jul26_ParkingDoubleMuonLowMass7Run2025C-PromptReco-v2/260727_192557/0000/mmgTree_3-26.root
=== Files from job 3-27:
1) PFN: root://cms-xrd-global.cern.ch//store/user/charlesf/ParkingDoubleMuonLowMass7/crab_muMuGamma_24Jul26_ParkingDoubleMuonLowMass7Run2025C-PromptReco-v2/260727_192557/0000/mmgTree_3-27.root
   LFN: /store/user/charlesf/ParkingDoubleMuonLowMass7/crab_muMuGamma_24Jul26_ParkingDoubleMuonLowMass7Run2025C-PromptReco-v2/260727_192557/0000/mmgTree_3-27.root
=== Files from job 3-3:
1) PFN: root://cms-xrd-global.cern.ch//store/user/charlesf/ParkingDoubleMuonLowMass7/crab_muMuGamma_24Jul26_ParkingDoubleMuonLowMass7Run2025C-PromptReco-v2/260727_192557/0000/mmgTree_3-3.root
   LFN: /store/user/charlesf/ParkingDoubleMuonLowMass7/crab_muMuGamma_24Jul26_ParkingDoubleMuonLowMass7Run2025C-PromptReco-v2/260727_192557/0000/mmgTree_3-3.root
=== Files from job 3-4:
1) PFN: root://cms-xrd-global.cern.ch//store/user/charlesf/ParkingDoubleMuonLowMass7/crab_muMuGamma_24Jul26_ParkingDoubleMuonLowMass7Run2025C-PromptReco-v2/260727_192557/0000/mmgTree_3-4.root
   LFN: /store/user/charlesf/ParkingDoubleMuonLowMass7/crab_muMuGamma_24Jul26_ParkingDoubleMuonLowMass7Run2025C-PromptReco-v2/260727_192557/0000/mmgTree_3-4.root
=== Files from job 3-5:
1) PFN: root://cms-xrd-global.cern.ch//store/user/charlesf/ParkingDoubleMuonLowMass7/crab_muMuGamma_24Jul26_ParkingDoubleMuonLowMass7Run2025C-PromptReco-v2/260727_192557/0000/mmgTree_3-5.root
   LFN: /store/user/charlesf/ParkingDoubleMuonLowMass7/crab_muMuGamma_24Jul26_ParkingDoubleMuonLowMass7Run2025C-PromptReco-v2/260727_192557/0000/mmgTree_3-5.root
=== Files from job 3-6:
1) PFN: root://cms-xrd-global.cern.ch//store/user/charlesf/ParkingDoubleMuonLowMass7/crab_muMuGamma_24Jul26_ParkingDoubleMuonLowMass7Run2025C-PromptReco-v2/260727_192557/0000/mmgTree_3-6.root
   LFN: /store/user/charlesf/ParkingDoubleMuonLowMass7/crab_muMuGamma_24Jul26_ParkingDoubleMuonLowMass7Run2025C-PromptReco-v2/260727_192557/0000/mmgTree_3-6.root
=== Files from job 3-7:
1) PFN: root://cms-xrd-global.cern.ch//store/user/charlesf/ParkingDoubleMuonLowMass7/crab_muMuGamma_24Jul26_ParkingDoubleMuonLowMass7Run2025C-PromptReco-v2/260727_192557/0000/mmgTree_3-7.root
   LFN: /store/user/charlesf/ParkingDoubleMuonLowMass7/crab_muMuGamma_24Jul26_ParkingDoubleMuonLowMass7Run2025C-PromptReco-v2/260727_192557/0000/mmgTree_3-7.root
=== Files from job 3-8:
1) PFN: root://cms-xrd-global.cern.ch//store/user/charlesf/ParkingDoubleMuonLowMass7/crab_muMuGamma_24Jul26_ParkingDoubleMuonLowMass7Run2025C-PromptReco-v2/260727_192557/0000/mmgTree_3-8.root
   LFN: /store/user/charlesf/ParkingDoubleMuonLowMass7/crab_muMuGamma_24Jul26_ParkingDoubleMuonLowMass7Run2025C-PromptReco-v2/260727_192557/0000/mmgTree_3-8.root
=== Files from job 3-9:
1) PFN: root://cms-xrd-global.cern.ch//store/user/charlesf/ParkingDoubleMuonLowMass7/crab_muMuGamma_24Jul26_ParkingDoubleMuonLowMass7Run2025C-PromptReco-v2/260727_192557/0000/mmgTree_3-9.root
   LFN: /store/user/charlesf/ParkingDoubleMuonLowMass7/crab_muMuGamma_24Jul26_ParkingDoubleMuonLowMass7Run2025C-PromptReco-v2/260727_192557/0000/mmgTree_3-9.root
=== Files from job 30:
1) PFN: root://cms-xrd-global.cern.ch//store/user/charlesf/ParkingDoubleMuonLowMass7/crab_muMuGamma_24Jul26_ParkingDoubleMuonLowMass7Run2025C-PromptReco-v2/260727_192557/0000/mmgTree_30.root
   LFN: /store/user/charlesf/ParkingDoubleMuonLowMass7/crab_muMuGamma_24Jul26_ParkingDoubleMuonLowMass7Run2025C-PromptReco-v2/260727_192557/0000/mmgTree_30.root
=== Files from job 31:
1) PFN: root://cms-xrd-global.cern.ch//store/user/charlesf/ParkingDoubleMuonLowMass7/crab_muMuGamma_24Jul26_ParkingDoubleMuonLowMass7Run2025C-PromptReco-v2/260727_192557/0000/mmgTree_31.root
   LFN: /store/user/charlesf/ParkingDoubleMuonLowMass7/crab_muMuGamma_24Jul26_ParkingDoubleMuonLowMass7Run2025C-PromptReco-v2/260727_192557/0000/mmgTree_31.root
=== Files from job 32:
1) PFN: root://cms-xrd-global.cern.ch//store/user/charlesf/ParkingDoubleMuonLowMass7/crab_muMuGamma_24Jul26_ParkingDoubleMuonLowMass7Run2025C-PromptReco-v2/260727_192557/0000/mmgTree_32.root
   LFN: /store/user/charlesf/ParkingDoubleMuonLowMass7/crab_muMuGamma_24Jul26_ParkingDoubleMuonLowMass7Run2025C-PromptReco-v2/260727_192557/0000/mmgTree_32.root
=== Files from job 33:
1) PFN: root://cms-xrd-global.cern.ch//store/user/charlesf/ParkingDoubleMuonLowMass7/crab_muMuGamma_24Jul26_ParkingDoubleMuonLowMass7Run2025C-PromptReco-v2/260727_192557/0000/mmgTree_33.root
   LFN: /store/user/charlesf/ParkingDoubleMuonLowMass7/crab_muMuGamma_24Jul26_ParkingDoubleMuonLowMass7Run2025C-PromptReco-v2/260727_192557/0000/mmgTree_33.root
=== Files from job 34:
1) PFN: root://cms-xrd-global.cern.ch//store/user/charlesf/ParkingDoubleMuonLowMass7/crab_muMuGamma_24Jul26_ParkingDoubleMuonLowMass7Run2025C-PromptReco-v2/260727_192557/0000/mmgTree_34.root
   LFN: /store/user/charlesf/ParkingDoubleMuonLowMass7/crab_muMuGamma_24Jul26_ParkingDoubleMuonLowMass7Run2025C-PromptReco-v2/260727_192557/0000/mmgTree_34.root
=== Files from job 35:
1) PFN: root://cms-xrd-global.cern.ch//store/user/charlesf/ParkingDoubleMuonLowMass7/crab_muMuGamma_24Jul26_ParkingDoubleMuonLowMass7Run2025C-PromptReco-v2/260727_192557/0000/mmgTree_35.root
   LFN: /store/user/charlesf/ParkingDoubleMuonLowMass7/crab_muMuGamma_24Jul26_ParkingDoubleMuonLowMass7Run2025C-PromptReco-v2/260727_192557/0000/mmgTree_35.root
=== Files from job 36:
1) PFN: root://cms-xrd-global.cern.ch//store/user/charlesf/ParkingDoubleMuonLowMass7/crab_muMuGamma_24Jul26_ParkingDoubleMuonLowMass7Run2025C-PromptReco-v2/260727_192557/0000/mmgTree_36.root
   LFN: /store/user/charlesf/ParkingDoubleMuonLowMass7/crab_muMuGamma_24Jul26_ParkingDoubleMuonLowMass7Run2025C-PromptReco-v2/260727_192557/0000/mmgTree_36.root
=== Files from job 37:
1) PFN: root://cms-xrd-global.cern.ch//store/user/charlesf/ParkingDoubleMuonLowMass7/crab_muMuGamma_24Jul26_ParkingDoubleMuonLowMass7Run2025C-PromptReco-v2/260727_192557/0000/mmgTree_37.root
   LFN: /store/user/charlesf/ParkingDoubleMuonLowMass7/crab_muMuGamma_24Jul26_ParkingDoubleMuonLowMass7Run2025C-PromptReco-v2/260727_192557/0000/mmgTree_37.root
=== Files from job 38:
1) PFN: root://cms-xrd-global.cern.ch//store/user/charlesf/ParkingDoubleMuonLowMass7/crab_muMuGamma_24Jul26_ParkingDoubleMuonLowMass7Run2025C-PromptReco-v2/260727_192557/0000/mmgTree_38.root
   LFN: /store/user/charlesf/ParkingDoubleMuonLowMass7/crab_muMuGamma_24Jul26_ParkingDoubleMuonLowMass7Run2025C-PromptReco-v2/260727_192557/0000/mmgTree_38.root
=== Files from job 39:
1) PFN: root://cms-xrd-global.cern.ch//store/user/charlesf/ParkingDoubleMuonLowMass7/crab_muMuGamma_24Jul26_ParkingDoubleMuonLowMass7Run2025C-PromptReco-v2/260727_192557/0000/mmgTree_39.root
   LFN: /store/user/charlesf/ParkingDoubleMuonLowMass7/crab_muMuGamma_24Jul26_ParkingDoubleMuonLowMass7Run2025C-PromptReco-v2/260727_192557/0000/mmgTree_39.root
=== Files from job 4:
1) PFN: root://cms-xrd-global.cern.ch//store/user/charlesf/ParkingDoubleMuonLowMass7/crab_muMuGamma_24Jul26_ParkingDoubleMuonLowMass7Run2025C-PromptReco-v2/260727_192557/0000/mmgTree_4.root
   LFN: /store/user/charlesf/ParkingDoubleMuonLowMass7/crab_muMuGamma_24Jul26_ParkingDoubleMuonLowMass7Run2025C-PromptReco-v2/260727_192557/0000/mmgTree_4.root
=== Files from job 40:
1) PFN: root://cms-xrd-global.cern.ch//store/user/charlesf/ParkingDoubleMuonLowMass7/crab_muMuGamma_24Jul26_ParkingDoubleMuonLowMass7Run2025C-PromptReco-v2/260727_192557/0000/mmgTree_40.root
   LFN: /store/user/charlesf/ParkingDoubleMuonLowMass7/crab_muMuGamma_24Jul26_ParkingDoubleMuonLowMass7Run2025C-PromptReco-v2/260727_192557/0000/mmgTree_40.root
=== Files from job 41:
1) PFN: root://cms-xrd-global.cern.ch//store/user/charlesf/ParkingDoubleMuonLowMass7/crab_muMuGamma_24Jul26_ParkingDoubleMuonLowMass7Run2025C-PromptReco-v2/260727_192557/0000/mmgTree_41.root
   LFN: /store/user/charlesf/ParkingDoubleMuonLowMass7/crab_muMuGamma_24Jul26_ParkingDoubleMuonLowMass7Run2025C-PromptReco-v2/260727_192557/0000/mmgTree_41.root
=== Files from job 42:
1) PFN: root://cms-xrd-global.cern.ch//store/user/charlesf/ParkingDoubleMuonLowMass7/crab_muMuGamma_24Jul26_ParkingDoubleMuonLowMass7Run2025C-PromptReco-v2/260727_192557/0000/mmgTree_42.root
   LFN: /store/user/charlesf/ParkingDoubleMuonLowMass7/crab_muMuGamma_24Jul26_ParkingDoubleMuonLowMass7Run2025C-PromptReco-v2/260727_192557/0000/mmgTree_42.root
=== Files from job 43:
1) PFN: root://cms-xrd-global.cern.ch//store/user/charlesf/ParkingDoubleMuonLowMass7/crab_muMuGamma_24Jul26_ParkingDoubleMuonLowMass7Run2025C-PromptReco-v2/260727_192557/0000/mmgTree_43.root
   LFN: /store/user/charlesf/ParkingDoubleMuonLowMass7/crab_muMuGamma_24Jul26_ParkingDoubleMuonLowMass7Run2025C-PromptReco-v2/260727_192557/0000/mmgTree_43.root
=== Files from job 44:
1) PFN: root://cms-xrd-global.cern.ch//store/user/charlesf/ParkingDoubleMuonLowMass7/crab_muMuGamma_24Jul26_ParkingDoubleMuonLowMass7Run2025C-PromptReco-v2/260727_192557/0000/mmgTree_44.root
   LFN: /store/user/charlesf/ParkingDoubleMuonLowMass7/crab_muMuGamma_24Jul26_ParkingDoubleMuonLowMass7Run2025C-PromptReco-v2/260727_192557/0000/mmgTree_44.root
=== Files from job 45:
1) PFN: root://cms-xrd-global.cern.ch//store/user/charlesf/ParkingDoubleMuonLowMass7/crab_muMuGamma_24Jul26_ParkingDoubleMuonLowMass7Run2025C-PromptReco-v2/260727_192557/0000/mmgTree_45.root
   LFN: /store/user/charlesf/ParkingDoubleMuonLowMass7/crab_muMuGamma_24Jul26_ParkingDoubleMuonLowMass7Run2025C-PromptReco-v2/260727_192557/0000/mmgTree_45.root
=== Files from job 46:
1) PFN: root://cms-xrd-global.cern.ch//store/user/charlesf/ParkingDoubleMuonLowMass7/crab_muMuGamma_24Jul26_ParkingDoubleMuonLowMass7Run2025C-PromptReco-v2/260727_192557/0000/mmgTree_46.root
   LFN: /store/user/charlesf/ParkingDoubleMuonLowMass7/crab_muMuGamma_24Jul26_ParkingDoubleMuonLowMass7Run2025C-PromptReco-v2/260727_192557/0000/mmgTree_46.root
=== Files from job 47:
1) PFN: root://cms-xrd-global.cern.ch//store/user/charlesf/ParkingDoubleMuonLowMass7/crab_muMuGamma_24Jul26_ParkingDoubleMuonLowMass7Run2025C-PromptReco-v2/260727_192557/0000/mmgTree_47.root
   LFN: /store/user/charlesf/ParkingDoubleMuonLowMass7/crab_muMuGamma_24Jul26_ParkingDoubleMuonLowMass7Run2025C-PromptReco-v2/260727_192557/0000/mmgTree_47.root
=== Files from job 48:
1) PFN: root://cms-xrd-global.cern.ch//store/user/charlesf/ParkingDoubleMuonLowMass7/crab_muMuGamma_24Jul26_ParkingDoubleMuonLowMass7Run2025C-PromptReco-v2/260727_192557/0000/mmgTree_48.root
   LFN: /store/user/charlesf/ParkingDoubleMuonLowMass7/crab_muMuGamma_24Jul26_ParkingDoubleMuonLowMass7Run2025C-PromptReco-v2/260727_192557/0000/mmgTree_48.root
=== Files from job 49:
1) PFN: root://cms-xrd-global.cern.ch//store/user/charlesf/ParkingDoubleMuonLowMass7/crab_muMuGamma_24Jul26_ParkingDoubleMuonLowMass7Run2025C-PromptReco-v2/260727_192557/0000/mmgTree_49.root
   LFN: /store/user/charlesf/ParkingDoubleMuonLowMass7/crab_muMuGamma_24Jul26_ParkingDoubleMuonLowMass7Run2025C-PromptReco-v2/260727_192557/0000/mmgTree_49.root
=== Files from job 5:
1) PFN: root://cms-xrd-global.cern.ch//store/user/charlesf/ParkingDoubleMuonLowMass7/crab_muMuGamma_24Jul26_ParkingDoubleMuonLowMass7Run2025C-PromptReco-v2/260727_192557/0000/mmgTree_5.root
   LFN: /store/user/charlesf/ParkingDoubleMuonLowMass7/crab_muMuGamma_24Jul26_ParkingDoubleMuonLowMass7Run2025C-PromptReco-v2/260727_192557/0000/mmgTree_5.root
=== Files from job 50:
1) PFN: root://cms-xrd-global.cern.ch//store/user/charlesf/ParkingDoubleMuonLowMass7/crab_muMuGamma_24Jul26_ParkingDoubleMuonLowMass7Run2025C-PromptReco-v2/260727_192557/0000/mmgTree_50.root
   LFN: /store/user/charlesf/ParkingDoubleMuonLowMass7/crab_muMuGamma_24Jul26_ParkingDoubleMuonLowMass7Run2025C-PromptReco-v2/260727_192557/0000/mmgTree_50.root
=== Files from job 51:
1) PFN: root://cms-xrd-global.cern.ch//store/user/charlesf/ParkingDoubleMuonLowMass7/crab_muMuGamma_24Jul26_ParkingDoubleMuonLowMass7Run2025C-PromptReco-v2/260727_192557/0000/mmgTree_51.root
   LFN: /store/user/charlesf/ParkingDoubleMuonLowMass7/crab_muMuGamma_24Jul26_ParkingDoubleMuonLowMass7Run2025C-PromptReco-v2/260727_192557/0000/mmgTree_51.root
=== Files from job 52:
1) PFN: root://cms-xrd-global.cern.ch//store/user/charlesf/ParkingDoubleMuonLowMass7/crab_muMuGamma_24Jul26_ParkingDoubleMuonLowMass7Run2025C-PromptReco-v2/260727_192557/0000/mmgTree_52.root
   LFN: /store/user/charlesf/ParkingDoubleMuonLowMass7/crab_muMuGamma_24Jul26_ParkingDoubleMuonLowMass7Run2025C-PromptReco-v2/260727_192557/0000/mmgTree_52.root
=== Files from job 53:
1) PFN: root://cms-xrd-global.cern.ch//store/user/charlesf/ParkingDoubleMuonLowMass7/crab_muMuGamma_24Jul26_ParkingDoubleMuonLowMass7Run2025C-PromptReco-v2/260727_192557/0000/mmgTree_53.root
   LFN: /store/user/charlesf/ParkingDoubleMuonLowMass7/crab_muMuGamma_24Jul26_ParkingDoubleMuonLowMass7Run2025C-PromptReco-v2/260727_192557/0000/mmgTree_53.root
=== Files from job 54:
1) PFN: root://cms-xrd-global.cern.ch//store/user/charlesf/ParkingDoubleMuonLowMass7/crab_muMuGamma_24Jul26_ParkingDoubleMuonLowMass7Run2025C-PromptReco-v2/260727_192557/0000/mmgTree_54.root
   LFN: /store/user/charlesf/ParkingDoubleMuonLowMass7/crab_muMuGamma_24Jul26_ParkingDoubleMuonLowMass7Run2025C-PromptReco-v2/260727_192557/0000/mmgTree_54.root
=== Files from job 55:
1) PFN: root://cms-xrd-global.cern.ch//store/user/charlesf/ParkingDoubleMuonLowMass7/crab_muMuGamma_24Jul26_ParkingDoubleMuonLowMass7Run2025C-PromptReco-v2/260727_192557/0000/mmgTree_55.root
   LFN: /store/user/charlesf/ParkingDoubleMuonLowMass7/crab_muMuGamma_24Jul26_ParkingDoubleMuonLowMass7Run2025C-PromptReco-v2/260727_192557/0000/mmgTree_55.root
=== Files from job 56:
1) PFN: root://cms-xrd-global.cern.ch//store/user/charlesf/ParkingDoubleMuonLowMass7/crab_muMuGamma_24Jul26_ParkingDoubleMuonLowMass7Run2025C-PromptReco-v2/260727_192557/0000/mmgTree_56.root
   LFN: /store/user/charlesf/ParkingDoubleMuonLowMass7/crab_muMuGamma_24Jul26_ParkingDoubleMuonLowMass7Run2025C-PromptReco-v2/260727_192557/0000/mmgTree_56.root
=== Files from job 57:
1) PFN: root://cms-xrd-global.cern.ch//store/user/charlesf/ParkingDoubleMuonLowMass7/crab_muMuGamma_24Jul26_ParkingDoubleMuonLowMass7Run2025C-PromptReco-v2/260727_192557/0000/mmgTree_57.root
   LFN: /store/user/charlesf/ParkingDoubleMuonLowMass7/crab_muMuGamma_24Jul26_ParkingDoubleMuonLowMass7Run2025C-PromptReco-v2/260727_192557/0000/mmgTree_57.root
=== Files from job 58:
1) PFN: root://cms-xrd-global.cern.ch//store/user/charlesf/ParkingDoubleMuonLowMass7/crab_muMuGamma_24Jul26_ParkingDoubleMuonLowMass7Run2025C-PromptReco-v2/260727_192557/0000/mmgTree_58.root
   LFN: /store/user/charlesf/ParkingDoubleMuonLowMass7/crab_muMuGamma_24Jul26_ParkingDoubleMuonLowMass7Run2025C-PromptReco-v2/260727_192557/0000/mmgTree_58.root
=== Files from job 59:
1) PFN: root://cms-xrd-global.cern.ch//store/user/charlesf/ParkingDoubleMuonLowMass7/crab_muMuGamma_24Jul26_ParkingDoubleMuonLowMass7Run2025C-PromptReco-v2/260727_192557/0000/mmgTree_59.root
   LFN: /store/user/charlesf/ParkingDoubleMuonLowMass7/crab_muMuGamma_24Jul26_ParkingDoubleMuonLowMass7Run2025C-PromptReco-v2/260727_192557/0000/mmgTree_59.root
=== Files from job 6:
1) PFN: root://cms-xrd-global.cern.ch//store/user/charlesf/ParkingDoubleMuonLowMass7/crab_muMuGamma_24Jul26_ParkingDoubleMuonLowMass7Run2025C-PromptReco-v2/260727_192557/0000/mmgTree_6.root
   LFN: /store/user/charlesf/ParkingDoubleMuonLowMass7/crab_muMuGamma_24Jul26_ParkingDoubleMuonLowMass7Run2025C-PromptReco-v2/260727_192557/0000/mmgTree_6.root
=== Files from job 60:
1) PFN: root://cms-xrd-global.cern.ch//store/user/charlesf/ParkingDoubleMuonLowMass7/crab_muMuGamma_24Jul26_ParkingDoubleMuonLowMass7Run2025C-PromptReco-v2/260727_192557/0000/mmgTree_60.root
   LFN: /store/user/charlesf/ParkingDoubleMuonLowMass7/crab_muMuGamma_24Jul26_ParkingDoubleMuonLowMass7Run2025C-PromptReco-v2/260727_192557/0000/mmgTree_60.root
=== Files from job 61:
1) PFN: root://cms-xrd-global.cern.ch//store/user/charlesf/ParkingDoubleMuonLowMass7/crab_muMuGamma_24Jul26_ParkingDoubleMuonLowMass7Run2025C-PromptReco-v2/260727_192557/0000/mmgTree_61.root
   LFN: /store/user/charlesf/ParkingDoubleMuonLowMass7/crab_muMuGamma_24Jul26_ParkingDoubleMuonLowMass7Run2025C-PromptReco-v2/260727_192557/0000/mmgTree_61.root
=== Files from job 62:
1) PFN: root://cms-xrd-global.cern.ch//store/user/charlesf/ParkingDoubleMuonLowMass7/crab_muMuGamma_24Jul26_ParkingDoubleMuonLowMass7Run2025C-PromptReco-v2/260727_192557/0000/mmgTree_62.root
   LFN: /store/user/charlesf/ParkingDoubleMuonLowMass7/crab_muMuGamma_24Jul26_ParkingDoubleMuonLowMass7Run2025C-PromptReco-v2/260727_192557/0000/mmgTree_62.root
=== Files from job 63:
1) PFN: root://cms-xrd-global.cern.ch//store/user/charlesf/ParkingDoubleMuonLowMass7/crab_muMuGamma_24Jul26_ParkingDoubleMuonLowMass7Run2025C-PromptReco-v2/260727_192557/0000/mmgTree_63.root
   LFN: /store/user/charlesf/ParkingDoubleMuonLowMass7/crab_muMuGamma_24Jul26_ParkingDoubleMuonLowMass7Run2025C-PromptReco-v2/260727_192557/0000/mmgTree_63.root
=== Files from job 64:
1) PFN: root://cms-xrd-global.cern.ch//store/user/charlesf/ParkingDoubleMuonLowMass7/crab_muMuGamma_24Jul26_ParkingDoubleMuonLowMass7Run2025C-PromptReco-v2/260727_192557/0000/mmgTree_64.root
   LFN: /store/user/charlesf/ParkingDoubleMuonLowMass7/crab_muMuGamma_24Jul26_ParkingDoubleMuonLowMass7Run2025C-PromptReco-v2/260727_192557/0000/mmgTree_64.root
=== Files from job 65:
1) PFN: root://cms-xrd-global.cern.ch//store/user/charlesf/ParkingDoubleMuonLowMass7/crab_muMuGamma_24Jul26_ParkingDoubleMuonLowMass7Run2025C-PromptReco-v2/260727_192557/0000/mmgTree_65.root
   LFN: /store/user/charlesf/ParkingDoubleMuonLowMass7/crab_muMuGamma_24Jul26_ParkingDoubleMuonLowMass7Run2025C-PromptReco-v2/260727_192557/0000/mmgTree_65.root
=== Files from job 66:
1) PFN: root://cms-xrd-global.cern.ch//store/user/charlesf/ParkingDoubleMuonLowMass7/crab_muMuGamma_24Jul26_ParkingDoubleMuonLowMass7Run2025C-PromptReco-v2/260727_192557/0000/mmgTree_66.root
   LFN: /store/user/charlesf/ParkingDoubleMuonLowMass7/crab_muMuGamma_24Jul26_ParkingDoubleMuonLowMass7Run2025C-PromptReco-v2/260727_192557/0000/mmgTree_66.root
=== Files from job 67:
1) PFN: root://cms-xrd-global.cern.ch//store/user/charlesf/ParkingDoubleMuonLowMass7/crab_muMuGamma_24Jul26_ParkingDoubleMuonLowMass7Run2025C-PromptReco-v2/260727_192557/0000/mmgTree_67.root
   LFN: /store/user/charlesf/ParkingDoubleMuonLowMass7/crab_muMuGamma_24Jul26_ParkingDoubleMuonLowMass7Run2025C-PromptReco-v2/260727_192557/0000/mmgTree_67.root
=== Files from job 68:
1) PFN: root://cms-xrd-global.cern.ch//store/user/charlesf/ParkingDoubleMuonLowMass7/crab_muMuGamma_24Jul26_ParkingDoubleMuonLowMass7Run2025C-PromptReco-v2/260727_192557/0000/mmgTree_68.root
   LFN: /store/user/charlesf/ParkingDoubleMuonLowMass7/crab_muMuGamma_24Jul26_ParkingDoubleMuonLowMass7Run2025C-PromptReco-v2/260727_192557/0000/mmgTree_68.root
=== Files from job 69:
1) PFN: root://cms-xrd-global.cern.ch//store/user/charlesf/ParkingDoubleMuonLowMass7/crab_muMuGamma_24Jul26_ParkingDoubleMuonLowMass7Run2025C-PromptReco-v2/260727_192557/0000/mmgTree_69.root
   LFN: /store/user/charlesf/ParkingDoubleMuonLowMass7/crab_muMuGamma_24Jul26_ParkingDoubleMuonLowMass7Run2025C-PromptReco-v2/260727_192557/0000/mmgTree_69.root
=== Files from job 7:
1) PFN: root://cms-xrd-global.cern.ch//store/user/charlesf/ParkingDoubleMuonLowMass7/crab_muMuGamma_24Jul26_ParkingDoubleMuonLowMass7Run2025C-PromptReco-v2/260727_192557/0000/mmgTree_7.root
   LFN: /store/user/charlesf/ParkingDoubleMuonLowMass7/crab_muMuGamma_24Jul26_ParkingDoubleMuonLowMass7Run2025C-PromptReco-v2/260727_192557/0000/mmgTree_7.root
=== Files from job 70:
1) PFN: root://cms-xrd-global.cern.ch//store/user/charlesf/ParkingDoubleMuonLowMass7/crab_muMuGamma_24Jul26_ParkingDoubleMuonLowMass7Run2025C-PromptReco-v2/260727_192557/0000/mmgTree_70.root
   LFN: /store/user/charlesf/ParkingDoubleMuonLowMass7/crab_muMuGamma_24Jul26_ParkingDoubleMuonLowMass7Run2025C-PromptReco-v2/260727_192557/0000/mmgTree_70.root
=== Files from job 71:
1) PFN: root://cms-xrd-global.cern.ch//store/user/charlesf/ParkingDoubleMuonLowMass7/crab_muMuGamma_24Jul26_ParkingDoubleMuonLowMass7Run2025C-PromptReco-v2/260727_192557/0000/mmgTree_71.root
   LFN: /store/user/charlesf/ParkingDoubleMuonLowMass7/crab_muMuGamma_24Jul26_ParkingDoubleMuonLowMass7Run2025C-PromptReco-v2/260727_192557/0000/mmgTree_71.root
=== Files from job 72:
1) PFN: root://cms-xrd-global.cern.ch//store/user/charlesf/ParkingDoubleMuonLowMass7/crab_muMuGamma_24Jul26_ParkingDoubleMuonLowMass7Run2025C-PromptReco-v2/260727_192557/0000/mmgTree_72.root
   LFN: /store/user/charlesf/ParkingDoubleMuonLowMass7/crab_muMuGamma_24Jul26_ParkingDoubleMuonLowMass7Run2025C-PromptReco-v2/260727_192557/0000/mmgTree_72.root
=== Files from job 73:
1) PFN: root://cms-xrd-global.cern.ch//store/user/charlesf/ParkingDoubleMuonLowMass7/crab_muMuGamma_24Jul26_ParkingDoubleMuonLowMass7Run2025C-PromptReco-v2/260727_192557/0000/mmgTree_73.root
   LFN: /store/user/charlesf/ParkingDoubleMuonLowMass7/crab_muMuGamma_24Jul26_ParkingDoubleMuonLowMass7Run2025C-PromptReco-v2/260727_192557/0000/mmgTree_73.root
=== Files from job 74:
1) PFN: root://cms-xrd-global.cern.ch//store/user/charlesf/ParkingDoubleMuonLowMass7/crab_muMuGamma_24Jul26_ParkingDoubleMuonLowMass7Run2025C-PromptReco-v2/260727_192557/0000/mmgTree_74.root
   LFN: /store/user/charlesf/ParkingDoubleMuonLowMass7/crab_muMuGamma_24Jul26_ParkingDoubleMuonLowMass7Run2025C-PromptReco-v2/260727_192557/0000/mmgTree_74.root
=== Files from job 75:
1) PFN: root://cms-xrd-global.cern.ch//store/user/charlesf/ParkingDoubleMuonLowMass7/crab_muMuGamma_24Jul26_ParkingDoubleMuonLowMass7Run2025C-PromptReco-v2/260727_192557/0000/mmgTree_75.root
   LFN: /store/user/charlesf/ParkingDoubleMuonLowMass7/crab_muMuGamma_24Jul26_ParkingDoubleMuonLowMass7Run2025C-PromptReco-v2/260727_192557/0000/mmgTree_75.root
=== Files from job 76:
1) PFN: root://cms-xrd-global.cern.ch//store/user/charlesf/ParkingDoubleMuonLowMass7/crab_muMuGamma_24Jul26_ParkingDoubleMuonLowMass7Run2025C-PromptReco-v2/260727_192557/0000/mmgTree_76.root
   LFN: /store/user/charlesf/ParkingDoubleMuonLowMass7/crab_muMuGamma_24Jul26_ParkingDoubleMuonLowMass7Run2025C-PromptReco-v2/260727_192557/0000/mmgTree_76.root
=== Files from job 77:
1) PFN: root://cms-xrd-global.cern.ch//store/user/charlesf/ParkingDoubleMuonLowMass7/crab_muMuGamma_24Jul26_ParkingDoubleMuonLowMass7Run2025C-PromptReco-v2/260727_192557/0000/mmgTree_77.root
   LFN: /store/user/charlesf/ParkingDoubleMuonLowMass7/crab_muMuGamma_24Jul26_ParkingDoubleMuonLowMass7Run2025C-PromptReco-v2/260727_192557/0000/mmgTree_77.root
=== Files from job 78:
1) PFN: root://cms-xrd-global.cern.ch//store/user/charlesf/ParkingDoubleMuonLowMass7/crab_muMuGamma_24Jul26_ParkingDoubleMuonLowMass7Run2025C-PromptReco-v2/260727_192557/0000/mmgTree_78.root
   LFN: /store/user/charlesf/ParkingDoubleMuonLowMass7/crab_muMuGamma_24Jul26_ParkingDoubleMuonLowMass7Run2025C-PromptReco-v2/260727_192557/0000/mmgTree_78.root
=== Files from job 79:
1) PFN: root://cms-xrd-global.cern.ch//store/user/charlesf/ParkingDoubleMuonLowMass7/crab_muMuGamma_24Jul26_ParkingDoubleMuonLowMass7Run2025C-PromptReco-v2/260727_192557/0000/mmgTree_79.root
   LFN: /store/user/charlesf/ParkingDoubleMuonLowMass7/crab_muMuGamma_24Jul26_ParkingDoubleMuonLowMass7Run2025C-PromptReco-v2/260727_192557/0000/mmgTree_79.root
=== Files from job 8:
1) PFN: root://cms-xrd-global.cern.ch//store/user/charlesf/ParkingDoubleMuonLowMass7/crab_muMuGamma_24Jul26_ParkingDoubleMuonLowMass7Run2025C-PromptReco-v2/260727_192557/0000/mmgTree_8.root
   LFN: /store/user/charlesf/ParkingDoubleMuonLowMass7/crab_muMuGamma_24Jul26_ParkingDoubleMuonLowMass7Run2025C-PromptReco-v2/260727_192557/0000/mmgTree_8.root
=== Files from job 80:
1) PFN: root://cms-xrd-global.cern.ch//store/user/charlesf/ParkingDoubleMuonLowMass7/crab_muMuGamma_24Jul26_ParkingDoubleMuonLowMass7Run2025C-PromptReco-v2/260727_192557/0000/mmgTree_80.root
   LFN: /store/user/charlesf/ParkingDoubleMuonLowMass7/crab_muMuGamma_24Jul26_ParkingDoubleMuonLowMass7Run2025C-PromptReco-v2/260727_192557/0000/mmgTree_80.root
=== Files from job 81:
1) PFN: root://cms-xrd-global.cern.ch//store/user/charlesf/ParkingDoubleMuonLowMass7/crab_muMuGamma_24Jul26_ParkingDoubleMuonLowMass7Run2025C-PromptReco-v2/260727_192557/0000/mmgTree_81.root
   LFN: /store/user/charlesf/ParkingDoubleMuonLowMass7/crab_muMuGamma_24Jul26_ParkingDoubleMuonLowMass7Run2025C-PromptReco-v2/260727_192557/0000/mmgTree_81.root
=== Files from job 82:
1) PFN: root://cms-xrd-global.cern.ch//store/user/charlesf/ParkingDoubleMuonLowMass7/crab_muMuGamma_24Jul26_ParkingDoubleMuonLowMass7Run2025C-PromptReco-v2/260727_192557/0000/mmgTree_82.root
   LFN: /store/user/charlesf/ParkingDoubleMuonLowMass7/crab_muMuGamma_24Jul26_ParkingDoubleMuonLowMass7Run2025C-PromptReco-v2/260727_192557/0000/mmgTree_82.root
=== Files from job 83:
1) PFN: root://cms-xrd-global.cern.ch//store/user/charlesf/ParkingDoubleMuonLowMass7/crab_muMuGamma_24Jul26_ParkingDoubleMuonLowMass7Run2025C-PromptReco-v2/260727_192557/0000/mmgTree_83.root
   LFN: /store/user/charlesf/ParkingDoubleMuonLowMass7/crab_muMuGamma_24Jul26_ParkingDoubleMuonLowMass7Run2025C-PromptReco-v2/260727_192557/0000/mmgTree_83.root
=== Files from job 84:
1) PFN: root://cms-xrd-global.cern.ch//store/user/charlesf/ParkingDoubleMuonLowMass7/crab_muMuGamma_24Jul26_ParkingDoubleMuonLowMass7Run2025C-PromptReco-v2/260727_192557/0000/mmgTree_84.root
   LFN: /store/user/charlesf/ParkingDoubleMuonLowMass7/crab_muMuGamma_24Jul26_ParkingDoubleMuonLowMass7Run2025C-PromptReco-v2/260727_192557/0000/mmgTree_84.root
=== Files from job 85:
1) PFN: root://cms-xrd-global.cern.ch//store/user/charlesf/ParkingDoubleMuonLowMass7/crab_muMuGamma_24Jul26_ParkingDoubleMuonLowMass7Run2025C-PromptReco-v2/260727_192557/0000/mmgTree_85.root
   LFN: /store/user/charlesf/ParkingDoubleMuonLowMass7/crab_muMuGamma_24Jul26_ParkingDoubleMuonLowMass7Run2025C-PromptReco-v2/260727_192557/0000/mmgTree_85.root
=== Files from job 86:
1) PFN: root://cms-xrd-global.cern.ch//store/user/charlesf/ParkingDoubleMuonLowMass7/crab_muMuGamma_24Jul26_ParkingDoubleMuonLowMass7Run2025C-PromptReco-v2/260727_192557/0000/mmgTree_86.root
   LFN: /store/user/charlesf/ParkingDoubleMuonLowMass7/crab_muMuGamma_24Jul26_ParkingDoubleMuonLowMass7Run2025C-PromptReco-v2/260727_192557/0000/mmgTree_86.root
=== Files from job 87:
1) PFN: root://cms-xrd-global.cern.ch//store/user/charlesf/ParkingDoubleMuonLowMass7/crab_muMuGamma_24Jul26_ParkingDoubleMuonLowMass7Run2025C-PromptReco-v2/260727_192557/0000/mmgTree_87.root
   LFN: /store/user/charlesf/ParkingDoubleMuonLowMass7/crab_muMuGamma_24Jul26_ParkingDoubleMuonLowMass7Run2025C-PromptReco-v2/260727_192557/0000/mmgTree_87.root
=== Files from job 88:
1) PFN: root://cms-xrd-global.cern.ch//store/user/charlesf/ParkingDoubleMuonLowMass7/crab_muMuGamma_24Jul26_ParkingDoubleMuonLowMass7Run2025C-PromptReco-v2/260727_192557/0000/mmgTree_88.root
   LFN: /store/user/charlesf/ParkingDoubleMuonLowMass7/crab_muMuGamma_24Jul26_ParkingDoubleMuonLowMass7Run2025C-PromptReco-v2/260727_192557/0000/mmgTree_88.root
=== Files from job 89:
1) PFN: root://cms-xrd-global.cern.ch//store/user/charlesf/ParkingDoubleMuonLowMass7/crab_muMuGamma_24Jul26_ParkingDoubleMuonLowMass7Run2025C-PromptReco-v2/260727_192557/0000/mmgTree_89.root
   LFN: /store/user/charlesf/ParkingDoubleMuonLowMass7/crab_muMuGamma_24Jul26_ParkingDoubleMuonLowMass7Run2025C-PromptReco-v2/260727_192557/0000/mmgTree_89.root
=== Files from job 9:
1) PFN: root://cms-xrd-global.cern.ch//store/user/charlesf/ParkingDoubleMuonLowMass7/crab_muMuGamma_24Jul26_ParkingDoubleMuonLowMass7Run2025C-PromptReco-v2/260727_192557/0000/mmgTree_9.root
   LFN: /store/user/charlesf/ParkingDoubleMuonLowMass7/crab_muMuGamma_24Jul26_ParkingDoubleMuonLowMass7Run2025C-PromptReco-v2/260727_192557/0000/mmgTree_9.root
=== Files from job 90:
1) PFN: root://cms-xrd-global.cern.ch//store/user/charlesf/ParkingDoubleMuonLowMass7/crab_muMuGamma_24Jul26_ParkingDoubleMuonLowMass7Run2025C-PromptReco-v2/260727_192557/0000/mmgTree_90.root
   LFN: /store/user/charlesf/ParkingDoubleMuonLowMass7/crab_muMuGamma_24Jul26_ParkingDoubleMuonLowMass7Run2025C-PromptReco-v2/260727_192557/0000/mmgTree_90.root
=== Files from job 91:
1) PFN: root://cms-xrd-global.cern.ch//store/user/charlesf/ParkingDoubleMuonLowMass7/crab_muMuGamma_24Jul26_ParkingDoubleMuonLowMass7Run2025C-PromptReco-v2/260727_192557/0000/mmgTree_91.root
   LFN: /store/user/charlesf/ParkingDoubleMuonLowMass7/crab_muMuGamma_24Jul26_ParkingDoubleMuonLowMass7Run2025C-PromptReco-v2/260727_192557/0000/mmgTree_91.root
=== Files from job 92:
1) PFN: root://cms-xrd-global.cern.ch//store/user/charlesf/ParkingDoubleMuonLowMass7/crab_muMuGamma_24Jul26_ParkingDoubleMuonLowMass7Run2025C-PromptReco-v2/260727_192557/0000/mmgTree_92.root
   LFN: /store/user/charlesf/ParkingDoubleMuonLowMass7/crab_muMuGamma_24Jul26_ParkingDoubleMuonLowMass7Run2025C-PromptReco-v2/260727_192557/0000/mmgTree_92.root
=== Files from job 93:
1) PFN: root://cms-xrd-global.cern.ch//store/user/charlesf/ParkingDoubleMuonLowMass7/crab_muMuGamma_24Jul26_ParkingDoubleMuonLowMass7Run2025C-PromptReco-v2/260727_192557/0000/mmgTree_93.root
   LFN: /store/user/charlesf/ParkingDoubleMuonLowMass7/crab_muMuGamma_24Jul26_ParkingDoubleMuonLowMass7Run2025C-PromptReco-v2/260727_192557/0000/mmgTree_93.root
=== Files from job 94:
1) PFN: root://cms-xrd-global.cern.ch//store/user/charlesf/ParkingDoubleMuonLowMass7/crab_muMuGamma_24Jul26_ParkingDoubleMuonLowMass7Run2025C-PromptReco-v2/260727_192557/0000/mmgTree_94.root
   LFN: /store/user/charlesf/ParkingDoubleMuonLowMass7/crab_muMuGamma_24Jul26_ParkingDoubleMuonLowMass7Run2025C-PromptReco-v2/260727_192557/0000/mmgTree_94.root
=== Files from job 95:
1) PFN: root://cms-xrd-global.cern.ch//store/user/charlesf/ParkingDoubleMuonLowMass7/crab_muMuGamma_24Jul26_ParkingDoubleMuonLowMass7Run2025C-PromptReco-v2/260727_192557/0000/mmgTree_95.root
   LFN: /store/user/charlesf/ParkingDoubleMuonLowMass7/crab_muMuGamma_24Jul26_ParkingDoubleMuonLowMass7Run2025C-PromptReco-v2/260727_192557/0000/mmgTree_95.root
=== Files from job 96:
1) PFN: root://cms-xrd-global.cern.ch//store/user/charlesf/ParkingDoubleMuonLowMass7/crab_muMuGamma_24Jul26_ParkingDoubleMuonLowMass7Run2025C-PromptReco-v2/260727_192557/0000/mmgTree_96.root
   LFN: /store/user/charlesf/ParkingDoubleMuonLowMass7/crab_muMuGamma_24Jul26_ParkingDoubleMuonLowMass7Run2025C-PromptReco-v2/260727_192557/0000/mmgTree_96.root
=== Files from job 97:
1) PFN: root://cms-xrd-global.cern.ch//store/user/charlesf/ParkingDoubleMuonLowMass7/crab_muMuGamma_24Jul26_ParkingDoubleMuonLowMass7Run2025C-PromptReco-v2/260727_192557/0000/mmgTree_97.root
   LFN: /store/user/charlesf/ParkingDoubleMuonLowMass7/crab_muMuGamma_24Jul26_ParkingDoubleMuonLowMass7Run2025C-PromptReco-v2/260727_192557/0000/mmgTree_97.root
=== Files from job 98:
1) PFN: root://cms-xrd-global.cern.ch//store/user/charlesf/ParkingDoubleMuonLowMass7/crab_muMuGamma_24Jul26_ParkingDoubleMuonLowMass7Run2025C-PromptReco-v2/260727_192557/0000/mmgTree_98.root
   LFN: /store/user/charlesf/ParkingDoubleMuonLowMass7/crab_muMuGamma_24Jul26_ParkingDoubleMuonLowMass7Run2025C-PromptReco-v2/260727_192557/0000/mmgTree_98.root
=== Files from job 99:
1) PFN: root://cms-xrd-global.cern.ch//store/user/charlesf/ParkingDoubleMuonLowMass7/crab_muMuGamma_24Jul26_ParkingDoubleMuonLowMass7Run2025C-PromptReco-v2/260727_192557/0000/mmgTree_99.root
   LFN: /store/user/charlesf/ParkingDoubleMuonLowMass7/crab_muMuGamma_24Jul26_ParkingDoubleMuonLowMass7Run2025C-PromptReco-v2/260727_192557/0000/mmgTree_99.root
